04-19 14:47:28.610 D/InputMethodManagerService( 2748): isImeSwitcherDisabledPackage : false
04-19 14:47:28.610 I/HoneySpace.MultiStateCallback( 4661): [208723422] Adding [STATE_RECENT_APPEARED (32768)] to [STATE_GESTURE_START, STATE_START_RECENTS_TRANSITION, STATE_START_RECENTS_ACTIVITY, STATE_RECENTS_ANIMATION_STARTED, STATE_GESTURE_START_RECENTS_SCREEN, STATE_APPEAR_TASKLISTVIEW, STATE_WALLPAPER_ANIMATOR_START, STATE_GESTURE_MOVE_START (917789)]
04-19 14:47:28.611 D/NavigationBar( 3944): setImeWindowStatus displayId=0 vis=0 backDisposition=0 showImeSwitcher=false isImeVisible=false
04-19 14:47:28.619 I/SurfaceFlinger( 1741): RequestedLayer [com.sec.android.app.launcher/com.and[...]uickstep.RecentsActivity$_4661#26237] hidden!! flag  from(1) --> to(0)
04-19 14:47:28.619 I/SurfaceFlinger( 1741): RequestedLayer [Task=40548#426] hidden!! flag  from(1) --> to(0)
04-19 14:47:28.619 I/SurfaceFlinger( 1741): RequestedLayer [ActivityRecord{196021447 u0 com.sec.[...]uickstep.RecentsActivity t40548}#427] hidden!! flag  from(1) --> to(0)
04-19 14:47:28.619 I/SurfaceFlinger( 1741): RequestedLayer [Surface(name=Task=40548)/@0xc29b4df_transition-leash#26240] hidden!! flag  from(0) --> to(1)
04-19 14:47:28.619 E/SurfaceFlinger( 1741): alpha changed 1.000 -> 0.000 - Surface(name=Task=40548)/@0xc29b4df_transition-leash#26240
04-19 14:47:28.619 I/SurfaceFlinger( 1741): [LayerHierarchy{RequestedLayerState{ff4f5ba StatusBar#99 parentId=26238} 1 children}] reparent to LayerHierarchy{RequestedLayerState{Surface(name=ff4f5ba StatusBar)/@0x3964b25 - animation-leash of insets_animation#26238 parentId=98} 1 children}
04-19 14:47:28.619 I/SurfaceFlinger( 1741): [LayerHierarchy{RequestedLayerState{Input Consumer recents_animation_input_consumer#140 relativeParentId=26184 z=3} no children}] RelativeParent to LayerHierarchy{RequestedLayerState{Task=40882#26184 parentId=26235 z=7} 4 children}
04-19 14:47:28.619 I/SurfaceFlinger( 1741): [LayerHierarchy{RequestedLayerState{Task=40548#426 parentId=26240} 1 children}] reparent to LayerHierarchy{RequestedLayerState{Surface(name=Task=40548)/@0xc29b4df_transition-leash#26240 parentId=26232 z=12} 1 children}
04-19 14:47:28.619 I/SurfaceFlinger( 1741): [LayerHierarchy{RequestedLayerState{Surface(name=ff4f5ba StatusBar)/@0x3964b25 - animation-leash of insets_animation#26236} no children}] reparent to OffscreenRoot
04-19 14:47:28.619 I/SurfaceFlinger( 1741): [LayerHierarchy{RequestedLayerState{Surface(name=ff4f5ba StatusBar)/@0x3964b25 - animation-leash of insets_animation#26236} no children}] RelativeParent to null
04-19 14:47:28.619 I/SurfaceFlinger( 1741): [Surface(name=Task=40548)/@0xc29b4df_transition-leash#26240] attach to parent LayerHierarchy{RequestedLayerState{Transition Root: Task=1#26232 parentId=10} 4 children}
04-19 14:47:28.619 W/qdgralloc( 4661): getInterlacedFlag: getMetaData returned 3, defaulting to interlaced_flag = 0
04-19 14:47:28.620 W/qdgralloc( 4661): getInterlacedFlag: getMetaData returned 3, defaulting to interlaced_flag = 0
04-19 14:47:28.622 I/InsetsSourceConsumer( 4661): applyRequestedVisibilityToControl: visible=true, type=statusBars, host=com.sec.android.app.launcher/com.android.quickstep.RecentsActivity
04-19 14:47:28.622 I/SurfaceFlinger( 1741): id=26236 Removed Surface(name=ff4f5ba StatusBar)/@0x3964b25 - animation-leash of insets_animation#26236 (181)
04-19 14:47:28.623 I/Zygote  ( 1542): Process 670 exited due to signal 9 (Killed)
04-19 14:47:28.626 V/OsAgent ( 6455): broadcastSystemEvent - 7
04-19 14:47:28.628 I/SSS     ( 7220): [FloatingUiPresenter] hide : false, reason : SessionDestroy
04-19 14:47:28.633 I/libprocessgroup( 2748): Removed cgroup /sys/fs/cgroup/system/uid_5022/pid_670
04-19 14:47:28.635 I/SurfaceFlinger( 1741): destroyed Surface(name=ff4f5ba StatusBar)/@0x3964b25 - animation-leash of insets_animation#26236 form LifecycleManager
04-19 14:47:28.635 I/SurfaceFlinger( 1741): id=26236 onLayerDestroyed from LayerHierarchyBuilder(RequestedLayerState{Surface(name=ff4f5ba StatusBar)/@0x3964b25 - animation-leash of insets_animation#26236 !handle})
04-19 14:47:28.635 I/HoneySpace.WallpaperAnimator( 4661): destroyWallpaperSurface Surface(name=Surface(name=RemoteWallpaperAnim:1:1)/@0x517cc51 - animation-leash of remote_wallpaper)/@0xfb8eb6d
04-19 14:47:28.635 I/HoneySpace.WallpaperAnimator( 4661): wallpaper animation end [154652710]
04-19 14:47:28.636 I/HoneySpace.SuggestedAppsProgressRepositoryImpl( 4661): taskLaunchProgress: 0.0, recentsEnteringProgress: 1.0, timeoutProgress: 0.0, enabledProgress: 1.0, closeRecentsProgress: 0.0
04-19 14:47:28.636 I/HoneySpace.SuggestedAppsProgressRepositoryImpl( 4661): taskLaunchProgress: 0.0, recentsEnteringProgress: 1.0, timeoutProgress: 0.0, enabledProgress: 1.0, closeRecentsProgress: 0.0
04-19 14:47:28.636 I/Layer   ( 1741): id=26236 Destroyed Surface(name=ff4f5ba StatusBar)/@0x3964b25 - animation-leash of insets_animation#26236
04-19 14:47:28.636 I/WindowManager( 2748): Cancelling animation restarting=false, leash=Surface(name=Surface(name=RemoteWallpaperAnim:1:1)/@0x517cc51 - animation-leash of remote_wallpaper)/@0x6237793
04-19 14:47:28.636 I/WindowManager( 2748): Reparenting to original parent: Surface(name=OneHanded:0:14)/@0x308dcb6, destroy=false, surface=Surface(name=RemoteWallpaperAnim:1:1)/@0x517cc51
04-19 14:47:28.636 D/WindowManager( 2748): mRunner#onAnimationCancelled, leash=Surface(name=Surface(name=RemoteWallpaperAnim:1:1)/@0x517cc51 - animation-leash of remote_wallpaper)/@0x6237793, caller=com.android.server.wm.SurfaceAnimator.cancelAnimation:14 com.android.server.wm.SurfaceAnimator.cancelAnimation:1 com.android.server.wm.WindowContainer.cancelAnimation:3 com.android.server.wm.WindowManagerService.finishRemoteWallpaperAnimation:81 android.view.IWindowManager$Stub.onTransact:4336 
04-19 14:47:28.636 I/HoneySpace.WallpaperAnimator( 4661): onAnimationCancelled
04-19 14:47:28.636 D/WindowManager( 2748): finishRemoteWallpaperAnimation, success=true
04-19 14:47:28.637 W/qdgralloc( 4661): getInterlacedFlag: getMetaData returned 3, defaulting to interlaced_flag = 0
04-19 14:47:28.668 I/SurfaceFlinger( 1741): [LayerHierarchy{RequestedLayerState{RemoteWallpaperAnim:1:1#7 parentId=4 z=1} 1 children}] reparent to LayerHierarchy{RequestedLayerState{OneHanded:0:14#4 parentId=3} 4 children}
04-19 14:47:28.669 I/SurfaceFlinger( 1741): [LayerHierarchy{RequestedLayerState{Surface(name=RemoteWallpaperAnim:1:1)/@0x517cc51 - animation-leash of remote_wallpaper#26229 z=1} no children}] reparent to OffscreenRoot
04-19 14:47:28.669 I/SurfaceFlinger( 1741): [LayerHierarchy{RequestedLayerState{Surface(name=RemoteWallpaperAnim:1:1)/@0x517cc51 - animation-leash of remote_wallpaper#26229 z=1} no children}] RelativeParent to null
04-19 14:47:28.669 I/SurfaceFlinger( 1741): id=26229 Removed Surface(name=RemoteWallpaperAnim:1:1)/@0x517cc51 - animation-leash of remote_wallpaper#26229 (180)
04-19 14:47:28.672 W/ProviderHelper( 6125): Unknown dynamite feature providerinstaller.dynamite
04-19 14:47:28.672 I/DynamiteModule( 6125): Considering local module com.google.android.gms.providerinstaller.dynamite:1 and remote module com.google.android.gms.providerinstaller.dynamite:0
04-19 14:47:28.672 I/DynamiteModule( 6125): Selected local version of com.google.android.gms.providerinstaller.dynamite
04-19 14:47:28.675 I/SDHMS:k ( 7327): onTaskStackChanged
04-19 14:47:28.676 I/HoneySpace.RecentTasks( 4661): onRecentTasksChanged
04-19 14:47:28.677 I/HoneySpace.AnimationSession( 4661): [5/7] task screenshots: [40882]
04-19 14:47:28.677 I/HoneySpace.RecentsAnimationController( 4661): getScreenshotTask, taskId = 40882
04-19 14:47:28.677 D/RestrictionPolicy( 2748): isScreenCaptureEnabled : ret=true userId=0
04-19 14:47:28.677 D/RestrictionPolicy( 2748): isScreenCaptureEnabled : ret=true userId=0
04-19 14:47:28.678 D/ScreenCapture( 2748): [Capture_TEST] : setIsScreenShotBySystem true
04-19 14:47:28.678 I/SurfaceComposerClient( 2748): captureLayers:childrenOnly:1, sync:1
04-19 14:47:28.680 D/nativeloader( 6125): Load /data/app/~~olEM9G_YgEO3uiCV7IYHJQ==/com.google.android.gms-F5ufTQCxu3qkb20D_cp7RQ==/base.apk!/lib/arm64-v8a/libconscrypt_gmscore_jni.so using class loader ns clns-12 (caller=/data/app/~~olEM9G_YgEO3uiCV7IYHJQ==/com.google.android.gms-F5ufTQCxu3qkb20D_cp7RQ==/base.apk): ok
04-19 14:47:28.680 V/NativeCrypto( 6125): Registering com/google/android/gms/org/conscrypt/NativeCrypto's 336 native methods...
04-19 14:47:28.680 I/SurfaceFlinger( 1741): Capture layer list: 	 com.whatsapp/com.whatsapp.Conversation$_4574#26212(seamlessTransition:0)
04-19 14:47:28.680 I/SurfaceFlinger( 1741): Capture layer list: 	 InputMethod$_10702#26219(seamlessTransition:0)
04-19 14:47:28.681 D/RenderEngine( 1741): [SEC_SF_EFFECTS] drawLayersInternal,1483, Rendering layer ScreenCaptureFillLayer at index 0
04-19 14:47:28.681 D/RenderEngine( 1741): [SEC_SF_EFFECTS] drawLayersInternal,1483, Rendering layer com.whatsapp/com.whatsapp.Conversation$_4574#26212 at index 1
04-19 14:47:28.681 D/RenderEngine( 1741): [SEC_SF_EFFECTS] drawLayersInternal,1483, Rendering layer InputMethod$_10702#26219 at index 2
04-19 14:47:28.683 I/HoneySpace.AnimationSession( 4661): [6/7] Send Thumbnails to RecentsActivity
04-19 14:47:28.683 I/HoneySpace.GestureEventController[1e6797]( 4661): ApplyPreloadThumbnail 
04-19 14:47:28.683 I/HoneySpace.TaskListPot[64c4d84]( 4661): taskIdList = [40882]
04-19 14:47:28.683 I/HoneySpace.DynamicSceneDrawingBag( 4661): sceneBoundInfo: scene: (v=[1.0], h=[1.0]), divider: (v=[0.0], h=[0.0]), sceneType: SingleType, fitType: [AutoFitType], fitScale: [1.0]
04-19 14:47:28.684 I/HoneySpace.RecentAdapter[fad2216]( 4661): id: 40882, srcShrink: [RectF(0.0, 91.0, 1080.0, 2295.0)], destShrink: [RectF(0.0, 0.0, 681.0, 1391.0)], destShrinkBg: [RectF(0.0, 0.0, 681.0, 1391.0)]
04-19 14:47:28.685 I/SurfaceFlinger( 1741): destroyed Surface(name=RemoteWallpaperAnim:1:1)/@0x517cc51 - animation-leash of remote_wallpaper#26229 form LifecycleManager
04-19 14:47:28.685 I/SurfaceFlinger( 1741): id=26229 onLayerDestroyed from LayerHierarchyBuilder(RequestedLayerState{Surface(name=RemoteWallpaperAnim:1:1)/@0x517cc51 - animation-leash of remote_wallpaper#26229 !handle z=1})
04-19 14:47:28.685 I/Layer   ( 1741): id=26229 Destroyed Surface(name=RemoteWallpaperAnim:1:1)/@0x517cc51 - animation-leash of remote_wallpaper#26229
04-19 14:47:28.686 W/qdgralloc( 4661): getInterlacedFlag: getMetaData returned 3, defaulting to interlaced_flag = 0
04-19 14:47:28.687 I/HYPER-HAL( 1631): [RequestManager.cpp]releaseLocked(): Released ID : 3854504
04-19 14:47:28.689 I/ProviderInstaller( 6125): Installed default security provider GmsCore_OpenSSL
04-19 14:47:28.692 I/Watchcat( 6125): Started
04-19 14:47:28.697 I/GMS_MM_Logger( 6125): (REDACTED) Start time: %s
04-19 14:47:28.697 I/GMS_MM_Logger( 6125): Started.
04-19 14:47:28.702 I/HoneySpace.GestureEventController[1e6797]( 4661): notifyFinishRecentAnimationAfterScreenshot
04-19 14:47:28.703 I/HoneySpace.LeashUpdater( 4661): switchToRecentsTarget
04-19 14:47:28.703 I/HoneySpace.AnimationSession( 4661): [7/7] request finish recent animation
04-19 14:47:28.703 I/HoneySpace.AnimationSession( 4661): requestFinishRecentAnimation()
04-19 14:47:28.703 I/HoneySpace.RecentsAnimationManager( 4661): finish
04-19 14:47:28.703 I/HoneySpace.MultiStateCallback( 4661): [208723422] Adding [STATE_GESTURE_END (2)] to [STATE_GESTURE_START, STATE_START_RECENTS_TRANSITION, STATE_START_RECENTS_ACTIVITY, STATE_RECENTS_ANIMATION_STARTED, STATE_GESTURE_START_RECENTS_SCREEN, STATE_RECENT_APPEARED, STATE_APPEAR_TASKLISTVIEW, STATE_WALLPAPER_ANIMATOR_START, STATE_GESTURE_MOVE_START (950557)]
04-19 14:47:28.703 I/HoneySpace.RecentsAnimationManager( 4661): onGestureEnd: RECENTS
04-19 14:47:28.703 I/HoneySpace.RecentsAnimationManager( 4661): finishController() toHome = true, sendUserLeaveHint = false
04-19 14:47:28.703 I/HoneySpace.RecentsAnimationController( 4661): setWillForceFinishToHome: false
04-19 14:47:28.703 I/HoneySpace.RecentsAnimationController( 4661): setWillFinishToHome true
04-19 14:47:28.703 I/HoneySpace.ShellTransitionManager( 4661): finishGestureTransition
04-19 14:47:28.703 I/HoneySpace.RecentsAnimationController( 4661): finish, toHome = true, sendUserLeaveHint = false
04-19 14:47:28.703 I/HoneySpace.MultiStateCallback( 4661): [208723422] Adding [STATE_RECENTS_ANIMATION_FINISHED, STATE_HANDLER_INVALIDATED (65600)] to [STATE_GESTURE_START, STATE_GESTURE_END, STATE_START_RECENTS_TRANSITION, STATE_START_RECENTS_ACTIVITY, STATE_RECENTS_ANIMATION_STARTED, STATE_GESTURE_START_RECENTS_SCREEN, STATE_RECENT_APPEARED, STATE_APPEAR_TASKLISTVIEW, STATE_WALLPAPER_ANIMATOR_START, STATE_GESTURE_MOVE_START (950559)]
04-19 14:47:28.703 I/HoneySpace.RecentsAnimationManager( 4661): invalidate
04-19 14:47:28.703 I/HoneySpace.FloatingAnimator( 4661): finishAllPlayer
04-19 14:47:28.703 I/HoneySpace.FloatingAnimator( 4661): [Player:A(27.923)] finish
04-19 14:47:28.703 I/HoneySpace.FloatingAnimator( 4661): [Player:A(27.923)] reset
04-19 14:47:28.703 I/HoneySpace.FloatingAnimator( 4661): playerCount : 0
04-19 14:47:28.703 I/HoneySpace.FloatingFinishHelper( 4661): finishInProgress: true
04-19 14:47:28.703 I/QuickSwitchState( 4661): clearState
04-19 14:47:28.703 I/HoneySpace.LeashOverlayWindowImpl( 4661): removeGestureTaskListView : com.honeyspace.gesture.presentation.GestureTaskListView{f7e4d2d V.ED..... ........ 0,0-1080,2340}
04-19 14:47:28.703 I/HoneySpace.LeashOverlayWindowImpl( 4661): clearCreateAndAddViewJob
04-19 14:47:28.703 I/HoneySpace.GestureTaskListView( 4661): clear
04-19 14:47:28.703 I/HoneySpace.SimpleSuggestedAppsPot( 4661): onDestroy
04-19 14:47:28.703 I/HoneySpace.SimpleSuggestedAppsPot( 4661): onDestroy honey=n5.e@2b9db9d (HoneySpaceInfo(name=OneUI, displayId=0))
04-19 14:47:28.703 V/ShellRecents( 3944): [122851976] RecentsController.finishInner: toHome=true userLeave=false willFinishToHome=true state=1 hasPausingTasks=true reason=requested
04-19 14:47:28.703 V/ShellRecents( 3944):   normal finish
04-19 14:47:28.703 I/HoneySpace.CellLayout( 4661): removeView [0] (0,0) view=com.honeyspace.ui.common.iconview.IconViewImpl{2a2f904 VFED..C.. ........ 0,0-249,285 #7f0a02ed app:id/icon} - Gmail, visibility:0, alpha:1.0, badge:0, icon:174x174, iconAlpha:255, iconState:NONE, iconSize:196, forceHideBadge:false, isTransparent:false, x=0, y=0
04-19 14:47:28.703 I/SurfaceControlRegistry( 3944): show, t=FinishTransaction_SyncId<2482> sc=Task=40548, caller=android.view.SurfaceControl$Transaction.show:3557 com.android.wm.shell.recents.RecentsTransitionHandler$RecentsController.finishInner:814 com.android.wm.shell.recents.RecentsTransitionHandler$RecentsController$$ExternalSyntheticLambda6.run:14 android.os.Handler.handleCallback:995 android.os.Handler.dispatchMessage:103 android.os.Looper.loopOnce:273 
04-19 14:47:28.703 I/HoneySpace.CellLayout( 4661): removeView [0] (1,0) view=com.honeyspace.ui.common.iconview.IconViewImpl{df22ccc VFED..C.. ........ 249,0-498,285 #7f0a02ed app:id/icon} - ChatGPT, visibility:0, alpha:1.0, badge:0, icon:174x174, iconAlpha:255, iconState:NONE, iconSize:196, forceHideBadge:false, isTransparent:false, x=1, y=0
04-19 14:47:28.703 I/SurfaceControlRegistry( 3944): hide, t=FinishTransaction_SyncId<2482> sc=Task=40882, caller=android.view.SurfaceControl$Transaction.hide:3583 com.android.wm.shell.recents.RecentsTransitionHandler$RecentsController.cleanUpPausingOrClosingTask:41 com.android.wm.shell.recents.RecentsTransitionHandler$RecentsController.finishInner:871 com.android.wm.shell.recents.RecentsTransitionHandler$RecentsController$$ExternalSyntheticLambda6.run:14 android.os.Handler.handleCallback:995 android.os.Handler.dispatchMessage:103 
04-19 14:47:28.703 V/ShellRecents( 3944): [122851976] RecentsController.finishInner: Completing finish
04-19 14:47:28.703 V/ShellRecents( 3944): [122851976] RecentsController.cleanup
04-19 14:47:28.703 I/HoneySpace.CellLayout( 4661): removeView [0] (2,0) view=com.honeyspace.ui.common.iconview.IconViewImpl{1f1d394 VFED..C.. ........ 498,0-747,285 #7f0a02ed app:id/icon} - Connect, visibility:0, alpha:1.0, badge:1, icon:174x174, iconAlpha:255, iconState:NONE, iconSize:196, forceHideBadge:false, isTransparent:false, x=2, y=0
04-19 14:47:28.704 I/HoneySpace.CellLayout( 4661): removeView [0] (3,0) view=com.honeyspace.ui.common.iconview.IconViewImpl{7f80d5c VFED..C.. ........ 747,0-996,285 #7f0a02ed app:id/icon} - Phone, visibility:0, alpha:1.0, badge:0, icon:174x174, iconAlpha:255, iconState:NONE, iconSize:196, forceHideBadge:false, isTransparent:false, x=3, y=0
04-19 14:47:28.704 I/HoneySpace.RecentInteraction( 4661): onFinishRecentAnimation.
04-19 14:47:28.704 I/HoneySpace.AnimationSession( 4661): taskListView appeared : false
04-19 14:47:28.704 I/HoneySpace.RecentInteraction( 4661): sendRecentsAnimationEvent. isStarted: false
04-19 14:47:28.704 I/HoneySpace.AnimationSession( 4661): close
04-19 14:47:28.704 I/SurfaceFlinger( 1741): id=26235 Removed Surface(name=Task=40882)/@0xd0c50cc_transition-leash#26235 (179)
04-19 14:47:28.704 V/ShellDesktopMode( 3944): DesktopTasksController: Recents transition state changed: TRANSITION_STATE_NOT_RUNNING
04-19 14:47:28.704 I/HoneySpace.AppTransitionAnimationAwait( 4661): proceed 1
04-19 14:47:28.704 I/HoneySpace.DvfsManager( 4661): HOME_GESTURE_BOOSTER release
04-19 14:47:28.704 V/WindowManagerShell( 3944): Transition animation finished (aborted=false), notifying core (#2481) android.os.BinderProxy@d64e2b@0
04-19 14:47:28.704 I/HoneySpace.RecentInteraction( 4661): onInputProxyFinished.
04-19 14:47:28.704 I/SurfaceControlRegistry( 3944): apply, t=FinishTransaction_SyncId<2481>, FinishTransaction_SyncId<2482>, caller=android.view.SurfaceControl$Transaction.apply:3459 android.view.SurfaceControl$Transaction.apply:3447 android.view.SurfaceControl$Transaction.apply:3397 com.android.wm.shell.transition.Transitions.onFinish:315 com.android.wm.shell.transition.Transitions$$ExternalSyntheticLambda7.onTransitionFinished:18 com.android.wm.shell.recents.RecentsTransitionHandler$RecentsController.finishInner:1277 
04-19 14:47:28.704 I/HoneySpace.OverviewEventHandler( 4661): isRecentsAnimationRunning: false
04-19 14:47:28.704 I/HoneySpace.OverviewEventHandler( 4661): onFinishEnteringRecents: false
04-19 14:47:28.704 I/HoneySpace.GestureEventController[1e6797]( 4661): RecentsAnimationFinished
04-19 14:47:28.704 I/HoneySpace.TaskListLoadCheckerImpl( 4661): clearLoadingCondition
04-19 14:47:28.704 I/HoneySpace.TaskListViewModel[202278877]( 4661): onTransitionFinished, true
04-19 14:47:28.704 I/HoneySpace.StackRecentsView( 4661): onTransitionFinished
04-19 14:47:28.704 I/HoneySpace.SubViewsProgressRepositoryImpl( 4661): showRecentsEnteringProgressAnimation
04-19 14:47:28.705 I/HoneySpace.TaskIconProgressRepositoryImpl( 4661): taskLaunchProgress: 0.0, recentsEnteringFromAppsProgress: 1.0
04-19 14:47:28.705 E/TransitionChain( 2748): Can't collect into a chain with no transition
04-19 14:47:28.705 I/HoneySpace.SubViewsProgressRepositoryImpl( 4661): taskLaunchProgress: 0.0, recentsEnteringProgress: 0.0
04-19 14:47:28.705 I/HoneySpace.CloseAllProgressRepositoryImpl( 4661): taskLaunchProgress: 0.0, recentsEnteringProgress: 1.0
04-19 14:47:28.705 I/HoneySpace.TaskIconProgressRepositoryImpl( 4661): taskLaunchProgress: 0.0, recentsEnteringFromAppsProgress: 1.0
04-19 14:47:28.705 I/HoneySpace.CloseAllProgressRepositoryImpl( 4661): taskLaunchProgress: 0.0, recentsEnteringProgress: 1.0
04-19 14:47:28.705 I/HoneySpace.TaskIconProgressRepositoryImpl( 4661): taskLaunchProgress: 0.0, recentsEnteringFromAppsProgress: 1.0
04-19 14:47:28.705 I/HoneySpace.RunnableList( 4661): executeAllAndClear() called, size: null
04-19 14:47:28.705 V/WindowManager( 2748): Finish Transition: TransitionRecord{f5c8fc9 id=2481 type=TO_FRONT flags=0x80 c=[
04-19 14:47:28.705 V/WindowManager( 2748):    ChangeInfo{39a42e container=ActivityRecord{101403755 u0 com.sec.android.app.launcher/.activities.LauncherActivity t8} flags=0x0}
04-19 14:47:28.705 V/WindowManager( 2748):    ChangeInfo{2251bcf container=Task{8aed1d8 #1 type=home} flags=0x30}
04-19 14:47:28.705 V/WindowManager( 2748):    ChangeInfo{960195c container=TransientLaunchOverlayToken{8e4a788 token=android.os.BinderProxy@5bf972b} flags=0x0}
04-19 14:47:28.705 V/WindowManager( 2748):    ChangeInfo{ecd0465 container=Task{9da53c8 #8 type=home I=com.sec.android.app.launcher/.activities.LauncherActivity} flags=0x30}
04-19 14:47:28.705 V/WindowManager( 2748):    ChangeInfo{fbfd53a container=DefaultTaskDisplayArea_d0@170809279 flags=0x0}
04-19 14:47:28.705 V/WindowManager( 2748):    ChangeInfo{c81a5eb container=RemoteWallpaperAnim:1:1@199017844 flags=0x0}
04-19 14:47:28.705 V/WindowManager( 2748):    ChangeInfo{2836f48 container=WallpaperWindowToken{d11f2f0 showWhenLocked=false}_<system> flags=0x0}
04-19 14:47:28.705 V/WindowManager( 2748):    ChangeInfo{78e81e1 container=Task{e2cc4ed #40882 type=standard A=10406:com.whatsapp} flags=0x4}
04-19 14:47:28.705 V/WindowManager( 2748):    ChangeInfo{8460b06 container=Display{#0 state=ON size=1080x2340 ROTATION_0} flags=0x0}
04-19 14:47:28.705 V/WindowManager( 2748): ]
04-19 14:47:28.705 V/WindowManager( 2748): }, caller=com.android.server.wm.WindowOrganizerController.finishTransitionInner:31 com.android.server.wm.WindowOrganizerController.finishAllTransitions:60 android.window.IWindowOrganizerController$Stub.onTransact:283 
04-19 14:47:28.705 V/WindowManager( 2748): Finish Transition (#2481): created at 04-19 14:47:27.879 collect-started=0.754ms started=0.911ms ready=6.312ms sent=34.561ms commit=22.419ms finished=825.494ms
04-19 14:47:28.705 I/TransientLaunchOverlayToken( 2748): setVisibility, visible=false, t=TransientLaunchOverlayToken{8e4a788 token=android.os.BinderProxy@5bf972b}, caller=com.android.server.wm.TransitionController.finishTransition:995 com.android.server.wm.WindowOrganizerController.finishTransitionInner:31 com.android.server.wm.WindowOrganizerController.finishAllTransitions:60 
04-19 14:47:28.706 V/WindowManager( 2748): Setting visibility of Window{ea2b130 u0 com.whatsapp/com.whatsapp.Conversation}: false, caller=com.android.server.wm.WindowContainer.sendAppVisibilityToClients:19 com.android.server.wm.WindowToken.setClientVisible:48 com.android.server.wm.ActivityRecord.commitVisibility:186 com.android.server.wm.TransitionController.finishTransition:846 com.android.server.wm.WindowOrganizerController.finishTransitionInner:31 
04-19 14:47:28.706 D/PersonaActivityHelper( 2748): token.toString()  Token{c2ccc61 ActivityRecord{101403755 u0 com.sec.android.app.launcher/.activities.LauncherActivity t8}}
04-19 14:47:28.706 D/PersonaActivityHelper( 2748): mLastResumedSFActivity getPackageName  com.google.android.permissioncontroller
04-19 14:47:28.706 D/PersonaActivityHelper( 2748): mLastResumedSFActivity getShortClassName  com.android.permissioncontroller.permission.ui.GrantPermissionsActivity
04-19 14:47:28.706 D/PersonaActivityHelper( 2748): token.toString()  Token{6c4262 ActivityRecord{217042221 u0 com.whatsapp/.home.ui.HomeActivity t40882}}
04-19 14:47:28.706 D/PersonaActivityHelper( 2748): mLastResumedSFActivity getPackageName  com.google.android.permissioncontroller
04-19 14:47:28.706 D/PersonaActivityHelper( 2748): mLastResumedSFActivity getShortClassName  com.android.permissioncontroller.permission.ui.GrantPermissionsActivity
04-19 14:47:28.706 I/VRI[Conversation]@997fc32( 4574): handleAppVisibility mAppVisible = true visible = false
04-19 14:47:28.706 D/PersonaActivityHelper( 2748): token.toString()  Token{1ebaac9 ActivityRecord{226069200 u0 com.whatsapp/.Conversation t40882}}
04-19 14:47:28.706 D/PersonaActivityHelper( 2748): mLastResumedSFActivity getPackageName  com.google.android.permissioncontroller
04-19 14:47:28.706 D/PersonaActivityHelper( 2748): mLastResumedSFActivity getShortClassName  com.android.permissioncontroller.permission.ui.GrantPermissionsActivity
04-19 14:47:28.706 D/VRI[Conversation]@997fc32( 4574): visibilityChanged oldVisibility=true newVisibility=false
04-19 14:47:28.706 D/WindowManager( 2748): setActiveRecents, recents=null, task=null, caller=com.android.server.wm.InputMonitor.setActiveRecents:33 com.android.server.wm.TransitionController.finishTransition:1699 com.android.server.wm.WindowOrganizerController.finishTransitionInner:31 
04-19 14:47:28.706 D/ChangeTransitionController( 2748): onTransitionFinished: TransitionRecord{f5c8fc9 id=2481 type=TO_FRONT flags=0x80 c=[
04-19 14:47:28.706 D/ChangeTransitionController( 2748):    ChangeInfo{39a42e container=ActivityRecord{101403755 u0 com.sec.android.app.launcher/.activities.LauncherActivity t8} flags=0x0}
04-19 14:47:28.706 D/ChangeTransitionController( 2748):    ChangeInfo{2251bcf container=Task{8aed1d8 #1 type=home} flags=0x30}
04-19 14:47:28.706 D/ChangeTransitionController( 2748):    ChangeInfo{960195c container=TransientLaunchOverlayToken{8e4a788 token=android.os.BinderProxy@5bf972b} flags=0x0}
04-19 14:47:28.706 D/ChangeTransitionController( 2748):    ChangeInfo{ecd0465 container=Task{9da53c8 #8 type=home I=com.sec.android.app.launcher/.activities.LauncherActivity} flags=0x30}
04-19 14:47:28.706 D/ChangeTransitionController( 2748):    ChangeInfo{fbfd53a container=DefaultTaskDisplayArea_d0@170809279 flags=0x0}
04-19 14:47:28.706 D/ChangeTransitionController( 2748):    ChangeInfo{c81a5eb container=RemoteWallpaperAnim:1:1@199017844 flags=0x0}
04-19 14:47:28.706 D/ChangeTransitionController( 2748):    ChangeInfo{2836f48 container=WallpaperWindowToken{d11f2f0 showWhenLocked=false}_<system> flags=0x0}
04-19 14:47:28.706 D/ChangeTransitionController( 2748):    ChangeInfo{78e81e1 container=Task{e2cc4ed #40882 type=standard A=10406:com.whatsapp} flags=0x4}
04-19 14:47:28.706 D/ChangeTransitionController( 2748):    ChangeInfo{8460b06 container=Display{#0 state=ON size=1080x2340 ROTATION_0} flags=0x0}
04-19 14:47:28.706 D/ChangeTransitionController( 2748): ]
04-19 14:47:28.706 D/ChangeTransitionController( 2748): }
04-19 14:47:28.707 V/WindowManager( 2748): Finish Transition: TransitionRecord{b5f2452 id=2482 type=OPEN flags=0x0 c=[
04-19 14:47:28.707 V/WindowManager( 2748):    ChangeInfo{bff0dd9 container=WallpaperWindowToken{4b90c54 showWhenLocked=true}_<lock> flags=0x0}
04-19 14:47:28.707 V/WindowManager( 2748):    ChangeInfo{a7339e container=ActivityRecord{101403755 u0 com.sec.android.app.launcher/.activities.LauncherActivity t8} flags=0x0}
04-19 14:47:28.707 V/WindowManager( 2748):    ChangeInfo{31f4e7f container=Task{85742f4 #40548 type=recents I=com.sec.android.app.launcher/com.android.quickstep.RecentsActivity} flags=0x30}
04-19 14:47:28.707 V/WindowManager( 2748):    ChangeInfo{3794e4c container=Task{8aed1d8 #1 type=home} flags=0x10}
04-19 14:47:28.707 V/WindowManager( 2748):    ChangeInfo{b49ae95 container=Task{9da53c8 #8 type=home I=com.sec.android.app.launcher/.activities.LauncherActivity} flags=0x10}
04-19 14:47:28.707 V/WindowManager( 2748):    ChangeInfo{dceebaa container=DefaultTaskDisplayArea_d0@170809279 flags=0x0}
04-19 14:47:28.707 V/WindowManager( 2748):    ChangeInfo{c64539b container=ActivityRecord{196021447 u0 com.sec.android.app.launcher/com.android.quickstep.RecentsActivity t40548} flags=0x0}
04-19 14:47:28.707 V/WindowManager( 2748):    ChangeInfo{d130338 container=RemoteWallpaperAnim:1:1@199017844 flags=0x0}
04-19 14:47:28.707 V/WindowManager( 2748):    ChangeInfo{1639f11 container=WallpaperWindowToken{d11f2f0 showWhenLocked=false}_<system> flags=0x0}
04-19 14:47:28.707 V/WindowManager( 2748):    ChangeInfo{a081876 container=ActivityRecord{226069200 u0 com.whatsapp/.Conversation t40882} flags=0x0}
04-19 14:47:28.707 V/WindowManager( 2748):    ChangeInfo{e2a8e77 container=ActivityRecord{234857251 u0 com.sec.android.app.launcher/com.android.quickstep.RecentsActivity t-1} flags=0x0}
04-19 14:47:28.707 V/WindowManager( 2748):    ChangeInfo{6911ae4 container=Task{e2cc4ed #40882 type=standard A=10406:com.whatsapp} flags=0x10}
04-19 14:47:28.707 V/WindowManager( 2748):    ChangeInfo{2521b4d container=Display{#0 state=ON size=1080x2340 ROTATION_0} flags=0x0}
04-19 14:47:28.707 V/WindowManager( 2748): ]
04-19 14:47:28.707 V/WindowManager( 2748): }, caller=com.android.server.wm.WindowOrganizerController.finishTransitionInner:31 com.android.server.wm.WindowOrganizerController.finishAllTransitions:77 android.window.IWindowOrganizerController$Stub.onTransact:283 
04-19 14:47:28.707 V/WindowManager( 2748): Finish Transition (#2482): created at 04-19 14:47:28.572 collect-started=0.275ms request-sent=5.194ms started=8.119ms ready=8.115ms sent=27.53ms commit=19.774ms finished=134.45ms
04-19 14:47:28.707 D/PersonaActivityHelper( 2748): token.toString()  Token{c2ccc61 ActivityRecord{101403755 u0 com.sec.android.app.launcher/.activities.LauncherActivity t8}}
04-19 14:47:28.707 D/PersonaActivityHelper( 2748): mLastResumedSFActivity getPackageName  com.google.android.permissioncontroller
04-19 14:47:28.707 D/PersonaActivityHelper( 2748): mLastResumedSFActivity getShortClassName  com.android.permissioncontroller.permission.ui.GrantPermissionsActivity
04-19 14:47:28.707 D/PersonaActivityHelper( 2748): token.toString()  Token{460a1d ActivityRecord{196021447 u0 com.sec.android.app.launcher/com.android.quickstep.RecentsActivity t40548}}
04-19 14:47:28.707 D/PersonaActivityHelper( 2748): mLastResumedSFActivity getPackageName  com.google.android.permissioncontroller
04-19 14:47:28.707 D/PersonaActivityHelper( 2748): mLastResumedSFActivity getShortClassName  com.android.permissioncontroller.permission.ui.GrantPermissionsActivity
04-19 14:47:28.707 I/DynamiteModule( 6125): Considering local module com.google.android.gms.googlecertificates:7 and remote module com.google.android.gms.googlecertificates:0
04-19 14:47:28.707 D/PersonaActivityHelper( 2748): token.toString()  Token{1ebaac9 ActivityRecord{226069200 u0 com.whatsapp/.Conversation t40882}}
04-19 14:47:28.707 D/PersonaActivityHelper( 2748): mLastResumedSFActivity getPackageName  com.google.android.permissioncontroller
04-19 14:47:28.707 I/DynamiteModule( 6125): Selected local version of com.google.android.gms.googlecertificates
04-19 14:47:28.707 D/PersonaActivityHelper( 2748): mLastResumedSFActivity getShortClassName  com.android.permissioncontroller.permission.ui.GrantPermissionsActivity
04-19 14:47:28.707 D/ChangeTransitionController( 2748): onTransitionFinished: TransitionRecord{b5f2452 id=2482 type=OPEN flags=0x0 c=[
04-19 14:47:28.707 D/ChangeTransitionController( 2748):    ChangeInfo{bff0dd9 container=WallpaperWindowToken{4b90c54 showWhenLocked=true}_<lock> flags=0x0}
04-19 14:47:28.707 D/ChangeTransitionController( 2748):    ChangeInfo{a7339e container=ActivityRecord{101403755 u0 com.sec.android.app.launcher/.activities.LauncherActivity t8} flags=0x0}
04-19 14:47:28.707 D/ChangeTransitionController( 2748):    ChangeInfo{31f4e7f container=Task{85742f4 #40548 type=recents I=com.sec.android.app.launcher/com.android.quickstep.RecentsActivity} flags=0x30}
04-19 14:47:28.707 D/ChangeTransitionController( 2748):    ChangeInfo{3794e4c container=Task{8aed1d8 #1 type=home} flags=0x10}
04-19 14:47:28.707 D/ChangeTransitionController( 2748):    ChangeInfo{b49ae95 container=Task{9da53c8 #8 type=home I=com.sec.android.app.launcher/.activities.LauncherActivity} flags=0x10}
04-19 14:47:28.707 D/ChangeTransitionController( 2748):    ChangeInfo{dceebaa container=DefaultTaskDisplayArea_d0@170809279 flags=0x0}
04-19 14:47:28.707 D/ChangeTransitionController( 2748):    ChangeInfo{c64539b container=ActivityRecord{196021447 u0 com.sec.android.app.launcher/com.android.quickstep.RecentsActivity t40548} flags=0x0}
04-19 14:47:28.707 D/ChangeTransitionController( 2748):    ChangeInfo{d130338 container=RemoteWallpaperAnim:1:1@199017844 flags=0x0}
04-19 14:47:28.707 D/ChangeTransitionController( 2748):    ChangeInfo{1639f11 container=WallpaperWindowToken{d11f2f0 showWhenLocked=false}_<system> flags=0x0}
04-19 14:47:28.707 D/ChangeTransitionController( 2748):    ChangeInfo{a081876 container=ActivityRecord{226069200 u0 com.whatsapp/.Conversation t40882} flags=0x0}
04-19 14:47:28.707 D/ChangeTransitionController( 2748):    ChangeInfo{e2a8e77 container=ActivityRecord{234857251 u0 com.sec.android.app.launcher/com.android.quickstep.RecentsActivity t-1} flags=0x0}
04-19 14:47:28.707 D/ChangeTransitionController( 2748):    ChangeInfo{6911ae4 container=Task{e2cc4ed #40882 type=standard A=10406:com.whatsapp} flags=0x10}
04-19 14:47:28.707 D/ChangeTransitionController( 2748):    ChangeInfo{2521b4d container=Display{#0 state=ON size=1080x2340 ROTATION_0} flags=0x0}
04-19 14:47:28.707 D/ChangeTransitionController( 2748): ]
04-19 14:47:28.707 D/ChangeTransitionController( 2748): }
04-19 14:47:28.708 V/WindowManagerShell( 3944): Track 0 became idle
04-19 14:47:28.708 V/WindowManagerShell( 3944): All active transition animations finished
04-19 14:47:28.708 V/ShellRecents( 3944): [122851976] RecentsController.finishInner: calling finish callback
04-19 14:47:28.708 I/HoneySpace.RecentsAnimationController( 4661): received finish callback, resultCode = 0
04-19 14:47:28.708 I/HoneySpace.RecentsAnimationController( 4661): finished, result = true
04-19 14:47:28.708 I/HoneySpace.ShellTransitionManager( 4661): transitionRunning state changed: false
04-19 14:47:28.708 D/FreeformController( 2748): beginPostLayoutPolicyLw: forceHideRequester changed, old=Window{f96f521 u0 RecentsTransitionOverlay}, new=Window{fdd8369 u0 com.sec.android.app.launcher/com.android.quickstep.RecentsActivity}
04-19 14:47:28.708 I/HoneySpace.RecentsAnimationController( 4661): isRecentsStarted-false
04-19 14:47:28.708 D/FreeformController( 2748): setBlockToAddForceHideFreeformTasks: blockToAddForceHide=false, Caller=com.android.server.wm.DisplayPolicy.beginPostLayoutPolicyLw:142
04-19 14:47:28.708 I/HoneySpace.HoneyScreenManagerImpl( 4661): setContentsAlpha, state: com.honeyspace.sdk.HomeScreen$Normal@6c74b88
04-19 14:47:28.708 I/HoneySpace.HomescreenPot( 4661): setContentsAlpha, alpha : 1.0
04-19 14:47:28.708 D/FreeformController( 2748): setBlockToAddForceHideFreeformTasks: blockToAddForceHide=true, Caller=com.android.server.wm.DisplayPolicy.finishPostLayoutPolicyLw:127
04-19 14:47:28.708 D/SurfaceComposerClient( 2748): setCornerRadius ## fdd8369 com.sec.android.app.launcher/com.android.quickstep.RecentsActivity#428 cornerRadius=0.000000
04-19 14:47:28.709 I/HYPER-HAL( 1631): [RequestManager.cpp]releaseLocked(): Released ID : 10869454
04-19 14:47:28.709 I/HoneySpace.TopTaskSource( 4661): transitionCleanUp: 40548
04-19 14:47:28.709 D/PowerManagerService( 2748): [api] setScreenDimDurationOverrideFromWindowManagerInternal: timeoutMillis: -1
04-19 14:47:28.710 I/ActivityManager( 2748): Changes in 10406 2 to 10, 255 to 128
04-19 14:47:28.710 W/qdgralloc( 2748): getInterlacedFlag: getMetaData returned 3, defaulting to interlaced_flag = 0
04-19 14:47:28.711 D/HintManagerService( 2748): Sent cleanup message for uid 10406
04-19 14:47:28.711 V/OsAgent ( 6455): broadcastSystemEvent - 7
04-19 14:47:28.712 I/HYPER-HAL( 1631): [RequestManager.cpp]acquire(): Acquired ID : 70168146  [1634 / 10211]    HINT :      list : [TID_LOW_LATENCY / 0] [TID / 4725] [TID / 4727] [TID / 4574] [TID / 4761] 
04-19 14:47:28.713 I/HYPER-HAL( 1631): [RequestManager.cpp]acquire(): Acquired ID : 70191841  [1634 / 10213]    HINT :      list : [TID_LOW_LATENCY / 0] [TID / 4725] [TID / 4727] [TID / 4574] [TID / 4761] 
04-19 14:47:28.718 I/HoneySpace.FloatingFinishHelper( 4661): finishInProgress: false
04-19 14:47:28.719 I/SurfaceFlinger( 1741): RequestedLayer [Task=40882#26184] hidden!! flag  from(0) --> to(1)
04-19 14:47:28.719 I/SurfaceFlinger( 1741): RequestedLayer [Task=1#53] hidden!! flag  from(0) --> to(1)
04-19 14:47:28.719 I/SurfaceFlinger( 1741): RequestedLayer [TransientLaunchOverlayToken{8e4a788 token=android.os.BinderProxy@5bf972b}#141] hidden!! flag  from(0) --> to(1)
04-19 14:47:28.719 I/SurfaceFlinger( 1741): [Display 0 name="Built-in Screen"#49] setFrameRateCategory: Default
04-19 14:47:28.719 I/SurfaceFlinger( 1741): [LayerHierarchy{RequestedLayerState{Task=1#53 parentId=10} 2 children}] reparent to LayerHierarchy{RequestedLayerState{DefaultTaskDisplayArea_d0#10 parentId=9} 11 children}
04-19 14:47:28.719 I/SurfaceFlinger( 1741): [LayerHierarchy{RequestedLayerState{TransientLaunchOverlayToken{8e4a788 token=android.os.BinderProxy@5bf972b}#141 parentId=13} 1 children}] reparent to LayerHierarchy{RequestedLayerState{Leaf:3:12#13 parentId=9 z=1} 1 children}
04-19 14:47:28.719 I/SurfaceFlinger( 1741): [LayerHierarchy{RequestedLayerState{WallpaperWindowToken{d11f2f0 showWhenLocked=false}#78 parentId=8 z=1} 1 children}] reparent to LayerHierarchy{RequestedLayerState{Leaf:1:1#8 parentId=7} 2 children}
04-19 14:47:28.719 I/SurfaceFlinger( 1741): [LayerHierarchy{RequestedLayerState{Task=40548#426 parentId=10 z=8} 1 children}] reparent to LayerHierarchy{RequestedLayerState{DefaultTaskDisplayArea_d0#10 parentId=9} 12 children}
04-19 14:47:28.719 I/SurfaceFlinger( 1741): [LayerHierarchy{RequestedLayerState{Task=40882#26184 parentId=10 z=7} 4 children}] reparent to LayerHierarchy{RequestedLayerState{DefaultTaskDisplayArea_d0#10 parentId=9} 13 children}
04-19 14:47:28.719 I/SurfaceFlinger( 1741): [LayerHierarchy{RequestedLayerState{Transition Root: Task=40548#26239 z=8} no children}] reparent to OffscreenRoot
04-19 14:47:28.719 I/SurfaceFlinger( 1741): [LayerHierarchy{RequestedLayerState{Transition Root: Task=40548#26239 z=8} no children}] RelativeParent to null
04-19 14:47:28.719 I/SurfaceFlinger( 1741): [LayerHierarchy{RequestedLayerState{Transition Root: Task=1#26232} 4 children}] reparent to OffscreenRoot
04-19 14:47:28.719 I/SurfaceFlinger( 1741): [LayerHierarchy{RequestedLayerState{Transition Root: Task=1#26232} 4 children}] RelativeParent to null
04-19 14:47:28.719 I/HoneySpace.TaskIconProgressRepositoryImpl( 4661): taskLaunchProgress: 0.0, recentsEnteringFromAppsProgress: 0.0
04-19 14:47:28.719 I/HoneySpace.SubViewsProgressRepositoryImpl( 4661): taskLaunchProgress: 0.0, recentsEnteringProgress: 0.0
04-19 14:47:28.719 D/BBA2    ( 2748): updateWindowVisible for pid : 4574, visible : 0
04-19 14:47:28.720 D/SystemUIService( 3944): SYSUI_RAM_OPTIMIZATION onTrimMemory=20
04-19 14:47:28.720 D/CentralSurfaces( 3944): SYSUI_RAM_OPTIMIZATION onTrimMemory=20
04-19 14:47:28.720 D/HWUI    ( 3944): CacheManager::trimMemory(20)
04-19 14:47:28.720 I/VRI[RecentsActivity]@99b889( 4661): mWNT: t=0xb400007623dbb410 mBlastBufferQueue=0xb4000075f3ec0cd0 fn= 7 HdrRenderState mRenderHdrSdrRatio=1.0 caller= com.android.systemui.shared.launcher.ViewRootImplCompat.mergeWithNextTransaction:4 com.honeyspace.transition.utils.SurfaceTransactionApplier.scheduleApply$lambda$1:16 com.honeyspace.transition.utils.SurfaceTransactionApplier.b:0 
04-19 14:47:28.720 I/WindowManager( 2748): Relayout Window{f96f521 u0 RecentsTransitionOverlay}: viewVisibility=0 req=1x1 ty=2632 d0
04-19 14:47:28.720 I/DisplayDeviceRepository( 2748): Display device changed render timings: "Built-in Screen", renderFrameRate=60.000004, presentationDeadlineNanos=17666666, appVsyncOffsetNanos=16666666, frameRateOverrides=[]
04-19 14:47:28.720 D/SurfaceComposerClient( 2748): setCornerRadius ## fdd8369 com.sec.android.app.launcher/com.android.quickstep.RecentsActivity#428 cornerRadius=0.000000
04-19 14:47:28.721 D/SurfaceComposerClient( 2748): setCornerRadius ## fdd8369 com.sec.android.app.launcher/com.android.quickstep.RecentsActivity#428 cornerRadius=0.000000
04-19 14:47:28.721 D/DisplayLifecycle( 3944): updateDisplay id = 0
04-19 14:47:28.721 I/WindowManager( 2748): Relayout hash=f96f521, pid=4661, syncId=-1: mAttrs={(0,0)(1x1) gr=BOTTOM CENTER_VERTICAL sim={adjust=pan} layoutInDisplayCutoutMode=always ty=TRANSIENT_LAUNCH_OVERLAY fmt=TRANSLUCENT if=INPUT_FEATURE_NO_INPUT_CHANNEL
04-19 14:47:28.721 I/WindowManager( 2748):   fl=118
04-19 14:47:28.721 I/WindowManager( 2748):   pfl=10000040
04-19 14:47:28.721 I/WindowManager( 2748):   bhv=1
04-19 14:47:28.721 I/WindowManager( 2748):   frameRateBoostOnTouch=true
04-19 14:47:28.721 I/WindowManager( 2748):   dvrrWindowFrameRateHint=true naviIconColor=0
04-19 14:47:28.721 I/WindowManager( 2748):   sfl=4020000}
04-19 14:47:28.721 D/StackScroller( 3944): onDisplayChanged for predraw skip to 2
04-19 14:47:28.721 D/WifiDisplayAdapter( 2748): isFitToActiveDisplayLocked : false
04-19 14:47:28.722 I/HBD     (10702): DeX h DeX mode state change in non-main thread 
04-19 14:47:28.722 I/HBD     (10702): DeX h DeX mode state change: 3 
04-19 14:47:28.722 I/BLASTBufferQueue_Java( 4661): update, w= 1 h= 1 mName = VRI[RecentsTransitionOverlay]@86e2585 mNativeObject= 0xb4000075f3d8f9d0 sc.mNativeObject= 0xb4000076c3d28510 format= -3 caller= android.view.ViewRootImpl.updateBlastSurfaceIfNeeded:3574 android.view.ViewRootImpl.relayoutWindow:11685 android.view.ViewRootImpl.performTraversals:4804 android.view.ViewRootImpl.doTraversal:3924 android.view.ViewRootImpl$TraversalRunnable.run:12903 android.view.Choreographer$CallbackRecord.run:1901 
04-19 14:47:28.722 I/VRI[RecentsTransitionOverlay]@86e2585( 4661): Relayout returned: old=(0,0,1080,2340) new=(539,2339,540,2340) relayoutAsync=false req=(1,1)0 dur=2 res=0x1 s={true 0xb400007663d22dc0} ch=false seqId=437
04-19 14:47:28.722 D/SurfaceComposerClient( 2748): setCornerRadius ## fdd8369 com.sec.android.app.launcher/com.android.quickstep.RecentsActivity#428 cornerRadius=0.000000
04-19 14:47:28.722 I/HoneySpace.TiltStackLayoutManager[262b1d6]( 4661): onLayoutChildren() => itemCount: 1, childCount: 1
04-19 14:47:28.722 I/HoneySpace.TiltStackLayoutManager[262b1d6]( 4661): scrollOffset: 0, floorCenterPosition: 0, movePercent: 0.0, attachRange: 0..0
04-19 14:47:28.722 I/HoneySpace.TiltStackLayoutManager[262b1d6]( 4661): doLayout() => pos: 0, layout: [199, 257, 880, 1735], view: TaskView[ab7911e], childCount: 1
04-19 14:47:28.723 I/VRI[RecentsTransitionOverlay]@86e2585( 4661): Creating new active sync group VRI[RecentsTransitionOverlay]@86e2585#84
04-19 14:47:28.723 D/SurfaceFlinger( 1741): Display 4630946970390616451 HWC layers:
04-19 14:47:28.723 D/SurfaceFlinger( 1741):        CLIENT |           16939351015432 | 00000100 | RGBA_8888    |    0.0    1.0  745.0 1615.0 |    0    0 1080 2340 | Wallpaper BBQ wrapper 5_system#85 (1)
04-19 14:47:28.723 D/SurfaceFlinger( 1741):        DEVICE |           20018842572450 | 00002100 | RGBA_8888    |    0.0    0.0 1080.0 2340.0 |    0    0 1080 2340 | com.sec.android.app.launcher/com.and[...]uickstep.RecentsActivity$_4661#26237 (blurRegions) (6)
04-19 14:47:28.723 D/SurfaceFlinger( 1741):        DEVICE |           16939351072718 | 00002100 | RGBA_8888    |    0.0    0.0 1080.0   91.0 |    0    0 1080   91 | StatusBar$_3944#108 (47929)
04-19 14:47:28.723 D/SurfaceFlinger( 1741):        DEVICE |           20018842572015 | 00002100 | RGBA_8888    |    0.0    0.0   67.0  326.0 | 1013  687 1080 1013 | com.sec.android.app.launcher/com.sam[...]l.app.CocktailBarService$_4661#24079 (3)
04-19 14:47:28.723 D/SurfaceFlinger( 1741): 
04-19 14:47:28.723 I/VRI[RecentsTransitionOverlay]@86e2585( 4661): mWNT: t=0xb400007623d7e8d0 mBlastBufferQueue=0xb4000075f3d8f9d0 fn= 7910 HdrRenderState mRenderHdrSdrRatio=1.0 caller= android.view.ViewRootImpl$12.onFrameDraw:15441 android.view.ThreadedRenderer$1.onFrameDraw:718 <bottom of call stack> 
04-19 14:47:28.723 I/VRI[RecentsTransitionOverlay]@86e2585( 4661): Setting up sync and frameCommitCallback
04-19 14:47:28.723 D/InputDispatcher( 2748): Focus left window (0): recents_animation_input_consumer
04-19 14:47:28.724 W/qdgralloc( 4661): getInterlacedFlag: getMetaData returned 3, defaulting to interlaced_flag = 0
04-19 14:47:28.724 V/WindowManager( 2748): Unknown focus tokens, dropping reportFocusChanged
04-19 14:47:28.724 I/VRI[RecentsTransitionOverlay]@86e2585( 4661): Received frameCommittedCallback lastAttemptedDrawFrameNum=7910 didProduceBuffer=true
04-19 14:47:28.724 D/WindowManager( 2748): finishDrawingWindow: Window{f96f521 u0 RecentsTransitionOverlay} mDrawState=HAS_DRAWN seqId=437
04-19 14:47:28.725 I/HoneySpace.InputConsumerProxy( 4661): end
04-19 14:47:28.725 D/SurfaceComposerClient( 2748): setCornerRadius ## fdd8369 com.sec.android.app.launcher/com.android.quickstep.RecentsActivity#428 cornerRadius=0.000000
04-19 14:47:28.725 I/HoneySpace.GestureEventController[1e6797]( 4661): onInputProxyFinished, Dispatching? : false
04-19 14:47:28.725 I/HoneySpace.GestureEventController[1e6797]( 4661): cancelCollectEventForRecentInGestureTransition
04-19 14:47:28.725 D/SurfaceComposerClient( 2748): setCornerRadius ## fdd8369 com.sec.android.app.launcher/com.android.quickstep.RecentsActivity#428 cornerRadius=0.000000
04-19 14:47:28.725 I/HoneySpace.Launcher( 4661): !@Boot_EBS_D: Launcher.onPause()
04-19 14:47:28.725 I/HoneySpace.SPayHandler( 4661): updateSpayHandler launcher activity is paused false
04-19 14:47:28.726 I/HoneySpace.Launcher( 4661): updateLauncherShowing true -> false
04-19 14:47:28.726 D/DeviceReportingSecurityChecker( 2748): getStatus
04-19 14:47:28.726 D/DeviceReportingSecurityChecker( 2748): mIsICDStatus is true
04-19 14:47:28.726 D/DeviceReportingSecurityChecker( 2748): mIsSim is true
04-19 14:47:28.726 D/DeviceReportingSecurityChecker( 2748): mIsEchoAppSignature is true
04-19 14:47:28.726 D/DeviceReportingSecurityChecker( 2748): security check passed
04-19 14:47:28.726 D/DeviceReportingSecurityChecker( 2748): mIsICDStatus === true mIsSim == true mIsMyAccountSignature== false mIsEchoAppSignature== true mIsSprintHubSignature== false
04-19 14:47:28.726 D/SGM:FgCheckThread( 2748): notePauseComponent(), received pkgName: com.sec.android.app.launcher, userId: 0
04-19 14:47:28.726 D/DeviceReportingSecurityChecker( 2748): getStatus
04-19 14:47:28.726 D/DeviceReportingSecurityChecker( 2748): mIsICDStatus is true
04-19 14:47:28.726 D/DeviceReportingSecurityChecker( 2748): mIsSim is true
04-19 14:47:28.726 D/DeviceReportingSecurityChecker( 2748): mIsEchoAppSignature is true
04-19 14:47:28.726 D/DeviceReportingSecurityChecker( 2748): security check passed
04-19 14:47:28.726 D/DeviceReportingSecurityChecker( 2748): mIsICDStatus === true mIsSim == true mIsMyAccountSignature== false mIsEchoAppSignature== true mIsSprintHubSignature== false
04-19 14:47:28.726 I/CocktailBarManagerServiceContainer( 2748): handleMessage: entry what = 6
04-19 14:47:28.727 D/BackgroundInstallControlService( 2748): Package event received: 0
04-19 14:47:28.727 I/HoneySpace.Memory-Monitor( 4661): current state = 2, didTrim = false
04-19 14:47:28.727 D/HWUI    ( 4574): CacheManager::trimMemory(20)
04-19 14:47:28.727 I/ActivityManager( 2748): Killing 29583:com.google.android.apps.messaging/u0a258 (adj 985): empty #33
04-19 14:47:28.731 I/WindowManager( 2748): Relayout Window{ea2b130 u0 com.whatsapp/com.whatsapp.Conversation}: viewVisibility=8 req=1080x2340 ty=1 d0
04-19 14:47:28.731 D/SurfaceComposerClient( 2748): setCornerRadius ## fdd8369 com.sec.android.app.launcher/com.android.quickstep.RecentsActivity#428 cornerRadius=0.000000
04-19 14:47:28.731 D/SurfaceComposerClient( 2748): setCornerRadius ## fdd8369 com.sec.android.app.launcher/com.android.quickstep.RecentsActivity#428 cornerRadius=0.000000
04-19 14:47:28.731 D/DeviceReportingSecurityChecker( 2748): getStatus
04-19 14:47:28.731 D/DeviceReportingSecurityChecker( 2748): mIsICDStatus is true
04-19 14:47:28.731 D/DeviceReportingSecurityChecker( 2748): mIsSim is true
04-19 14:47:28.731 D/DeviceReportingSecurityChecker( 2748): mIsEchoAppSignature is true
04-19 14:47:28.731 D/DeviceReportingSecurityChecker( 2748): security check passed
04-19 14:47:28.731 D/DeviceReportingSecurityChecker( 2748): mIsICDStatus === true mIsSim == true mIsMyAccountSignature== false mIsEchoAppSignature== true mIsSprintHubSignature== false
04-19 14:47:28.731 D/AppStateBroadcaster( 2748): TMO killProcesses
04-19 14:47:28.732 I/ImeTracker( 2748): system_server:7100fc0d: onRequestShow at ORIGIN_SERVER reason CONTROLS_CHANGED fromUser false
04-19 14:47:28.732 I/WindowManager( 2748): Relayout hash=ea2b130, pid=4574, syncId=-1: mAttrs={(0,0)(fillxfill) sim={state=unchanged adjust=resize} ty=BASE_APPLICATION wanim=0x1030317
04-19 14:47:28.732 I/WindowManager( 2748):   fl=81810100
04-19 14:47:28.732 I/WindowManager( 2748):   pfl=10008040
04-19 14:47:28.732 I/WindowManager( 2748):   bhv=1
04-19 14:47:28.732 I/WindowManager( 2748):   fitSides=0
04-19 14:47:28.732 I/WindowManager( 2748):   frameRateBoostOnTouch=true
04-19 14:47:28.732 I/WindowManager( 2748):   dvrrWindowFrameRateHint=true naviIconColor=0}
04-19 14:47:28.733 I/ImeTracker( 4574): system_server:7100fc0d: onCancelled at PHASE_CLIENT_ON_CONTROLS_CHANGED
04-19 14:47:28.734 I/VRI[Conversation]@997fc32( 4574): Relayout returned: old=(0,0,1080,2340) new=(0,0,1080,2340) relayoutAsync=false req=(1080,2340)8 dur=2 res=0x2 s={false 0x0} ch=true seqId=0
04-19 14:47:28.734 D/VRI[Conversation]@997fc32( 4574): Not drawing due to not visible. Reason=!mAppVisible && !mForceDecorViewVisibility
04-19 14:47:28.735 I/SurfaceFlinger( 1741): RequestedLayer [Input Consumer recents_animation_input_consumer#140] hidden!! flag  from(0) --> to(1)
04-19 14:47:28.735 I/SurfaceFlinger( 1741): RequestedLayer [RecentsTransitionOverlay$_4661#143] hidden!! flag  from(0) --> to(1)
04-19 14:47:28.735 I/SurfaceFlinger( 1741): RequestedLayer [com.sec.android.app.launcher/com.sec[...]vities.LauncherActivity$_24038#26231] hidden!! flag  from(0) --> to(1)
04-19 14:47:28.735 I/SurfaceFlinger( 1741): RequestedLayer [com.sec.android.app.launcher/com.sec[...]ivities.LauncherActivity$_4661#26230] hidden!! flag  from(0) --> to(1)
04-19 14:47:28.735 I/SurfaceFlinger( 1741): RequestedLayer [com.whatsapp/com.whatsapp.Conversation$_4574#26212] hidden!! flag  from(0) --> to(1)
04-19 14:47:28.735 I/SurfaceFlinger( 1741): RequestedLayer [ActivityRecord{226069200 u0 com.whatsapp/.Conversation t40882}#26210] hidden!! flag  from(0) --> to(1)
