04-19 14:47:28.064 V/GraphicsEnvironment( 5840): com.android.vending is not listed in ANGLE allowlist or settings, returning default
04-19 14:47:28.068 W/Turbo.TurboApplication( 5843): Going to the application!
04-19 14:47:28.069 W/Turbo.TurboApplication( 5845): Going to the application!
04-19 14:47:28.070 I/ActivityManager( 2748): Changes in 15010257 19 to 8, 0 to 128
04-19 14:47:28.072 I/ActivityManager( 2748): Changes in 10257 19 to 8, 0 to 128
04-19 14:47:28.073 W/qdgralloc( 4661): getInterlacedFlag: getMetaData returned 3, defaulting to interlaced_flag = 0
04-19 14:47:28.074 I/VRI[LauncherActivity]@605627e( 4661): mWNT: t=0xb400007623df2d10 mBlastBufferQueue=0xb4000075f42141d0 fn= 10 HdrRenderState mRenderHdrSdrRatio=1.0 caller= com.android.systemui.shared.launcher.ViewRootImplCompat.mergeWithNextTransaction:4 com.honeyspace.transition.utils.SurfaceTransactionApplier.scheduleApply$lambda$1:16 com.honeyspace.transition.utils.SurfaceTransactionApplier.b:0 
04-19 14:47:28.074 I/Finsky:background( 5840): [2] Process created at version: 50.9.23-31 [0] [PR] 895453497
04-19 14:47:28.076 I/ActivityManager( 2748): Changes in 15010259 10 to 8, 0 to 128
04-19 14:47:28.077 I/egip    ( 7245): (REDACTED) appOpsListener %s %s
04-19 14:47:28.077 I/egip    ( 7245): (REDACTED) Ignoring irrelevant audio permission changes for package %s
04-19 14:47:28.077 I/egip    ( 7245): (REDACTED) appOpsListener %s %s
04-19 14:47:28.077 I/egip    ( 7245): (REDACTED) Ignoring irrelevant audio permission changes for package %s
04-19 14:47:28.077 I/Finsky:background( 5840): [2] [BGP] Initializing early flags...
04-19 14:47:28.077 I/Finsky:background( 5840): [2] [BGP] Initializing Gservices...
04-19 14:47:28.078 D/io_stats( 1147): !@   8,0 r 23661463 451578408 w 4072383 70956804 d 472712 55804844 f 293611 394986 iot 4259100 0 th 0 0 0 pt 0 inp 0 1 87185.192
04-19 14:47:28.078 I/Finsky:background( 5840): [2] [BGP] Initializing flags...
04-19 14:47:28.085 I/Finsky:background( 5840): [2] Finished reading experiment flags from file [0tGUNCGIkbk4o6-fQ335kUYSKwVj4lusnHT-A5Dsy08] numFlags=2275.
04-19 14:47:28.086 I/HoneySpace.GestureMotionDetector( 4661): onScroll, ACTION_DRAG
04-19 14:47:28.086 I/HoneySpace.OtherActivityInputConsumer( 4661): motionEvent = ActionDrag(event=MotionEvent { action=ACTION_MOVE, actionButton=0, id[0]=0, x[0]=618.8379, y[0]=2190.6084, toolType[0]=TOOL_TYPE_FINGER, buttonState=0, classification=NONE, metaState=0, flags=0x0, edgeFlags=0x0, pointerCount=1, historySize=2, eventTime=87185193, downTime=87184937, deviceId=6, source=0x1002, displayId=0, eventId=256111200 }, distanceX=-11.865234, distanceY=-141.39355)
04-19 14:47:28.086 I/HoneySpace.OtherActivityInputConsumer( 4661): collect ActionDrag(event=MotionEvent { action=ACTION_MOVE, actionButton=0, id[0]=0, x[0]=618.8379, y[0]=2190.6084, toolType[0]=TOOL_TYPE_FINGER, buttonState=0, classification=NONE, metaState=0, flags=0x0, edgeFlags=0x0, pointerCount=1, historySize=2, eventTime=87185193, downTime=87184937, deviceId=6, source=0x1002, displayId=0, eventId=256111200 }, distanceX=-11.865234, distanceY=-141.39355)
04-19 14:47:28.086 I/HoneySpace.AnimationSession( 4661): doAction(169343257) called with: event = TaskMoveAnimation(motionEvent=MotionEvent { action=ACTION_MOVE, actionButton=0, id[0]=0, x[0]=618.8379, y[0]=2190.6084, toolType[0]=TOOL_TYPE_FINGER, buttonState=0, classification=NONE, metaState=0, flags=0x0, edgeFlags=0x0, pointerCount=1, historySize=2, eventTime=87185193, downTime=87184937, deviceId=6, source=0x1002, displayId=0, eventId=256111200 })
04-19 14:47:28.086 I/HoneySpace.AnimationSession( 4661): gesture taskPosition Rect(18, 47 - 1039, 2242)
04-19 14:47:28.086 I/HoneySpace.AnimationSession( 4661): collect taskPosition LeashTask(targetView=null, cornerRadius=101.94553, targetRect=Rect(18, 47 - 1039, 2242), animationProgress=0.0, fullScreenProgress=0.13595524, canHidden=false, springRectCallback=com.honeyspace.gesture.session.d@748fa61)
04-19 14:47:28.086 I/HoneySpace.RecentsAnimationManager( 4661): moveTaskByPlayer, rect: Rect(18, 47 - 1039, 2242), progress : 0.0
04-19 14:47:28.086 I/HoneySpace.RectFAnimation( 4661): animateToFinalPosition RectF(18.0, 47.0, 1039.0, 2242.0)
04-19 14:47:28.087 I/VRI[LauncherActivity]@605627e( 4661): mWNT: t=0xb400007623db1d90 mBlastBufferQueue=0xb4000075f42141d0 fn= 11 HdrRenderState mRenderHdrSdrRatio=1.0 caller= com.android.systemui.shared.launcher.ViewRootImplCompat.mergeWithNextTransaction:4 com.honeyspace.transition.utils.SurfaceTransactionApplier.scheduleApply$lambda$1:16 com.honeyspace.transition.utils.SurfaceTransactionApplier.b:0 
04-19 14:47:28.089 D/SurfaceFlinger( 1741): Display 4630946970390616451 HWC layers:
04-19 14:47:28.089 D/SurfaceFlinger( 1741):        CLIENT |           16939351015432 | 00000100 | RGBA_8888    |   86.0  187.0  659.0 1429.0 |    0    0 1080 2340 | Wallpaper BBQ wrapper 5_system#85 (1)
04-19 14:47:28.089 D/SurfaceFlinger( 1741):        CLIENT |           20018842572440 | 00002100 | RGBA_8888    |    0.0    0.0 1080.0 2340.0 |    0    0 1080 2340 | com.sec.android.app.launcher/com.sec[...]ivities.LauncherActivity$_4661#26230 (9)
04-19 14:47:28.089 D/SurfaceFlinger( 1741):        CLIENT |                        0 | 00000000 | N/A          |    0.0    0.0    0.0    0.0 |    0    0 1080 2340 | Surface(name=TransientLaunchOverlayT[...]})/@0xcb8d21e_transition-leash#26233 (backgroundBlurRadius) (0)
04-19 14:47:28.089 D/SurfaceFlinger( 1741):        CLIENT |           20018842572444 | 00002100 | RGBA_8888    |    0.0    0.0 1080.0 2340.0 |    0    0 1080 2340 | RecentsTransitionOverlay$_4661#143 (7878)
04-19 14:47:28.089 D/SurfaceFlinger( 1741):        CLIENT |           19645180411909 | 00002102 | RGBA_8888    |    0.0   12.0 1079.0 2334.0 |   18   42 1044 2251 | com.whatsapp/com.whatsapp.Conversation$_4574#26212 (424)
04-19 14:47:28.089 D/SurfaceFlinger( 1741):        CLIENT |           45964740002456 | 00002100 | 
04-19 14:47:28.089 D/SurfaceFlinger( 1741): RGBA_8888    |    0.0    0.0 1079.0 2243.0 |   18  117 1044 2251 | InputMethod$_10702#26219 (8)
04-19 14:47:28.089 D/SurfaceFlinger( 1741):        CLIENT |           16939351072727 | 00002100 | RGBA_8888    |    0.0    0.0 1079.0  138.0 |   18 2120 1044 2251 | NavigationBar0$_3944#104 (98852)
04-19 14:47:28.089 D/SurfaceFlinger( 1741):        DEVICE |           16939351072718 | 00002100 | RGBA_8888    |    0.0    0.0 1080.0   91.0 |    0    0 1080   91 | StatusBar$_3944#108 (47929)
04-19 14:47:28.089 D/SurfaceFlinger( 1741):        DEVICE |           20018842572015 | 00002100 | RGBA_8888    |    0.0    0.0   67.0  326.0 | 1013  687 1080 1013 | com.sec.android.app.launcher/com.sam[...]l.app.CocktailBarService$_4661#24079 (3)
04-19 14:47:28.089 D/SurfaceFlinger( 1741): 
04-19 14:47:28.092 D/CompatChangeReporter( 2748): Compat change id reported: 261072174; UID 10257; state: ENABLED
04-19 14:47:28.093 D/nativeloader( 5840): Load /data/app/~~dqxTTkVr1Gb9vDEC62Z9xg==/com.android.vending-likE3KC6UDXjPCSQ7qjgLw==/split_config.arm64_v8a.apk!/lib/arm64-v8a/libmappedcountercacheversionjni.so using class loader ns clns-9 (caller=/data/app/~~dqxTTkVr1Gb9vDEC62Z9xg==/com.android.vending-likE3KC6UDXjPCSQ7qjgLw==/base.apk): ok
04-19 14:47:28.097 E/ashmem  ( 5845): Pinning is deprecated since Android Q. Please use trim or other methods.
04-19 14:47:28.097 I/Finsky:background( 5840): [2] Finished reading experiment flags from file [Se-xCc4LzNyh3UrKMIU2sUf-PUKz4oQEbpKZDMuaFno] numFlags=2004.
04-19 14:47:28.099 I/Finsky:background( 5840): [2] [BGP] Initializing crash detector...
04-19 14:47:28.101 I/Finsky:background( 5840): [2] aixr - Registering in memory receiver for android.intent.action.PACKAGE_ADDED and android.intent.action.PACKAGE_REMOVED
04-19 14:47:28.103 I/ActivityManager( 2748): Changes in 15010260 19 to 8, 0 to 128
04-19 14:47:28.104 I/VRI[LauncherActivity]@605627e( 4661): mWNT: t=0xb400007623d94510 mBlastBufferQueue=0xb4000075f42141d0 fn= 12 HdrRenderState mRenderHdrSdrRatio=1.0 caller= com.android.systemui.shared.launcher.ViewRootImplCompat.mergeWithNextTransaction:4 com.honeyspace.transition.utils.SurfaceTransactionApplier.scheduleApply$lambda$1:16 com.honeyspace.transition.utils.SurfaceTransactionApplier.b:0 
04-19 14:47:28.106 I/Finsky:background( 5840): [2] This process start was not selected for Play memory metrics collection.
04-19 14:47:28.110 I/Finsky:background( 5840): [2] SCH: job service start with id 10353.
04-19 14:47:28.118 E/ashmem  ( 5840): Pinning is deprecated since Android Q. Please use trim or other methods.
04-19 14:47:28.119 D/CompatChangeReporter( 2748): Compat change id reported: 261072174; UID 15010257; state: ENABLED
04-19 14:47:28.120 I/VRI[LauncherActivity]@605627e( 4661): mWNT: t=0xb400007623ddeb10 mBlastBufferQueue=0xb4000075f42141d0 fn= 13 HdrRenderState mRenderHdrSdrRatio=1.0 caller= com.android.systemui.shared.launcher.ViewRootImplCompat.mergeWithNextTransaction:4 com.honeyspace.transition.utils.SurfaceTransactionApplier.scheduleApply$lambda$1:16 com.honeyspace.transition.utils.SurfaceTransactionApplier.b:0 
04-19 14:47:28.123 V/MdnieScenarioControlService( 2748): mAclOffEnabled : false
04-19 14:47:28.124 I/Finsky:background( 5840): [143] SCH: Satisfied jobs for 10353 are: 47-15
04-19 14:47:28.125 I/Finsky:background( 5840): [141] Resetting scheduler db
04-19 14:47:28.125 D/NetdEventListenerService( 2748): CSC Feature value: true
04-19 14:47:28.125 D/NetdEventListenerService( 2748): CSC Feature value: true
04-19 14:47:28.125 I/Finsky:background( 5840): [134] SCH: Scheduling phonesky job Id: 3-8051, CT: 1776612554690, Constraints: [{ L: 0, D: 86400000, C: CHARGING_NONE, I: IDLE_REQUIRED, N: NET_UNMETERED, B: BATTERY_ANY }]
04-19 14:47:28.125 I/Finsky:background( 5840): [134] SCH: Scheduling phonesky job Id: 3-8052, CT: 1776612554697, Constraints: [{ L: 0, D: 86400000, C: CHARGING_REQUIRED, I: IDLE_NONE, N: NET_UNMETERED, B: BATTERY_ANY }]
04-19 14:47:28.125 I/Finsky:background( 5840): [134] SCH: Scheduling phonesky job Id: 47-15, CT: 1776601187268, Constraints: [{ L: 1655912, D: 23255907, C: CHARGING_NONE, I: IDLE_REQUIRED, N: NET_NONE, B: BATTERY_ANY }]
04-19 14:47:28.127 D/VibrationThread( 2748): Playing vibration id 8025 on vibrator 0 CompleteEffectVibratorStep
04-19 14:47:28.127 D/VibrationThread( 2748): Running complete vibration step on vibrator 0
04-19 14:47:28.128 D/VibrationThread( 2748): Playing vibration id 8025 on vibrator 0 TurnOffVibratorStep
04-19 14:47:28.128 D/VibrationThread( 2748): Turning off vibrator 0
04-19 14:47:28.128 E/SecVibrator-HAL-AIDL-CORE( 1662): V_2_0: Vibrator off
04-19 14:47:28.128 E/SecVibrator-HAL-AIDL-CORE( 1662): HW_API: do_off
04-19 14:47:28.128 E/SecVibrator-HAL-AIDL-CORE( 1662): HW_API: [triggerForceFeedbackVibration]on: 0
04-19 14:47:28.128 D/VibrationThread( 2748): Vibration 8025 finished with EndInfo{status=FINISHED, endedBy=null}
04-19 14:47:28.128 D/VibrationThread( 2748): Playing vibration id 8025 FinishSequentialEffectStep (cleanup)
04-19 14:47:28.128 D/VibrationThread( 2748): FinishSequentialEffectStep for effect #0
04-19 14:47:28.128 D/VibratorManagerService( 2748): VibrationThread released vibration 8025
04-19 14:47:28.128 D/VibratorManagerService( 2748): Finish AppOp mode VIBRATE for uid 10150 and package com.sec.android.app.launcher
04-19 14:47:28.128 W/Settings( 5840): Setting download_manager_max_bytes_over_mobile has moved from android.provider.Settings.Secure to android.provider.Settings.Global.
04-19 14:47:28.128 D/VibratorManagerService( 2748): Vibration for uid=10150 and with attrs=VibrationAttributes{mUsage=TOUCH, mAudioUsage= USAGE_UNKNOWN, mFlags=0, tags=} ended with status FINISHED
04-19 14:47:28.128 I/Finsky:background( 5840): [136] SCH: canceling system job 10353
04-19 14:47:28.129 I/Finsky:background( 5840): [142] SettingNotFoundException, fall through to G.downloadBytesOverMobileMaximum
04-19 14:47:28.129 W/Settings( 5840): Setting download_manager_recommended_max_bytes_over_mobile has moved from android.provider.Settings.Secure to android.provider.Settings.Global.
04-19 14:47:28.130 I/Finsky:background( 5840): [2] SCH: system job 10353 received onStopJob signal.
04-19 14:47:28.130 I/Finsky:background( 5840): [2] SCH: system job 10353 stopped.
04-19 14:47:28.130 I/Finsky:background( 5840): [142] SettingNotFoundException, fall through to G.downloadBytesOverMobileRecommended
04-19 14:47:28.130 I/Finsky:background( 5840): [142] registerListener
04-19 14:47:28.130 I/ActivityManager( 2748): Changes in 15010260 8 to 10, 128 to 0
04-19 14:47:28.131 W/JobScheduler( 2748): Job didn't exist in JobStore: d4f6ecc #u150a260/10353 com.android.vending/com.google.android.finsky.scheduler.process.backgroundimpl.PhoneskyJobServiceBackground
04-19 14:47:28.131 I/Finsky:background( 5840): [142] DFS: Listener added for sdo@4e96992
04-19 14:47:28.131 I/Finsky:background( 5840): [142] registerListener
04-19 14:47:28.131 I/Finsky:background( 5840): [139] SCH: Scheduling 1 system job(s)
04-19 14:47:28.131 I/Finsky:background( 5840): [142] registerListener
04-19 14:47:28.131 I/Finsky:background( 5840): [142] DFS: Listener added for anee@5b0c8d5
04-19 14:47:28.132 W/JobInfo ( 5840): Job 'com.android.vending/com.google.android.finsky.scheduler.process.backgroundimpl.PhoneskyJobServiceBackground#10364' has a deadline with functional constraints and an extremely short time window of 0 ms (delay=0, deadline=0). The functional constraints are not likely to be satisfied when the job runs.
04-19 14:47:28.132 I/Finsky:background( 5840): [139] SCH: Scheduling system job Id: 10364, L: 0, D: 0, C: false, I: true, N: 0
04-19 14:47:28.132 W/JobInfo ( 2748): Job 'com.android.vending/com.google.android.finsky.scheduler.process.backgroundimpl.PhoneskyJobServiceBackground#10364' has a deadline with functional constraints and an extremely short time window of 0 ms (delay=0, deadline=0). The functional constraints are not likely to be satisfied when the job runs.
04-19 14:47:28.133 I/Finsky:background( 5840): [2] Memory trim requested to level 40
04-19 14:47:28.133 I/ActivityManager( 2748): Changes in 15010260 19 to 8, 0 to 128
04-19 14:47:28.135 I/Finsky:background( 5840): [2] SCH: job service start with id 10364.
04-19 14:47:28.136 I/HoneySpace.RectFAnimation( 4661): animation ended
04-19 14:47:28.137 I/VRI[LauncherActivity]@605627e( 4661): mWNT: t=0xb400007623d47dd0 mBlastBufferQueue=0xb4000075f42141d0 fn= 14 HdrRenderState mRenderHdrSdrRatio=1.0 caller= com.android.systemui.shared.launcher.ViewRootImplCompat.mergeWithNextTransaction:4 com.honeyspace.transition.utils.SurfaceTransactionApplier.scheduleApply$lambda$1:16 com.honeyspace.transition.utils.SurfaceTransactionApplier.b:0 
04-19 14:47:28.138 I/Finsky:background( 5840): [141] Subscription detail: DataSubscriptionInfo{groupIdLevel1=544D, serviceProviderName=[Zr1R7g28S8p7iucp_gnNJJtsRl-pgO3Y6eIkCh24Iy0], simCarrierId=1}
04-19 14:47:28.139 I/Finsky:background( 5840): [2] onSubscriptionsChanged
04-19 14:47:28.140 I/Finsky:background( 5840): [142] IV2: IQv2 is disabled. Recovering all active installs: []
04-19 14:47:28.140 E/ashmem  ( 5843): Pinning is deprecated since Android Q. Please use trim or other methods.
04-19 14:47:28.151 I/Finsky:background( 5840): [141] SCH: Job 47-15 starting
04-19 14:47:28.151 I/Finsky:background( 5840): [2] WM::SCH: Logging work start for 47-15
04-19 14:47:28.152 D/ConnectivityManager( 5840): StackLog: [android.net.ConnectivityManager.sendRequestForNetwork(ConnectivityManager.java:4740)] [android.net.ConnectivityManager.registerDefaultNetworkCallbackForUid(ConnectivityManager.java:5465)] [android.net.ConnectivityManager.registerDefaultNetworkCallback(ConnectivityManager.java:5432)] [android.net.ConnectivityManager.registerDefaultNetworkCallback(ConnectivityManager.java:5406)] [abtu.call(PG:27)] [blxz.a(PG:3)] [blxe.run(PG:19)] [blya.run(PG:5)] [java.util.concurrent.ThreadPoolExecutor.runWorker(ThreadPoolExecutor.java:1154)] [java.util.concurrent.ThreadPoolExecutor$Worker.run(ThreadPoolExecutor.java:652)] [uex.run(PG:55)] [java.lang.Thread.run(Thread.java:1564)]
04-19 14:47:28.153 I/Finsky:background( 5840): [134] SCH: no pending jobs to schedule.
04-19 14:47:28.153 I/Finsky:background( 5840): [143] SCH: Satisfied jobs for 10364 are: 47-15
04-19 14:47:28.153 I/Finsky:background( 5840): [136] Device is eligible for platform Cronet and will attempt to use it.
04-19 14:47:28.154 D/ConnectivityService( 2748): requestNetwork for uid/pid:15010260/5840 activeRequest: null callbackRequest: 8814 [NetworkRequest [ REQUEST id=8815, [ Capabilities: INTERNET&NOT_RESTRICTED&TRUSTED&NOT_VCN_MANAGED&NOT_BANDWIDTH_CONSTRAINED Uid: 15010260 RequestorUid: 15010260 RequestorPkg: com.android.vending UnderlyingNetworks: Null] ]] callback flags: 0 order: 2147483647 isUidTracked: false declaredMethods: AVAIL|LOST
04-19 14:47:28.154 D/ConnectivityService( 2748):    accepting network in place of null for NetworkRequest [ REQUEST id=8815, [ Capabilities: INTERNET&NOT_RESTRICTED&TRUSTED&NOT_VCN_MANAGED&NOT_BANDWIDTH_CONSTRAINED Uid: 15010260 RequestorUid: 15010260 RequestorPkg: com.android.vending UnderlyingNetworks: Null] ]
04-19 14:47:28.155 D/WifiNetworkFactory( 2748): got request NetworkRequest [ REQUEST id=8815, [ Capabilities: INTERNET&NOT_RESTRICTED&TRUSTED&NOT_VCN_MANAGED&NOT_BANDWIDTH_CONSTRAINED Uid: 15010260 RequestorUid: 15010260 RequestorPkg: com.android.vending UnderlyingNetworks: Null] ]
04-19 14:47:28.155 D/UntrustedWifiNetworkFactory( 2748): got request NetworkRequest [ REQUEST id=8815, [ Capabilities: INTERNET&NOT_RESTRICTED&TRUSTED&NOT_VCN_MANAGED&NOT_BANDWIDTH_CONSTRAINED Uid: 15010260 RequestorUid: 15010260 RequestorPkg: com.android.vending UnderlyingNetworks: Null] ]
04-19 14:47:28.155 D/OemPaidWifiNetworkFactory( 2748): got request NetworkRequest [ REQUEST id=8815, [ Capabilities: INTERNET&NOT_RESTRICTED&TRUSTED&NOT_VCN_MANAGED&NOT_BANDWIDTH_CONSTRAINED Uid: 15010260 RequestorUid: 15010260 RequestorPkg: com.android.vending UnderlyingNetworks: Null] ]
04-19 14:47:28.155 D/ConnectivityService( 2748): Rematched networks [computed 0ms] [applied 1ms] [issued 0]
04-19 14:47:28.155 D/ConnectivityService( 2748): NetworkReassignment :
04-19 14:47:28.155 D/ConnectivityService( 2748):   8815 : null ΓåÆ 114
04-19 14:47:28.155 D/MultiInternetWifiNetworkFactory( 2748): got request NetworkRequest [ REQUEST id=8815, [ Capabilities: INTERNET&NOT_RESTRICTED&TRUSTED&NOT_VCN_MANAGED&NOT_BANDWIDTH_CONSTRAINED Uid: 15010260 RequestorUid: 15010260 RequestorPkg: com.android.vending UnderlyingNetworks: Null] ]
04-19 14:47:28.158 I/Finsky:background( 5840): [140] IQ: start evaluating install requests.
04-19 14:47:28.158 I/Finsky:background( 5840): [140] IQ: no jobs active. Skipping
04-19 14:47:28.173 I/Finsky:background( 5840): [149] IQ: Pruning inactive install requests
04-19 14:47:28.176 I/Finsky:background( 5840): [140] IQ: 0 scheduled install statuses found to proceed. 
04-19 14:47:28.179 I/Finsky:background( 5840): [131] SCH: Received scheduling request: Id: 47-30, Constraints: [{ L: 0, D: 172800000, C: CHARGING_NONE, I: IDLE_NONE, N: NET_ANY, B: BATTERY_ANY }]
04-19 14:47:28.180 D/HttpFlagsLoader( 5840): Not loading HTTP flags because they are disabled in the manifest
04-19 14:47:28.183 D/WM-PackageManagerHelper( 5840): Skipping component enablement for androidx.work.impl.background.systemjob.SystemJobService
04-19 14:47:28.183 D/WM-Schedulers( 5840): Created SystemJobScheduler and enabled SystemJobService
04-19 14:47:28.183 D/WM-ForceStopRunnable( 5840): Is default app process = true
04-19 14:47:28.183 D/WM-ForceStopRunnable( 5840): Performing cleanup operations.
04-19 14:47:28.186 I/Finsky:background( 5840): [143] SCH: Canceling job 3-8051
04-19 14:47:28.186 I/Finsky:background( 5840): [143] WM::SCH: Logging work end for 3-8051
04-19 14:47:28.187 I/Finsky:background( 5840): [139] SCH: no pending jobs to schedule.
04-19 14:47:28.190 I/Finsky:background( 5840): [143] SCH: Canceling job 3-8052
04-19 14:47:28.190 I/Finsky:background( 5840): [143] WM::SCH: Logging work end for 3-8052
04-19 14:47:28.192 D/ConnectivityManager( 5840): StackLog: [android.net.ConnectivityManager.sendRequestForNetwork(ConnectivityManager.java:4740)] [android.net.ConnectivityManager.registerDefaultNetworkCallbackForUid(ConnectivityManager.java:5465)] [android.net.ConnectivityManager.registerDefaultNetworkCallback(ConnectivityManager.java:5432)] [android.net.http.internal.org.chromium.net.NetworkChangeNotifierAutoDetect$ConnectivityManagerDelegate.registerDefaultNetworkCallback(NetworkChangeNotifierAutoDetect.java:448)] [android.net.http.internal.org.chromium.net.NetworkChangeNotifierAutoDetect.register(NetworkChangeNotifierAutoDetect.java:1165)] [android.net.http.internal.org.chromium.net.NetworkChangeNotifierAutoDetect$RegistrationPolicy.register(NetworkChangeNotifierAutoDetect.java:932)] [android.net.http.internal.org.chromium.net.RegistrationPolicyAlwaysRegister.init(RegistrationPolicyAlwaysRegister.java:16)] [android.net.http.internal.org.chromium.net.NetworkChangeNotifierAutoDetect.<init>(NetworkChangeNotifierAutoDetect.java:1087)] [android.net.http.internal.org.chromium.net.NetworkChangeNotifier.setAutoDetectConnectivityStateInternal(NetworkChangeNotifier.java:223)] [android.net.http.internal.org.chromium.net.NetworkChangeNotifier.setAutoDetectConnectivityState(NetworkChangeNotifier.java:198)] [android.net.http.internal.org.chromium.net.impl.CronetLibraryLoader.initializeOnInitThread(CronetLibraryLoader.java:263)] [android.net.http.internal.org.chromium.net.impl.CronetLibraryLoader.lambda$ensureInitialized$0(CronetLibraryLoader.java:127)] [android.net.http.internal.org.chromium.net.impl.CronetLibraryLoader$$ExternalSyntheticLambda0.run(D8$$SyntheticClass:0)]
04-19 14:47:28.192 D/TrafficStateDatabaseController( 2748): onDnsEvent():  objTrafficStats.size= 180, mInsertList= true
04-19 14:47:28.192 D/ConnectivityService( 2748): requestNetwork for uid/pid:15010260/5840 activeRequest: null callbackRequest: 8816 [NetworkRequest [ REQUEST id=8817, [ Capabilities: INTERNET&NOT_RESTRICTED&TRUSTED&NOT_VCN_MANAGED&NOT_BANDWIDTH_CONSTRAINED Uid: 15010260 RequestorUid: 15010260 RequestorPkg: com.android.vending UnderlyingNetworks: Null] ]] callback flags: 0 order: 2147483647 isUidTracked: false declaredMethods: AVAIL|LOST|NC|LP
04-19 14:47:28.192 I/Finsky:background( 5840): [134] SCH: no pending jobs to schedule.
04-19 14:47:28.193 D/ConnectivityService( 2748):    accepting network in place of null for NetworkRequest [ REQUEST id=8817, [ Capabilities: INTERNET&NOT_RESTRICTED&TRUSTED&NOT_VCN_MANAGED&NOT_BANDWIDTH_CONSTRAINED Uid: 15010260 RequestorUid: 15010260 RequestorPkg: com.android.vending UnderlyingNetworks: Null] ]
04-19 14:47:28.193 D/WifiNetworkFactory( 2748): got request NetworkRequest [ REQUEST id=8817, [ Capabilities: INTERNET&NOT_RESTRICTED&TRUSTED&NOT_VCN_MANAGED&NOT_BANDWIDTH_CONSTRAINED Uid: 15010260 RequestorUid: 15010260 RequestorPkg: com.android.vending UnderlyingNetworks: Null] ]
04-19 14:47:28.194 D/UntrustedWifiNetworkFactory( 2748): got request NetworkRequest [ REQUEST id=8817, [ Capabilities: INTERNET&NOT_RESTRICTED&TRUSTED&NOT_VCN_MANAGED&NOT_BANDWIDTH_CONSTRAINED Uid: 15010260 RequestorUid: 15010260 RequestorPkg: com.android.vending UnderlyingNetworks: Null] ]
04-19 14:47:28.194 D/ConnectivityService( 2748): Rematched networks [computed 0ms] [applied 0ms] [issued 1]
04-19 14:47:28.194 D/ConnectivityService( 2748): NetworkReassignment :
04-19 14:47:28.194 D/ConnectivityService( 2748):   8817 : null ΓåÆ 114
04-19 14:47:28.194 D/OemPaidWifiNetworkFactory( 2748): got request NetworkRequest [ REQUEST id=8817, [ Capabilities: INTERNET&NOT_RESTRICTED&TRUSTED&NOT_VCN_MANAGED&NOT_BANDWIDTH_CONSTRAINED Uid: 15010260 RequestorUid: 15010260 RequestorPkg: com.android.vending UnderlyingNetworks: Null] ]
04-19 14:47:28.194 D/MultiInternetWifiNetworkFactory( 2748): got request NetworkRequest [ REQUEST id=8817, [ Capabilities: INTERNET&NOT_RESTRICTED&TRUSTED&NOT_VCN_MANAGED&NOT_BANDWIDTH_CONSTRAINED Uid: 15010260 RequestorUid: 15010260 RequestorPkg: com.android.vending UnderlyingNetworks: Null] ]
04-19 14:47:28.195 D/NetdEventListenerService( 2748): DNS Requested by 114, 15010260(com.android.vending), SUCCESS, 2ms
04-19 14:47:28.195 D/ConnectivityManager( 5840): StackLog: [android.net.ConnectivityManager.sendRequestForNetwork(ConnectivityManager.java:4740)] [android.net.ConnectivityManager.sendRequestForNetwork(ConnectivityManager.java:4908)] [android.net.ConnectivityManager.registerNetworkCallback(ConnectivityManager.java:5325)] [android.net.http.internal.org.chromium.net.NetworkChangeNotifierAutoDetect$ConnectivityManagerDelegate.registerNetworkCallback(NetworkChangeNotifierAutoDetect.java:434)] [android.net.http.internal.org.chromium.net.NetworkChangeNotifierAutoDetect.register(NetworkChangeNotifierAutoDetect.java:1191)] [android.net.http.internal.org.chromium.net.NetworkChangeNotifierAutoDetect$RegistrationPolicy.register(NetworkChangeNotifierAutoDetect.java:932)] [android.net.http.internal.org.chromium.net.RegistrationPolicyAlwaysRegister.init(RegistrationPolicyAlwaysRegister.java:16)] [android.net.http.internal.org.chromium.net.NetworkChangeNotifierAutoDetect.<init>(NetworkChangeNotifierAutoDetect.java:1087)] [android.net.http.internal.org.chromium.net.NetworkChangeNotifier.setAutoDetectConnectivityStateInternal(NetworkChangeNotifier.java:223)] [android.net.http.internal.org.chromium.net.NetworkChangeNotifier.setAutoDetectConnectivityState(NetworkChangeNotifier.java:198)] [android.net.http.internal.org.chromium.net.impl.CronetLibraryLoader.initializeOnInitThread(CronetLibraryLoader.java:263)] [android.net.http.internal.org.chromium.net.impl.CronetLibraryLoader.lambda$ensureInitialized$0(CronetLibraryLoader.java:127)] [android.net.http.internal.org.chromium.net.impl.CronetLibraryLoader$$ExternalSyntheticLambda0.run(D8$$SyntheticClass:0)]
04-19 14:47:28.196 W/Turbo.UsageStatsWrapper( 5843): No usage stats for time range 1776622263933 to 1776624448156
04-19 14:47:28.197 D/ConnectivityService( 2748): Rematched networks [computed 0ms] [applied 0ms] [issued 1]
04-19 14:47:28.197 D/ConnectivityService( 2748): NetworkReassignment : no changes
04-19 14:47:28.200 I/Finsky:background( 5840): [149] IQ: Creating job 8053, for (REQ_DEVICE_IDLE, REQ_GEARHEAD_PROJECTION_OFF, MIN_BATTERY=20, SHOULD_APPLY_BUDGET=true, NETWORK=UNMETERED, PROVISIONING_STATE=PROVISIONED, BACKUP_MANAGER_STATE=BACKUP_READY)
04-19 14:47:28.200 I/Finsky:background( 5840): [149] IQ: Creating job 8054, for (REQ_CHARGING, REQ_GEARHEAD_PROJECTION_OFF, NETWORK=UNMETERED, PROVISIONING_STATE=PROVISIONED, BACKUP_MANAGER_STATE=BACKUP_READY, PROCESS_IMPORTANCE_THRESHOLD=125)
04-19 14:47:28.200 I/Finsky:background( 5840): [149] IQ: Bulk scheduling created jobs
04-19 14:47:28.201 I/Finsky:background( 5840): [149] SCH: Received scheduling request: Id: 3-8053, Constraints: [{ L: 0, D: 86400000, C: CHARGING_NONE, I: IDLE_REQUIRED, N: NET_UNMETERED, B: BATTERY_ANY }]
04-19 14:47:28.201 I/Finsky:background( 5840): [149] SCH: Received scheduling request: Id: 3-8054, Constraints: [{ L: 0, D: 86400000, C: CHARGING_REQUIRED, I: IDLE_NONE, N: NET_UNMETERED, B: BATTERY_ANY }]
04-19 14:47:28.203 I/Finsky:background( 5840): [139] SSM: Start staged session task with 0 tracked staged sessions
04-19 14:47:28.207 D/InputReader( 2748): Btn_touch(4): value=0 when=87185.322340
04-19 14:47:28.207 I/InputReader( 2748): Touch event's action is 0x1 (id=6, t=0) [pCnt=1, s=] when=87185.322340
04-19 14:47:28.208 I/HoneySpace.GestureMotionDetector( 4661): onTouchEvent, ACTION_UP
04-19 14:47:28.208 I/HoneySpace.SystemUiProxyImpl( 4661): resetHintVI
04-19 14:47:28.208 I/HoneySpace.MotionPauseDetector( 4661): clear
04-19 14:47:28.208 I/HoneySpace.SearcleInputConsumer( 4661): cancelSearcle
04-19 14:47:28.208 D/Navbar.Store( 3944): handleEvent(0) ResetBottomGestureHintVI(noArguments=true) [Module] LauncherProxyService
04-19 14:47:28.208 D/Navbar.Store( 3944): --[Band]GESTURE_PACK_RESET_HINT_VI
04-19 14:47:28.208 D/Navbar.Store( 3944): ----apply(0) NavBarStoreAction$ResetHintVI
04-19 14:47:28.208 D/LauncherProxyService( 3944): cancelSearcle
04-19 14:47:28.208 I/HoneySpace.OtherActivityInputConsumer( 4661): motionEvent = ActionUp(event=MotionEvent { action=ACTION_UP, actionButton=0, id[0]=0, x[0]=618.8379, y[0]=2190.6084, toolType[0]=TOOL_TYPE_FINGER, buttonState=0, classification=NONE, metaState=0, flags=0x0, edgeFlags=0x0, pointerCount=1, historySize=0, eventTime=87185322, downTime=87184937, deviceId=6, source=0x1002, displayId=0, eventId=587123833 }, velocityX=0.0, velocityY=0.0)
04-19 14:47:28.208 I/HoneySpace.OtherActivityInputConsumer( 4661): collect ActionUp(event=MotionEvent { action=ACTION_UP, actionButton=0, id[0]=0, x[0]=618.8379, y[0]=2190.6084, toolType[0]=TOOL_TYPE_FINGER, buttonState=0, classification=NONE, metaState=0, flags=0x0, edgeFlags=0x0, pointerCount=1, historySize=0, eventTime=87185322, downTime=87184937, deviceId=6, source=0x1002, displayId=0, eventId=587123833 }, velocityX=0.0, velocityY=0.0)
04-19 14:47:28.208 I/HoneySpace.OtherActivityInputConsumer( 4661): action up, isStartTaskMoveAnimation=true
04-19 14:47:28.208 I/HoneySpace.OtherActivityInputConsumer( 4661): action up, motionPaused
04-19 14:47:28.208 I/HoneySpace.OtherActivityInputConsumer( 4661): finishTaskMoveAnimation
04-19 14:47:28.208 I/HoneySpace.AnimationSession( 4661): doAction(169343257) called with: event = com.honeyspace.gesture.entity.ActionEvent$TouchFinish@e625986
04-19 14:47:28.208 I/HoneySpace.RecentsAnimationManager( 4661): handleTouchOver
04-19 14:47:28.208 I/HoneySpace.MultiStateCallback( 4661): [208723422] Adding [STATE_WALLPAPER_ANIMATOR_START (262144)] to [STATE_GESTURE_START, STATE_START_RECENTS_TRANSITION, STATE_RECENTS_ANIMATION_STARTED, STATE_APPEAR_TASKLISTVIEW, STATE_GESTURE_MOVE_START (655381)]
04-19 14:47:28.208 I/HoneySpace.AnimationSession( 4661): doAction(169343257) called with: event = com.honeyspace.gesture.entity.ActionEvent$GoToRecents@acb2247
04-19 14:47:28.208 I/HoneySpace.AnimationSession( 4661): controlByView with taskListView true
04-19 14:47:28.208 I/HoneySpace.AnimationSession( 4661): doAction(169343257) called with: event = com.honeyspace.gesture.entity.ActionEvent$FinishTaskMoveAnimation@6d96a74
04-19 14:47:28.208 I/HoneySpace.AnimationSession( 4661): [-1/7] waitReadyToAddView
04-19 14:47:28.208 I/HoneySpace.AnimationSession( 4661): [0/7] Add recentsUI to OverlayWindow
04-19 14:47:28.208 I/HoneySpace.LeashOverlayWindowImpl( 4661): addSimpleRecentsUi, isNeedSimpleSuggestedAppsPot: true
04-19 14:47:28.209 I/HoneySpace.HoneyFactoryImpl( 4661): createAlone honeyInfo=HoneyInfo(parentHoney=null, packageName=null, type=simple_suggestedapps), honeyData=HoneyData(id=-998, data=null, bundleData=null, savedState=null), context=android.window.WindowContext@3aa2779
04-19 14:47:28.209 I/HoneySpace.DefaultPlugin( 4661): createHoney honeyInfo=HoneyInfo(parentHoney=null, packageName=null, type=simple_suggestedapps) honeyData=HoneyData(id=-998, data=null, bundleData=null, savedState=null) context=android.window.WindowContext@3aa2779
04-19 14:47:28.209 I/HoneySpace.SimpleSuggestedAppsPot( 4661): onCreate - honey=n5.e@2b9db9d (HoneySpaceInfo(name=OneUI, displayId=0))  honeyScope=CoroutineScope(coroutineContext=[SupervisorJobImpl{Active}@27a8812, Dispatchers.Main.immediate])
04-19 14:47:28.209 I/HoneySpace.SimpleSuggestedAppsPot( 4661): createView
04-19 14:47:28.209 I/HoneySpace.HoneySpaceManagerContainer( 4661): getWindowBounds, key = (APPLICATION, 0)
04-19 14:47:28.209 I/HoneySpace.PhoneIconStyleFactory( 4661): init densityDpi=480
04-19 14:47:28.210 I/HoneySpace.SimpleSuggestedAppsPot( 4661): createLayoutStyle
04-19 14:47:28.210 I/HoneySpace.HoneySpaceManagerContainer( 4661): getWindowBounds, key = (android.window.WindowContext, 0)
04-19 14:47:28.210 I/HoneySpace.SuggestedAppsViewModel( 4661): setLayoutStyle, bounds: Rect(0, 0 - 1080, 2340), baseScreenSize: Point(1080, 2295), insets: Insets{left=0, top=91, right=0, bottom=45}, insetsIgnoreCutout: Insets{left=0, top=91, right=0, bottom=45}, itemSizeLevel: LARGE
04-19 14:47:28.210 I/HoneySpace.PhoneIconStyleFactory( 4661): init densityDpi=480
04-19 14:47:28.210 I/HoneySpace.SimpleSuggestedAppsPot( 4661): onViewCreated
04-19 14:47:28.210 I/HoneySpace.SimpleSuggestedAppsPot( 4661): onViewAttachedToWindow
04-19 14:47:28.210 I/HoneySpace.LeashOverlayWindowImpl( 4661): simple suggested apps add complete
04-19 14:47:28.210 I/HoneySpace.LeashOverlayWindowImpl( 4661): simple tasklist already added
04-19 14:47:28.210 I/HoneySpace.AnimationSession( 4661): [1/7] Request taskPosition from RecentscreenPot
04-19 14:47:28.210 I/HoneySpace.AnimationSession( 4661): getTaskViewPosition, wait response
04-19 14:47:28.210 I/HoneySpace.AnimationSession( 4661): [2/7] Send TaskList to TaskListPot, startingInfo : RecentEnterStartingInfo(recentsViewTargetPosition=0, showAnimStartPosition=0, isLeashTargetCenter=true)
04-19 14:47:28.210 I/HoneySpace.GestureEventController[1e6797]( 4661): SetGestureTaskList, SendGestureTaskList(taskList=[GroupTask(#type 1 | #displayId 0 | #deskId -1 | #minimizedTaskIds [] | [#taskId 40882 : com.whatsapp])], initPosition=0, runningTaskId=40882, showAnimStartPosition=0, isLeashTargetCenter=true, forSimple=true)
04-19 14:47:28.210 I/HoneySpace.TaskListViewModel[63731459]( 4661): setGroupTasks: [GroupTask(#type 1 | #displayId 0 | #deskId -1 | #minimizedTaskIds [] | [#taskId 40882 : com.whatsapp])]
04-19 14:47:28.210 I/HoneySpace.RecentDataListServiceImpl[143481778]( 4661): setGroupTasks: [GroupTask(#type 1 | #displayId 0 | #deskId -1 | #minimizedTaskIds [] | [#taskId 40882 : com.whatsapp])]
04-19 14:47:28.210 I/HoneySpace.RecentDataListRepositoryImpl[252393917]( 4661): rawData: [RecentData(items=[DefaultTaskData([#taskId 40882 : com.whatsapp])], displayId=0, deskId=-1, type=1, name=)]
04-19 14:47:28.210 I/HoneySpace.RecentDataListRepositoryImpl[252393917]( 4661): visibleData: [RecentData(items=[DefaultTaskData([#taskId 40882 : com.whatsapp])], displayId=0, deskId=-1, type=1, name=)]
04-19 14:47:28.210 I/HoneySpace.TaskListViewModel[63731459]( 4661): updateRunningTaskId: 40882
04-19 14:47:28.210 I/HoneySpace.SuggestedAppsProgressRepositoryImpl( 4661): taskLaunchProgress: 0.0, recentsEnteringProgress: 0.0, timeoutProgress: 0.0, enabledProgress: 1.0, closeRecentsProgress: 1.0
04-19 14:47:28.210 I/HoneySpace.TaskListViewModel[63731459]( 4661): recentDataState: RecentDataState(recentData=[RecentData(items=[DefaultTaskData([#taskId 40882 : com.whatsapp])], displayId=0, deskId=-1, type=1, name=)], changeState=Load)
04-19 14:47:28.210 W/Turbo.EvaluateAppBucketsJob( 5843): Deleted 4 buckets snapshots, till Apr 18, 2026 1:59:33 PM
04-19 14:47:28.210 I/HoneySpace.SimpleTaskListPot( 4661): recentDataState: RecentDataState(recentData=[RecentData(items=[DefaultTaskData([#taskId 40882 : com.whatsapp])], displayId=0, deskId=-1, type=1, name=)], changeState=Load)
04-19 14:47:28.210 I/HoneySpace.RecentAdapter[2610e1c]( 4661): notifyDataSetChanged, prev: Load, [RecentData(items=[DefaultTaskData([#taskId 40879 : com.connectcommunications.mobile])], displayId=0, deskId=-1, type=1, name=), RecentData(items=[DefaultTaskData([#taskId 40880 : com.android.server.telecom])], displayId=-1, deskId=-1, type=1, name=)]
04-19 14:47:28.210 I/HoneySpace.RecentAdapter[2610e1c]( 4661): notifyDataSetChanged, new: Load, [RecentData(items=[DefaultTaskData([#taskId 40882 : com.whatsapp])], displayId=0, deskId=-1, type=1, name=)]
04-19 14:47:28.210 I/HoneySpace.TiltStackLayoutManager[262b1d6]( 4661): scrollToPosition: 0, scrollOffset: 0, itemCount: 1
04-19 14:47:28.210 I/HoneySpace.TaskListViewModel[63731459]( 4661): isClearAll: 1, 0, false
04-19 14:47:28.211 I/HoneySpace.GestureInputHandler( 4661): reset
04-19 14:47:28.211 I/HoneySpace.InputSession( 4661): close
04-19 14:47:28.211 I/HoneySpace.WallpaperAnimator( 4661): startWallpaperAnimation, isOpen-false, from:1.3, to:1.0, duration:1200
04-19 14:47:28.211 I/HoneySpace.WallpaperAnimator( 4661): resume the paused anim
04-19 14:47:28.211 I/HoneySpace.WallpaperAnimator( 4661): wallpaper animation resume
04-19 14:47:28.216 I/cn_CronetLibraryLoader( 5840): Cronet version: 144.0.7500.8, arch: aarch64
04-19 14:47:28.219 I/HoneySpace.TiltStackLayoutManager[262b1d6]( 4661): onLayoutChildren() => itemCount: 1, childCount: 2
04-19 14:47:28.219 I/HoneySpace.RecentAdapter[2610e1c]( 4661): onViewDetachedFromWindow, RecentViewHolder(position: -1, itemView: TaskView[cd0810b])
04-19 14:47:28.219 I/HoneySpace.RecentAdapter[2610e1c]( 4661): onViewRecycled, RecentViewHolder(position: -1, itemView: TaskView[cd0810b])
04-19 14:47:28.219 I/HoneySpace.RecentAdapter[2610e1c]( 4661): onViewDetachedFromWindow, RecentViewHolder(position: -1, itemView: TaskView[ab7911e])
04-19 14:47:28.219 I/HoneySpace.RecentAdapter[2610e1c]( 4661): onViewRecycled, RecentViewHolder(position: -1, itemView: TaskView[ab7911e])
04-19 14:47:28.219 I/HoneySpace.TiltStackLayoutManager[262b1d6]( 4661): scrollOffset: 0, floorCenterPosition: 0, movePercent: 0.0, attachRange: 0..0
04-19 14:47:28.219 I/HoneySpace.RecentAdapter[2610e1c]( 4661): onBindViewHolder, [position: 0], RecentViewHolder(position: 0, itemView: TaskView[ab7911e])
04-19 14:47:28.219 I/HoneySpace.TaskView( 4661): bindTaskView, tasks = [[id=40882 windowingMode=1 user=0 lastActiveTime=115220042] null], view: TaskView[ab7911e]
04-19 14:47:28.220 I/HoneySpace.RecentAdapter[2610e1c]( 4661): onViewAttachedToWindow, RecentViewHolder(position: 0, itemView: TaskView[ab7911e])
04-19 14:47:28.220 I/HoneySpace.TiltStackLayoutManager[262b1d6]( 4661): doLayout() => pos: 0, layout: [199, 257, 880, 1735], view: TaskView[ab7911e], childCount: 1
04-19 14:47:28.220 I/HoneySpace.RecentAdapter[2610e1c]( 4661): taskAddComplete: 4
04-19 14:47:28.220 I/HoneySpace.SimpleTaskListPot( 4661): taskViewAddComplete
04-19 14:47:28.220 I/HoneySpace.SimpleRecentViewControllerImpl( 4661): sendTaskViewRects, rv : O5.l1{899bf9a I.ED..... ......ID 0,0-1080,2340}
04-19 14:47:28.220 I/HoneySpace.SimpleRecentViewControllerImpl( 4661): sendTaskViewRects, true, false, 1080, 2340
04-19 14:47:28.220 I/HoneySpace.SimpleRecentViewControllerImpl( 4661): sendTaskViewRects, first sendTaskViewInfo.
04-19 14:47:28.220 I/HoneySpace.SimpleRecentViewControllerImpl( 4661): sendTaskViewRects, second sendTaskViewInfo.
04-19 14:47:28.220 D/WM-PackageManagerHelper( 5840): Skipping component enablement for androidx.work.impl.background.systemalarm.RescheduleReceiver
04-19 14:47:28.220 I/HoneySpace.SimpleRecentViewControllerImpl( 4661): sendTaskViewInfo
04-19 14:47:28.220 I/HoneySpace.SimpleRecentViewControllerImpl( 4661): taskViewInfo emit
04-19 14:47:28.220 I/HoneySpace.RecentInteraction( 4661): Receive taskView animation information.
04-19 14:47:28.220 I/HoneySpace.AnimationSession( 4661): startSimpleSuggestedAppsShowAnimation
04-19 14:47:28.220 I/HoneySpace.AnimationSession( 4661): [3/7] start recent enter animation
04-19 14:47:28.220 D/SearcleManager( 3944): startSearcleByHomeKey down = false, longPress = false
04-19 14:47:28.220 I/HoneySpace.RecentsAnimationManager( 4661): startRecentsEnterAnimation
04-19 14:47:28.220 D/SearcleManager( 3944): startSearcleByHomeKey currentDownCount = 0 tipShownCount = 2 
04-19 14:47:28.220 I/HoneySpace.MultiStateCallback( 4661): [208723422] Adding [STATE_GESTURE_START_RECENTS_SCREEN (256)] to [STATE_GESTURE_START, STATE_START_RECENTS_TRANSITION, STATE_RECENTS_ANIMATION_STARTED, STATE_APPEAR_TASKLISTVIEW, STATE_WALLPAPER_ANIMATOR_START, STATE_GESTURE_MOVE_START (917525)]
04-19 14:47:28.220 D/SearcleManager( 3944): startSearcleByHomeKey isInstalledCTSApp = UNINSTALLED
04-19 14:47:28.220 I/HoneySpace.RecentsAnimationManager( 4661): startRecentEntering
04-19 14:47:28.220 I/HoneySpace.GestureAwait( 4661): proceed 0
04-19 14:47:28.220 I/HoneySpace.LeashUpdater( 4661): leashOverLayBlurAnimation, blurOn: false
04-19 14:47:28.220 I/Finsky:background( 5840): [136] CronetEngine is present. Using Cronet for the networking stack.
04-19 14:47:28.220 E/SurfaceFlinger( 1741): Caller needs permission android.permission.WAKEUP_SURFACE_FLINGER to use eEarlyWakeup[Start|End] flags
04-19 14:47:28.220 I/HoneySpace.FloatingAnimator( 4661): [Player:A(27.923)] originalIconShow
04-19 14:47:28.220 I/HoneySpace.InputConsumerProxy( 4661): start recents proxy
04-19 14:47:28.220 I/HoneySpace.AnimationSession( 4661): startRecentEnterAnimation
04-19 14:47:28.220 I/HoneySpace.AnimationSession( 4661): controlByView with taskListView true
04-19 14:47:28.220 I/HoneySpace.TaskViewInteraction( 4661): startRecentEnterAnimation
04-19 14:47:28.220 I/HoneySpace.GestureTaskListView( 4661): animateToRecentViewPosition : [40882], [RectF(199.0, 344.0, 879.8199, 1734.6321)]
04-19 14:47:28.220 I/HoneySpace.BackgroundManagerImpl( 4661): setProgress: com.honeyspace.sdk.RecentScreen$Normal@a873d94, p=0.0, ch=61482873, open=true
04-19 14:47:28.220 I/HoneySpace.BackgroundManagerImpl( 4661): setProgressToScrimView[ch=61482873]: progress = 0.0, dim = 0.0, currentDimAlpha={5578100=0.0, 61482873=0.0, 98367064=0.0}
04-19 14:47:28.221 I/HoneySpace.WallpaperBlurView( 4661): clear blur 0.0 false
04-19 14:47:28.221 I/HoneySpace.WallpaperBlurView( 4661): clear view
04-19 14:47:28.221 I/HoneySpace.BackgroundManagerImpl( 4661): setProgressToBlurView[ch=61482873, st =  com.honeyspace.sdk.RecentScreen$Normal@a873d94, progress = 0.0, wb= 0.0]
04-19 14:47:28.221 I/HoneySpace.RecentInteraction( 4661): showSimpleSuggestedApps
04-19 14:47:28.221 D/CompatChangeReporter( 5843): Compat change id reported: 253665015; UID 15010257; state: ENABLED
04-19 14:47:28.221 I/HoneySpace.GestureTaskListView( 4661): animateToRecents : [40882], loadCompleteCount : true
04-19 14:47:28.221 I/HoneySpace.RecentEnteringAnimationHelper( 4661): On start enter animation.
04-19 14:47:28.221 I/HoneySpace.SimpleSuggestedAppsPot( 4661): show SimpleSuggestedAppsPot
04-19 14:47:28.221 I/HoneySpace.SimpleSuggestedAppsPot( 4661): show
04-19 14:47:28.221 I/HoneySpace.SimpleSuggestedAppsPot( 4661): loadItems
04-19 14:47:28.221 I/HoneySpace.SuggestedAppsViewModel( 4661): loadItems()
04-19 14:47:28.221 I/HoneySpace.SimpleSuggestedAppsPot( 4661): waitForLoadingComplete
04-19 14:47:28.221 I/HoneySpace.AnimationSession( 4661): collect taskPosition LeashTask(targetView=com.honeyspace.ui.common.taskScene.GestureTaskSceneView{9825b10 I.ED..... ......ID 2340,0-3420,2340}, cornerRadius=101.91797, targetRect=Rect(18, 47 - 1039, 2242), animationProgress=0.0, fullScreenProgress=0.13657407, canHidden=false, springRectCallback=null)
04-19 14:47:28.221 I/HoneySpace.RecentsAnimationManager( 4661): moveTaskByPlayer, rect: Rect(18, 47 - 1039, 2242), progress : 0.0
04-19 14:47:28.221 I/HoneySpace.RectFAnimation( 4661): skipToEnd
04-19 14:47:28.221 I/HoneySpace.RectFSpringRelayer( 4661): springRelay clear, 11478888
04-19 14:47:28.221 I/HoneySpace.SuggestedAppsRepositoryImpl( 4661): fetchSuggestedApps()
04-19 14:47:28.222 I/HoneySpace.GroupTask( 4661): userId:0, isDeviceLocked:false
04-19 14:47:28.222 I/HoneySpace.SuggestedAppsRepositoryImpl( 4661): getTaskListData() collected: 1
04-19 14:47:28.222 I/HoneySpace.SuggestedItemsFacade( 4661): updateTaskList : 1
04-19 14:47:28.222 I/HoneySpace.BadgeDataSourceImpl( 4661): Get notification count. PK(p='com.connectcommunications.mobile', u=UserHandle{0}) - forceBadgeCount: false, notification listener: 1, badge provider: 0
04-19 14:47:28.222 I/HoneySpace.SuggestedAppsRepositoryImpl( 4661): getDPSData() collected: 9
04-19 14:47:28.222 I/HoneySpace.SuggestedItemsFacade( 4661): updateItems :  9
04-19 14:47:28.222 I/HoneySpace.SuggestedItemsFacade( 4661): DPS items : WhatsApp, com.whatsapp/.Main#UserHandle{0}
04-19 14:47:28.222 I/HoneySpace.SuggestedItemsFacade( 4661): DPS items : Gmail, com.google.android.gm/.ConversationListActivityGmail#UserHandle{0}
04-19 14:47:28.222 I/HoneySpace.SuggestedItemsFacade( 4661): DPS items : ChatGPT, com.openai.chatgpt/.MainActivity#UserHandle{0}
04-19 14:47:28.222 I/HoneySpace.SuggestedItemsFacade( 4661): DPS items : Connect, com.connectcommunications.mobile/.MainActivity#UserHandle{0}
04-19 14:47:28.222 I/HoneySpace.SuggestedItemsFacade( 4661): DPS items : Phone, com.samsung.android.dialer/.DialtactsActivity#UserHandle{0}
04-19 14:47:28.222 I/HoneySpace.SuggestedItemsFacade( 4661): DPS items : TrimPro Field, com.trimpro.field/.MainActivity#UserHandle{0}
04-19 14:47:28.222 I/HoneySpace.SuggestedItemsFacade( 4661): DPS items : YouTube, com.google.android.youtube/.app.honeycomb.Shell$HomeActivity#UserHandle{0}
04-19 14:47:28.222 I/HoneySpace.SuggestedItemsFacade( 4661): DPS items : Chrome, com.android.chrome/com.google.android.apps.chrome.Main#UserHandle{0}
04-19 14:47:28.222 I/HoneySpace.SuggestedItemsFacade( 4661): DPS items : ElevenLabs, io.elevenlabs.coreapp/.MainActivity#UserHandle{0}
04-19 14:47:28.222 I/HoneySpace.FilteredItemProvider( 4661): collect filtered items l, [PK(p='com.whatsapp', u=UserHandle{0})]
04-19 14:47:28.222 I/HoneySpace.FilteredItemProvider( 4661): collect filtered items e, [PK(p='com.samsung.android.appseparation', u=UserHandle{0})]
04-19 14:47:28.222 I/HoneySpace.FilteredItemProvider( 4661): collect filtered items f, []
04-19 14:47:28.222 I/HoneySpace.FilteredItemProvider( 4661): collect filtered items j, []
04-19 14:47:28.222 I/HoneySpace.FilteredItemProvider( 4661): collect filtered items b, []
04-19 14:47:28.222 I/HoneySpace.FilteredItemProvider( 4661): collect filtered items d, []
04-19 14:47:28.222 I/HoneySpace.SuggestedItemsFacade( 4661): filteredItem : PK(p='com.whatsapp', u=UserHandle{0})
04-19 14:47:28.222 I/HoneySpace.SuggestedItemsFacade( 4661): item removed by filter - PK(p='com.whatsapp', u=UserHandle{0})
04-19 14:47:28.222 I/HoneySpace.SuggestedItemsFacade( 4661): filteredItem : PK(p='com.samsung.android.appseparation', u=UserHandle{0})
04-19 14:47:28.222 I/ActivityManager( 2748): Changes in 15010259 8 to 10, 128 to 0
04-19 14:47:28.222 I/HoneySpace.BadgeDataSourceImpl( 4661): Get notification count. PK(p='com.connectcommunications.mobile', u=UserHandle{0}) - forceBadgeCount: false, notification listener: 1, badge provider: 0
04-19 14:47:28.222 I/HoneySpace.SuggestedItemsFacade( 4661): after getFilteredDPSItems: 4 / max: 4
04-19 14:47:28.222 I/HoneySpace.SuggestedItemsFacade( 4661): getFinalItems() : 4 / 4, 4
04-19 14:47:28.222 I/HoneySpace.SuggestedItemsFacade( 4661): getFinalItems : Gmail, com.google.android.gm/.ConversationListActivityGmail#UserHandle{0}
04-19 14:47:28.222 I/HoneySpace.SuggestedItemsFacade( 4661): getFinalItems : ChatGPT, com.openai.chatgpt/.MainActivity#UserHandle{0}
04-19 14:47:28.222 I/HoneySpace.SuggestedItemsFacade( 4661): getFinalItems : Connect, com.connectcommunications.mobile/.MainActivity#UserHandle{0}
04-19 14:47:28.222 I/HoneySpace.SuggestedItemsFacade( 4661): getFinalItems : Phone, com.samsung.android.dialer/.DialtactsActivity#UserHandle{0}
04-19 14:47:28.222 I/HoneySpace.SuggestedAppsRepositoryImpl( 4661): fetchSuggestedApps() end: 4, isDPSAvailable: true
04-19 14:47:28.222 I/HoneySpace.SuggestedAppsViewModel( 4661): loadItems() collected : 4
04-19 14:47:28.222 I/HoneySpace.SuggestedAppsAdapter( 4661): setItemList : itemCount = 4 honeyIcons size = 0
04-19 14:47:28.222 I/HoneySpace.SuggestedAppsAdapter( 4661): createHoneyIcons : itemCount = 4
04-19 14:47:28.222 I/HoneySpace.HoneyFactoryImpl( 4661): create honeyInfo=HoneyInfo(parentHoney=n5.e@2b9db9d, packageName=null, type=appicon), honeyData=HoneyData(id=-1, data=[app, id:-1 label:null componnet:/#UserHandle{0} badgeCount:0  drag:false iconState:NONE], bundleData=null, savedState=null), context=android.window.WindowContext@3aa2779
04-19 14:47:28.222 I/HoneySpace.DefaultPlugin( 4661): createHoney honeyInfo=HoneyInfo(parentHoney=n5.e@2b9db9d, packageName=null, type=appicon) honeyData=HoneyData(id=-1, data=[app, id:-1 label:null componnet:/#UserHandle{0} badgeCount:0  drag:false iconState:NONE], bundleData=null, savedState=null) context=android.window.WindowContext@3aa2779
04-19 14:47:28.223 E/ThemeUtils( 4661): View class com.honeyspace.ui.common.iconview.IconViewImpl is an AppCompat widget that can only be used with a Theme.AppCompat theme (or descendant).
04-19 14:47:28.223 I/ActivityManager( 2748): Changes in 15010257 8 to 10, 128 to 0
04-19 14:47:28.223 D/CompatChangeReporter( 2748): Compat change id reported: 253665015; UID 15010257; state: ENABLED
04-19 14:47:28.224 E/HoneySpace.BadgeIconDecoratorCreator( 4661): NameNotFoundException /#UserHandle{0}
04-19 14:47:28.224 I/HoneySpace.CellLayout( 4661): addItem [0] (0, 0) width=998, height=285, spanX=1, spanY=1, view=com.honeyspace.ui.common.iconview.IconViewImpl{2a2f904 V.ED..... ......ID 0,0-0,0 #7f0a02ed app:id/icon} - , visibility:0, alpha:1.0, badge:0, icon:nullxnull, iconAlpha:null, iconState:NONE, iconSize:100, forceHideBadge:false, isTransparent:false
04-19 14:47:28.224 I/HoneySpace.CellLayout( 4661): addItem [0] (0, 0)
04-19 14:47:28.224 I/HoneySpace.HoneyFactoryImpl( 4661): create honeyInfo=HoneyInfo(parentHoney=n5.e@2b9db9d, packageName=null, type=appicon), honeyData=HoneyData(id=-1, data=[app, id:-1 label:null componnet:/#UserHandle{0} badgeCount:0  drag:false iconState:NONE], bundleData=null, savedState=null), context=android.window.WindowContext@3aa2779
04-19 14:47:28.224 I/HoneySpace.DefaultPlugin( 4661): createHoney honeyInfo=HoneyInfo(parentHoney=n5.e@2b9db9d, packageName=null, type=appicon) honeyData=HoneyData(id=-1, data=[app, id:-1 label:null componnet:/#UserHandle{0} badgeCount:0  drag:false iconState:NONE], bundleData=null, savedState=null) context=android.window.WindowContext@3aa2779
04-19 14:47:28.224 E/ThemeUtils( 4661): View class com.honeyspace.ui.common.iconview.IconViewImpl is an AppCompat widget that can only be used with a Theme.AppCompat theme (or descendant).
04-19 14:47:28.225 E/HoneySpace.BadgeIconDecoratorCreator( 4661): NameNotFoundException /#UserHandle{0}
