--------- beginning of main
04-19 14:20:37.585 I/sensors-hal( 1623): handle_sns_client_event:375, [0][2196768] accel_sample [-0.055, -0.017,  9.711] 113686258434817
04-19 14:20:37.808 W/JobService(13984): onNetworkChanged() not implemented in androidx.work.impl.background.systemjob.SystemJobService. Must override in a subclass.
04-19 14:20:38.015 E/HeatmapThread( 1704): ECT Thread time in milliseconds: 1776622838
04-19 14:20:38.019 D/HeatmapThread( 1704): !@ batteryplugType : 2
04-19 14:20:38.019 D/HeatmapThread( 1704): !@ batteryLevel : 60  batteryTemperature : 287 
04-19 14:20:38.019 D/HeatmapThread( 1704): !@ Heatmap currtime: 29610380
04-19 14:20:38.019 D/HeatmapThread( 1704): !@ Heatmap prevtime: 29610358
04-19 14:20:38.019 D/HeatmapThread( 1704): !@ Heatmap plugstarttime: 29610353
04-19 14:20:38.019 D/HeatmapThread( 1704): !@ Heatmap prevv_dsoh_update_time: 29610323
04-19 14:20:38.020 E/HeatmapThread( 1704): !@ CAM New BSOH: 99
04-19 14:20:38.164 I/vendor.qti.bluetooth@1.1-ibs_handler( 1609): ProcessIbsCmd: Received IBS_WAKE_IND: 0xFD
04-19 14:20:38.165 D/vendor.qti.bluetooth@1.1-ibs_handler( 1609): SerialClockVote: vote for UART CLK ON
04-19 14:20:38.165 D/vendor.qti.bluetooth@1.1-wake_lock( 1609): Acquire wakelock is acquired 
04-19 14:20:38.165 I/vendor.qti.bluetooth@1.1-ibs_handler( 1609): ProcessIbsCmd: Writing IBS_WAKE_ACK
04-19 14:20:38.176 I/ScanController( 4249): onScanResult to scannerId: 12- eventType=0x1a, addressType=1, address=XX:XX:XX:XX:71:20, primaryPhy=1, secondaryPhy=0, advertisingSid=0xff, txPower=127, rssi=-53, periodicAdvInt=0x0
04-19 14:20:38.217 I/vendor.qti.bluetooth@1.1-ibs_handler( 1609): ProcessIbsCmd: Received IBS_SLEEP_IND: 0xFE
04-19 14:20:38.217 D/vendor.qti.bluetooth@1.1-ibs_handler( 1609): SerialClockVote: vote for UART CLK OFF
04-19 14:20:38.367 D/vendor.qti.bluetooth@1.1-wake_lock( 1609): Release wakelock is released 
--------- beginning of system
04-19 14:20:38.388 D/ActivityManager( 2748): Received BROADCAST intent 0x6090717 Key{broadcastIntent pkg=devian.tubemate.v3 intent=act=com.opensignal.sdk.data.receiver.ALARM_PIPELINE xflg=0x4 pkg=devian.tubemate.v3 flags=0x4000000 u=0} requestCode=-65826662 sent=0 from uid 1000
04-19 14:20:38.393 I/ActivityManager( 2748): Changes in 10325 19 to 11, 0 to 128
04-19 14:20:38.396 W/JobInfo (12371): Job 'devian.tubemate.v3/com.opensignal.sdk.data.task.ExecutingJobService#44884494' has a deadline with no functional constraints. The deadline won't improve job execution latency. Consider removing the deadline.
04-19 14:20:38.397 W/JobInfo ( 2748): Job 'devian.tubemate.v3/com.opensignal.sdk.data.task.ExecutingJobService#44884494' has a deadline with no functional constraints. The deadline won't improve job execution latency. Consider removing the deadline.
04-19 14:20:38.403 W/JobInfo (12371): Job 'devian.tubemate.v3/com.opensignal.sdk.data.task.ExecutingJobService#44884494' has a deadline with no functional constraints. The deadline won't improve job execution latency. Consider removing the deadline.
04-19 14:20:38.404 W/JobInfo ( 2748): Job 'devian.tubemate.v3/com.opensignal.sdk.data.task.ExecutingJobService#44884494' has a deadline with no functional constraints. The deadline won't improve job execution latency. Consider removing the deadline.
04-19 14:20:38.411 D/PerProcessNandswap$NandswapHandler( 2748): nandswap start for non-activity devian.tubemate.v3(pid 12371) action:3 adj:250 type:2
04-19 14:20:38.415 W/JobScheduler( 2748): Job didn't exist in JobStore: 6bc6a74 #u0a325/44884494 devian.tubemate.v3/com.opensignal.sdk.data.task.ExecutingJobService
04-19 14:20:38.421 D/PerProcessNandswapNative( 2748): enable WriteBooster
04-19 14:20:38.435 D/PerProcessNandswap$NandswapHandler( 2748): nandswap end for non-activity devian.tubemate.v3(pid 12371) ret:19487838208 adj:250
04-19 14:20:38.574 D/GMR     ( 2748): bg_async : 13669 com.connectcommunications.mobile 700->900 state:15->15
04-19 14:20:38.576 D/Choreographer(13669): BBA2 receive callback when in bg : 4
04-19 14:20:38.578 D/PerProcessNandswap$NandswapHandler( 2748): nandswap start for activity com.connectcommunications.mobile(pid 13669) action:9 adj:900 type:3
04-19 14:20:38.593 I/ReactNativeJNI(13669): Memory warning (pressure level: TRIM_MEMORY_BACKGROUND) received by JS VM, running a GC
04-19 14:20:38.593 D/HWUI    (13669): CacheManager::trimMemory(40)
04-19 14:20:38.605 D/PerProcessNandswap$NandswapHandler( 2748): nandswap end for activity com.connectcommunications.mobile(pid 13669) ret:-16 adj:900
04-19 14:20:38.611 I/ActivityManager( 2748): Changes in 10325 8 to 10, 128 to 0
04-19 14:20:38.730 I/SDHMS:LOAD( 7327): type: LoadsFreqs, value: 1:0:0:681215:902400:672000:681599:2380800:499200:231:231:231
04-19 14:20:38.787 I/minksocket( 1589): MinkIPC MESSAGE: ( 1589:1720 ) MinkIPC_QRTR_Service:351 minkipc = 0xb400007850842db0 sock = 19, client with node 1 port 6270 went down
04-19 14:20:38.787 I/minksocket( 1589): MinkIPC MESSAGE: ( 1589:1726 ) MinkIPC_QRTR_Service:351 minkipc = 0xb4000078508405d0 sock = 26, client with node 1 port 6270 went down
04-19 14:20:38.788 I/minksocket( 1589): MinkIPC MESSAGE: ( 1589:1720 ) MinkIPC_QRTR_Service:351 minkipc = 0xb400007850842db0 sock = 19, client with node 1 port 6271 went down
04-19 14:20:38.789 I/minksocket( 1589): MinkIPC MESSAGE: ( 1589:1726 ) MinkIPC_QRTR_Service:351 minkipc = 0xb4000078508405d0 sock = 26, client with node 1 port 6271 went down
04-19 14:20:38.790 I/minksocket( 1589): MinkIPC MESSAGE: ( 1589:1720 ) MinkIPC_QRTR_Service:351 minkipc = 0xb400007850842db0 sock = 19, client with node 1 port 6272 went down
04-19 14:20:38.790 I/minksocket( 1589): MinkIPC MESSAGE: ( 1589:1726 ) MinkIPC_QRTR_Service:351 minkipc = 0xb4000078508405d0 sock = 26, client with node 1 port 6272 went down
04-19 14:20:38.792 I/minksocket( 1589): MinkIPC MESSAGE: ( 1589:1720 ) MinkIPC_QRTR_Service:351 minkipc = 0xb400007850842db0 sock = 19, client with node 1 port 6274 went down
04-19 14:20:38.792 I/minksocket( 1589): MinkIPC MESSAGE: ( 1589:1726 ) MinkIPC_QRTR_Service:351 minkipc = 0xb4000078508405d0 sock = 26, client with node 1 port 6274 went down
04-19 14:20:38.793 I/minksocket( 1589): MinkIPC MESSAGE: ( 1589:1726 ) MinkIPC_QRTR_Service:351 minkipc = 0xb4000078508405d0 sock = 26, client with node 1 port 6275 went down
04-19 14:20:38.793 I/minksocket( 1589): MinkIPC MESSAGE: ( 1589:1720 ) MinkIPC_QRTR_Service:351 minkipc = 0xb400007850842db0 sock = 19, client with node 1 port 6275 went down
04-19 14:20:38.794 I/minksocket( 1589): MinkIPC MESSAGE: ( 1589:1726 ) MinkIPC_QRTR_Service:351 minkipc = 0xb4000078508405d0 sock = 26, client with node 1 port 6276 went down
04-19 14:20:38.794 I/minksocket( 1589): MinkIPC MESSAGE: ( 1589:1720 ) MinkIPC_QRTR_Service:351 minkipc = 0xb400007850842db0 sock = 19, client with node 1 port 6276 went down
04-19 14:20:39.005 D/io_stats( 1147): !@   8,0 r 22872772 438252076 w 3962137 68686516 d 455308 54870024 f 288374 386975 iot 4143188 0 th 0 0 0 pt 0 inp 0 0 85576.120
04-19 14:20:39.015 E/HeatmapThread( 1704): ECT Thread time in milliseconds: 1776622839
04-19 14:20:39.018 D/HeatmapThread( 1704): !@ batteryplugType : 2
04-19 14:20:39.018 D/HeatmapThread( 1704): !@ batteryLevel : 60  batteryTemperature : 287 
04-19 14:20:39.018 D/HeatmapThread( 1704): !@ Heatmap currtime: 29610380
04-19 14:20:39.019 D/HeatmapThread( 1704): !@ Heatmap prevtime: 29610358
04-19 14:20:39.019 D/HeatmapThread( 1704): !@ Heatmap plugstarttime: 29610353
04-19 14:20:39.019 D/HeatmapThread( 1704): !@ Heatmap prevv_dsoh_update_time: 29610323
04-19 14:20:39.019 E/HeatmapThread( 1704): !@ CAM New BSOH: 99
04-19 14:20:39.044 I/sensors-hal( 1623): handle_sns_std_sensor_event:131, [SSC_LIGHT] A: 0(0),c:7,b:1275,m:13,cl:21,l:0,s:0,l0:704,l1:0,s0:0,s1:0,acl:1,opr:0.14,f(r):98,u(bl):100,if:0,wi:0,si:0,po:0(N:0)
04-19 14:20:39.049 I/sensors-hal( 1623): get_flicker_als_data:183, [SSC_LIGHT] flicker lux: 0 (0, 0, dw: 0)
04-19 14:20:39.050 I/sensors-hal( 1623): handle_sns_std_sensor_event:409, [SSC_LIGHT] P: 0(0),c:7,b:1275,m:13,cl:21,l:0,s:0,l0:704,l1:0,s0:0,s1:0,acl:1,opr:0.14,f(r):98,u(bl):100,if:0,wi:0,si:0,po:0(N:0)
04-19 14:20:39.090 I/minksocket( 1589): MinkIPC MESSAGE: ( 1589:1720 ) MinkIPC_QRTR_Service:351 minkipc = 0xb400007850842db0 sock = 19, client with node 1 port 6278 went down
04-19 14:20:39.090 I/minksocket( 1589): MinkIPC MESSAGE: ( 1589:1726 ) MinkIPC_QRTR_Service:351 minkipc = 0xb4000078508405d0 sock = 26, client with node 1 port 6278 went down
04-19 14:20:39.093 I/minksocket( 1589): MinkIPC MESSAGE: ( 1589:1720 ) MinkIPC_QRTR_Service:351 minkipc = 0xb400007850842db0 sock = 19, client with node 1 port 6279 went down
04-19 14:20:39.094 I/minksocket( 1589): MinkIPC MESSAGE: ( 1589:1726 ) MinkIPC_QRTR_Service:351 minkipc = 0xb4000078508405d0 sock = 26, client with node 1 port 6279 went down
04-19 14:20:39.098 I/minksocket( 1589): MinkIPC MESSAGE: ( 1589:1720 ) MinkIPC_QRTR_Service:351 minkipc = 0xb400007850842db0 sock = 19, client with node 1 port 627a went down
04-19 14:20:39.098 I/minksocket( 1589): MinkIPC MESSAGE: ( 1589:1726 ) MinkIPC_QRTR_Service:351 minkipc = 0xb4000078508405d0 sock = 26, client with node 1 port 627a went down
04-19 14:20:39.100 I/minksocket( 1589): MinkIPC MESSAGE: ( 1589:1720 ) MinkIPC_QRTR_Service:351 minkipc = 0xb400007850842db0 sock = 19, client with node 1 port 627b went down
04-19 14:20:39.101 I/minksocket( 1589): MinkIPC MESSAGE: ( 1589:1726 ) MinkIPC_QRTR_Service:351 minkipc = 0xb4000078508405d0 sock = 26, client with node 1 port 627b went down
04-19 14:20:39.495 V/CpEventLog(u150)(10030): [P] cp_state: [                 contacts = {contacts=0, raw_contacts=0, data=0, account={secphone(1)=0, sim(2)=0, sim2(3)=0, agg(4)=0, vnd.sec.contact.phone_personal(5)=0}, trash=0, trash_acc={}, trash_sync=0, database=contacts2.db} ]
04-19 14:20:39.495 V/CpEventLog(u150)(10030): [P] cp_state: [               aggregated = {} ]
04-19 14:20:39.495 V/CpEventLog(u150)(10030): [P] cp_state: [                  request = {} ]
04-19 14:20:39.495 V/CpEventLog(u150)(10030): [P] cp_state: [                    calls = {types={}, database=calllog.db} ]
04-19 14:20:39.495 V/CpEventLog(u150)(10030): [P] cp_state: [                  profile = {contacts=0, raw_contacts=0, data=0, account={secphone(1)=0, sim(2)=0, sim2(3)=0, agg(4)=0, vnd.sec.contact.phone_personal(5)=0}, trash=0, trash_acc={}, trash_sync=0, database=profile.db} ]
04-19 14:20:39.495 V/CpEventLog(u150)(10030): [P] cp_state: [               sa_profile = {contacts=0, raw_contacts=0, data=0, account={secphone(1)=0, sim(2)=0, sim2(3)=0, agg(4)=0, vnd.sec.contact.phone_personal(5)=0}, trash=0, trash_acc={}, trash_sync=0, database=profile_sa.db} ]
04-19 14:20:39.495 V/CpEventLog(u150)(10030): [P] cp_state: [                      etc = {binders=0, country_iso=US, version=15.6.28, db_version=2000, db_size=0, db_wal_size=0, csc=TMB/TMB, sec_enabled=false, is_roaming=false} ]
04-19 14:20:39.495 V/CpEventLog(u150)(10030): [P] cp_state: ------------------------------------------------------------------------------
04-19 14:20:39.588 I/sensors-hal( 1623): handle_sns_client_event:375, [0][2196802] accel_sample [-0.053, -0.015,  9.719] 113688261082629
04-19 14:20:39.610 E/SQLiteLog(14220): (10) POSIX Error : 11 SQLite Error : 3850
04-19 14:20:39.610 E/SQLiteLog(14220): (10) LOCK : Getting lock (4) failed due to (11). The current owner is (20752).
04-19 14:20:39.613 D/PerProcessNandswap$NandswapHandler( 2748): nandswap start for activity com.connectcommunications.mobile(pid 13669) action:9 adj:900 type:3
04-19 14:20:39.881 I/vendor.qti.bluetooth@1.1-ibs_handler( 1609): ProcessIbsCmd: Received IBS_WAKE_IND: 0xFD
04-19 14:20:39.881 D/vendor.qti.bluetooth@1.1-ibs_handler( 1609): SerialClockVote: vote for UART CLK ON
04-19 14:20:39.882 D/vendor.qti.bluetooth@1.1-wake_lock( 1609): Acquire wakelock is acquired 
04-19 14:20:39.882 I/vendor.qti.bluetooth@1.1-ibs_handler( 1609): ProcessIbsCmd: Writing IBS_WAKE_ACK
04-19 14:20:39.892 I/ScanController( 4249): onScanResult to scannerId: 12- eventType=0x1a, addressType=1, address=XX:XX:XX:XX:71:20, primaryPhy=1, secondaryPhy=0, advertisingSid=0xff, txPower=127, rssi=-50, periodicAdvInt=0x0
04-19 14:20:39.930 I/vendor.qti.bluetooth@1.1-ibs_handler( 1609): ProcessIbsCmd: Received IBS_SLEEP_IND: 0xFE
04-19 14:20:39.930 D/vendor.qti.bluetooth@1.1-ibs_handler( 1609): SerialClockVote: vote for UART CLK OFF
04-19 14:20:39.958 D/PerProcessNandswapNative( 2748): enable WriteBooster
04-19 14:20:39.975 I/vendor.qti.bluetooth@1.1-ibs_handler( 1609): ProcessIbsCmd: Received IBS_WAKE_IND: 0xFD
04-19 14:20:39.976 D/vendor.qti.bluetooth@1.1-ibs_handler( 1609): SerialClockVote: vote for UART CLK ON
04-19 14:20:39.976 I/vendor.qti.bluetooth@1.1-ibs_handler( 1609): ProcessIbsCmd: Writing IBS_WAKE_ACK
04-19 14:20:39.978 I/ScanController( 4249): onScanResult to scannerId: 6- eventType=0x1a, addressType=1, address=XX:XX:XX:XX:64:48, primaryPhy=1, secondaryPhy=0, advertisingSid=0xff, txPower=127, rssi=-90, periodicAdvInt=0x0
04-19 14:20:39.980 D/PerProcessNandswap$NandswapHandler( 2748): nandswap end for activity com.connectcommunications.mobile(pid 13669) ret:48199536640 adj:900
04-19 14:20:40.015 E/HeatmapThread( 1704): ECT Thread time in milliseconds: 1776622840
04-19 14:20:40.017 I/vendor.qti.bluetooth@1.1-ibs_handler( 1609): ProcessIbsCmd: Received IBS_SLEEP_IND: 0xFE
04-19 14:20:40.018 D/HeatmapThread( 1704): !@ batteryplugType : 2
04-19 14:20:40.018 D/HeatmapThread( 1704): !@ batteryLevel : 60  batteryTemperature : 287 
04-19 14:20:40.018 D/HeatmapThread( 1704): !@ Heatmap currtime: 29610380
04-19 14:20:40.018 D/HeatmapThread( 1704): !@ Heatmap prevtime: 29610358
04-19 14:20:40.018 D/HeatmapThread( 1704): !@ Heatmap plugstarttime: 29610353
04-19 14:20:40.018 D/HeatmapThread( 1704): !@ Heatmap prevv_dsoh_update_time: 29610323
04-19 14:20:40.018 E/HeatmapThread( 1704): !@ CAM New BSOH: 99
04-19 14:20:40.020 D/vendor.qti.bluetooth@1.1-ibs_handler( 1609): SerialClockVote: vote for UART CLK OFF
04-19 14:20:40.090 I/minksocket( 1589): MinkIPC MESSAGE: ( 1589:1726 ) MinkIPC_QRTR_Service:351 minkipc = 0xb4000078508405d0 sock = 26, client with node 1 port 6273 went down
04-19 14:20:40.090 I/minksocket( 1589): MinkIPC MESSAGE: ( 1589:1720 ) MinkIPC_QRTR_Service:351 minkipc = 0xb400007850842db0 sock = 19, client with node 1 port 6273 went down
04-19 14:20:40.091 I/minksocket( 1589): MinkIPC MESSAGE: ( 1589:1726 ) MinkIPC_QRTR_Service:351 minkipc = 0xb4000078508405d0 sock = 26, client with node 1 port 6277 went down
04-19 14:20:40.091 I/minksocket( 1589): MinkIPC MESSAGE: ( 1589:1720 ) MinkIPC_QRTR_Service:351 minkipc = 0xb400007850842db0 sock = 19, client with node 1 port 6277 went down
04-19 14:20:40.171 D/vendor.qti.bluetooth@1.1-wake_lock( 1609): Release wakelock is released 
04-19 14:20:40.311 I/SDHMS:x ( 7327): SIOP:: AP:319 BAT:287 USB:261 CHG:319 PA:324 WIFI:319 CF:314 BLK:0 SUBBAT:0 LRPTHM:316 SKIN:311 SKINF:311 SKINB:308 LRP2:311 LRF2:311 LRB2:308 AP2:311 CHG2:307 WIFI2:308 RCV2:308 SPK2:277 FCAM:260 UPSPK:320 DNSPK:259 VAP02:339 VWIFI:327 AMB2:214 AVGCUR:206 AVGSYS:0 POWER:803
04-19 14:20:40.489 I/minksocket( 1589): MinkIPC MESSAGE: ( 1589:1726 ) MinkIPC_QRTR_Service:351 minkipc = 0xb4000078508405d0 sock = 26, client with node 1 port 627c went down
04-19 14:20:40.489 I/minksocket( 1589): MinkIPC MESSAGE: ( 1589:1720 ) MinkIPC_QRTR_Service:351 minkipc = 0xb400007850842db0 sock = 19, client with node 1 port 627c went down
04-19 14:20:40.491 I/minksocket( 1589): MinkIPC MESSAGE: ( 1589:1726 ) MinkIPC_QRTR_Service:351 minkipc = 0xb4000078508405d0 sock = 26, client with node 1 port 627d went down
04-19 14:20:40.491 I/minksocket( 1589): MinkIPC MESSAGE: ( 1589:1720 ) MinkIPC_QRTR_Service:351 minkipc = 0xb400007850842db0 sock = 19, client with node 1 port 627d went down
04-19 14:20:40.493 I/minksocket( 1589): MinkIPC MESSAGE: ( 1589:1720 ) MinkIPC_QRTR_Service:351 minkipc = 0xb400007850842db0 sock = 19, client with node 1 port 627e went down
04-19 14:20:40.493 I/minksocket( 1589): MinkIPC MESSAGE: ( 1589:1726 ) MinkIPC_QRTR_Service:351 minkipc = 0xb4000078508405d0 sock = 26, client with node 1 port 627e went down
04-19 14:20:40.495 I/minksocket( 1589): MinkIPC MESSAGE: ( 1589:1720 ) MinkIPC_QRTR_Service:351 minkipc = 0xb400007850842db0 sock = 19, client with node 1 port 627f went down
04-19 14:20:40.495 I/minksocket( 1589): MinkIPC MESSAGE: ( 1589:1726 ) MinkIPC_QRTR_Service:351 minkipc = 0xb4000078508405d0 sock = 26, client with node 1 port 627f went down
04-19 14:20:40.581 D/GMR     ( 2748): bg : 13669 com.connectcommunications.mobile
04-19 14:20:41.006 D/io_stats( 1147): !@   8,0 r 22872889 438253848 w 3962252 68710228 d 455320 54870428 f 288374 386975 iot 4143296 0 th 0 0 0 pt 0 inp 0 0 85578.121
04-19 14:20:41.007 D/io_stats( 1147): !@ Read_top(KB): mobile.tuesdays(12364) 1236 kworker/u16:7(20234) 608 kworker/u16:2(27738) 584
04-19 14:20:41.007 D/io_stats( 1147): !@ Write_top(KB): kworker/u16:7(20234) 12288 kworker/u16:2(27738) 12048 kworker/u16:9(20236) 1888
04-19 14:20:41.015 E/HeatmapThread( 1704): ECT Thread time in milliseconds: 1776622841
04-19 14:20:41.018 D/HeatmapThread( 1704): !@ batteryplugType : 2
04-19 14:20:41.018 D/HeatmapThread( 1704): !@ batteryLevel : 60  batteryTemperature : 287 
04-19 14:20:41.018 D/HeatmapThread( 1704): !@ Heatmap currtime: 29610380
04-19 14:20:41.018 D/HeatmapThread( 1704): !@ Heatmap prevtime: 29610358
04-19 14:20:41.019 D/HeatmapThread( 1704): !@ Heatmap plugstarttime: 29610353
04-19 14:20:41.019 D/HeatmapThread( 1704): !@ Heatmap prevv_dsoh_update_time: 29610323
04-19 14:20:41.019 E/HeatmapThread( 1704): !@ CAM New BSOH: 99
04-19 14:20:41.102 D/BoundBrokerSvc( 4730): onRebind: Intent { act=com.google.android.gms.libs.gmscorelogger.service.START dat=chimera-action:/... xflg=0x4 cmp=com.google.android.gms/.chimera.PersistentDirectBootAwareApiService }
04-19 14:20:41.130 W/DeviceStorageMonitorService( 2748): updateBroadcasts(/data) oldLevel:0, newLevel:0, seq:1
04-19 14:20:41.132 D/DeviceStorageMonitorService( 2748): Available File Node Number is [13132652]
04-19 14:20:41.132 W/DeviceStorageMonitorService( 2748): updateBroadcasts_filenode(/data) fn_oldLevel:0, fn_newLevel:0, seq:1
04-19 14:20:41.188 I/Finsky  ( 8475): [131] AIM: AppInfoManager-Perf > Destroying AppInfoManager ...
04-19 14:20:41.590 I/sensors-hal( 1623): handle_sns_client_event:375, [0][2196836] accel_sample [-0.071, -0.011,  9.725] 113690263727265
04-19 14:20:41.897 I/vendor.qti.bluetooth@1.1-ibs_handler( 1609): ProcessIbsCmd: Received IBS_WAKE_IND: 0xFD
04-19 14:20:41.898 D/vendor.qti.bluetooth@1.1-ibs_handler( 1609): SerialClockVote: vote for UART CLK ON
04-19 14:20:41.898 D/vendor.qti.bluetooth@1.1-wake_lock( 1609): Acquire wakelock is acquired 
04-19 14:20:41.898 I/vendor.qti.bluetooth@1.1-ibs_handler( 1609): ProcessIbsCmd: Writing IBS_WAKE_ACK
04-19 14:20:41.908 I/ScanController( 4249): onScanResult to scannerId: 12- eventType=0x1a, addressType=1, address=XX:XX:XX:XX:71:20, primaryPhy=1, secondaryPhy=0, advertisingSid=0xff, txPower=127, rssi=-51, periodicAdvInt=0x0
04-19 14:20:41.948 I/vendor.qti.bluetooth@1.1-ibs_handler( 1609): ProcessIbsCmd: Received IBS_SLEEP_IND: 0xFE
04-19 14:20:41.948 D/vendor.qti.bluetooth@1.1-ibs_handler( 1609): SerialClockVote: vote for UART CLK OFF
04-19 14:20:42.015 E/HeatmapThread( 1704): ECT Thread time in milliseconds: 1776622842
04-19 14:20:42.018 D/HeatmapThread( 1704): !@ batteryplugType : 2
04-19 14:20:42.018 D/HeatmapThread( 1704): !@ batteryLevel : 60  batteryTemperature : 287 
04-19 14:20:42.019 D/HeatmapThread( 1704): !@ Heatmap currtime: 29610380
04-19 14:20:42.019 D/HeatmapThread( 1704): !@ Heatmap prevtime: 29610358
04-19 14:20:42.019 D/HeatmapThread( 1704): !@ Heatmap plugstarttime: 29610353
04-19 14:20:42.019 D/HeatmapThread( 1704): !@ Heatmap prevv_dsoh_update_time: 29610323
04-19 14:20:42.019 E/HeatmapThread( 1704): !@ CAM New BSOH: 99
04-19 14:20:42.100 D/vendor.qti.bluetooth@1.1-wake_lock( 1609): Release wakelock is released 
04-19 14:20:42.292 I/VSyncReactor( 1741): Current= 60, Period= 60, Distance= 0
04-19 14:20:42.308 I/VSyncReactor( 1741): Current= 60, Period= 60, Distance= 60
04-19 14:20:43.008 D/io_stats( 1147): !@   8,0 r 22872895 438253924 w 3962268 68710288 d 455320 54870428 f 288377 386977 iot 4143336 0 th 0 0 0 pt 0 inp 0 0 85580.122
04-19 14:20:43.015 E/HeatmapThread( 1704): ECT Thread time in milliseconds: 1776622843
04-19 14:20:43.018 D/HeatmapThread( 1704): !@ batteryplugType : 2
04-19 14:20:43.019 D/HeatmapThread( 1704): !@ batteryLevel : 60  batteryTemperature : 287 
04-19 14:20:43.019 D/HeatmapThread( 1704): !@ Heatmap currtime: 29610380
04-19 14:20:43.019 D/HeatmapThread( 1704): !@ Heatmap prevtime: 29610358
04-19 14:20:43.019 D/HeatmapThread( 1704): !@ Heatmap plugstarttime: 29610353
04-19 14:20:43.019 D/HeatmapThread( 1704): !@ Heatmap prevv_dsoh_update_time: 29610323
04-19 14:20:43.019 E/HeatmapThread( 1704): !@ CAM New BSOH: 99
04-19 14:20:43.314 I/ActivityManager( 2748): Killing 10848:com.samsung.cmh/5004 (adj 965): empty #33
04-19 14:20:43.315 D/DeviceReportingSecurityChecker( 2748): getStatus
04-19 14:20:43.315 D/DeviceReportingSecurityChecker( 2748): mIsICDStatus is true
04-19 14:20:43.315 D/DeviceReportingSecurityChecker( 2748): mIsSim is true
04-19 14:20:43.315 D/DeviceReportingSecurityChecker( 2748): mIsEchoAppSignature is true
04-19 14:20:43.315 D/DeviceReportingSecurityChecker( 2748): security check passed
04-19 14:20:43.315 D/DeviceReportingSecurityChecker( 2748): mIsICDStatus === true mIsSim == true mIsMyAccountSignature== false mIsEchoAppSignature== true mIsSprintHubSignature== false
04-19 14:20:43.315 D/AppStateBroadcaster( 2748): TMO killProcesses
04-19 14:20:43.364 I/sensors-hal( 1623): handle_sns_std_sensor_event:131, [SSC_LIGHT] A: 0(0),c:7,b:1275,m:13,cl:21,l:0,s:0,l0:704,l1:0,s0:0,s1:0,acl:1,opr:0.14,f(r):98,u(bl):100,if:0,wi:0,si:0,po:0(N:0)
04-19 14:20:43.369 I/sensors-hal( 1623): get_flicker_als_data:183, [SSC_LIGHT] flicker lux: 0 (9, 3, dw: 0)
04-19 14:20:43.369 I/sensors-hal( 1623): handle_sns_std_sensor_event:409, [SSC_LIGHT] P: 0(0),c:7,b:1275,m:13,cl:21,l:0,s:0,l0:704,l1:0,s0:0,s1:0,acl:1,opr:0.14,f(r):98,u(bl):100,if:0,wi:0,si:0,po:0(N:0)
04-19 14:20:43.377 I/libprocessgroup( 2748): Removed cgroup /sys/fs/cgroup/system/uid_5004/pid_10848
04-19 14:20:43.378 I/Zygote  ( 1542): Process 10848 exited due to signal 9 (Killed)
04-19 14:20:43.387 V/OsAgent ( 6455): broadcastSystemEvent - 7
04-19 14:20:43.593 I/sensors-hal( 1623): handle_sns_client_event:375, [0][2196870] accel_sample [-0.075, -0.034,  9.724] 113692266369608
04-19 14:20:43.618 I/vendor.qti.bluetooth@1.1-ibs_handler( 1609): ProcessIbsCmd: Received IBS_WAKE_IND: 0xFD
04-19 14:20:43.618 D/vendor.qti.bluetooth@1.1-ibs_handler( 1609): SerialClockVote: vote for UART CLK ON
04-19 14:20:43.618 D/vendor.qti.bluetooth@1.1-wake_lock( 1609): Acquire wakelock is acquired 
04-19 14:20:43.618 I/vendor.qti.bluetooth@1.1-ibs_handler( 1609): ProcessIbsCmd: Writing IBS_WAKE_ACK
04-19 14:20:43.630 I/ScanController( 4249): onScanResult to scannerId: 12- eventType=0x1a, addressType=1, address=XX:XX:XX:XX:71:20, primaryPhy=1, secondaryPhy=0, advertisingSid=0xff, txPower=127, rssi=-52, periodicAdvInt=0x0
04-19 14:20:43.668 I/vendor.qti.bluetooth@1.1-ibs_handler( 1609): ProcessIbsCmd: Received IBS_SLEEP_IND: 0xFE
04-19 14:20:43.668 D/vendor.qti.bluetooth@1.1-ibs_handler( 1609): SerialClockVote: vote for UART CLK OFF
04-19 14:20:43.701 I/vendor.qti.bluetooth@1.1-ibs_handler( 1609): ProcessIbsCmd: Received IBS_WAKE_IND: 0xFD
04-19 14:20:43.702 D/vendor.qti.bluetooth@1.1-ibs_handler( 1609): SerialClockVote: vote for UART CLK ON
04-19 14:20:43.702 I/vendor.qti.bluetooth@1.1-ibs_handler( 1609): ProcessIbsCmd: Writing IBS_WAKE_ACK
04-19 14:20:43.710 I/ScanController( 4249): onScanResult to scannerId: 6- eventType=0x1a, addressType=1, address=XX:XX:XX:XX:64:48, primaryPhy=1, secondaryPhy=0, advertisingSid=0xff, txPower=127, rssi=-70, periodicAdvInt=0x0
04-19 14:20:43.714 I/EasySetup[11.1.22.8] (27980): IcControlService.isFoldDeviceFolded() - isFoldDevice: false, isNotFolded: false
04-19 14:20:43.714 I/EasySetup[11.1.22.8] (27980): IcControlService.isValidBudsScanResult - connectionStatus : 64, rssi : -70
04-19 14:20:43.714 I/EasySetup[11.1.22.8] (27980): IcControlService.receivedPacketData - isTablet: false, rssi: -70, manufacturer: 42, 09, 81, 02, 14, 15, 06, 21, 01, 49, 2c, 0c, 01, 67, 06, bc, bb, 8a, 00, 00, 00, 00, ed, 00, 00, 6c, 56, 22, 47, 74, 80, 65, 07, 12, 00, 05, 05
04-19 14:20:43.714 I/EasySetup[11.1.22.8] (27980): IcControlService.handleIcPacket - SKip Packet
04-19 14:20:43.748 I/vendor.qti.bluetooth@1.1-ibs_handler( 1609): ProcessIbsCmd: Received IBS_SLEEP_IND: 0xFE
04-19 14:20:43.748 D/vendor.qti.bluetooth@1.1-ibs_handler( 1609): SerialClockVote: vote for UART CLK OFF
04-19 14:20:43.899 D/vendor.qti.bluetooth@1.1-wake_lock( 1609): Release wakelock is released 
04-19 14:20:44.015 E/HeatmapThread( 1704): ECT Thread time in milliseconds: 1776622844
04-19 14:20:44.019 D/HeatmapThread( 1704): !@ batteryplugType : 2
04-19 14:20:44.019 E/BatteryDump( 1650): !@new_battery_dump : 3933,380,475,550,60,286,261,318,286,0,312,318,0,Charging,NO_CHARGING,Normal,Good,USB,1,Normal,0,0,9300,0x0,0x10000,0x0,0,0,0000,0000,00000000,0,0,0,0,562,3913,5964,990,0,
04-19 14:20:44.020 D/HeatmapThread( 1704): !@ batteryLevel : 60  batteryTemperature : 286 
04-19 14:20:44.020 D/HeatmapThread( 1704): !@ Heatmap currtime: 29610380
04-19 14:20:44.020 D/HeatmapThread( 1704): !@ Heatmap prevtime: 29610358
04-19 14:20:44.020 D/HeatmapThread( 1704): !@ Heatmap plugstarttime: 29610353
04-19 14:20:44.020 D/HeatmapThread( 1704): !@ Heatmap prevv_dsoh_update_time: 29610323
04-19 14:20:44.020 E/HeatmapThread( 1704): !@ CAM New BSOH: 99
04-19 14:20:44.025 I/seh_thermal_service( 1658): getTemperaturesWithType SehTemperatureType: 3
04-19 14:20:44.025 I/sehhealth-service( 1650): updateLrpSysfs: write: 311
04-19 14:20:44.325 I/sensors-hal( 1623): handle_sns_client_event:190, auto_rotation_debug_2 mode,255, type,1,0 acc,-0.062,-0.062,9.701, ar,0, ver,14, pedo,1,e,1,i,3
04-19 14:20:44.364 D/UsbStatsMonitor( 2748): 0 0 0 0 0 0 0 0 0 0 0 0 0 0 0 0 0 0 0 0 0 0 0 0 0 0 0 0 0 0 0 0 0 0 0 0 0 0 0 0 0 0 0 0 0 0 0 0 0 0 0 0 0 0 0 0 0 214748364802
04-19 14:20:45.008 D/io_stats( 1147): !@   8,0 r 22872899 438253984 w 3962277 68710340 d 455321 54870432 f 288377 386978 iot 4143356 0 th 0 0 0 pt 0 inp 0 0 85582.123
04-19 14:20:45.009 D/io_stats( 1147): !@ Read_top(KB): com.whatsapp(13984) 60 ocessService0:0(12885) 52 .gms.persistent(4730) 24
04-19 14:20:45.009 D/io_stats( 1147): !@ Write_top(KB): sait.sohservice(25034) 24 jbd2/sda9-8(1085) 20 mobile.tuesdays(12364) 16
04-19 14:20:45.015 E/HeatmapThread( 1704): ECT Thread time in milliseconds: 1776622845
04-19 14:20:45.018 D/HeatmapThread( 1704): !@ batteryplugType : 2
04-19 14:20:45.018 D/HeatmapThread( 1704): !@ batteryLevel : 60  batteryTemperature : 286 
04-19 14:20:45.019 D/HeatmapThread( 1704): !@ Heatmap currtime: 29610380
04-19 14:20:45.019 D/HeatmapThread( 1704): !@ Heatmap prevtime: 29610358
04-19 14:20:45.019 D/HeatmapThread( 1704): !@ Heatmap plugstarttime: 29610353
04-19 14:20:45.019 D/HeatmapThread( 1704): !@ Heatmap prevv_dsoh_update_time: 29610323
04-19 14:20:45.019 E/HeatmapThread( 1704): !@ CAM New BSOH: 99
04-19 14:20:45.360 I/vendor.qti.bluetooth@1.1-ibs_handler( 1609): ProcessIbsCmd: Received IBS_WAKE_IND: 0xFD
04-19 14:20:45.360 D/vendor.qti.bluetooth@1.1-ibs_handler( 1609): SerialClockVote: vote for UART CLK ON
04-19 14:20:45.360 D/vendor.qti.bluetooth@1.1-wake_lock( 1609): Acquire wakelock is acquired 
04-19 14:20:45.360 I/vendor.qti.bluetooth@1.1-ibs_handler( 1609): ProcessIbsCmd: Writing IBS_WAKE_ACK
04-19 14:20:45.372 I/ScanController( 4249): onScanResult to scannerId: 12- eventType=0x1a, addressType=1, address=XX:XX:XX:XX:71:20, primaryPhy=1, secondaryPhy=0, advertisingSid=0xff, txPower=127, rssi=-48, periodicAdvInt=0x0
04-19 14:20:45.384 I/ScanController( 4249): onScanResult to scannerId: 6- eventType=0x1a, addressType=1, address=XX:XX:XX:XX:64:48, primaryPhy=1, secondaryPhy=0, advertisingSid=0xff, txPower=127, rssi=-74, periodicAdvInt=0x0
04-19 14:20:45.386 I/EasySetup[11.1.22.8] (27980): IcControlService.isFoldDeviceFolded() - isFoldDevice: false, isNotFolded: false
04-19 14:20:45.386 I/EasySetup[11.1.22.8] (27980): IcControlService.isValidBudsScanResult - connectionStatus : 64, rssi : -74
04-19 14:20:45.387 I/EasySetup[11.1.22.8] (27980): IcControlService.receivedPacketData - isTablet: false, rssi: -74, manufacturer: 42, 09, 81, 02, 14, 15, 06, 21, 01, 49, 2c, 0c, 01, 67, 06, bc, bb, 8a, 00, 00, 00, 00, ed, 00, 00, 6c, 56, 22, 47, 74, 80, 65, 07, 12, 00, 05, 05
04-19 14:20:45.387 I/EasySetup[11.1.22.8] (27980): IcControlService.handleIcPacket - SKip Packet
04-19 14:20:45.421 I/vendor.qti.bluetooth@1.1-ibs_handler( 1609): ProcessIbsCmd: Received IBS_SLEEP_IND: 0xFE
04-19 14:20:45.422 D/vendor.qti.bluetooth@1.1-ibs_handler( 1609): SerialClockVote: vote for UART CLK OFF
04-19 14:20:45.560 I/vendor.qti.bluetooth@1.1-ibs_handler( 1609): ProcessIbsCmd: Received IBS_WAKE_IND: 0xFD
04-19 14:20:45.560 D/vendor.qti.bluetooth@1.1-ibs_handler( 1609): SerialClockVote: vote for UART CLK ON
04-19 14:20:45.560 I/vendor.qti.bluetooth@1.1-ibs_handler( 1609): ProcessIbsCmd: Writing IBS_WAKE_ACK
04-19 14:20:45.568 I/ScanController( 4249): onScanResult to scannerId: 6- eventType=0x1a, addressType=1, address=XX:XX:XX:XX:64:48, primaryPhy=1, secondaryPhy=0, advertisingSid=0xff, txPower=127, rssi=-74, periodicAdvInt=0x0
04-19 14:20:45.570 I/EasySetup[11.1.22.8] (27980): IcControlService.isFoldDeviceFolded() - isFoldDevice: false, isNotFolded: false
04-19 14:20:45.570 I/EasySetup[11.1.22.8] (27980): IcControlService.isValidBudsScanResult - connectionStatus : 64, rssi : -74
04-19 14:20:45.571 I/EasySetup[11.1.22.8] (27980): IcControlService.receivedPacketData - isTablet: false, rssi: -74, manufacturer: 42, 09, 81, 02, 14, 15, 06, 21, 01, 49, 2c, 0c, 01, 67, 06, bc, bb, 8a, 00, 00, 00, 00, ed, 00, 00, 6c, 56, 22, 47, 74, 80, 65, 07, 12, 00, 05, 05
04-19 14:20:45.571 I/EasySetup[11.1.22.8] (27980): IcControlService.handleIcPacket - SKip Packet
04-19 14:20:45.596 I/sensors-hal( 1623): handle_sns_client_event:375, [0][2196904] accel_sample [-0.073, -0.041,  9.712] 113694269007733
04-19 14:20:45.605 I/vendor.qti.bluetooth@1.1-ibs_handler( 1609): ProcessIbsCmd: Received IBS_SLEEP_IND: 0xFE
04-19 14:20:45.606 D/vendor.qti.bluetooth@1.1-ibs_handler( 1609): SerialClockVote: vote for UART CLK OFF
04-19 14:20:45.756 D/vendor.qti.bluetooth@1.1-wake_lock( 1609): Release wakelock is released 
04-19 14:20:46.015 E/HeatmapThread( 1704): ECT Thread time in milliseconds: 1776622846
04-19 14:20:46.018 D/HeatmapThread( 1704): !@ batteryplugType : 2
04-19 14:20:46.018 D/HeatmapThread( 1704): !@ batteryLevel : 60  batteryTemperature : 286 
04-19 14:20:46.018 D/HeatmapThread( 1704): !@ Heatmap currtime: 29610380
04-19 14:20:46.018 D/HeatmapThread( 1704): !@ Heatmap prevtime: 29610358
04-19 14:20:46.018 D/HeatmapThread( 1704): !@ Heatmap plugstarttime: 29610353
04-19 14:20:46.018 D/HeatmapThread( 1704): !@ Heatmap prevv_dsoh_update_time: 29610323
04-19 14:20:46.019 E/HeatmapThread( 1704): !@ CAM New BSOH: 99
04-19 14:20:47.011 D/io_stats( 1147): !@   8,0 r 22872899 438253984 w 3962298 68710588 d 455321 54870432 f 288377 386978 iot 4143376 0 th 0 0 0 pt 0 inp 0 0 85584.126
04-19 14:20:47.015 E/HeatmapThread( 1704): ECT Thread time in milliseconds: 1776622847
04-19 14:20:47.018 D/HeatmapThread( 1704): !@ batteryplugType : 2
04-19 14:20:47.019 D/HeatmapThread( 1704): !@ batteryLevel : 60  batteryTemperature : 286 
04-19 14:20:47.019 D/HeatmapThread( 1704): !@ Heatmap currtime: 29610380
04-19 14:20:47.019 D/HeatmapThread( 1704): !@ Heatmap prevtime: 29610358
04-19 14:20:47.019 D/HeatmapThread( 1704): !@ Heatmap plugstarttime: 29610353
04-19 14:20:47.019 D/HeatmapThread( 1704): !@ Heatmap prevv_dsoh_update_time: 29610323
04-19 14:20:47.020 E/HeatmapThread( 1704): !@ CAM New BSOH: 99
04-19 14:20:47.259 I/vendor.qti.bluetooth@1.1-ibs_handler( 1609): ProcessIbsCmd: Received IBS_WAKE_IND: 0xFD
04-19 14:20:47.259 D/vendor.qti.bluetooth@1.1-ibs_handler( 1609): SerialClockVote: vote for UART CLK ON
04-19 14:20:47.259 D/vendor.qti.bluetooth@1.1-wake_lock( 1609): Acquire wakelock is acquired 
04-19 14:20:47.259 I/vendor.qti.bluetooth@1.1-ibs_handler( 1609): ProcessIbsCmd: Writing IBS_WAKE_ACK
04-19 14:20:47.270 I/ScanController( 4249): onScanResult to scannerId: 6- eventType=0x1a, addressType=1, address=XX:XX:XX:XX:64:48, primaryPhy=1, secondaryPhy=0, advertisingSid=0xff, txPower=127, rssi=-82, periodicAdvInt=0x0
04-19 14:20:47.308 I/vendor.qti.bluetooth@1.1-ibs_handler( 1609): ProcessIbsCmd: Received IBS_SLEEP_IND: 0xFE
04-19 14:20:47.309 D/vendor.qti.bluetooth@1.1-ibs_handler( 1609): SerialClockVote: vote for UART CLK OFF
04-19 14:20:47.384 I/WM-WorkerWrapper(13984): Worker result SUCCESS for Work [ id=77be0d60-27af-4acc-834d-b95edd2ddd10, tags={ com.whatsapp.xmpp.messaging.XmppLifecycleWorker } ]
04-19 14:20:47.395 D/WM-Processor(13984): 1NF 77be0d60-27af-4acc-834d-b95edd2ddd10 executed; reschedule = false
04-19 14:20:47.395 D/WM-GreedyScheduler(13984): Stopping tracking for WorkGenerationalId(workSpecId=77be0d60-27af-4acc-834d-b95edd2ddd10, generation=0)
04-19 14:20:47.395 D/WM-SystemJobService(13984): 77be0d60-27af-4acc-834d-b95edd2ddd10 executed on JobScheduler
04-19 14:20:47.405 D/WM-GreedyScheduler(13984): Cancelling work ID 77be0d60-27af-4acc-834d-b95edd2ddd10
04-19 14:20:47.409 D/WM-GreedyScheduler(13984): Starting tracking for 613f2551-e24b-43ee-a90f-eabee9c67f61
04-19 14:20:47.460 D/vendor.qti.bluetooth@1.1-wake_lock( 1609): Release wakelock is released 
04-19 14:20:47.598 I/sensors-hal( 1623): handle_sns_client_event:375, [0][2196938] accel_sample [-0.072, -0.046,  9.710] 113696271640806
04-19 14:20:47.688 I/sensors-hal( 1623): get_flicker_als_data:183, [SSC_LIGHT] flicker lux: 0 (9, 3, dw: 0)
04-19 14:20:47.689 I/sensors-hal( 1623): handle_sns_std_sensor_event:409, [SSC_LIGHT] P: 0(0),c:7,b:1275,m:13,cl:21,l:0,s:0,l0:704,l1:0,s0:0,s1:0,acl:1,opr:0.14,f(r):98,u(bl):100,if:0,wi:0,si:0,po:0(N:0)
04-19 14:20:47.812 D/ActivityManager( 2748): Received BROADCAST intent 0xf5d9aef Key{broadcastIntent pkg=com.google.android.gms/com.google.android.gms.scheduler intent=act=com.google.android.gms.gcm.ACTION_CHECK_QUEUE xflg=0x4 pkg=com.google.android.gms cmp=com.google.android.gms/.gcm.nts.SchedulerInternalReceiver flags=0x2000000 u=0} requestCode=0 sent=0 from uid 1000
04-19 14:20:47.820 D/BackgroundInstallControlService( 2748): Package event received: 0
04-19 14:20:47.960 D/ActivityManager( 2748): sync unfroze 14511 com.skms.android.agent:remote for 6
04-19 14:20:47.961 I/ActivityManager( 2748): Changes in 10114 19 to 8, 0 to 128
04-19 14:20:47.964 D/Zygote  ( 1542): Forked child process 14886
04-19 14:20:47.966 D/BoundBrokerSvc( 5578): onBind: Intent { act=com.google.android.gms.semanticlocationhistory.deidentifieddata.uploads.BatchDeidentifiedDataUploadService.ACTION_TASK_READY dat=chimera-action:/... xflg=0x4 cmp=com.google.android.gms/.chimera.GmsInternalBoundBrokerService }
04-19 14:20:47.966 D/BoundBrokerSvc( 5578): Loading bound service for intent: Intent { act=com.google.android.gms.semanticlocationhistory.deidentifieddata.uploads.BatchDeidentifiedDataUploadService.ACTION_TASK_READY dat=chimera-action:/... xflg=0x4 cmp=com.google.android.gms/.chimera.GmsInternalBoundBrokerService }
04-19 14:20:47.966 D/DeviceReportingSecurityChecker( 2748): getStatus
04-19 14:20:47.966 D/DeviceReportingSecurityChecker( 2748): mIsICDStatus is true
04-19 14:20:47.966 D/DeviceReportingSecurityChecker( 2748): mIsSim is true
04-19 14:20:47.966 D/DeviceReportingSecurityChecker( 2748): mIsEchoAppSignature is true
04-19 14:20:47.966 D/DeviceReportingSecurityChecker( 2748): security check passed
04-19 14:20:47.966 D/DeviceReportingSecurityChecker( 2748): mIsICDStatus === true mIsSim == true mIsMyAccountSignature== false mIsEchoAppSignature== true mIsSprintHubSignature== false
04-19 14:20:47.967 I/ActivityManager( 2748): Start proc 14886:com.google.android.gms/u150a259 for service {com.google.android.gms/com.google.android.gms.chimera.GmsInternalBoundBrokerService}
04-19 14:20:47.968 I/ActivityManager( 2748): ProcessObserver broadcast disabled
04-19 14:20:47.978 D/BoundBrokerSvc( 5578): onBind: Intent { act=com.google.android.gms.semanticlocationhistory.deidentifieddata.storevisits.StoreVisitsProcessingService.ACTION_TASK_READY dat=chimera-action:/... xflg=0x4 cmp=com.google.android.gms/.chimera.GmsInternalBoundBrokerService }
04-19 14:20:47.978 D/BoundBrokerSvc( 5578): Loading bound service for intent: Intent { act=com.google.android.gms.semanticlocationhistory.deidentifieddata.storevisits.StoreVisitsProcessingService.ACTION_TASK_READY dat=chimera-action:/... xflg=0x4 cmp=com.google.android.gms/.chimera.GmsInternalBoundBrokerService }
04-19 14:20:47.979 I/NetworkScheduler.Stats( 4730): (REDACTED) Task %s/%s started execution. cause:%s exec_start_elapsed_seconds: %s
04-19 14:20:47.980 I/NetworkScheduler.Stats( 4730): (REDACTED) Task %s/%s started execution. cause:%s exec_start_elapsed_seconds: %s
04-19 14:20:47.987 W/ProcessStats( 2748): Tracking association SourceState{7067e17 com.samsung.android.carkey/10114 ImpBg #263025} whose proc state 6 is better than process ProcessState{be4bf98 com.skms.android.agent:remote/1000 pkg=com.skms.android.agent} proc state 15 (0 skipped)
04-19 14:20:47.990 D/BoundBrokerSvc( 4730): onRebind: Intent { act=com.google.android.gms.auth.aang.events.services.START dat=chimera-action:/... xflg=0x4 cmp=com.google.android.gms/.chimera.PersistentApiService }
04-19 14:20:48.002 I/gle.android.gms(14886): Using CollectorTypeCMC GC.
04-19 14:20:48.009 D/nativeloader(14886): Load libframework-connectivity-tiramisu-jni.so using APEX ns com_android_tethering for caller /apex/com.android.tethering/javalib/framework-connectivity-t.jar: ok
04-19 14:20:48.011 D/ActivityThread(14886): setConscryptValidator
04-19 14:20:48.011 D/ActivityThread(14886): setConscryptValidator - put
04-19 14:20:48.015 I/minksocket( 1589): MinkIPC MESSAGE: ( 1589:1720 ) MinkIPC_QRTR_Service:351 minkipc = 0xb400007850842db0 sock = 19, client with node 1 port 6280 went down
04-19 14:20:48.015 I/minksocket( 1589): MinkIPC MESSAGE: ( 1589:1726 ) MinkIPC_QRTR_Service:351 minkipc = 0xb4000078508405d0 sock = 26, client with node 1 port 6280 went down
04-19 14:20:48.015 E/HeatmapThread( 1704): ECT Thread time in milliseconds: 1776622848
04-19 14:20:48.016 I/minksocket( 1589): MinkIPC MESSAGE: ( 1589:1726 ) MinkIPC_QRTR_Service:351 minkipc = 0xb4000078508405d0 sock = 26, client with node 1 port 6281 went down
04-19 14:20:48.016 I/minksocket( 1589): MinkIPC MESSAGE: ( 1589:1720 ) MinkIPC_QRTR_Service:351 minkipc = 0xb400007850842db0 sock = 19, client with node 1 port 6281 went down
04-19 14:20:48.017 I/minksocket( 1589): MinkIPC MESSAGE: ( 1589:1726 ) MinkIPC_QRTR_Service:351 minkipc = 0xb4000078508405d0 sock = 26, client with node 1 port 6282 went down
04-19 14:20:48.017 I/minksocket( 1589): MinkIPC MESSAGE: ( 1589:1720 ) MinkIPC_QRTR_Service:351 minkipc = 0xb400007850842db0 sock = 19, client with node 1 port 6282 went down
04-19 14:20:48.019 D/HeatmapThread( 1704): !@ batteryplugType : 2
04-19 14:20:48.019 D/HeatmapThread( 1704): !@ batteryLevel : 60  batteryTemperature : 286 
04-19 14:20:48.019 I/minksocket( 1589): MinkIPC MESSAGE: ( 1589:1720 ) MinkIPC_QRTR_Service:351 minkipc = 0xb400007850842db0 sock = 19, client with node 1 port 6283 went down
04-19 14:20:48.019 I/minksocket( 1589): MinkIPC MESSAGE: ( 1589:1726 ) MinkIPC_QRTR_Service:351 minkipc = 0xb4000078508405d0 sock = 26, client with node 1 port 6283 went down
04-19 14:20:48.019 D/HeatmapThread( 1704): !@ Heatmap currtime: 29610380
04-19 14:20:48.020 D/HeatmapThread( 1704): !@ Heatmap prevtime: 29610358
04-19 14:20:48.020 D/HeatmapThread( 1704): !@ Heatmap plugstarttime: 29610353
04-19 14:20:48.020 D/HeatmapThread( 1704): !@ Heatmap prevv_dsoh_update_time: 29610323
04-19 14:20:48.020 E/HeatmapThread( 1704): !@ CAM New BSOH: 99
04-19 14:20:48.022 D/ApplicationLoaders(14886): Returning zygote-cached class loader: /system/framework/org.apache.http.legacy.jar
04-19 14:20:48.027 D/nativeloader(14886): Configuring clns-9 for other apk /system/system_ext/framework/org.carconnectivity.android.digitalkey.rangingintent.jar. target_sdk_version=37, uses_libraries=ALL, library_path=/data/app/~~olEM9G_YgEO3uiCV7IYHJQ==/com.google.android.gms-F5ufTQCxu3qkb20D_cp7RQ==/lib/arm64:/data/app/~~olEM9G_YgEO3uiCV7IYHJQ==/com.google.android.gms-F5ufTQCxu3qkb20D_cp7RQ==/base.apk!/lib/arm64-v8a, permitted_path=/data:/mnt/expand:/data/user/150/com.google.android.gms
04-19 14:20:48.027 D/nativeloader(14886): Extending system_exposed_libraries: libhumantracking.arcsoft.so:libface_recognition.arcsoft.so:libpic_best.arcsoft.so:libPortraitDistortionCorrection.arcsoft.so:libPortraitDistortionCorrectionCali.arcsoft.so:libface_landmark.arcsoft.so:libFacialStickerEngine.arcsoft.so:libfrtracking_engine.arcsoft.so:libFaceRecognition.arcsoft.so:libveengine.arcsoft.so:lib_pet_detection.arcsoft.so:libae_bracket_hdr.arcsoft.so:libdigital_tele_scope.arcsoft.so:libdigital_tele_scope_rawsr.arcsoft.so:libsf_tetra_enhance.arcsoft.so:libmf_bayer_enhance.arcsoft.so:libhybrid_high_dynamic_range.arcsoft.so:libimage_enhancement.arcsoft.so:libFacialAttributeDetection.arcsoft.so:libobjectcapture_jni.arcsoft.so:libobjectcapture.arcsoft.so:libmultisourceseparator.audio.samsung.so:libaudiomirroring_jni.audiomirroring.samsung.so:libBeauty_v4.camera.samsung.so:libexifa.camera.samsung.so:libjpega.camera.samsung.so:libOpenCv.camera.samsung.so:libaifrcInterface.camera.samsung.so:libBestPhoto.camera.samsung.so:libC2paDps.camera.samsung.so:libVide
04-19 14:20:48.030 D/nativeloader(14886): Configuring clns-10 for other apk /system/system_ext/framework/org.carconnectivity.android.digitalkey.secureelement.jar. target_sdk_version=37, uses_libraries=ALL, library_path=/data/app/~~olEM9G_YgEO3uiCV7IYHJQ==/com.google.android.gms-F5ufTQCxu3qkb20D_cp7RQ==/lib/arm64:/data/app/~~olEM9G_YgEO3uiCV7IYHJQ==/com.google.android.gms-F5ufTQCxu3qkb20D_cp7RQ==/base.apk!/lib/arm64-v8a, permitted_path=/data:/mnt/expand:/data/user/150/com.google.android.gms
04-19 14:20:48.030 D/nativeloader(14886): Extending system_exposed_libraries: libhumantracking.arcsoft.so:libface_recognition.arcsoft.so:libpic_best.arcsoft.so:libPortraitDistortionCorrection.arcsoft.so:libPortraitDistortionCorrectionCali.arcsoft.so:libface_landmark.arcsoft.so:libFacialStickerEngine.arcsoft.so:libfrtracking_engine.arcsoft.so:libFaceRecognition.arcsoft.so:libveengine.arcsoft.so:lib_pet_detection.arcsoft.so:libae_bracket_hdr.arcsoft.so:libdigital_tele_scope.arcsoft.so:libdigital_tele_scope_rawsr.arcsoft.so:libsf_tetra_enhance.arcsoft.so:libmf_bayer_enhance.arcsoft.so:libhybrid_high_dynamic_range.arcsoft.so:libimage_enhancement.arcsoft.so:libFacialAttributeDetection.arcsoft.so:libobjectcapture_jni.arcsoft.so:libobjectcapture.arcsoft.so:libmultisourceseparator.audio.samsung.so:libaudiomirroring_jni.audiomirroring.samsung.so:libBeauty_v4.camera.samsung.so:libexifa.camera.samsung.so:libjpega.camera.samsung.so:libOpenCv.camera.samsung.so:libaifrcInterface.camera.samsung.so:libBestPhoto.camera.samsung.so:libC2paDps.camera.samsung.so:libVide
04-19 14:20:48.031 D/ApplicationLoaders(14886): Returning zygote-cached class loader: /system/framework/com.android.location.provider.jar
04-19 14:20:48.031 D/ApplicationLoaders(14886): Returning zygote-cached class loader: /system/framework/com.android.media.remotedisplay.jar
04-19 14:20:48.031 D/nativeloader(14886): Configuring clns-11 for other apk /system_ext/framework/com.android.extensions.appfunctions.jar. target_sdk_version=37, uses_libraries=ALL, library_path=/data/app/~~olEM9G_YgEO3uiCV7IYHJQ==/com.google.android.gms-F5ufTQCxu3qkb20D_cp7RQ==/lib/arm64:/data/app/~~olEM9G_YgEO3uiCV7IYHJQ==/com.google.android.gms-F5ufTQCxu3qkb20D_cp7RQ==/base.apk!/lib/arm64-v8a, permitted_path=/data:/mnt/expand:/data/user/150/com.google.android.gms
04-19 14:20:48.031 D/nativeloader(14886): Extending system_exposed_libraries: libhumantracking.arcsoft.so:libface_recognition.arcsoft.so:libpic_best.arcsoft.so:libPortraitDistortionCorrection.arcsoft.so:libPortraitDistortionCorrectionCali.arcsoft.so:libface_landmark.arcsoft.so:libFacialStickerEngine.arcsoft.so:libfrtracking_engine.arcsoft.so:libFaceRecognition.arcsoft.so:libveengine.arcsoft.so:lib_pet_detection.arcsoft.so:libae_bracket_hdr.arcsoft.so:libdigital_tele_scope.arcsoft.so:libdigital_tele_scope_rawsr.arcsoft.so:libsf_tetra_enhance.arcsoft.so:libmf_bayer_enhance.arcsoft.so:libhybrid_high_dynamic_range.arcsoft.so:libimage_enhancement.arcsoft.so:libFacialAttributeDetection.arcsoft.so:libobjectcapture_jni.arcsoft.so:libobjectcapture.arcsoft.so:libmultisourceseparator.audio.samsung.so:libaudiomirroring_jni.audiomirroring.samsung.so:libBeauty_v4.camera.samsung.so:libexifa.camera.samsung.so:libjpega.camera.samsung.so:libOpenCv.camera.samsung.so:libaifrcInterface.camera.samsung.so:libBestPhoto.camera.samsung.so:libC2paDps.camera.samsung.so:libVide
04-19 14:20:48.032 D/ApplicationLoaders(14886): Returning zygote-cached class loader: /system_ext/framework/androidx.window.extensions.jar
04-19 14:20:48.032 D/ApplicationLoaders(14886): Returning zygote-cached class loader: /system_ext/framework/androidx.window.sidecar.jar
04-19 14:20:48.069 E/jpxr    ( 5578): *~*~*~ Previous channel {0} was garbage collected without being shut down! ~*~*~*
04-19 14:20:48.069 E/jpxr    ( 5578):     Make sure to call shutdown()/shutdownNow()
04-19 14:20:48.069 E/jpxr    ( 5578): java.lang.RuntimeException: ManagedChannel allocation site
04-19 14:20:48.069 E/jpxr    ( 5578): 	at jpxq.<init>(:com.google.android.gms@261332035@26.13.32 (260400-895912391):21)
04-19 14:20:48.069 E/jpxr    ( 5578): 	at jpxr.<init>(:com.google.android.gms@261332035@26.13.32 (260400-895912391):10)
04-19 14:20:48.069 E/jpxr    ( 5578): 	at jpxp.a(:com.google.android.gms@261332035@26.13.32 (260400-895912391):296)
04-19 14:20:48.069 E/jpxr    ( 5578): 	at jpfl.a(:com.google.android.gms@261332035@26.13.32 (260400-895912391):5)
04-19 14:20:48.069 E/jpxr    ( 5578): 	at jpli.a(:com.google.android.gms@261332035@26.13.32 (260400-895912391):21)
04-19 14:20:48.069 E/jpxr    ( 5578): 	at avpw.d(:com.google.android.gms@261332035@26.13.32 (260400-895912391):43)
04-19 14:20:48.069 E/jpxr    ( 5578): 	at avpw.<init>(:com.google.android.gms@261332035@26.13.32 (260400-895912391):20)
04-19 14:20:48.069 E/jpxr    ( 5578): 	at avoi.<init>(:com.google.android.gms@261332035@26.13.32 (260400-895912391):196)
04-19 14:20:48.069 E/jpxr    ( 5578): 	at avnr.a(:com.google.android.gms@261332035@26.13.32 (260400-895912391):5)
04-19 14:20:48.069 E/jpxr    ( 5578): 	at azkz.<init>(:com.google.android.gms@261332035@26.13.32 (260400-895912391):10)
04-19 14:20:48.069 E/jpxr    ( 5578): 	at com.google.android.gms.backup.transport.snapshot.DeviceStateSnapshotLoggingTask.a(:com.google.android.gms@261332035@26.13.32 (260400-895912391):24)
04-19 14:20:48.069 E/jpxr    ( 5578): 	at cykk.call(:com.google.android.gms@261332035@26.13.32 (260400-895912391):30)
04-19 14:20:48.069 E/jpxr    ( 5578): 	at java.util.concurrent.FutureTask.run(FutureTask.java:317)
04-19 14:20:48.069 E/jpxr    ( 5578): 	at bjlx.c(:com.google.android.gms@261332035@26.13.32 (260400-895912391):50)
04-19 14:20:48.069 E/jpxr    ( 5578): 	at bjlx.run(:com.google.android.gms@261332035@26.13.32 (260400-895912391):73)
04-19 14:20:48.069 E/jpxr    ( 5578): 	at java.util.concurrent.ThreadPoolExecutor.runWorker(ThreadPoolExecutor.java:1154)
04-19 14:20:48.069 E/jpxr    ( 5578): 	at java.util.concurrent.ThreadPoolExecutor$Worker.run(ThreadPoolExecutor.java:652)
04-19 14:20:48.069 E/jpxr    ( 5578): 	at bjro.run(:com.google.android.gms@261332035@26.13.32 (260400-895912391):8)
04-19 14:20:48.069 E/jpxr    ( 5578): 	at java.lang.Thread.run(Thread.java:1564)
04-19 14:20:48.070 E/jpxr    ( 5578): *~*~*~ Previous channel {0} was garbage collected without being shut down! ~*~*~*
04-19 14:20:48.070 E/jpxr    ( 5578):     Make sure to call shutdown()/shutdownNow()
04-19 14:20:48.070 E/jpxr    ( 5578): java.lang.RuntimeException: ManagedChannel allocation site
04-19 14:20:48.070 E/jpxr    ( 5578): 	at jpxq.<init>(:com.google.android.gms@261332035@26.13.32 (260400-895912391):21)
04-19 14:20:48.070 E/jpxr    ( 5578): 	at jpxr.<init>(:com.google.android.gms@261332035@26.13.32 (260400-895912391):10)
04-19 14:20:48.070 E/jpxr    ( 5578): 	at jpxp.a(:com.google.android.gms@261332035@26.13.32 (260400-895912391):296)
04-19 14:20:48.070 E/jpxr    ( 5578): 	at jpfl.a(:com.google.android.gms@261332035@26.13.32 (260400-895912391):5)
04-19 14:20:48.070 E/jpxr    ( 5578): 	at jpli.a(:com.google.android.gms@261332035@26.13.32 (260400-895912391):21)
04-19 14:20:48.070 E/jpxr    ( 5578): 	at avpw.d(:com.google.android.gms@261332035@26.13.32 (260400-895912391):43)
04-19 14:20:48.070 E/jpxr    ( 5578): 	at avpw.c(:com.google.android.gms@261332035@26.13.32 (260400-895912391):3)
04-19 14:20:48.070 E/jpxr    ( 5578): 	at avpw.<init>(:com.google.android.gms@261332035@26.13.32 (260400-895912391):40)
04-19 14:20:48.070 E/jpxr    ( 5578): 	at avoi.<init>(:com.google.android.gms@261332035@26.13.32 (260400-895912391):196)
04-19 14:20:48.070 E/jpxr    ( 5578): 	at avnr.a(:com.google.android.gms@261332035@26.13.32 (260400-895912391):5)
04-19 14:20:48.070 E/jpxr    ( 5578): 	at azkz.<init>(:com.google.android.gms@261332035@26.13.32 (260400-895912391):10)
04-19 14:20:48.070 E/jpxr    ( 5578): 	at com.google.android.gms.backup.transport.snapshot.DeviceStateSnapshotLoggingTask.a(:com.google.android.gms@261332035@26.13.32 (260400-895912391):24)
04-19 14:20:48.070 E/jpxr    ( 5578): 	at cykk.call(:com.google.android.gms@261332035@26.13.32 (260400-895912391):30)
