04-19 14:47:27.920 I/SurfaceControlRegistry( 3944): show, t=StartTransaction_SyncId<2481> sc=Task=40882, caller=android.view.SurfaceControl$Transaction.show:3557 com.android.wm.shell.shared.TransitionUtil.createLeash:476 com.android.wm.shell.recents.RecentsTransitionHandler.startAnimation:820 com.android.wm.shell.transition.Transitions.playTransition:666 com.android.wm.shell.transition.Transitions.processReadyQueue:239 com.android.wm.shell.transition.Transitions.dispatchReady:1352 
04-19 14:47:27.920 V/ShellRecents( 3944):   adding pausing leaf taskId=40882 at layer=10
04-19 14:47:27.920 V/ShellRecents( 3944):  Excluded change from remote targets, change={m=TO_FRONT f=IS_WALLPAPER p=WCT{android.window.IWindowContainerToken$Stub$Proxy@fab181b} leash=Surface(name=WallpaperWindowToken{d11f2f0 showWhenLocked=false})/@0x8a4bf15 sb=Rect(0, 0 - 1080, 2340) eb=Rect(0, 0 - 1080, 2340) epz=Point(1080, 2340) d=0 inset=Rect(0, 0 - 0, 0)}
04-19 14:47:27.920 V/ShellRecents( 3944): Applying transaction=11802570236521
04-19 14:47:27.920 I/SurfaceControlRegistry( 3944): apply, t=StartTransaction_SyncId<2481>, caller=android.view.SurfaceControl$Transaction.apply:3459 android.view.SurfaceControl$Transaction.apply:3447 android.view.SurfaceControl$Transaction.apply:3397 com.android.wm.shell.recents.RecentsTransitionHandler.startAnimation:1459 com.android.wm.shell.transition.Transitions.playTransition:666 com.android.wm.shell.transition.Transitions.processReadyQueue:239 
04-19 14:47:27.921 V/ShellRecents( 3944): No matching remote found to takeover (#2481)
04-19 14:47:27.921 V/ShellSplitScreen( 3944): getSplitBoundsForTaskId: expected split bounds for taskId=40882 but not found
04-19 14:47:27.921 V/ShellRecents( 3944): [122851976] RecentsController.start: calling onAnimationStart with 3 apps
04-19 14:47:27.921 I/bvhy    (24038): onResume
04-19 14:47:27.922 V/ShellDesktopMode( 3944): DesktopTasksController: Recents transition state changed: TRANSITION_STATE_ANIMATING
04-19 14:47:27.922 I/HoneySpace.ShellTransitionManager( 4661): startGestureTransition, onAnimationStart, scope:CoroutineScope(coroutineContext=[SupervisorJobImpl{Active}@132d03f, Dispatchers.Default])
04-19 14:47:27.922 I/HoneySpace.RecentsAnimationController( 4661): start, isRecentsStarted: false
04-19 14:47:27.922 I/HoneySpace.HoneyScreenManagerImpl( 4661): gotoScreen honeyState=com.honeyspace.sdk.HomeScreen$Normal@6c74b88 com.honeyspace.sdk.HomeScreen$Normal@6c74b88
04-19 14:47:27.922 I/HoneySpace.HomescreenPot( 4661): changeState, com.honeyspace.sdk.HomeScreen$Normal@6c74b88, cancelOpen: false reapplyState: false
04-19 14:47:27.922 I/HoneySpace.HomescreenPot( 4661): updateChangeState? false, changedState = com.honeyspace.sdk.HomeScreen$Normal@6c74b88
04-19 14:47:27.922 I/HoneySpace.BackgroundManagerImpl( 4661): checkAndUpdateBackgroundEffect: com.honeyspace.sdk.HomeScreen$Normal@6c74b88, ch=98367064, forceApply=false
04-19 14:47:27.922 I/HoneySpace.HoneyScreenManagerImpl( 4661): setContentsAlpha, state: com.honeyspace.sdk.HomeScreen$Normal@6c74b88
04-19 14:47:27.922 I/HoneySpace.HomescreenPot( 4661): setContentsAlpha, alpha : 0.0
04-19 14:47:27.922 I/HoneySpace.RecentsAnimationManager( 4661): onAnimationStart
04-19 14:47:27.923 I/HoneySpace.LeashUpdater( 4661): showAppearedLeashOverlayTarget
04-19 14:47:27.923 I/HoneySpace.LeashUpdater( 4661): showHomeTarget, leash : Surface(name=Surface(name=Task=1)/@0xbeacaff_transition-leash)/@0x279885a
04-19 14:47:27.923 I/HoneySpace.FloatingAnimator( 4661): playerCount : 1
04-19 14:47:27.923 I/HoneySpace.FloatingAnimator( 4661): [Player:A(27.923)] create
04-19 14:47:27.923 I/HoneySpace.TransitionUtils( 4661): [getRotationChange] home-0, app-0
04-19 14:47:27.923 I/HoneySpace.TransitionUtils( 4661): getWindowTargetBounds: Rect(0, 0 - 1080, 2340)
04-19 14:47:27.923 V/WindowManagerShell( 3944):  animated by firstHandler
04-19 14:47:27.923 I/HoneySpace.FloatingAnimator( 4661): setup no target anim
04-19 14:47:27.923 I/HoneySpace.FloatingAnimator( 4661): [Player:A(27.923)] catch
04-19 14:47:27.923 I/HoneySpace.RectFSpringRelayer( 4661): springRelay created, 11478888
04-19 14:47:27.923 I/HoneySpace.MultiStateCallback( 4661): [208723422] Adding [STATE_RECENTS_ANIMATION_STARTED (16)] to [STATE_GESTURE_START, STATE_START_RECENTS_TRANSITION, STATE_GESTURE_MOVE_START (524293)]
04-19 14:47:27.923 I/HoneySpace.WallpaperAnimator( 4661): startWallpaperAnimation, isOpen-false, from:1.3, to:1.0, duration:1200
04-19 14:47:27.923 I/HoneySpace.WallpaperAnimator( 4661): wallpaper animation start [154652710]
04-19 14:47:27.923 I/HoneySpace.WallpaperAnimator( 4661): wallpaper animation pause
04-19 14:47:27.923 I/HoneySpace.RecentsAnimationController( 4661): enableInputConsumer
04-19 14:47:27.924 I/libprocessgroup( 2748): Removed cgroup /sys/fs/cgroup/system/uid_1000/pid_519
04-19 14:47:27.924 D/SystemUIService( 3944): SYSUI_RAM_OPTIMIZATION onTrimMemory=20
04-19 14:47:27.925 D/CentralSurfaces( 3944): SYSUI_RAM_OPTIMIZATION onTrimMemory=20
04-19 14:47:27.925 D/HWUI    ( 3944): CacheManager::trimMemory(20)
04-19 14:47:27.926 V/ShellRecents( 3944): [122851976] RecentsController.setInputConsumerEnabled: set focus to recents
04-19 14:47:27.927 D/SGM:FgCheckThread( 2748): TaskStackListener.onTaskFocusChanged(), taskId=40882, focused=false
04-19 14:47:27.927 D/SGM:FgCheckThread( 2748): TaskStackListener.onTaskFocusChanged(), taskId=8, focused=true
04-19 14:47:27.927 W/ProcessStats( 2748): Tracking association SourceState{b67bc6a com.android.bluetooth/1002 ImpFg #270085} whose proc state 5 is better than process ProcessState{7509bca com.samsung.android.mcfserver/10123 pkg=com.samsung.android.mcfserver} proc state 14 (9 skipped)
04-19 14:47:27.927 D/SGM:FgCheckThread( 2748):   sendRunningComponentFocus(), pkgName: com.sec.android.app.launcher, userId: 0
04-19 14:47:27.927 D/InputDispatcher( 2748): Focused application(0): ActivityRecord{101403755 u0 com.sec.android.app.launcher/.activities.LauncherActivity t8}
04-19 14:47:27.927 D/SGM:FgCheckThread( 2748): onLooperPrepared(), msg: MSG_TASK_FOCUSED, pkgName: com.sec.android.app.launcher, userId: 0
04-19 14:47:27.927 D/SGM:FgCheckThread( 2748): handleTaskFocused().
04-19 14:47:27.927 D/SGM:FgCheckThread( 2748): sendFocusOutConditionally() - mPrevNotiPkg: (unknown), userId: 0
04-19 14:47:27.927 D/SGM:FgCheckThread( 2748):   handleTaskFocused(), pkgName: com.sec.android.app.launcher, userID:0
04-19 14:47:27.927 D/SGM:FgCheckThread( 2748): handleResume().
04-19 14:47:27.927 D/AS.MultiSoundManager( 2748): mForegroundUid = 10150
04-19 14:47:27.927 D/SGM:FgCheckThread( 2748): sendFocusOutConditionally() - mPrevNotiPkg: (unknown), userId: 0
04-19 14:47:27.927 D/SGM:FgCheckThread( 2748):   handleResume(). pkgName: com.sec.android.app.launcher, userId: 0, category: non-game
04-19 14:47:27.927 D/SGM:FgCheckThread( 2748): notifyFocusInOut(). of pkg: com.sec.android.app.launcher, type: 4, isSecGameFamily: false, userId: 0
04-19 14:47:27.927 D/SGM:FgCheckThread( 2748):   notifyFocusInOut(). unexpected mPrevNotiType: -1
04-19 14:47:27.927 D/SGM:SystemHelper( 2748): callReleaseBlock needReleaseBlock:false
04-19 14:47:27.927 D/WindowManager( 2748): Changing focus from Window{ea2b130 u0 com.whatsapp/com.whatsapp.Conversation} to Window{4906084 u0 com.sec.android.app.launcher/com.sec.android.app.launcher.activities.LauncherActivity} displayId=0 Callers=com.android.server.wm.ActivityTaskManagerService.setLastResumedActivityUncheckLocked:264 com.android.server.wm.ActivityTaskManagerService.setFocusedTask:19 com.android.server.wm.ActivityTaskManagerService.focusTopTask:53 android.app.IActivityTaskManager$Stub.onTransact:2027 
04-19 14:47:27.927 I/WindowManager( 2748): Cancelling animation restarting=true, leash=Surface(name=Surface(name=ff4f5ba StatusBar)/@0x3964b25 - animation-leash of insets_animation)/@0xd67e78b
04-19 14:47:27.927 I/WindowManager( 2748): Reparenting to original parent: Surface(name=WindowToken{51856e5 type=2000 android.os.BinderProxy@d028a4f})/@0x58174fa, destroy=false, surface=Surface(name=ff4f5ba StatusBar)/@0x3964b25
04-19 14:47:27.927 I/WindowManager( 2748): Reparenting to leash, surface=Surface(name=ff4f5ba StatusBar)/@0x3964b25, leashParent=Surface(name=WindowToken{51856e5 type=2000 android.os.BinderProxy@d028a4f})/@0x58174fa
04-19 14:47:27.927 I/SurfaceFlinger( 1741): id=26236 createSurf, flag=24000, Surface(name=ff4f5ba StatusBar)/@0x3964b25 - animation-leash of insets_animation#26236
04-19 14:47:27.927 D/WindowManager( 2748): makeSurface duration=0 leash=Surface(name=Surface(name=ff4f5ba StatusBar)/@0x3964b25 - animation-leash of insets_animation)/@0xb0e9eb7
04-19 14:47:27.927 D/InsetsSourceProvider( 2748): updateControlForTarget: control=InsetsSourceControl: {43d50000 mType=statusBars initiallyVisible mSurfacePosition=Point(0, 0) mInsetsHint=Insets{left=0, top=91, right=0, bottom=0}}, target=Window{4906084 u0 com.sec.android.app.launcher/com.sec.android.app.launcher.activities.LauncherActivity}, from=com.android.server.wm.InsetsStateController.onControlTargetChanged:83 com.android.server.wm.InsetsPolicy.updateBarControlTarget:212 com.android.server.wm.DisplayPolicy.updateSystemBarAttributes:262 com.android.server.wm.WindowManagerService.updateFocusedWindowLocked:372 com.android.server.wm.ActivityTaskManagerService.setLastResumedActivityUncheckLocked:264 
04-19 14:47:27.928 D/WindowManager( 2748): updateSystemBarAttributes: displayId=0, focusedCanBeNavColorWin=false, win=Window{4906084 u0 com.sec.android.app.launcher/com.sec.android.app.launcher.activities.LauncherActivity}, navColorWin=Window{ea2b130 u0 com.whatsapp/com.whatsapp.Conversation}, caller=com.android.server.wm.WindowManagerService.updateFocusedWindowLocked:372 com.android.server.wm.ActivityTaskManagerService.setLastResumedActivityUncheckLocked:264 com.android.server.wm.ActivityTaskManagerService.setFocusedTask:19 
04-19 14:47:27.928 D/PerProcessNandswap$NandswapHandler( 2748): nandswap start for non-activity com.samsung.android.app.contacts(pid 20450) action:2 adj:500 type:3
04-19 14:47:27.928 D/WindowManager( 2748): updateSystemBarAttributes, bhv=2, apr=0, statusBarAprRegions=[AppearanceRegion{ bounds=[0,0][1080,2340]}], requestedVisibilities=-9
04-19 14:47:27.928 V/SystemKeyManager( 2748): updateFocusedWindow() is called, com.sec.android.app.launcher/com.sec.android.app.launcher.activities.LauncherActivity
04-19 14:47:27.928 I/SystemKeyManager( 2748): requested systemKeyInfo size=1 focusedWindow=com.sec.android.app.launcher/com.sec.android.app.launcher.activities.LauncherActivity
04-19 14:47:27.928 I/SystemKeyManager( 2748): requested systemKeyInfo size=1 focusedWindow=com.sec.android.app.launcher/com.sec.android.app.launcher.activities.LauncherActivity
04-19 14:47:27.928 I/HoneySpace.PredictionDataSourceImpl( 4661): TYPE_SUGGESTED_APPS updated: 9
04-19 14:47:27.929 I/HoneySpace.PredictionDataSourceImpl( 4661): TYPE_RECOMMENDED_WIDGETS updated: 50
04-19 14:47:27.931 V/InputMethodManagerService( 2748): IME window vis: 0 active: 0 visible: 0 displayId: 0
04-19 14:47:27.931 D/InputMethodManagerService( 2748): isImeSwitcherDisabledPackage : false
04-19 14:47:27.932 D/Zygote  ( 1542): Forked child process 5840
04-19 14:47:27.932 I/Zygote  ( 1542): Process 519 exited due to signal 9 (Killed)
04-19 14:47:27.933 D/BackgroundInstallControlService( 2748): Package event received: 0
04-19 14:47:27.933 I/HBD     (10702): MultiModalSwitcher onAppPrivateCommand needsToShowImeSwitcher : false 
04-19 14:47:27.933 I/HBD     (10702): c HoneyVoice setNavigationBarShortcut null
04-19 14:47:27.934 V/OsAgent ( 6455): broadcastSystemEvent - 7
04-19 14:47:27.934 D/ActivityManager( 2748): sync unfroze 2744 com.skms.android.agent:remote for 6
04-19 14:47:27.934 I/ActivityManager( 2748): Changes in 10114 19 to 3, 0 to 184
04-19 14:47:27.935 D/[secipm]( 2748): mSecIpmManager report to nap
04-19 14:47:27.935 I/PkgPredictorService-SecIpmManagerServiceImpl( 2748): reportToNAP uid:10150 com.sec.android.app.launcher/com.sec.android.app.launcher.activities.LauncherActivity thisTime:39
04-19 14:47:27.935 D/PkgPredictorService-SecIpmManagerServiceImpl( 2748): reportToNAP: mHeavyLaunchCounter is false
04-19 14:47:27.935 D/BoundBrokerSvc( 5578): onBind: Intent { act=com.google.android.gms.inappreach.service.START dat=chimera-action:/... xflg=0x4 cmp=com.google.android.gms/.chimera.GmsApiService }
04-19 14:47:27.935 D/BoundBrokerSvc( 5578): Loading bound service for intent: Intent { act=com.google.android.gms.inappreach.service.START dat=chimera-action:/... xflg=0x4 cmp=com.google.android.gms/.chimera.GmsApiService }
04-19 14:47:27.935 D/BackgroundInstallControlService( 2748): Package event received: 0
04-19 14:47:27.935 D/BackgroundInstallControlService( 2748): Package event received: 0
04-19 14:47:27.935 I/SurfaceFlinger( 1741): RequestedLayer [com.sec.android.app.launcher/com.sec[...]ivities.LauncherActivity$_4661#26230] hidden!! flag  from(1) --> to(0)
04-19 14:47:27.935 I/SurfaceFlinger( 1741): RequestedLayer [com.android.systemui.wallpapers.ImageWallpaper$_3944#84] hidden!! flag  from(1) --> to(0)
04-19 14:47:27.935 I/SurfaceFlinger( 1741): RequestedLayer [Transition Root: Task=1#26232] hidden!! flag  from(1) --> to(0)
04-19 14:47:27.935 I/SurfaceFlinger( 1741): RequestedLayer [ActivityRecord{101403755 u0 com.sec.[...].activities.LauncherActivity t8}#133] hidden!! flag  from(1) --> to(0)
04-19 14:47:27.935 I/SurfaceFlinger( 1741): RequestedLayer [Task=8#132] hidden!! flag  from(1) --> to(0)
04-19 14:47:27.935 I/SurfaceFlinger( 1741): RequestedLayer [WallpaperWindowToken{d11f2f0 showWhenLocked=false}#78] hidden!! flag  from(1) --> to(0)
04-19 14:47:27.936 I/SurfaceFlinger( 1741): RequestedLayer [Task=1#53] hidden!! flag  from(1) --> to(0)
04-19 14:47:27.936 I/SurfaceFlinger( 1741): RequestedLayer [TransientLaunchOverlayToken{8e4a788 token=android.os.BinderProxy@5bf972b}#141] hidden!! flag  from(1) --> to(0)
04-19 14:47:27.936 E/SurfaceFlinger( 1741): alpha changed 1.000 -> 0.000 - Surface(name=TransientLaunchOverlayToken{8e4a788 token=android.os.BinderProxy@5bf972b})/@0xcb8d21e_transition-leash#26233
04-19 14:47:27.936 E/SurfaceFlinger( 1741): alpha changed 1.000 -> 0.000 - Surface(name=Task=1)/@0xbeacaff_transition-leash#26234
04-19 14:47:27.936 I/SurfaceFlinger( 1741): RequestedLayer [Input Consumer recents_animation_input_consumer#140] hidden!! flag  from(1) --> to(0)
04-19 14:47:27.936 I/SurfaceFlinger( 1741): RequestedLayer [com.sec.android.app.launcher/com.sec[...]vities.LauncherActivity$_24038#26231] hidden!! flag  from(1) --> to(0)
04-19 14:47:27.936 E/SurfaceFlinger( 1741): alpha changed 1.000 -> 0.000 - com.sec.android.app.launcher/com.sec.android.app.launcher.activities.LauncherActivity$_24038#26231
04-19 14:47:27.936 I/SurfaceFlinger( 1741): [LayerHierarchy{RequestedLayerState{Task=1#53 parentId=26234} 2 children}] reparent to LayerHierarchy{RequestedLayerState{Surface(name=Task=1)/@0xbeacaff_transition-leash#26234 parentId=26232 z=7} 1 children}
04-19 14:47:27.936 I/SurfaceFlinger( 1741): [LayerHierarchy{RequestedLayerState{TransientLaunchOverlayToken{8e4a788 token=android.os.BinderProxy@5bf972b}#141 parentId=26233} 1 children}] reparent to LayerHierarchy{RequestedLayerState{Surface(name=TransientLaunchOverlayToken{8e4a788 token=android.os.BinderProxy@5bf972b})/@0xcb8d21e_transition-leash#26233 parentId=26232 relativeParentId=53 z=1} 1 children}
04-19 14:47:27.936 I/SurfaceFlinger( 1741): [LayerHierarchy{RequestedLayerState{WindowToken{2d1c356 type=2019 android.os.BinderProxy@6f93b18}#91 parentId=26184 relativeParentId=15 z=1} 1 children}] reparent to LayerHierarchy{RequestedLayerState{Task=40882#26184 parentId=26235} 3 children}
04-19 14:47:27.936 I/SurfaceFlinger( 1741): [LayerHierarchy{RequestedLayerState{WindowToken{2d1c356 type=2019 android.os.BinderProxy@6f93b18}#91 parentId=26184 relativeParentId=15 z=1} 1 children}] RelativeParent to LayerHierarchy{RequestedLayerState{ImeContainer#15 parentId=26210 relativeParentId=26211 z=1} 2 children}
04-19 14:47:27.936 I/SurfaceFlinger( 1741): [LayerHierarchy{RequestedLayerState{Input Consumer recents_animation_input_consumer#140 relativeParentId=26184 z=3} no children}] RelativeParent to LayerHierarchy{RequestedLayerState{Task=40882#26184 parentId=26235} 4 children}
04-19 14:47:27.936 I/SurfaceFlinger( 1741): [LayerHierarchy{RequestedLayerState{Task=40882#26184 parentId=26235} 4 children}] reparent to LayerHierarchy{RequestedLayerState{Surface(name=Task=40882)/@0xd0c50cc_transition-leash#26235 parentId=26232 z=2147483647} 1 children}
04-19 14:47:27.936 I/SurfaceFlinger( 1741): [LayerHierarchy{RequestedLayerState{Surface(name=TransientLaunchOverlayToken{8e4a788 token=android.os.BinderProxy@5bf972b})/@0xcb8d21e_transition-leash#26233 parentId=26232 relativeParentId=53 z=1} 1 children}] reparent to LayerHierarchy{RequestedLayerState{Transition Root: Task=1#26232 parentId=10} 1 children}
04-19 14:47:27.936 I/SurfaceFlinger( 1741): [LayerHierarchy{RequestedLayerState{Surface(name=TransientLaunchOverlayToken{8e4a788 token=android.os.BinderProxy@5bf972b})/@0xcb8d21e_transition-leash#26233 parentId=26232 relativeParentId=53 z=1} 1 children}] RelativeParent to LayerHierarchy{RequestedLayerState{Task=1#53 parentId=26234} 3 children}
04-19 14:47:27.936 I/SurfaceFlinger( 1741): [Surface(name=Task=1)/@0xbeacaff_transition-leash#26234] attach to parent LayerHierarchy{RequestedLayerState{Transition Root: Task=1#26232 parentId=10} 2 children}
04-19 14:47:27.936 I/SurfaceFlinger( 1741): [Surface(name=Task=40882)/@0xd0c50cc_transition-leash#26235] attach to parent LayerHierarchy{RequestedLayerState{Transition Root: Task=1#26232 parentId=10} 3 children}
04-19 14:47:27.936 I/SurfaceFlinger( 1741): [Surface(name=ff4f5ba StatusBar)/@0x3964b25 - animation-leash of insets_animation#26236] attach to parent LayerHierarchy{RequestedLayerState{WindowToken{51856e5 type=2000 android.os.BinderProxy@d028a4f}#98 parentId=17} 2 children}
04-19 14:47:27.936 I/HoneySpace.GestureMotionDetector( 4661): onScroll, ACTION_DRAG
04-19 14:47:27.936 I/HoneySpace.OtherActivityInputConsumer( 4661): motionEvent = ActionDrag(event=MotionEvent { action=ACTION_MOVE, actionButton=0, id[0]=0, x[0]=621.21094, y[0]=2235.5303, toolType[0]=TOOL_TYPE_FINGER, buttonState=0, classification=NONE, metaState=0, flags=0x0, edgeFlags=0x0, pointerCount=1, historySize=2, eventTime=87185045, downTime=87184937, deviceId=6, source=0x1002, displayId=0, eventId=297637868 }, distanceX=-9.4921875, distanceY=-96.47168)
04-19 14:47:27.936 I/HoneySpace.OtherActivityInputConsumer( 4661): collect ActionDrag(event=MotionEvent { action=ACTION_MOVE, actionButton=0, id[0]=0, x[0]=621.21094, y[0]=2235.5303, toolType[0]=TOOL_TYPE_FINGER, buttonState=0, classification=NONE, metaState=0, flags=0x0, edgeFlags=0x0, pointerCount=1, historySize=2, eventTime=87185045, downTime=87184937, deviceId=6, source=0x1002, displayId=0, eventId=297637868 }, distanceX=-9.4921875, distanceY=-96.47168)
04-19 14:47:27.936 I/HoneySpace.AnimationSession( 4661): doAction(169343257) called with: event = TaskMoveAnimation(motionEvent=MotionEvent { action=ACTION_MOVE, actionButton=0, id[0]=0, x[0]=621.21094, y[0]=2235.5303, toolType[0]=TOOL_TYPE_FINGER, buttonState=0, classification=NONE, metaState=0, flags=0x0, edgeFlags=0x0, pointerCount=1, historySize=2, eventTime=87185045, downTime=87184937, deviceId=6, source=0x1002, displayId=0, eventId=297637868 })
04-19 14:47:27.936 I/HoneySpace.AnimationSession( 4661): gesture taskPosition Rect(10, 32 - 1050, 2273)
04-19 14:47:27.936 I/WALLPAPER_SVC:SemWallpaperManagerService( 2748): isHomeActivityVisible : true 
04-19 14:47:27.936 I/HoneySpace.AnimationSession( 4661): collect taskPosition LeashTask(targetView=null, cornerRadius=103.76152, targetRect=Rect(10, 32 - 1050, 2273), animationProgress=0.0, fullScreenProgress=0.092761286, canHidden=false, springRectCallback=com.honeyspace.gesture.session.d@1936467)
04-19 14:47:27.936 I/HoneySpace.RecentsAnimationManager( 4661): moveTaskByPlayer, rect: Rect(10, 32 - 1050, 2273), progress : 0.0
04-19 14:47:27.936 I/HoneySpace.RectFAnimation( 4661): animateToFinalPosition RectF(10.0, 32.0, 1050.0, 2273.0)
04-19 14:47:27.936 D/WALLPAPER_SVC:WallpaperData( 2748): getWallpaperFile: file = /data/system/users/0/wallpaper_orig 
04-19 14:47:27.936 D/WALLPAPER_SVC:WallpaperData( 2748): getWallpaperFile: file = /data/system/users/0/wallpaper_orig 
04-19 14:47:27.936 D/BackgroundInstallControlService( 2748): Package event received: 0
04-19 14:47:27.936 D/WALLPAPER_SVC:WallpaperManagerService( 2748): dispatchHomeVisibilityChanged: visible = true, connection = com.android.server.wallpaper.WallpaperManagerService$WallpaperConnection@96f4e24, systemWallpaper = WallpaperData@c6b40ca, id: 318, which: 5, file mod: 1765417715743, info: null, engine(s): Proxy@642defb, type = 0, userId = 0, uri= null, allowBackup= true, wallpaperComponent = ComponentInfo{com.android.systemui/com.android.systemui.wallpapers.ImageWallpaper}, nextWallpaperComponent = ComponentInfo{com.android.systemui/com.android.systemui.wallpapers.ImageWallpaper} 
04-19 14:47:27.937 I/VRI[LauncherActivity]@605627e( 4661): mWNT: t=0xb400007623e1cd10 mBlastBufferQueue=0xb4000075f42141d0 fn= 2 HdrRenderState mRenderHdrSdrRatio=1.0 caller= com.android.systemui.shared.launcher.ViewRootImplCompat.mergeWithNextTransaction:4 com.honeyspace.transition.utils.SurfaceTransactionApplier.scheduleApply$lambda$1:16 com.honeyspace.transition.utils.SurfaceTransactionApplier.b:0 
04-19 14:47:27.937 W/qdgralloc( 4661): getInterlacedFlag: getMetaData returned 3, defaulting to interlaced_flag = 0
04-19 14:47:27.937 I/HoneySpace.TopTaskSource( 4661): onTaskFocusChanged(): taskId = 8
04-19 14:47:27.937 I/VRI[LauncherActivity]@605627e( 4661): mWNT: t=0xb400007623ed8650 mBlastBufferQueue=0xb4000075f42141d0 fn= 2 HdrRenderState mRenderHdrSdrRatio=1.0 caller= com.android.systemui.shared.launcher.ViewRootImplCompat.mergeWithNextTransaction:4 com.honeyspace.transition.utils.SurfaceTransactionApplier.scheduleApply$lambda$1:16 com.honeyspace.transition.utils.SurfaceTransactionApplier.b:0 
04-19 14:47:27.937 D/SurfaceFlinger( 1741): Display 4630946970390616451 HWC layers:
04-19 14:47:27.937 D/SurfaceFlinger( 1741):        DEVICE |           19645180411910 | 00002102 | RGBA_8888    |    0.0    0.0 1080.0 2340.0 |    0    0 1080 2340 | com.whatsapp/com.whatsapp.Conversation$_4574#26212 (423)
04-19 14:47:27.937 D/SurfaceFlinger( 1741):        DEVICE |           45964740002456 | 00002100 | RGBA_8888    |    0.0    0.0 1080.0 2249.0 |    0   91 1080 2340 | InputMethod$_10702#26219 (8)
04-19 14:47:27.937 D/SurfaceFlinger( 1741):        DEVICE |           16939351072717 | 00002100 | RGBA_8888    |    0.0    0.0 1080.0  144.0 |    0 2196 1080 2340 | NavigationBar0$_3944#104 (98843)
04-19 14:47:27.937 D/SurfaceFlinger( 1741):        DEVICE |           16939351072718 | 00002100 | RGBA_8888    |    0.0    0.0 1080.0   91.0 |    0    0 1080   91 | StatusBar$_3944#108 (47929)
04-19 14:47:27.937 D/SurfaceFlinger( 1741):        DEVICE |           20018842572015 | 00002100 | RGBA_8888    |    0.0    0.0   67.0  326.0 | 1013  687 1080 1013 | com.sec.android.app.launcher/com.sam[...]l.app.CocktailBarService$_4661#24079 (3)
04-19 14:47:27.937 D/SurfaceFlinger( 1741): 
04-19 14:47:27.937 I/VRI[LauncherActivity]@605627e( 4661): mWNT: t=0xb400007623ecea90 mBlastBufferQueue=0xb4000075f42141d0 fn= 2 HdrRenderState mRenderHdrSdrRatio=1.0 caller= com.android.systemui.shared.launcher.ViewRootImplCompat.mergeWithNextTransaction:4 com.honeyspace.transition.utils.SurfaceTransactionApplier.scheduleApply$lambda$1:16 com.honeyspace.transition.utils.SurfaceTransactionApplier.b:0 
04-19 14:47:27.938 D/PkgPredictorService-SecIpmManagerServiceImpl( 2748): ACTION_FOREGROUND_FINISH_EVENT sCurForegroundApp :com.sec.android.app.launcher
04-19 14:47:27.938 I/{OngoingActivityController}( 3944): onTaskFocusChanged but OA data is empty
04-19 14:47:27.938 D/DeviceReportingSecurityChecker( 2748): getStatus
04-19 14:47:27.938 D/DeviceReportingSecurityChecker( 2748): mIsICDStatus is true
04-19 14:47:27.938 D/DeviceReportingSecurityChecker( 2748): mIsSim is true
04-19 14:47:27.938 D/DeviceReportingSecurityChecker( 2748): mIsEchoAppSignature is true
04-19 14:47:27.938 D/DeviceReportingSecurityChecker( 2748): security check passed
04-19 14:47:27.938 D/DeviceReportingSecurityChecker( 2748): mIsICDStatus === true mIsSim == true mIsMyAccountSignature== false mIsEchoAppSignature== true mIsSprintHubSignature== false
04-19 14:47:27.938 I/ActivityManager( 2748): Start proc 5840:com.android.vending:background/u150a260 for service {com.android.vending/com.google.android.finsky.scheduler.process.backgroundimpl.PhoneskyJobServiceBackground}
04-19 14:47:27.938 I/ActivityManager( 2748): ProcessObserver broadcast disabled
04-19 14:47:27.939 D/NavigationBar( 3944): setImeWindowStatus displayId=0 vis=0 backDisposition=0 showImeSwitcher=false isImeVisible=false
04-19 14:47:27.939 D/Navbar.Store( 3944): handleEvent(0) OnNavBarIconHintChanged(iconHint=0) [Module] NavigationBar
04-19 14:47:27.939 D/Navbar.Store( 3944): --[Band]SETUPWIZARD_PACK_SET_NAVBAR_ICON_HINT
04-19 14:47:27.939 D/Navbar.Store( 3944): --[Band]VIS_PACK_REEVAULATE_NAVBAR
04-19 14:47:27.939 D/Navbar.Store( 3944): ----apply(0) NavBarStoreAction$ReevaluateNavBar
04-19 14:47:27.939 V/OsAgent ( 6455): broadcastSystemEvent - 7
04-19 14:47:27.939 D/NavBarView( 3944): disableBack=true (isBackDismissIme=false, handlingGestures=true, disabledFlagBack=false, isBottomGesture=false, isImeRenderingNavButtons=false)
04-19 14:47:27.939 D/NavBarStateManager( 3944): NavBarStates(0) isNavigationBarUseThemeDefault: true
04-19 14:47:27.941 D/Navbar.Store( 3944): handleEvent(0) OnSetGestureHintVisibility(recentVisible=true, homeVisible=true, backVisible=true) [Module] SamsungNavigationBarView
04-19 14:47:27.941 D/Navbar.Store( 3944): --[Band]GESTURE_PACK_SET_HINT_VISIBILITY
04-19 14:47:27.941 D/Navbar.Store( 3944): --[Band] (afterAction) GESTURE_PACK_SET_HINT_VISIBILITY
04-19 14:47:27.941 D/Navbar.Store( 3944): ----apply(0) NavBarStoreAction$UpdateGestureHintVisibility
04-19 14:47:27.941 D/NavBarStateManager( 3944): NavBarStates(0) canShowGestureHint: true
04-19 14:47:27.941 D/Navbar.Store( 3944): handleEvent(0) OnUpdateSysUiStateFlag(noArguments=true) [Module] SamsungNavigationBarView
04-19 14:47:27.941 D/Navbar.Store( 3944): --[Band]GESTURE_PACK_UPDATE_SYSTEMUI_STATE_FLAG
04-19 14:47:27.941 D/Navbar.Store( 3944): --[Band] (afterAction) GESTURE_PACK_UPDATE_SYSTEMUI_STATE_FLAG
04-19 14:47:27.941 D/NavBarStateManager( 3944): NavBarStates(0) isGameMode: false
04-19 14:47:27.941 D/Navbar.Store( 3944): ----apply(0) NavBarStoreAction$UpdateSysUiFlags
04-19 14:47:27.941 D/Navbar.Store( 3944): ----set 2199023255552 : false
04-19 14:47:27.941 D/Navbar.Store( 3944): ----set 137438953472 : false
04-19 14:47:27.941 D/NavigationBarControllerImpl( 3944): setNavigationBarShortcut requestClass : com.samsung.android.honeyboard, remoteViews : null, position : 0, priority : 12
04-19 14:47:27.941 D/RemoteViewPack( 3944): OnSetRemoteView RemoteViewShortcut(requestClass=com.samsung.android.honeyboard, remoteViews=null, position=0, priority=12)
04-19 14:47:27.941 D/NavBarStateManager( 3944): NavBarStates(0) isGameMode: false
04-19 14:47:27.941 I/HoneySpace.SystemUiRepository( 4661): systemUiFlags: allow_gesture|awake
04-19 14:47:27.942 I/HoneySpace.KeyguardStateRepositoryImpl( 4661): KEYGUARD_GOING_AWAY: false
04-19 14:47:27.942 I/HoneySpace.TaskbarEventTracker( 4661): invokeEvent() called with: event = SystemUiStateChanged(stateFlags=268566528)
04-19 14:47:27.942 I/HoneySpace.SystemUiRepository( 4661): systemUiFlags: awake
04-19 14:47:27.942 I/HoneySpace.KeyguardStateRepositoryImpl( 4661): KEYGUARD_GOING_AWAY: false
04-19 14:47:27.943 I/HoneySpace.TaskbarEventTracker( 4661): invokeEvent() called with: event = SystemUiStateChanged(stateFlags=268435456)
04-19 14:47:27.946 I/SLPASVC ( 5223): onStartJob                                                                                          [at com.samsung.euicc.lpaService.NotificationJobService.onStartJob(NotificationJobService.java:17)]
04-19 14:47:27.946 I/SLPASVC ( 5223): start NotificationService                                                                           [at com.samsung.euicc.lpaService.NotificationJobService.onStartJob(NotificationJobService.java:27)]
04-19 14:47:27.946 W/ContextImpl( 5223): Calling a method in the system process without a qualified user: android.app.ContextImpl.startService:2068 android.content.ContextWrapper.startService:872 com.samsung.euicc.lpaService.NotificationJobService.onStartJob:28 android.app.job.JobService$1.onStartJob:118 android.app.job.JobServiceEngine$JobHandler.handleMessage:169 
04-19 14:47:27.949 I/SLPASVC ( 5223): onStartCommand()                                                                                    [at com.samsung.euicc.lpaService.NotificationService.onStartCommand(NotificationService.java:42)]
04-19 14:47:27.950 I/SLPASVC ( 5223): +sendNotifications                                                                                  [at com.samsung.euicc.lpaService.NotificationService$NotificationHandler.sendNotifications(NotificationService$NotificationHandler.java:68)]
04-19 14:47:27.950 I/SLPASVC ( 5223): -sendNotifications                                                                                  [at com.samsung.euicc.lpaService.NotificationService$NotificationHandler.sendNotifications(NotificationService$NotificationHandler.java:78)]
04-19 14:47:27.950 I/SLPASVC ( 5223): +onDestroy(): Handler (com.samsung.euicc.lpaService.NotificationService$NotificationHandler) {9d755d2}[at com.samsung.euicc.lpaService.NotificationService.onDestroy(NotificationService.java:25)]
04-19 14:47:27.951 I/SLPASVC ( 5223): -onDestroy()                                                                                        [at com.samsung.euicc.lpaService.NotificationService.onDestroy(NotificationService.java:31)]
04-19 14:47:27.951 D/Zygote  ( 1542): Forked child process 5843
04-19 14:47:27.951 D/DeviceReportingSecurityChecker( 2748): getStatus
04-19 14:47:27.951 D/DeviceReportingSecurityChecker( 2748): mIsICDStatus is true
04-19 14:47:27.951 D/DeviceReportingSecurityChecker( 2748): mIsSim is true
04-19 14:47:27.952 D/DeviceReportingSecurityChecker( 2748): mIsEchoAppSignature is true
04-19 14:47:27.952 D/DeviceReportingSecurityChecker( 2748): security check passed
04-19 14:47:27.952 D/DeviceReportingSecurityChecker( 2748): mIsICDStatus === true mIsSim == true mIsMyAccountSignature== false mIsEchoAppSignature== true mIsSprintHubSignature== false
04-19 14:47:27.952 I/ActivityManager( 2748): Start proc 5843:com.google.android.apps.turbo:aab/u150a257 for service {com.google.android.apps.turbo/com.google.android.libraries.smartbattery.appusage.library.EvaluateAppBucketsJob}
04-19 14:47:27.952 I/ActivityManager( 2748): ProcessObserver broadcast disabled
04-19 14:47:27.952 E/SurfaceFlinger( 1741): alpha changed 0.000 -> 1.000 - Surface(name=TransientLaunchOverlayToken{8e4a788 token=android.os.BinderProxy@5bf972b})/@0xcb8d21e_transition-leash#26233
04-19 14:47:27.952 E/SurfaceFlinger( 1741): alpha changed 0.000 -> 1.000 - Surface(name=Task=1)/@0xbeacaff_transition-leash#26234
04-19 14:47:27.952 I/SurfaceFlinger( 1741): [LayerHierarchy{RequestedLayerState{ff4f5ba StatusBar#99 parentId=26236} 1 children}] reparent to LayerHierarchy{RequestedLayerState{Surface(name=ff4f5ba StatusBar)/@0x3964b25 - animation-leash of insets_animation#26236 parentId=98} 1 children}
04-19 14:47:27.952 I/SurfaceFlinger( 1741): [LayerHierarchy{RequestedLayerState{Input Consumer recents_animation_input_consumer#140 relativeParentId=26184 z=3} no children}] RelativeParent to LayerHierarchy{RequestedLayerState{Task=40882#26184 parentId=26235} 4 children}
04-19 14:47:27.952 I/SurfaceFlinger( 1741): [LayerHierarchy{RequestedLayerState{Surface(name=ff4f5ba StatusBar)/@0x3964b25 - animation-leash of insets_animation#26228} no children}] reparent to OffscreenRoot
04-19 14:47:27.952 I/SurfaceFlinger( 1741): [LayerHierarchy{RequestedLayerState{Surface(name=ff4f5ba StatusBar)/@0x3964b25 - animation-leash of insets_animation#26228} no children}] RelativeParent to null
04-19 14:47:27.952 I/SurfaceFlinger( 1741): [LayerHierarchy{RequestedLayerState{Surface(name=TransientLaunchOverlayToken{8e4a788 token=android.os.BinderProxy@5bf972b})/@0xcb8d21e_transition-leash#26233 parentId=26232 relativeParentId=26234 z=2} 1 children}] RelativeParent to LayerHierarchy{RequestedLayerState{Surface(name=Task=1)/@0xbeacaff_transition-leash#26234 parentId=26232 z=1} 2 children}
04-19 14:47:27.952 I/HoneySpace.GestureMotionDetector( 4661): onScroll, ACTION_DRAG
04-19 14:47:27.952 I/HoneySpace.OtherActivityInputConsumer( 4661): motionEvent = ActionDrag(event=MotionEvent { action=ACTION_MOVE, actionButton=0, id[0]=0, x[0]=621.4746, y[0]=2219.4316, toolType[0]=TOOL_TYPE_FINGER, buttonState=0, classification=NONE, metaState=0, flags=0x0, edgeFlags=0x0, pointerCount=1, historySize=2, eventTime=87185062, downTime=87184937, deviceId=6, source=0x1002, displayId=0, eventId=529769366 }, distanceX=-9.228516, distanceY=-112.57031)
04-19 14:47:27.952 I/HoneySpace.OtherActivityInputConsumer( 4661): collect ActionDrag(event=MotionEvent { action=ACTION_MOVE, actionButton=0, id[0]=0, x[0]=621.4746, y[0]=2219.4316, toolType[0]=TOOL_TYPE_FINGER, buttonState=0, classification=NONE, metaState=0, flags=0x0, edgeFlags=0x0, pointerCount=1, historySize=2, eventTime=87185062, downTime=87184937, deviceId=6, source=0x1002, displayId=0, eventId=529769366 }, distanceX=-9.228516, distanceY=-112.57031)
04-19 14:47:27.952 I/HoneySpace.AnimationSession( 4661): doAction(169343257) called with: event = TaskMoveAnimation(motionEvent=MotionEvent { action=ACTION_MOVE, actionButton=0, id[0]=0, x[0]=621.4746, y[0]=2219.4316, toolType[0]=TOOL_TYPE_FINGER, buttonState=0, classification=NONE, metaState=0, flags=0x0, edgeFlags=0x0, pointerCount=1, historySize=2, eventTime=87185062, downTime=87184937, deviceId=6, source=0x1002, displayId=0, eventId=529769366 })
04-19 14:47:27.952 I/HoneySpace.AnimationSession( 4661): gesture taskPosition Rect(14, 37 - 1047, 2262)
04-19 14:47:27.952 I/HoneySpace.AnimationSession( 4661): collect taskPosition LeashTask(targetView=null, cornerRadius=103.09993, targetRect=Rect(14, 37 - 1047, 2262), animationProgress=0.0, fullScreenProgress=0.10824076, canHidden=false, springRectCallback=com.honeyspace.gesture.session.d@66ebdfe)
04-19 14:47:27.953 I/HoneySpace.RecentsAnimationManager( 4661): moveTaskByPlayer, rect: Rect(14, 37 - 1047, 2262), progress : 0.0
04-19 14:47:27.953 I/HoneySpace.RectFAnimation( 4661): animateToFinalPosition RectF(14.0, 37.0, 1047.0, 2262.0)
04-19 14:47:27.954 W/qdgralloc( 4661): getInterlacedFlag: getMetaData returned 3, defaulting to interlaced_flag = 0
04-19 14:47:27.954 D/NavBarStateManager( 3944): NavBarStates(0) canUseNavBarBackgroundFrame: true
04-19 14:47:27.954 I/VRI[LauncherActivity]@605627e( 4661): mWNT: t=0xb400007623ed66d0 mBlastBufferQueue=0xb4000075f42141d0 fn= 3 HdrRenderState mRenderHdrSdrRatio=1.0 caller= com.android.systemui.shared.launcher.ViewRootImplCompat.mergeWithNextTransaction:4 com.honeyspace.transition.utils.SurfaceTransactionApplier.scheduleApply$lambda$1:16 com.honeyspace.transition.utils.SurfaceTransactionApplier.b:0 
04-19 14:47:27.954 I/ImeTracker( 2748): system_server:48a7249c: onRequestShow at ORIGIN_SERVER reason CONTROLS_CHANGED fromUser false
04-19 14:47:27.955 D/SurfaceComposerClient( 2748): setCornerRadius ## 4906084 com.sec.android.app.launcher/com.sec.android.app.launcher.activities.LauncherActivity#134 cornerRadius=0.000000
04-19 14:47:27.955 D/SurfaceComposerClient( 2748): setCornerRadius ## ea2b130 com.whatsapp/com.whatsapp.Conversation#26211 cornerRadius=0.000000
04-19 14:47:27.955 D/SurfaceComposerClient( 2748): setCornerRadius ## 4906084 com.sec.android.app.launcher/com.sec.android.app.launcher.activities.LauncherActivity#134 cornerRadius=0.000000
04-19 14:47:27.955 D/SurfaceComposerClient( 2748): setCornerRadius ## ea2b130 com.whatsapp/com.whatsapp.Conversation#26211 cornerRadius=0.000000
04-19 14:47:27.955 D/SurfaceFlinger( 1741): Display 4630946970390616451 HWC layers:
04-19 14:47:27.955 D/SurfaceFlinger( 1741):        CLIENT |           16939351015432 | 00000100 | RGBA_8888    |   86.0  187.0  659.0 1429.0 |    0    0 1080 2340 | Wallpaper BBQ wrapper 5_system#85 (1)
04-19 14:47:27.955 D/SurfaceFlinger( 1741):        CLIENT |           20018842572442 | 00002100 | RGBA_8888    |    0.0    0.0 1080.0 2340.0 |    0    0 1080 2340 | com.sec.android.app.launcher/com.sec[...]ivities.LauncherActivity$_4661#26230 (2)
04-19 14:47:27.955 D/SurfaceFlinger( 1741):        CLIENT |           20018842572399 | 00002100 | RGBA_8888    |    0.0    0.0    1.0    1.0 |  539 2339  540 2340 | RecentsTransitionOverlay$_4661#143 (blurRegions) (7874)
04-19 14:47:27.955 D/SurfaceFlinger( 1741):        CLIENT |           19645180411910 | 00002102 | RGBA_8888    |    0.0    8.0 1074.0 2335.0 |    0    0 1080 2340 | com.whatsapp/com.whatsapp.Conversation$_4574#26212 (423)
04-19 14:47:27.955 D/SurfaceFlinger( 1741):        CLIENT |           45964740002456 | 00002100 | RGBA_8888    |    0.0    0.0 1074.0 2244.0 |    0   83 1080 2340 | InputMethod$_10702#26219 (8)
04-19 14:47:27.955 D/SurfaceFlinger( 1741):        CLIENT |           16939351072727 | 00002100 | RGBA_8888    |    0.0    0.0 1074.0  139.0 |    0 2200 1080 23
04-19 14:47:27.956 D/SurfaceFlinger( 1741): 40 | NavigationBar0$_3944#104 (98844)
04-19 14:47:27.956 D/SurfaceFlinger( 1741):        DEVICE |           16939351072718 | 00002100 | RGBA_8888    |    0.0    0.0 1080.0   91.0 |    0    0 1080   91 | StatusBar$_3944#108 (47929)
04-19 14:47:27.956 D/SurfaceFlinger( 1741):        DEVICE |           20018842572015 | 00002100 | RGBA_8888    |    0.0    0.0   67.0  326.0 | 1013  687 1080 1013 | com.sec.android.app.launcher/com.sam[...]l.app.CocktailBarService$_4661#24079 (3)
04-19 14:47:27.956 D/SurfaceFlinger( 1741): 
04-19 14:47:27.956 D/SurfaceFlinger( 1741): [input] setFocusedWindow: recents_animation_input_consumer
04-19 14:47:27.956 I/InsetsSourceConsumer( 4661): applyRequestedVisibilityToControl: visible=true, type=statusBars, host=com.sec.android.app.launcher/com.sec.android.app.launcher.activities.LauncherActivity
04-19 14:47:27.956 D/NativeSemDvfsManager( 1741): acquire:: timeout = 2000 mIsAcquired = 1  mTagName : SurfaceFlinger 
04-19 14:47:27.956 I/SurfaceFlinger( 1741): id=26228 Removed Surface(name=ff4f5ba StatusBar)/@0x3964b25 - animation-leash of insets_animation#26228 (178)
04-19 14:47:27.956 D/InputDispatcher( 2748): Once focus requested (0): recents_animation_input_consumer
04-19 14:47:27.956 D/InputDispatcher( 2748): Focus left window (0): ea2b130 com.whatsapp/com.whatsapp.Conversation
04-19 14:47:27.956 D/InputDispatcher( 2748): Focus entered window (0): recents_animation_input_consumer
04-19 14:47:27.956 I/ImeTracker( 4574): system_server:48a7249c: onCancelled at PHASE_CLIENT_ON_CONTROLS_CHANGED
04-19 14:47:27.956 I/HYPER-HAL( 1631): [RequestManager.cpp]acquire(): Acquired ID : 3758911  [1741 / 1000]    HINT : SF_GPU_MINLOCK    list : [TIMEOUT / 2000] 
04-19 14:47:27.957 I/ImeFocusController( 4574): onPreWindowFocus: skipped hasWindowFocus=false mHasImeFocus=true
04-19 14:47:27.957 I/ImeFocusController( 4574): onPostWindowFocus: skipped hasWindowFocus=false mHasImeFocus=true
04-19 14:47:27.957 V/InputMethodManagerService( 2748): IME window vis: 0 active: 0 visible: 0 displayId: 0
04-19 14:47:27.957 D/InputMethodManagerService( 2748): isImeSwitcherDisabledPackage : false
04-19 14:47:27.957 E/NativeCustomFrequencyManager( 1741): [NativeCFMS] BpCustomFrequencyManager::acquire()
04-19 14:47:27.963 D/Zygote  ( 1542): Forked child process 5845
04-19 14:47:27.963 D/DeviceReportingSecurityChecker( 2748): getStatus
04-19 14:47:27.963 D/DeviceReportingSecurityChecker( 2748): mIsICDStatus is true
04-19 14:47:27.963 D/DeviceReportingSecurityChecker( 2748): mIsSim is true
04-19 14:47:27.963 D/DeviceReportingSecurityChecker( 2748): mIsEchoAppSignature is true
04-19 14:47:27.963 D/DeviceReportingSecurityChecker( 2748): security check passed
04-19 14:47:27.963 D/DeviceReportingSecurityChecker( 2748): mIsICDStatus === true mIsSim == true mIsMyAccountSignature== false mIsEchoAppSignature== true mIsSprintHubSignature== false
04-19 14:47:27.963 I/ActivityManager( 2748): Start proc 5845:com.google.android.apps.turbo:aab/u0a257 for service {com.google.android.apps.turbo/com.google.android.libraries.smartbattery.appusage.library.EvaluateAppBucketsJob}
04-19 14:47:27.963 I/ActivityManager( 2748): ProcessObserver broadcast disabled
04-19 14:47:27.966 D/PerProcessNandswapNative( 2748): enable WriteBooster
04-19 14:47:27.969 I/SurfaceFlinger( 1741): destroyed Surface(name=ff4f5ba StatusBar)/@0x3964b25 - animation-leash of insets_animation#26228 form LifecycleManager
04-19 14:47:27.969 I/SurfaceFlinger( 1741): id=26228 onLayerDestroyed from LayerHierarchyBuilder(RequestedLayerState{Surface(name=ff4f5ba StatusBar)/@0x3964b25 - animation-leash of insets_animation#26228 !handle})
04-19 14:47:27.969 I/HoneySpace.GestureMotionDetector( 4661): onScroll, ACTION_DRAG
04-19 14:47:27.969 I/HoneySpace.OtherActivityInputConsumer( 4661): motionEvent = ActionDrag(event=MotionEvent { action=ACTION_MOVE, actionButton=0, id[0]=0, x[0]=621.8779, y[0]=2208.9707, toolType[0]=TOOL_TYPE_FINGER, buttonState=0, classification=NONE, metaState=0, flags=0x0, edgeFlags=0x0, pointerCount=1, historySize=2, eventTime=87185078, downTime=87184937, deviceId=6, source=0x1002, displayId=0, eventId=480540267 }, distanceX=-8.825195, distanceY=-123.03125)
04-19 14:47:27.969 I/HoneySpace.OtherActivityInputConsumer( 4661): collect ActionDrag(event=MotionEvent { action=ACTION_MOVE, actionButton=0, id[0]=0, x[0]=621.8779, y[0]=2208.9707, toolType[0]=TOOL_TYPE_FINGER, buttonState=0, classification=NONE, metaState=0, flags=0x0, edgeFlags=0x0, pointerCount=1, historySize=2, eventTime=87185078, downTime=87184937, deviceId=6, source=0x1002, displayId=0, eventId=480540267 }, distanceX=-8.825195, distanceY=-123.03125)
04-19 14:47:27.969 I/HoneySpace.AnimationSession( 4661): doAction(169343257) called with: event = TaskMoveAnimation(motionEvent=MotionEvent { action=ACTION_MOVE, actionButton=0, id[0]=0, x[0]=621.8779, y[0]=2208.9707, toolType[0]=TOOL_TYPE_FINGER, buttonState=0, classification=NONE, metaState=0, flags=0x0, edgeFlags=0x0, pointerCount=1, historySize=2, eventTime=87185078, downTime=87184937, deviceId=6, source=0x1002, displayId=0, eventId=480540267 })
04-19 14:47:27.969 I/HoneySpace.AnimationSession( 4661): gesture taskPosition Rect(17, 41 - 1046, 2254)
04-19 14:47:27.969 I/HoneySpace.AnimationSession( 4661): collect taskPosition LeashTask(targetView=null, cornerRadius=102.67343, targetRect=Rect(17, 41 - 1046, 2254), animationProgress=0.0, fullScreenProgress=0.118299134, canHidden=false, springRectCallback=com.honeyspace.gesture.session.d@b7e795f)
04-19 14:47:27.969 I/HoneySpace.RecentsAnimationManager( 4661): moveTaskByPlayer, rect: Rect(17, 41 - 1046, 2254), progress : 0.0
04-19 14:47:27.969 I/HoneySpace.RectFAnimation( 4661): animateToFinalPosition RectF(17.0, 41.0, 1046.0, 2254.0)
04-19 14:47:27.969 I/Layer   ( 1741): id=26228 Destroyed Surface(name=ff4f5ba StatusBar)/@0x3964b25 - animation-leash of insets_animation#26228
04-19 14:47:27.969 D/SurfaceFlinger( 1741): GPIS:: requestGPISForClientComposition
04-19 14:47:27.971 W/qdgralloc( 4661): getInterlacedFlag: getMetaData returned 3, defaulting to interlaced_flag = 0
04-19 14:47:27.971 I/VRI[LauncherActivity]@605627e( 4661): mWNT: t=0xb400007623d5be10 mBlastBufferQueue=0xb4000075f42141d0 fn= 4 HdrRenderState mRenderHdrSdrRatio=1.0 caller= com.android.systemui.shared.launcher.ViewRootImplCompat.mergeWithNextTransaction:4 com.honeyspace.transition.utils.SurfaceTransactionApplier.scheduleApply$lambda$1:16 com.honeyspace.transition.utils.SurfaceTransactionApplier.b:0 
04-19 14:47:27.971 D/NavigationBar( 3944): setImeWindowStatus displayId=0 vis=0 backDisposition=0 showImeSwitcher=false isImeVisible=false
04-19 14:47:27.971 D/PerProcessNandswap$NandswapHandler( 2748): nandswap end for non-activity com.samsung.android.app.contacts(pid 20450) ret:19852935168 adj:500
04-19 14:47:27.976 D/PerProcessNandswap$NandswapHandler( 2748): nandswap start for non-activity com.google.android.apps.messaging:rcs(pid 7272) action:5 adj:200 type:2
04-19 14:47:27.981 I/.apps.turbo:aab( 5843): Using CollectorTypeCMC GC.
04-19 14:47:27.981 I/ding:background( 5840): Using CollectorTypeCMC GC.
04-19 14:47:27.981 D/PerProcessNandswapNative( 2748): enable WriteBooster
04-19 14:47:27.985 D/nativeloader( 5840): Load libframework-connectivity-tiramisu-jni.so using APEX ns com_android_tethering for caller /apex/com.android.tethering/javalib/framework-connectivity-t.jar: ok
04-19 14:47:27.986 I/SurfaceFlinger( 1741): [LayerHierarchy{RequestedLayerState{Input Consumer recents_animation_input_consumer#140 relativeParentId=26184 z=3} no children}] RelativeParent to LayerHierarchy{RequestedLayerState{Task=40882#26184 parentId=26235} 4 children}
04-19 14:47:27.986 D/nativeloader( 5843): Load libframework-connectivity-tiramisu-jni.so using APEX ns com_android_tethering for caller /apex/com.android.tethering/javalib/framework-connectivity-t.jar: ok
04-19 14:47:27.986 I/HoneySpace.GestureMotionDetector( 4661): onScroll, ACTION_DRAG
04-19 14:47:27.986 I/HoneySpace.OtherActivityInputConsumer( 4661): motionEvent = ActionDrag(event=MotionEvent { action=ACTION_MOVE, actionButton=0, id[0]=0, x[0]=622.66504, y[0]=2201.8691, toolType[0]=TOOL_TYPE_FINGER, buttonState=0, classification=NONE, metaState=0, flags=0x0, edgeFlags=0x0, pointerCount=1, historySize=2, eventTime=87185095, downTime=87184937, deviceId=6, source=0x1002, displayId=0, eventId=698634755 }, distanceX=-8.038086, distanceY=-130.13281)
04-19 14:47:27.986 I/HoneySpace.OtherActivityInputConsumer( 4661): collect ActionDrag(event=MotionEvent { action=ACTION_MOVE, actionButton=0, id[0]=0, x[0]=622.66504, y[0]=2201.8691, toolType[0]=TOOL_TYPE_FINGER, buttonState=0, classification=NONE, metaState=0, flags=0x0, edgeFlags=0x0, pointerCount=1, historySize=2, eventTime=87185095, downTime=87184937, deviceId=6, source=0x1002, displayId=0, eventId=698634755 }, distanceX=-8.038086, distanceY=-130.13281)
04-19 14:47:27.986 I/HoneySpace.AnimationSession( 4661): doAction(169343257) called with: event = TaskMoveAnimation(motionEvent=MotionEvent { action=ACTION_MOVE, actionButton=0, id[0]=0, x[0]=622.66504, y[0]=2201.8691, toolType[0]=TOOL_TYPE_FINGER, buttonState=0, classification=NONE, metaState=0, flags=0x0, edgeFlags=0x0, pointerCount=1, historySize=2, eventTime=87185095, downTime=87184937, deviceId=6, source=0x1002, displayId=0, eventId=698634755 })
04-19 14:47:27.986 I/HoneySpace.AnimationSession( 4661): gesture taskPosition Rect(19, 43 - 1045, 2250)
04-19 14:47:27.986 I/HoneySpace.AnimationSession( 4661): collect taskPosition LeashTask(targetView=null, cornerRadius=102.389, targetRect=Rect(19, 43 - 1045, 2250), animationProgress=0.0, fullScreenProgress=0.125128, canHidden=false, springRectCallback=com.honeyspace.gesture.session.d@c4ecfac)
04-19 14:47:27.986 I/HoneySpace.RecentsAnimationManager( 4661): moveTaskByPlayer, rect: Rect(19, 43 - 1045, 2250), progress : 0.0
04-19 14:47:27.986 I/HoneySpace.RectFAnimation( 4661): animateToFinalPosition RectF(19.0, 43.0, 1045.0, 2250.0)
04-19 14:47:27.987 D/ActivityThread( 5843): setConscryptValidator
04-19 14:47:27.987 D/ActivityThread( 5840): setConscryptValidator
04-19 14:47:27.987 I/VRI[LauncherActivity]@605627e( 4661): mWNT: t=0xb400007623d5e9d0 mBlastBufferQueue=0xb4000075f42141d0 fn= 5 HdrRenderState mRenderHdrSdrRatio=1.0 caller= com.android.systemui.shared.launcher.ViewRootImplCompat.mergeWithNextTransaction:4 com.honeyspace.transition.utils.SurfaceTransactionApplier.scheduleApply$lambda$1:16 com.honeyspace.transition.utils.SurfaceTransactionApplier.b:0 
04-19 14:47:27.988 D/ActivityThread( 5843): setConscryptValidator - put
04-19 14:47:27.989 D/ActivityThread( 5840): setConscryptValidator - put
04-19 14:47:27.995 V/OsAgent ( 6455): broadcastSystemEvent - 7
04-19 14:47:27.997 D/CompatChangeReporter( 5843): Compat change id reported: 242716250; UID 15010257; state: ENABLED
04-19 14:47:27.999 D/ApplicationLoaders( 5843): Returning zygote-cached class loader: /system/framework/org.apache.http.legacy.jar
04-19 14:47:27.999 D/ApplicationLoaders( 5843): Returning zygote-cached class loader: /system_ext/framework/androidx.window.extensions.jar
04-19 14:47:27.999 D/ApplicationLoaders( 5843): Returning zygote-cached class loader: /system_ext/framework/androidx.window.sidecar.jar
04-19 14:47:28.000 D/ApplicationLoaders( 5840): Returning zygote-cached class loader: /system/framework/org.apache.http.legacy.jar
04-19 14:47:28.000 D/ApplicationLoaders( 5840): Returning zygote-cached class loader: /system_ext/framework/androidx.window.extensions.jar
04-19 14:47:28.000 D/ApplicationLoaders( 5840): Returning zygote-cached class loader: /system_ext/framework/androidx.window.sidecar.jar
04-19 14:47:28.001 I/.apps.turbo:aab( 5845): Using CollectorTypeCMC GC.
04-19 14:47:28.002 I/HoneySpace.GestureMotionDetector( 4661): onScroll, ACTION_DRAG
04-19 14:47:28.003 I/HoneySpace.OtherActivityInputConsumer( 4661): motionEvent = ActionDrag(event=MotionEvent { action=ACTION_MOVE, actionButton=0, id[0]=0, x[0]=622.0654, y[0]=2197.0195, toolType[0]=TOOL_TYPE_FINGER, buttonState=0, classification=NONE, metaState=0, flags=0x0, edgeFlags=0x0, pointerCount=1, historySize=2, eventTime=87185112, downTime=87184937, deviceId=6, source=0x1002, displayId=0, eventId=193473051 }, distanceX=-8.637695, distanceY=-134.98242)
