04-19 14:22:44.603 I/InsetsController(13984): onStateChanged: host=com.whatsapp/com.whatsapp.Conversation, from=android.view.ViewRootImpl.onInsetsStateChanged:3026, state=InsetsState: {mDisplayFrame=Rect(0, 0 - 1080, 2340), mDisplayCutout=DisplayCutout{insets=Rect(0, 91 - 0, 0) waterfall=Insets{left=0, top=0, right=0, bottom=0} boundingRect={Bounds=[Rect(0, 0 - 0, 0), Rect(511, 0 - 569, 91), Rect(0, 0 - 0, 0), Rect(0, 0 - 0, 0)]} cutoutPathParserInfo={CutoutPathParserInfo{displayWidth=1080 displayHeight=2340 physicalDisplayWidth=1080 physicalDisplayHeight=2340 density={3.0} cutoutSpec={M 0,0 H -9.666666666666667 V 30.33333333333333 H 9.666666666666667 V 0 H 0 Z @dp} rotation={0} scale={1.0} physicalPixelDisplaySizeRatio={1.0}}} sideOverrides={}}, mRoundedCorners=RoundedCorners{[RoundedCorner{position=TopLeft, radius=108, center=Point(108, 108)}, RoundedCorner{position=TopRight, radius=108, center=Point(972, 108)}, RoundedCorner{position=BottomRight, radius=108, center=Point(972, 2232)}, RoundedCorner{position=BottomLeft, radius=108, center=Point(108, 2232)}]}  mRoundedCornerFrame=Rect(0, 0 - 1080, 2340), mPrivacyIndicatorBounds=PrivacyIndicatorBounds {static bounds=Rect(948, 0 - 1080, 91) rotation=0}, mDisplayShape=DisplayShape{ spec=1406003047 displayWidth=1080 displayHeight=2340 physicalPixelDisplaySizeRatio=1.0 rotation=0 offsetX=0 offsetY=0 scale=1.0}, mSources= { InsetsSource: {3 mType=ime mFrame=[0,1314][1080,2340] mVisible=true mFlags= mSideHint=BOTTOM mBoundingRects=null}, InsetsSource: {27 mType=displayCutout mFrame=[0,0][1080,91] mVisible=true mFlags= mSideHint=TOP mBoundingRects=null}, InsetsSource: {ec30001 mType=navigationBars mFrame=[0,2295][1080,2340] mVisible=true mFlags=SUPPRESS_SCRIM mSideHint=BOTTOM mBoundingRects=null}, InsetsSource: {ec30004 mType=systemGestures mFrame=[0,0][90,2340] mVisible=true mFlags= mSideHint=LEFT mBoundingRects=null}, InsetsSource: {ec30005 mType=mandatorySystemGestures mFrame=[0,2244][1080,2340] mVisible=true mFlags= mSideHint=BOTTOM mBoundingRects=null}, InsetsSource: {ec30006 mType=tappableElement mFrame=[0,0][0,0] mVisible=true mFlags= mSideHint=NONE mBoundingRects=null}, InsetsSource: {ec30024 mType=systemGestures mFrame=[990,0][1080,2340] mVisible=true mFlags= mSideHint=RIGHT mBoundingRects=null}, InsetsSource: {43d50000 mType=statusBars mFrame=[0,0][1080,91] mVisible=true mFlags= mSideHint=TOP mBoundingRects=null}, InsetsSource: {43d50005 mType=mandatorySystemGestures mFrame=[0,0][1080,127] mVisible=true mFlags= mSideHint=TOP mBoundingRects=null}, InsetsSource: {43d50006 mType=tappableElement mFrame=[0,0][1080,91] mVisible=true mFlags= mSideHint=TOP mBoundingRects=null} }
04-19 14:22:44.603 I/ImeTracker(13984): com.whatsapp:12db1847: onCancelled at PHASE_CLIENT_ANIMATION_CANCEL
04-19 14:22:44.603 I/InsetsController(13984): cancelAnimation: types=ime, animType=1, host=com.whatsapp/com.whatsapp.Conversation, from=android.view.InsetsController.notifyControlRevoked:2043 android.view.InsetsSourceConsumer.setControl:158 android.view.InsetsController.onControlsChanged:1207 
04-19 14:22:44.603 I/sysinput:aidl( 1657): onReportInformation:93, 1, cmd@set_sip_mode,1:0
04-19 14:22:44.604 I/sysinput:Touch1( 1657): operator():237, OK
04-19 14:22:44.604 I/SamsungAccount( 9786): [SignatureInfoDbHelper] searchOnUser(fromDb) - [10/lfgff][android.honeyboard.][64/3291d] => matched
04-19 14:22:44.604 I/SamsungAccount( 9786): [AccountManagerProvider] This is the access of the allowed application
04-19 14:22:44.604 I/SamsungAccount( 9786): [AccountManagerUtil] isSamsungAccountSignedIn : true
04-19 14:22:44.604 I/VRI[Conversation]@c125777(13984): Relayout returned: old=(0,0,1080,2340) new=(0,0,1080,2340) relayoutAsync=false req=(1080,2340)8 dur=6 res=0x2 s={false 0x0} ch=false seqId=0
04-19 14:22:44.605 I/SamsungAccount( 9786): [TPMU]  SIMState     :SIM_STATE_READY
04-19 14:22:44.605 I/SamsungAccount( 9786): [CountryCodeUtil] isChinaCountryCode : false
04-19 14:22:44.605 D/HWUI    (13984): CacheManager::trimMemory(20)
04-19 14:22:44.605 D/InputTransport(13984): Input channel destroyed: 'ClientS', fd=221
04-19 14:22:44.606 I/SamsungAccount( 9786): [TPMU] getMccFromUsim
04-19 14:22:44.606 I/SamsungAccount( 9786): [MccManager] saveMccToPreference Start
04-19 14:22:44.606 I/SamsungAccount( 9786): [MccManager] saveMccToPreference, mcc is same with previous mcc
04-19 14:22:44.606 I/SamsungAccount( 9786): [ChildAccountSupportedListManager] getSupportedListFromLocal from cache
04-19 14:22:44.606 E/WindowManager( 2748): win=Window{ab19d8a u0 com.whatsapp/com.whatsapp.Conversation} destroySurfaces: appStopped=true cleanupOnResume=false win.mWindowRemovalAllowed=false win.mRemoveOnExit=false win.mViewVisibility=8 caller=com.android.server.wm.ActivityRecord.destroySurfaces:25 com.android.server.wm.ActivityRecord.activityStopped:192 com.android.server.wm.ActivityClientController.activityStopped:97 android.app.IActivityClientController$Stub.onTransact:740 com.android.server.wm.ActivityClientController.onTransact:1 android.os.Binder.execTransactInternal:1462 android.os.Binder.execTransact:1401 
04-19 14:22:44.606 I/SamsungAccount( 9786): [TPMU]  SIMState     :SIM_STATE_READY
04-19 14:22:44.606 I/SamsungAccount( 9786): [CountryCodeUtil] isChinaCountryCode : false
04-19 14:22:44.606 D/SGM:FgCheckThread( 2748): getForegroundApp(), foregroundPkgName=com.sec.android.app.launcher
04-19 14:22:44.607 D/SysinputHAL_AIDL( 2748): setProperty(TSP(1)): CMD, set_sip_mode,1 ret=0
04-19 14:22:44.607 D/SemInputDevice:TSP( 2748): SetPropertyTask: CMD,set_grip_data,1,18,7,24,1920 [04-19 14:22:44.599]
04-19 14:22:44.607 I/SamsungAccount( 9786): [TPMU] getMccFromUsim
04-19 14:22:44.607 I/SamsungAccount( 9786): [MccManager] saveMccToPreference Start
04-19 14:22:44.607 I/SamsungAccount( 9786): [MccManager] saveMccToPreference, mcc is same with previous mcc
04-19 14:22:44.607 I/SamsungAccount( 9786): [FamilyGroupUtil] meetKoreaCountryCondition(beforeSignUp=false): false
04-19 14:22:44.607 I/SamsungAccount( 9786): [ChildAccountSupportedListManager] getSupportedListFromLocal from cache
04-19 14:22:44.608 D/SGM:GameManager( 2748): identifyForegroundApp. com.sec.android.app.launcher, mCurrentUserId: 0, callerUserId: 0
04-19 14:22:44.608 D/SGM:SemGameManager( 2748): isForegroundGame(), ret=false
04-19 14:22:44.608 I/SamsungAccount( 9786): [TPMU]  SIMState     :SIM_STATE_READY
04-19 14:22:44.608 I/SamsungAccount( 9786): [CountryCodeUtil] isChinaCountryCode : false
04-19 14:22:44.608 D/BackgroundInstallControlService( 2748): Package event received: 0
04-19 14:22:44.608 I/SamsungAccount( 9786): [TPMU] getMccFromUsim
04-19 14:22:44.608 I/SamsungAccount( 9786): [MccManager] saveMccToPreference Start
04-19 14:22:44.608 I/SamsungAccount( 9786): [MccManager] saveMccToPreference, mcc is same with previous mcc
04-19 14:22:44.608 I/SamsungAccount( 9786): [FamilyGroupUtil] meetServerCountryCondition(beforeSignUp=false): true
04-19 14:22:44.609 I/SamsungAccount( 9786): [TPMU]  SIMState     :SIM_STATE_READY
04-19 14:22:44.609 I/SamsungAccount( 9786): [CountryCodeUtil] isChinaCountryCode : false
04-19 14:22:44.609 I/ActivityManager( 2748): Changes in 10406 10 to 10, 128 to 0
04-19 14:22:44.609 I/SAMSUNGWALLET(16411): [Hint_ProcessStatusChange] fg Change, pid : 13984 , isNotify : false , isForeground : false , fg list : [4661]
04-19 14:22:44.609 D/SGM:FgCheckThread( 2748): pkgName: com.whatsapp is not in foreground
04-19 14:22:44.609 D/SGM:FgCheckThread( 2748): noteStopComponent(), received pkgName: com.whatsapp, focusedPkgName: com.sec.android.app.launcher, userId: 0
04-19 14:22:44.609 I/SAMSUNGWALLET[US](16411): [ProcessStatusChange] fg Change, pid : 13984 , isNotify : true , isForeground : false , fg list : []
04-19 14:22:44.609 I/SamsungAccount( 9786): [TPMU] getMccFromUsim
04-19 14:22:44.609 I/SamsungAccount( 9786): [MccManager] saveMccToPreference Start
04-19 14:22:44.609 I/sysinput:aidl( 1657): onReportInformation:91, 1, cmd@set_grip_data,1,18,7,24,19
04-19 14:22:44.609 I/SamsungAccount( 9786): [MccManager] saveMccToPreference, mcc is same with previous mcc
04-19 14:22:44.609 I/SamsungAccount( 9786): [FamilyGroupUtil] meetKoreaOneUiCondition: false
04-19 14:22:44.609 D/SGM:GameManager( 2748): identifyForegroundApp. com.sec.android.app.launcher, mCurrentUserId: 0, callerUserId: 0
04-19 14:22:44.609 D/SGM:SemGameManager( 2748): isForegroundGame(), ret=false
04-19 14:22:44.610 I/SamsungAccount( 9786): [ChildAccountSupportedListManager] getSupportedListFromLocal from cache
04-19 14:22:44.610 I/SamsungAccount( 9786): [FamilyGroupUtil] meetServerOneUiCondition: true
04-19 14:22:44.610 I/SamsungAccount( 9786): [FamilyGroupUtil] isSupportFamilyService: true
04-19 14:22:44.610 I/SamsungAccount( 9786): [AccountManagerUtil] isSamsungAccountSignedIn : true
04-19 14:22:44.610 D/PkgPredictorService-SecIpmManagerServiceImpl( 2748): bg information pid:13984 uid:10406 pkgName:com.whatsapp
04-19 14:22:44.610 I/SamsungAccount( 9786): [ChildAccount] isChildAccount : false
04-19 14:22:44.610 I/SamsungAccount( 9786): [AccountManagerProvider] makeResultBundle - resultCode : 0
04-19 14:22:44.610 I/SAMSUNGWALLET(16411): [Hint_ProcessStatusChange] fg Change, pid : 13984 , isNotify : false , isForeground : false , fg list : [4661]
04-19 14:22:44.610 I/SAMSUNGWALLET(16411): [Hint_ProcessStatusChange] fg Change, pid : 13984 , isNotify : true , isForeground : false , fg list : [4661]
04-19 14:22:44.610 I/SAMSUNGWALLET[US](16411): [ProcessStatusChange] fg Change, pid : 13984 , isNotify : false , isForeground : false , fg list : []
04-19 14:22:44.610 I/HBD     (10702): i [AiWriter] isChildAccount:false
04-19 14:22:44.610 I/SAMSUNGWALLET[US](16411): [ProcessStatusChange] fg Change, pid : 13984 , isNotify : false , isForeground : false , fg list : []
04-19 14:22:44.610 I/HBD     (10702): f needOff = true , isForceOff = false, isNullInputClass : true 
04-19 14:22:44.610 I/HBD     (10702): f update cached prediction status : false 
04-19 14:22:44.610 I/HBD     (10702): h getDefaultInputRange : UNKNOWN 
04-19 14:22:44.610 I/HBD     (10702): a currentState : 0 
04-19 14:22:44.610 I/sysinput:Touch1( 1657): operator():237, OK
04-19 14:22:44.611 I/HBD     (10702): a [UpdatePolicy] [post] a: 0 cl: 65537 kit: [0/0] vt: 0 ir: 1 
04-19 14:22:44.611 I/SAMSUNGWALLET[US](16411): [ProcessMonitor] App went to background.
04-19 14:22:44.611 I/HBD     (10702): a [NRIC] resetNoResponseState 
04-19 14:22:44.611 I/HBD     (10702): f needOff = true , isForceOff = false, isNullInputClass : true 
04-19 14:22:44.611 I/HBD     (10702): f update cached prediction status : false 
04-19 14:22:44.611 I/HBD     (10702): HoneyBoardService [PF_OP][onStartInput]  13 ms 
04-19 14:22:44.611 I/HBD     (10702): HoneyBoardService onStartInputView : restarting=false, client=com.sec.android.app.launcher, pid=4661 
04-19 14:22:44.611 I/HBD     (10702): h [EditorInputType]setPrivateImeOptionsToTable privateImeOptions ( null )
04-19 14:22:44.611 I/HBD     (10702): b incognitoMode : false 
04-19 14:22:44.611 I/HBD     (10702): f needOff = true , isForceOff = false, isNullInputClass : true 
04-19 14:22:44.611 I/HBD     (10702): h getDefaultInputRange : UNKNOWN 
04-19 14:22:44.611 I/HBD     (10702): h getDefaultInputRange : UNKNOWN 
04-19 14:22:44.611 I/HBD     (10702): h getDefaultInputRange : UNKNOWN 
04-19 14:22:44.611 I/HBD     (10702): i [AiWriter] isChildBlockCase:
04-19 14:22:44.611 D/SysinputHAL_AIDL( 2748): setProperty(TSP(1)): CMD, set_grip_data,1,18,7,24,1920 ret=0
04-19 14:22:44.611 I/SemDvfsHyPerManager(10702): acquire hyper - SKBD_RE_ENTER_SHOW/10702@1, type = -999
04-19 14:22:44.612 I/SamsungAccount( 9786): [AccountManagerProvider] isChildAccount
04-19 14:22:44.612 I/SamsungAccount( 9786): [AccountManagerProvider] Calling package : android.honeyboard.
04-19 14:22:44.613 I/HYPER-HAL( 1631): [RequestManager.cpp]acquire(): Acquired ID : 57282457  [10702 / 1]    HINT : KBD_APP_RE_ENTER_VIEW    list : [TIMEOUT / 400] 
04-19 14:22:44.613 I/SamsungAccount( 9786): [SignatureInfoDbHelper] searchOnUser(fromDb) - [10/lfgff][android.honeyboard.][64/3291d] => matched
04-19 14:22:44.613 I/SamsungAccount( 9786): [AccountManagerProvider] This is the access of the allowed application
04-19 14:22:44.613 I/SamsungAccount( 9786): [AccountManagerUtil] isSamsungAccountSignedIn : true
04-19 14:22:44.613 I/SSS     ( 7220): [ChatRoomComponentManager] onNoTranslatableMessage[-354583844]: 12/25
04-19 14:22:44.614 I/WALLPAPER_SVC:SemWallpaperManagerService( 2748): isHomeActivityVisible : true 
04-19 14:22:44.614 D/WALLPAPER_SVC:WallpaperData( 2748): getWallpaperFile: file = /data/system/users/0/wallpaper_orig 
04-19 14:22:44.614 D/WALLPAPER_SVC:WallpaperData( 2748): getWallpaperFile: file = /data/system/users/0/wallpaper_orig 
04-19 14:22:44.616 I/SurfaceFlinger( 1741): RequestedLayer [Surface(name=569e040 InputMethod)/@0[...]tion-leash of insets_animation#25378] hidden!! flag  from(1) --> to(0)
04-19 14:22:44.616 E/SurfaceFlinger( 1741): alpha changed 1.000 -> 0.000 - Surface(name=569e040 InputMethod)/@0x253e20b - animation-leash of insets_animation#25378
04-19 14:22:44.617 I/SurfaceFlinger( 1741): RequestedLayer [Surface(name=569e040 InputMethod)/@0[...]tion-leash of insets_animation#25343] hidden!! flag  from(0) --> to(1)
04-19 14:22:44.617 I/SurfaceFlinger( 1741): [LayerHierarchy{RequestedLayerState{ImeContainer#15 parentId=133 relativeParentId=134 z=1} 1 children}] reparent to LayerHierarchy{RequestedLayerState{ActivityRecord{101403755 u0 com.sec.android.app.launcher/.activities.LauncherActivity t8}#133 parentId=132} 4 children}
04-19 14:22:44.617 I/SurfaceFlinger( 1741): [LayerHierarchy{RequestedLayerState{ImeContainer#15 parentId=133 relativeParentId=134 z=1} 1 children}] RelativeParent to LayerHierarchy{RequestedLayerState{4906084 com.sec.android.app.launcher/com.sec.android.app.launcher.activities.LauncherActivity#134 parentId=133} 2 children}
04-19 14:22:44.617 I/SurfaceFlinger( 1741): [LayerHierarchy{RequestedLayerState{9705530 NavigationBar0#92 parentId=25379} 1 children}] reparent to LayerHierarchy{RequestedLayerState{Surface(name=9705530 NavigationBar0)/@0xb8574a1 - animation-leash of insets_animation#25379 parentId=91} 1 children}
04-19 14:22:44.617 I/SurfaceFlinger( 1741): [LayerHierarchy{RequestedLayerState{569e040 InputMethod#147 parentId=25378} 1 children}] reparent to LayerHierarchy{RequestedLayerState{Surface(name=569e040 InputMethod)/@0x253e20b - animation-leash of insets_animation#25378 parentId=128} 1 children}
04-19 14:22:44.617 I/SurfaceFlinger( 1741): [LayerHierarchy{RequestedLayerState{Surface(name=569e040 InputMethod)/@0x253e20b - animation-leash of insets_animation#25343} no children}] reparent to OffscreenRoot
04-19 14:22:44.617 I/SurfaceFlinger( 1741): [LayerHierarchy{RequestedLayerState{Surface(name=569e040 InputMethod)/@0x253e20b - animation-leash of insets_animation#25343} no children}] RelativeParent to null
04-19 14:22:44.617 I/SurfaceFlinger( 1741): [LayerHierarchy{RequestedLayerState{Surface(name=9705530 NavigationBar0)/@0xb8574a1 - animation-leash of insets_animation#25345} no children}] reparent to OffscreenRoot
04-19 14:22:44.617 I/SurfaceFlinger( 1741): [LayerHierarchy{RequestedLayerState{Surface(name=9705530 NavigationBar0)/@0xb8574a1 - animation-leash of insets_animation#25345} no children}] RelativeParent to null
04-19 14:22:44.617 I/SurfaceFlinger( 1741): [LayerHierarchy{RequestedLayerState{com.whatsapp/com.whatsapp.Conversation$_13984#25337} no children}] reparent to OffscreenRoot
04-19 14:22:44.617 I/SurfaceFlinger( 1741): [LayerHierarchy{RequestedLayerState{com.whatsapp/com.whatsapp.Conversation$_13984#25337} no children}] RelativeParent to null
04-19 14:22:44.617 I/SurfaceFlinger( 1741): id=25337 Removed com.whatsapp/com.whatsapp.Conversation$_13984#25337 (207)
04-19 14:22:44.617 D/BBA2    (13984): setIsFg isFg = false; delayValue 3999ms
04-19 14:22:44.618 I/ImeTracker( 2748): system_server:67a251c9: onRequestShow at ORIGIN_SERVER reason CONTROLS_CHANGED fromUser false
04-19 14:22:44.618 I/SamsungAccount( 9786): [TPMU]  SIMState     :SIM_STATE_READY
04-19 14:22:44.618 I/SamsungAccount( 9786): [CountryCodeUtil] isChinaCountryCode : false
04-19 14:22:44.618 I/InsetsController( 2748): onStateChanged: host=PermanentControlTarget, from=com.android.server.wm.InsetsPolicy$ControlTarget.run:18, state=InsetsState: {mDisplayFrame=Rect(0, 0 - 1080, 2340), mDisplayCutout=DisplayCutout{insets=Rect(0, 91 - 0, 0) waterfall=Insets{left=0, top=0, right=0, bottom=0} boundingRect={Bounds=[Rect(0, 0 - 0, 0), Rect(511, 0 - 569, 91), Rect(0, 0 - 0, 0), Rect(0, 0 - 0, 0)]} cutoutPathParserInfo={CutoutPathParserInfo{displayWidth=1080 displayHeight=2340 physicalDisplayWidth=1080 physicalDisplayHeight=2340 density={3.0} cutoutSpec={M 0,0 H -9.666666666666667 V 30.33333333333333 H 9.666666666666667 V 0 H 0 Z @dp} rotation={0} scale={1.0} physicalPixelDisplaySizeRatio={1.0}}} sideOverrides={}}, mRoundedCorners=RoundedCorners{[RoundedCorner{position=TopLeft, radius=108, center=Point(108, 108)}, RoundedCorner{position=TopRight, radius=108, center=Point(972, 108)}, RoundedCorner{position=BottomRight, radius=108, center=Point(972, 2232)}, RoundedCorner{position=BottomLeft, radius=108, center=Point(108, 2232)}]}  mRoundedCornerFrame=Rect(0, 0 - 0, 0), mPrivacyIndicatorBounds=PrivacyIndicatorBounds {static bounds=Rect(948, 0 - 1080, 91) rotation=0}, mDisplayShape=DisplayShape{ spec=1406003047 displayWidth=1080 displayHeight=2340 physicalPixelDisplaySizeRatio=1.0 rotation=0 offsetX=0 offsetY=0 scale=1.0}, mSources= { InsetsSource: {3 mType=ime mFrame=[0,1314][1080,2340] mVisible=false mFlags= mSideHint=BOTTOM mBoundingRects=null}, InsetsSource: {27 mType=displayCutout mFrame=[0,0][1080,91] mVisible=true mFlags= mSideHint=TOP mBoundingRects=null}, InsetsSource: {ec30001 mType=navigationBars mFrame=[0,2295][1080,2340] mVisible=true mFlags=SUPPRESS_SCRIM mSideHint=BOTTOM mBoundingRects=null}, InsetsSource: {ec30004 mType=systemGestures mFrame=[0,0][90,2340] mVisible=true mFlags= mSideHint=LEFT mBoundingRects=null}, InsetsSource: {ec30005 mType=mandatorySystemGestures mFrame=[0,2244][1080,2340] mVisible=true mFlags= mSideHint=BOTTOM mBoundingRects=null}, InsetsSource: {ec30006 mType=tappableElement mFrame=[0,0][0,0] mVisible=true mFlags= mSideHint=NONE mBoundingRects=null}, InsetsSource: {ec30024 mType=systemGestures mFrame=[990,0][1080,2340] mVisible=true mFlags= mSideHint=RIGHT mBoundingRects=null}, InsetsSource: {43d50000 mType=statusBars mFrame=[0,0][1080,91] mVisible=true mFlags= mSideHint=TOP mBoundingRects=null}, InsetsSource: {43d50005 mType=mandatorySystemGestures mFrame=[0,0][1080,127] mVisible=true mFlags= mSideHint=TOP mBoundingRects=null}, InsetsSource: {43d50006 mType=tappableElement mFrame=[0,0][1080,91] mVisible=true mFlags= mSideHint=TOP mBoundingRects=null} }
04-19 14:22:44.618 I/SurfaceFlinger( 1741): id=25343 Removed Surface(name=569e040 InputMethod)/@0x253e20b - animation-leash of insets_animation#25343 (207)
04-19 14:22:44.618 I/SurfaceFlinger( 1741): id=25345 Removed Surface(name=9705530 NavigationBar0)/@0xb8574a1 - animation-leash of insets_animation#25345 (207)
04-19 14:22:44.619 I/InsetsSourceConsumer( 4661): applyRequestedVisibilityToControl: visible=false, type=ime, host=com.sec.android.app.launcher/com.sec.android.app.launcher.activities.LauncherActivity
04-19 14:22:44.619 D/WALLPAPER_SVC:WallpaperManagerService( 2748): dispatchHomeVisibilityChanged: visible = true, connection = com.android.server.wallpaper.WallpaperManagerService$WallpaperConnection@96f4e24, systemWallpaper = WallpaperData@c6b40ca, id: 318, which: 5, file mod: 1765417715743, info: null, engine(s): Proxy@642defb, type = 0, userId = 0, uri= null, allowBackup= true, wallpaperComponent = ComponentInfo{com.android.systemui/com.android.systemui.wallpapers.ImageWallpaper}, nextWallpaperComponent = ComponentInfo{com.android.systemui/com.android.systemui.wallpapers.ImageWallpaper} 
04-19 14:22:44.619 I/InsetsSourceConsumer( 4661): applyRequestedVisibilityToControl: visible=true, type=navigationBars, host=com.sec.android.app.launcher/com.sec.android.app.launcher.activities.LauncherActivity
04-19 14:22:44.619 V/InputMethodManagerService( 2748): IME window vis: 3 active: 1 visible: 2 displayId: 0
04-19 14:22:44.619 D/InputMethodManagerService( 2748): isImeSwitcherDisabledPackage : false
04-19 14:22:44.619 I/ImeTracker( 4661): system_server:67a251c9: onCancelled at PHASE_CLIENT_ON_CONTROLS_CHANGED
04-19 14:22:44.621 I/vendor.qti.bluetooth@1.1-ibs_handler( 1609): ProcessIbsCmd: Received IBS_WAKE_IND: 0xFD
04-19 14:22:44.621 D/vendor.qti.bluetooth@1.1-ibs_handler( 1609): SerialClockVote: vote for UART CLK ON
04-19 14:22:44.621 I/vendor.qti.bluetooth@1.1-ibs_handler( 1609): ProcessIbsCmd: Writing IBS_WAKE_ACK
04-19 14:22:44.622 I/SAMSUNGWALLET(16411): [Hint_SimpleHintProcessMonitor] isHomePackageRunning topPkgName = com.sec.android.app.launcher, topClsName = com.sec.android.app.launcher.Launcher, return true , se : true
04-19 14:22:44.622 I/SAMSUNGWALLET(16411): [Hint_PayHintService] Hint Status - already visible, skip show
04-19 14:22:44.623 I/ScanController( 4249): onScanResult to scannerId: 12- eventType=0x1a, addressType=1, address=XX:XX:XX:XX:71:20, primaryPhy=1, secondaryPhy=0, advertisingSid=0xff, txPower=127, rssi=-50, periodicAdvInt=0x0
04-19 14:22:44.625 I/SamsungAccount( 9786): [TPMU] getMccFromUsim
04-19 14:22:44.626 I/SamsungAccount( 9786): [MccManager] saveMccToPreference Start
04-19 14:22:44.626 I/SamsungAccount( 9786): [MccManager] saveMccToPreference, mcc is same with previous mcc
04-19 14:22:44.626 D/NavigationBar( 3944): setImeWindowStatus displayId=0 vis=1 backDisposition=0 showImeSwitcher=false isImeVisible=false
04-19 14:22:44.626 I/SamsungAccount( 9786): [ChildAccountSupportedListManager] getSupportedListFromLocal from cache
04-19 14:22:44.626 I/SamsungAccount( 9786): [TPMU]  SIMState     :SIM_STATE_READY
04-19 14:22:44.626 I/SamsungAccount( 9786): [CountryCodeUtil] isChinaCountryCode : false
04-19 14:22:44.627 I/SamsungAccount( 9786): [TPMU] getMccFromUsim
04-19 14:22:44.627 I/SamsungAccount( 9786): [MccManager] saveMccToPreference Start
04-19 14:22:44.627 I/SamsungAccount( 9786): [MccManager] saveMccToPreference, mcc is same with previous mcc
04-19 14:22:44.627 I/SamsungAccount( 9786): [FamilyGroupUtil] meetKoreaCountryCondition(beforeSignUp=false): false
04-19 14:22:44.627 I/SamsungAccount( 9786): [ChildAccountSupportedListManager] getSupportedListFromLocal from cache
04-19 14:22:44.627 I/SamsungAccount( 9786): [TPMU]  SIMState     :SIM_STATE_READY
04-19 14:22:44.627 I/SamsungAccount( 9786): [CountryCodeUtil] isChinaCountryCode : false
04-19 14:22:44.628 I/SamsungAccount( 9786): [TPMU] getMccFromUsim
04-19 14:22:44.628 I/SamsungAccount( 9786): [MccManager] saveMccToPreference Start
04-19 14:22:44.628 I/SamsungAccount( 9786): [MccManager] saveMccToPreference, mcc is same with previous mcc
04-19 14:22:44.628 I/SamsungAccount( 9786): [FamilyGroupUtil] meetServerCountryCondition(beforeSignUp=false): true
04-19 14:22:44.628 I/SamsungAccount( 9786): [TPMU]  SIMState     :SIM_STATE_READY
04-19 14:22:44.628 I/SamsungAccount( 9786): [CountryCodeUtil] isChinaCountryCode : false
04-19 14:22:44.628 I/SamsungAccount( 9786): [TPMU] getMccFromUsim
04-19 14:22:44.628 I/SamsungAccount( 9786): [MccManager] saveMccToPreference Start
04-19 14:22:44.628 I/SamsungAccount( 9786): [MccManager] saveMccToPreference, mcc is same with previous mcc
04-19 14:22:44.628 I/SamsungAccount( 9786): [FamilyGroupUtil] meetKoreaOneUiCondition: false
04-19 14:22:44.629 I/SamsungAccount( 9786): [ChildAccountSupportedListManager] getSupportedListFromLocal from cache
04-19 14:22:44.629 I/SamsungAccount( 9786): [FamilyGroupUtil] meetServerOneUiCondition: true
04-19 14:22:44.629 I/SamsungAccount( 9786): [FamilyGroupUtil] isSupportFamilyService: true
04-19 14:22:44.629 I/SamsungAccount( 9786): [AccountManagerUtil] isSamsungAccountSignedIn : true
04-19 14:22:44.629 I/SamsungAccount( 9786): [ChildAccount] isChildAccount : false
04-19 14:22:44.629 I/SamsungAccount( 9786): [AccountManagerProvider] makeResultBundle - resultCode : 0
04-19 14:22:44.629 I/HBD     (10702): i [AiWriter] isChildAccount:false
04-19 14:22:44.629 I/HBD     (10702): HoneyBoardService onStartInputViewInternal: inputType=0x0, imeOptions=0x0, initialSelStart=-1, initialSelEnd=-1 
04-19 14:22:44.629 I/HBD     (10702): e applyThemesPolicy 
04-19 14:22:44.629 I/HBD     (10702): d mIsGalaxyTheme = true mIsDexDesktopDisplay : false IsRequiredDarkTypeTheme = true night mode : true mIsEnabledHighContrast = false mIsOpenThemeForHoneyBoardInstalled = true mIsWallpaperThemeInstalled = false mIsThemeParkTheme = false
04-19 14:22:44.629 I/HBD     (10702): a theme : Dark mode and no theme park 
04-19 14:22:44.629 I/HBD     (10702): e required dark type theme, isCoverDisplayTheme :  false
04-19 14:22:44.629 I/HBD     (10702): e update KeyboardTheme themeIndex : 0x 12000000  theme :  Dark
04-19 14:22:44.629 I/HBD     (10702): a set Theme convertedIndex : 4 
04-19 14:22:44.629 I/HBD     (10702): a onThemeChanged: currTheme = 4, nextTheme = 4 
04-19 14:22:44.629 I/HBD     (10702): d onUpdate: mThemeStyle = 4 
04-19 14:22:44.629 I/HBD     (10702): f updatePredictionStatus : 1, editorOpt 
04-19 14:22:44.630 I/HBD     (10702): f updateForEditorClass isPredictionOn = true 
04-19 14:22:44.630 I/HBD     (10702): f needOff = true , isForceOff = false, isNullInputClass : true 
04-19 14:22:44.630 I/HBD     (10702): F EBD ssu s 0 
04-19 14:22:44.630 I/HBD     (10702): a [UpdatePolicy] [post] a: 1 cl: 65537 kit: [0/0] vt: 0 ir: 1 
04-19 14:22:44.630 D/KNOX_MDM_SettingsProvider( 2748): isChangeAllowed() : name = enabled_input_methods
04-19 14:22:44.630 D/KNOX_MDM_SettingsProvider( 2748): edmUri: content://com.sec.knox.provider/RestrictionPolicy3
04-19 14:22:44.630 D/KNOX_MDM_SettingsProvider( 2748): projectionArgs: isSettingsChangesAllowed
04-19 14:22:44.630 D/KNOX_MDM_SettingsProvider( 2748): selectionArgs: false
04-19 14:22:44.630 D/KNOX_MDM_SettingsProvider( 2748): selectionArgs: 10210
04-19 14:22:44.630 D/SecContentProvider( 2748): query(), uri = 17 selection = isSettingsChangesAllowed
04-19 14:22:44.630 D/SecContentProvider( 2748): called from android.uid.honeyboard:10210
04-19 14:22:44.630 D/RestrictionPolicy( 2748): isSettingsChangesAllowedAsUser, userId 0 : true
04-19 14:22:44.630 D/KNOX_MDM_SettingsProvider( 2748): ret = 1
04-19 14:22:44.630 D/KNOX_MDM_SettingsProvider( 2748): isChangeAllowed() : name = default_input_method
04-19 14:22:44.631 D/KNOX_MDM_SettingsProvider( 2748): edmUri: content://com.sec.knox.provider/RestrictionPolicy3
04-19 14:22:44.631 D/KNOX_MDM_SettingsProvider( 2748): projectionArgs: isSettingsChangesAllowed
04-19 14:22:44.631 D/KNOX_MDM_SettingsProvider( 2748): selectionArgs: false
04-19 14:22:44.631 D/KNOX_MDM_SettingsProvider( 2748): selectionArgs: 10210
04-19 14:22:44.631 D/SecContentProvider( 2748): query(), uri = 17 selection = isSettingsChangesAllowed
04-19 14:22:44.631 D/SecContentProvider( 2748): called from android.uid.honeyboard:10210
04-19 14:22:44.631 D/RestrictionPolicy( 2748): isSettingsChangesAllowedAsUser, userId 0 : true
04-19 14:22:44.631 D/KNOX_MDM_SettingsProvider( 2748): ret = 1
04-19 14:22:44.631 I/HBD     (10702): p updated Sub Types. English 
04-19 14:22:44.631 I/HBD     (10702): f needOff = true , isForceOff = false, isNullInputClass : true 
04-19 14:22:44.631 I/HBD     (10702): f update cached prediction status : false 
04-19 14:22:44.631 I/HBD     (10702): h [SKE_TAM] Changed false
04-19 14:22:44.631 I/HBD     (10702): f needOff = true , isForceOff = false, isNullInputClass : true 
04-19 14:22:44.631 I/HBD     (10702): f update cached prediction status : false 
04-19 14:22:44.631 I/HBD     (10702): a updateMultiTapTimeValue 
04-19 14:22:44.631 I/HBD     (10702): a getMultiTapTimeoutValue 
04-19 14:22:44.631 I/HBD     (10702): a getSingleVowelMultiTapTimeoutValue 
04-19 14:22:44.631 I/HBD     (10702): a [AiWriter] determineTranslateLanguage
04-19 14:22:44.631 I/HBD     (10702): b [AiWriter] chat translation null isTranslationClosed : true lang :  restarting : false hash : 522830646 is from translation : false
04-19 14:22:44.631 I/HBD     (10702): a InputMethodSubtype is set as local:en_US 
04-19 14:22:44.632 I/InputMethodManagerService( 2748): subtype state: oldSubtype = android.view.inputmethod.InputMethodSubtype@10001 newSubtype = android.view.inputmethod.InputMethodSubtype@10001 force = false, intent received : false
04-19 14:22:44.632 I/HBD     (10702): a [HBIC] requestCursorUpdates 2 
04-19 14:22:44.632 I/HBD     (10702): b onBind 
04-19 14:22:44.632 I/HBD     (10702): b updateConfigForInvalidate:  [EditorEnterActionItem] 0x0* / [ShiftStateItem] 0* / 
04-19 14:22:44.632 I/HBD     (10702): b updateConfig: [LanguageItem] English / [KeyboardViewTypeItem] 0 / [KeyboardInputTypeItem] mainType(0), subType(0) / [CurrentLanguageInputTypeItem] mainType(0), subType(0) / [KeyboardInputRangeItem] 1 / [SelectedLanguageItem] 2 / [TextOrNullInputClassItem] true / [NumberKeyFirstLineItem] true / [SpaceRowStyleCmItem] true / [SpaceRowStylePeriodItem] true / [SpaceRowStyleEmailURLPeriodItem] true /  
04-19 14:22:44.632 I/HBD     (10702): b updateConfig: [SpaceRowStyleEmailURLDotComItem] true / [SpaceRowStyleEmailURLPeriodItem] true / [SpaceRowStyleEmailURLDotComItem] true / [SpaceRowStyleJapaneseArrowItem] true / [SpaceRowStyleJapanesePeriodItem] true / [TouchAndHoldSpaceBarTypeItem] cursor_control / [UseContinuousInputItem] true / [UseToolBarItem] true / [VoiceInputTypeItem] 1 / [DensityItem] 3.0 / [DisplayWidthItem] 1080 /  
04-19 14:22:44.632 I/HBD     (10702): b updateConfig: [DisplayHeightItem] 2204 / [MainTextLabelItem] 1 / [LanguageSwitchingUsingKeyItem] true / [VoiceEnabledItem] true / [PredictionStatusItem] true / [EditorEnterActionItem] -1 /  
04-19 14:22:44.632 I/HBD     (10702): e updateKeyboardViewHolder: INVALIDATE 
04-19 14:22:44.632 I/HBD     (10702): b requestCursorUpdates returned  false ,  0
04-19 14:22:44.633 I/HBD     (10702): e [BoardScrapManager] sendBoardScrap 
04-19 14:22:44.633 I/HBD     (10702): t0 updateChangedBoard - [LC:false][TC:false][RC:false][RB:false] 
04-19 14:22:44.633 I/HBD     (10702): f needOff = true , isForceOff = false, isNullInputClass : true 
04-19 14:22:44.633 I/HBD     (10702): f update cached prediction status : false 
04-19 14:22:44.633 I/HBD     (10702): e updateCurrentEngine,  65537 ,  SWIFTKEY
04-19 14:22:44.633 I/HBD     (10702): h [SKE_TAM] Changed false
04-19 14:22:44.633 I/HBD     (10702): h [SKE_TAM] custom = false , useEngine = true
04-19 14:22:44.633 I/HBD     (10702): h [SKE_TAM] Changed false
04-19 14:22:44.633 I/SurfaceFlinger( 1741): RequestedLayer [Surface(name=569e040 InputMethod)/@0[...]tion-leash of insets_animation#25378] hidden!! flag  from(0) --> to(1)
04-19 14:22:44.633 I/SurfaceFlinger( 1741): destroyed Surface(name=569e040 InputMethod)/@0x253e20b - animation-leash of insets_animation#25343 form LifecycleManager
04-19 14:22:44.633 I/SurfaceFlinger( 1741): destroyed Surface(name=9705530 NavigationBar0)/@0xb8574a1 - animation-leash of insets_animation#25345 form LifecycleManager
04-19 14:22:44.633 I/SurfaceFlinger( 1741): destroyed com.whatsapp/com.whatsapp.Conversation$_13984#25337 form LifecycleManager
04-19 14:22:44.633 I/SurfaceFlinger( 1741): id=25343 onLayerDestroyed from LayerHierarchyBuilder(RequestedLayerState{Surface(name=569e040 InputMethod)/@0x253e20b - animation-leash of insets_animation#25343 !handle})
04-19 14:22:44.633 I/SurfaceFlinger( 1741): id=25345 onLayerDestroyed from LayerHierarchyBuilder(RequestedLayerState{Surface(name=9705530 NavigationBar0)/@0xb8574a1 - animation-leash of insets_animation#25345 !handle})
04-19 14:22:44.633 I/SurfaceFlinger( 1741): id=25337 onLayerDestroyed from LayerHierarchyBuilder(RequestedLayerState{com.whatsapp/com.whatsapp.Conversation$_13984#25337 !handle})
04-19 14:22:44.633 I/Layer   ( 1741): id=25343 Destroyed Surface(name=569e040 InputMethod)/@0x253e20b - animation-leash of insets_animation#25343
04-19 14:22:44.633 I/Layer   ( 1741): id=25345 Destroyed Surface(name=9705530 NavigationBar0)/@0xb8574a1 - animation-leash of insets_animation#25345
04-19 14:22:44.633 I/Layer   ( 1741): id=25337 Destroyed com.whatsapp/com.whatsapp.Conversation$_13984#25337
04-19 14:22:44.655 I/SDHMS:k ( 7327): onTaskStackChanged
04-19 14:22:44.655 I/minksocket( 1589): MinkIPC MESSAGE: ( 1589:1720 ) MinkIPC_QRTR_Service:351 minkipc = 0xb400007850842db0 sock = 19, client with node 1 port 6374 went down
04-19 14:22:44.656 I/minksocket( 1589): MinkIPC MESSAGE: ( 1589:1726 ) MinkIPC_QRTR_Service:351 minkipc = 0xb4000078508405d0 sock = 26, client with node 1 port 6374 went down
04-19 14:22:44.656 D/MotionRecognitionService( 2748): inject vibrator info = 0.0
04-19 14:22:44.657 I/minksocket( 1589): MinkIPC MESSAGE: ( 1589:1720 ) MinkIPC_QRTR_Service:351 minkipc = 0xb400007850842db0 sock = 19, client with node 1 port 6375 went down
04-19 14:22:44.657 I/minksocket( 1589): MinkIPC MESSAGE: ( 1589:1726 ) MinkIPC_QRTR_Service:351 minkipc = 0xb4000078508405d0 sock = 26, client with node 1 port 6375 went down
04-19 14:22:44.657 I/HoneySpace.RecentTasks( 4661): onRecentTasksChanged
04-19 14:22:44.658 I/sensors-hal( 1623): inject_sensor_data:427, handle:11, type:33 not supported
04-19 14:22:44.658 I/sensors-hal( 1623): inject_sensor_data:427, handle:11, type:33 not supported
04-19 14:22:44.658 I/minksocket( 1589): MinkIPC MESSAGE: ( 1589:1720 ) MinkIPC_QRTR_Service:351 minkipc = 0xb400007850842db0 sock = 19, client with node 1 port 6376 went down
04-19 14:22:44.658 I/sensors-hal( 1623): inject_sensor_data:427, handle:11, type:33 not supported
04-19 14:22:44.658 I/minksocket( 1589): MinkIPC MESSAGE: ( 1589:1726 ) MinkIPC_QRTR_Service:351 minkipc = 0xb4000078508405d0 sock = 26, client with node 1 port 6376 went down
04-19 14:22:44.659 I/minksocket( 1589): MinkIPC MESSAGE: ( 1589:1720 ) MinkIPC_QRTR_Service:351 minkipc = 0xb400007850842db0 sock = 19, client with node 1 port 6377 went down
04-19 14:22:44.659 I/minksocket( 1589): MinkIPC MESSAGE: ( 1589:1726 ) MinkIPC_QRTR_Service:351 minkipc = 0xb4000078508405d0 sock = 26, client with node 1 port 6377 went down
04-19 14:22:44.662 I/vendor.qti.bluetooth@1.1-ibs_handler( 1609): ProcessIbsCmd: Received IBS_SLEEP_IND: 0xFE
04-19 14:22:44.662 D/vendor.qti.bluetooth@1.1-ibs_handler( 1609): SerialClockVote: vote for UART CLK OFF
04-19 14:22:44.667 I/HoneySpace.TaskIconProgressRepositoryImpl( 4661): taskLaunchProgress: 0.0, recentsEnteringFromAppsProgress: 1.0
04-19 14:22:44.667 I/HoneySpace.TaskIconProgressRepositoryImpl( 4661): taskLaunchProgress: 0.0, recentsEnteringFromAppsProgress: 1.0
04-19 14:22:44.674 I/HBD     (10702): w [SKE_LM] writeDynamicModel
04-19 14:22:44.674 I/HBD     (10702): a refresh(), mParameterMode,  0
04-19 14:22:44.674 I/HBD     (10702): j [SKE_LM] enable notTaggedWith:emoji, zh, yue_HK, nan_TW
04-19 14:22:44.674 I/HBD     (10702): a [AiWriter] setContact : 2295888
04-19 14:22:44.674 I/HBD     (10702): a refresh(), mParameterMode,  0
04-19 14:22:44.674 I/HBD     (10702): b [PF_EN] updateChangedBoard() 41 
04-19 14:22:44.675 I/HBD     (10702): c TMST - update statistics 
04-19 14:22:44.675 I/HBD     (10702): d [PF_OP][updateKeyboardViewHolder]  43 ms 
04-19 14:22:44.676 I/HBD     (10702): h [PF_OP][onStartInputViewActivate]  0 ms 
04-19 14:22:44.676 I/HBD     (10702): MultiModalSwitcher onStartInputView 
04-19 14:22:44.677 I/HBD     (10702): HoneyBoardService [PF_OP][onStartInputView]  66 ms 
04-19 14:22:44.677 I/HBD     (10702): F EBD si S 0 
04-19 14:22:44.677 I/InputMethod(10702): hideSoftInput(): flags=0
04-19 14:22:44.678 I/HBD     (10702): HoneyBoardService onFinishInputView finishingInput= false
04-19 14:22:44.678 I/HBD     (10702): a [UpdatePolicy] [post] a: 3 cl: 65537 kit: [0/0] vt: 0 ir: 1 
04-19 14:22:44.678 I/HBD     (10702): e processFinishInputView 
04-19 14:22:44.678 I/HBD     (10702): b stopRunningTimers 
04-19 14:22:44.678 I/HBD     (10702): b [PF_EN] saveUserData() 0 
04-19 14:22:44.679 I/HBD     (10702): F EBD reset pbc:0 pdc:0 
04-19 14:22:44.679 I/HBD     (10702): a [HBIC] requestCursorUpdates 0 
04-19 14:22:44.679 I/HBD     (10702): t historic wpmWordCount:413 wpmSessionTime:97427524 wpmPauseTime:10715717 wpm:0 
04-19 14:22:44.679 I/HBD     (10702): t historic(rounded) wpmWordCount:413 wpmSessionTime:97427524 wpmPauseTime:10715717 wpm:0 
04-19 14:22:44.679 I/HBD     (10702): e unbindCurrentHoneyBoard : text_board 
04-19 14:22:44.679 I/HBD     (10702): b onUnbind 
04-19 14:22:44.679 I/HBD     (10702): e expression state[false], searchState[0] 
04-19 14:22:44.679 I/HBD     (10702): b requestCursorUpdates(0),  0
04-19 14:22:44.679 I/HBD     (10702): a clear BaseLanguageRepo 
04-19 14:22:44.679 V/InputMethodManagerService( 2748): IME window vis: 0 active: 0 visible: 0 displayId: 0
04-19 14:22:44.679 D/InputMethodManagerService( 2748): isImeSwitcherDisabledPackage : false
04-19 14:22:44.679 I/HBD     (10702): w [SKE_LM] saveDynamicModel,  false ,  false
04-19 14:22:44.679 I/HBD     (10702): MultiModalSwitcher onFinishInputView 
04-19 14:22:44.679 I/InputMethodManagerService( 2748): setImeWindowStatus: vis=0, backDisposition=0
04-19 14:22:44.679 I/HBD     (10702): HoneyBoardService [PF_CL][onFinishInputView]  1 ms 
04-19 14:22:44.679 I/HBD     (10702): d showInputView requested current = true, applyNow = false 
04-19 14:22:44.679 I/HBD     (10702): HoneyBoardService onWindowHidden 
04-19 14:22:44.680 I/HBD     (10702): HoneyBoardService [PF_CL][onWindowHidden]  1 ms 
04-19 14:22:44.680 D/NavigationBar( 3944): setImeWindowStatus displayId=0 vis=0 backDisposition=0 showImeSwitcher=false isImeVisible=false
04-19 14:22:44.680 E/ImeBackDispatcher( 4661): Ime callback not found. Ignoring unregisterReceivedCallback. callbackId: 199196930
04-19 14:22:44.682 D/FlexPanelStartController( 3944): not support state, mMwEnabled=true, mIsTableMode=false, mDesktopMode=false, mFlexModePanelEnabled=true, mIsImeShowing=false, mIsQuickPanelShowing=false, mIsTaskBarAppsEnabled=false, mIsGlobalActionVisible=false, mOnRecentsAnimation=false, isSupportRotation=true, mIsKeyguardVisible=false
04-19 14:22:44.682 I/InputMethodService(10702): scheduleImeSurfaceRemoval: removeImeSurface is posted.
04-19 14:22:44.682 I/ImeTracker(10702): system_server:e02d90f: onHidden
04-19 14:22:44.682 D/NavigationBarControllerImpl( 3944): setNavigationBarShortcut requestClass : com.android.wm.shell.controlpanel.activity.FlexPanelActivity, remoteViews : null, position : 0, priority : 11
04-19 14:22:44.683 I/HoneySpace.SubViewsProgressRepositoryImpl( 4661): taskLaunchProgress: 0.0, recentsEnteringProgress: 1.0
04-19 14:22:44.683 I/HoneySpace.SubViewsProgressRepositoryImpl( 4661): taskLaunchProgress: 0.0, recentsEnteringProgress: 1.0
04-19 14:22:44.683 D/RemoteViewPack( 3944): OnSetRemoteView RemoteViewShortcut(requestClass=com.android.wm.shell.controlpanel.activity.FlexPanelActivity, remoteViews=null, position=0, priority=11)
04-19 14:22:44.684 D/NavBarStateManager( 3944): NavBarStates(0) isGameMode: false
04-19 14:22:44.687 D/InputReader( 2748): Btn_touch(4): value=1 when=85701.802301
04-19 14:22:44.687 I/InputReader( 2748): Touch event's action is 0x0 (id=6, t=0) [pCnt=1, s=0.5374 ] when=85701.802301
04-19 14:22:44.688 I/InputDispatcher( 2748): Delivering touch to (3944): action: 0x4, f=0x0, d=0, '9705530', t=1 
04-19 14:22:44.688 I/InputDispatcher( 2748): Delivering touch to (24038): action: 0x4, f=0x0, d=0, '1a0b6d7', t=1 
04-19 14:22:44.688 I/InputDispatcher( 2748): Delivering touch to (4661): action: 0x0, f=0x0, d=0, '4906084', t=1 
04-19 14:22:44.688 I/VRI[LauncherActivity]@605627e( 4661): ViewPostIme pointer 0
04-19 14:22:44.689 D/PowerManagerService( 2748): [api] userActivityFromNative : touch displayId=0 eventTime=85701802
04-19 14:22:44.689 I/HoneySpace.LongPressTouchController( 4661): ACTION_DOWN, (155.83008, 1454.502)
04-19 14:22:44.689 I/GestureDetector( 2748): obtain mCurrentDownEvent. id: 490436336 caller: com.android.server.wm.SystemGesturesPointerEventListener.onPointerEvent:17 com.android.server.wm.PointerEventDispatcher.onInputEvent:51 android.view.InputEventReceiver.dispatchInputEvent:392 
04-19 14:22:44.689 I/GestureDetector( 2748): obtain mCurrentDownEvent. id: 490436336 caller: com.android.server.wm.SystemPerformancePointerEventListener.onPointerEvent:13 com.android.server.wm.PointerEventDispatcher.onInputEvent:51 android.view.InputEventReceiver.dispatchInputEvent:392 
04-19 14:22:44.689 I/HoneySpace.LongPressTouchController( 4661): is not VacantCell
04-19 14:22:44.690 I/HoneySpace.HomeView( 4661): findControllerToHandleTouch ev = 0
04-19 14:22:44.690 I/HoneySpace.HoneyWindowController( 4661): windowMap[it.hashCode()]?.get()=com.android.internal.policy.PhoneWindow@7f257e9
04-19 14:22:44.690 I/HoneySpace.StatusBarTouchController( 4661): canInterceptTouch showNotificationPanel : true systemUiProxy.isActive() = true honeyScreenManager.currentHoneyScreen : HOME honeyScreen.currentHoneyState : com.honeyspace.sdk.HomeScreen$Normal@6c74b88
04-19 14:22:44.690 I/HoneySpace.FinderTouchController( 4661): onControllerInterceptTouchEvent :: canInterceptTouch() = false, QuickOptionUtil.isShowQuickOption() : false QuickOptionUtil.isDragging : false
04-19 14:22:44.690 I/HoneySpace.HomeAppsTouchController( 4661): currentChangeState : com.honeyspace.sdk.HomeScreen$Normal@6c74b88, currentHoneyState : com.honeyspace.sdk.HomeScreen$Normal@6c74b88, EditLockPopup : false, isOpenFolderMode : false, isChildScrolling : false, isDragAnimRunning : false
04-19 14:22:44.690 I/HoneySpace.HomeAppsTouchController( 4661): currentChangeState : com.honeyspace.sdk.HomeScreen$Normal@6c74b88, currentHoneyState : com.honeyspace.sdk.HomeScreen$Normal@6c74b88, EditLockPopup : false, isOpenFolderMode : false, isChildScrolling : false, isDragAnimRunning : false
04-19 14:22:44.690 I/vendor.qti.bluetooth@1.1-ibs_handler( 1609): ProcessIbsCmd: Received IBS_WAKE_IND: 0xFD
04-19 14:22:44.690 D/vendor.qti.bluetooth@1.1-ibs_handler( 1609): SerialClockVote: vote for UART CLK ON
04-19 14:22:44.690 I/HoneySpace.PageEditTouchController( 4661): onControllerInterceptTouchEvent, isInProgress = false
04-19 14:22:44.690 I/vendor.qti.bluetooth@1.1-ibs_handler( 1609): ProcessIbsCmd: Writing IBS_WAKE_ACK
04-19 14:22:44.691 I/HoneySpace.WorkspaceFastRecyclerView( 4661): dispatchTouchEvent() event.action=0
04-19 14:22:44.691 I/HoneySpace.WorkspaceFastRecyclerView( 4661): processDownMotionEvent, index = 0, id = 0
04-19 14:22:44.691 I/HoneySpace.WorkspaceFastRecyclerView( 4661): initTouchPoint, index = 0, id = 0
04-19 14:22:44.692 I/HoneySpace.FolderIconView( 4661): start dim animation : Google
04-19 14:22:44.693 I/VRI[LauncherActivity]@605627e( 4661): call setFrameRateCategory for touch hint category=high hint, reason=touch, vri=VRI[LauncherActivity]@605627e
04-19 14:22:44.693 I/HoneySpace.GestureInputHandler( 4661): inputConsumers = [com.honeyspace.gesture.inputconsumer.InputConsumer$Companion$NO_OP$1@55f3794]
04-19 14:22:44.693 I/HoneySpace.InputSession( 4661): inputConsumers = NO_OP
04-19 14:22:44.693 I/HoneySpace.InputSession( 4661): open
04-19 14:22:44.694 I/ScanController( 4249): onScanResult to scannerId: 6- eventType=0x1a, addressType=1, address=XX:XX:XX:XX:64:48, primaryPhy=1, secondaryPhy=0, advertisingSid=0xff, txPower=127, rssi=-75, periodicAdvInt=0x0
04-19 14:22:44.695 I/EasySetup[11.1.22.8] (27980): IcControlService.isFoldDeviceFolded() - isFoldDevice: false, isNotFolded: false
04-19 14:22:44.695 I/EasySetup[11.1.22.8] (27980): IcControlService.isValidBudsScanResult - connectionStatus : 64, rssi : -75
04-19 14:22:44.695 I/EasySetup[11.1.22.8] (27980): IcControlService.receivedPacketData - isTablet: false, rssi: -75, manufacturer: 42, 09, 81, 02, 14, 15, 06, 21, 01, 49, 2c, 0c, 01, 67, 06, bc, bb, 8a, 00, 00, 00, 00, ed, 00, 00, 6c, 56, 22, 47, 74, 80, 65, 07, 12, 00, 05, 05
04-19 14:22:44.695 I/EasySetup[11.1.22.8] (27980): IcControlService.handleIcPacket - SKip Packet
04-19 14:22:44.695 I/GestureDetector( 2748): obtain mCurrentMotionEventRaw. action: 2 id: 413727630
04-19 14:22:44.695 I/GestureDetector( 2748): obtain mCurrentMotionEventRaw. action: 2 id: 413727630
04-19 14:22:44.698 I/ndroid.systemui( 3944): NativeAlloc concurrent mark compact GC freed 41MB AllocSpace bytes, 121(3080KB) LOS objects, 44% free, 58MB/106MB, paused 411us,1.752ms total 124.188ms
04-19 14:22:44.700 I/SurfaceFlinger( 1741): [com.sec.android.app.launcher/com.sec.android.app.launcher.activities.LauncherActivity$_4661#25369] setFrameRateCategory: HighHint
04-19 14:22:44.700 I/HoneySpace.HomeView( 4661): findControllerToHandleTouch ev = 2
04-19 14:22:44.701 I/BpBinder( 1741): onLastStrongRef automatically unlinking death recipients: 
04-19 14:22:44.703 I/WindowManager( 2748): Relayout Window{569e040 u0 InputMethod}: viewVisibility=0 req=1080x2249 ty=2011 d0
04-19 14:22:44.704 D/SurfaceComposerClient( 2748): setCornerRadius ## 4906084 com.sec.android.app.launcher/com.sec.android.app.launcher.activities.LauncherActivity#134 cornerRadius=0.000000
04-19 14:22:44.704 D/SurfaceComposerClient( 2748): setCornerRadius ## 4906084 com.sec.android.app.launcher/com.sec.android.app.launcher.activities.LauncherActivity#134 cornerRadius=0.000000
04-19 14:22:44.704 I/WindowManager( 2748): Relayout hash=569e040, pid=10702, syncId=-1: mAttrs={(0,0)(fillxfill) gr=BOTTOM CENTER_VERTICAL sim={adjust=pan} ty=INPUT_METHOD fmt=TRANSPARENT wanim=0x7f1401fc preferredMinDisplayRefreshRate=60.0 receive insets ignoring z-order
04-19 14:22:44.704 I/WindowManager( 2748):   fl=81800108
04-19 14:22:44.704 I/WindowManager( 2748):   pfl=14000000
04-19 14:22:44.704 I/WindowManager( 2748):   bhv=1
04-19 14:22:44.704 I/WindowManager( 2748):   fitTypes=3
04-19 14:22:44.704 I/WindowManager( 2748):   fitSides=7
04-19 14:22:44.704 I/WindowManager( 2748):   fitIgnoreVis
04-19 14:22:44.704 I/WindowManager( 2748):   frameRateBoostOnTouch=true
04-19 14:22:44.704 I/WindowManager( 2748):   dvrrWindowFrameRateHint=true
04-19 14:22:44.704 I/WindowManager( 2748):  dimAmount=0.18 dimDuration=150 naviIconColor=0}
04-19 14:22:44.704 D/SurfaceComposerClient( 2748): setCornerRadius ## 4906084 com.sec.android.app.launcher/com.sec.android.app.launcher.activities.LauncherActivity#134 cornerRadius=0.000000
04-19 14:22:44.705 D/SurfaceComposerClient( 2748): setCornerRadius ## 4906084 com.sec.android.app.launcher/com.sec.android.app.launcher.activities.LauncherActivity#134 cornerRadius=0.000000
04-19 14:22:44.705 I/BLASTBufferQueue_Java(10702): update, w= 1080 h= 2249 mName = VRI[InputMethod]@fe8c514 mNativeObject= 0xb4000075f3de6f40 sc.mNativeObject= 0xb4000076c3e0ec10 format= -2 caller= android.view.ViewRootImpl.updateBlastSurfaceIfNeeded:3574 android.view.ViewRootImpl.relayoutWindow:11685 android.view.ViewRootImpl.performTraversals:4804 android.view.ViewRootImpl.doTraversal:3924 android.view.ViewRootImpl$TraversalRunnable.run:12903 android.view.Choreographer$CallbackRecord.run:1901 
04-19 14:22:44.705 I/VRI[InputMethod]@fe8c514(10702): Relayout returned: old=(0,91,1080,2340) new=(0,91,1080,2340) relayoutAsync=false req=(1080,2249)0 dur=2 res=0x1 s={true 0xb400007663d1c050} ch=false seqId=0
04-19 14:22:44.707 I/SurfaceFlinger( 1741): id=24929 Removed Task=40860#24929 (204)
04-19 14:22:44.709 I/SurfaceFlinger( 1741): id=25070 Removed Task=40863#25070 (204)
04-19 14:22:44.709 I/SurfaceFlinger( 1741): id=25060 Removed DefaultTaskDisplayArea_d26#25060 (204)
04-19 14:22:44.709 I/SurfaceFlinger( 1741): id=25095 Removed ActivityRecord{252856592 u0 com.google.android.permissioncontroller/com.android.permissioncontroller.permission.ui.GrantPermissionsActivity t40864}#25095 (204)
04-19 14:22:44.709 I/SurfaceFlinger( 1741): id=25116 Removed Task=40865#25116 (204)
04-19 14:22:44.709 I/SurfaceFlinger( 1741): id=25142 Removed ActivityRecord{92636743 u0 com.google.android.permissioncontroller/com.android.permissioncontroller.permission.ui.GrantPermissionsActivity t40864}#25142 (204)
04-19 14:22:44.709 I/HoneySpace.FinderTouchController( 4661): onControllerInterceptTouchEvent :: canInterceptTouch() = false, QuickOptionUtil.isShowQuickOption() : false QuickOptionUtil.isDragging : false
04-19 14:22:44.709 I/HoneySpace.HomeAppsTouchController( 4661): currentChangeState : com.honeyspace.sdk.HomeScreen$Normal@6c74b88, currentHoneyState : com.honeyspace.sdk.HomeScreen$Normal@6c74b88, EditLockPopup : false, isOpenFolderMode : false, isChildScrolling : false, isDragAnimRunning : false
04-19 14:22:44.709 I/HoneySpace.PageEditTouchController( 4661): onControllerInterceptTouchEvent, isInProgress = false
04-19 14:22:44.709 I/HoneySpace.MinusOnePageController( 4661): ACTION_MOVE isValidState: true isNormalState: true shouldStartScroll: false delta: 0.0 isScrollableItemTouch: false touchSlop: 36.0 minusOnePageMover: o4.d@2f30059
04-19 14:22:44.709 I/HoneySpace.WorkspaceFastRecyclerView( 4661): updateIsBeingDraggedOnTouchDown touchSlop:36, diff:0, moved:false, useLongTouchSlop:true
04-19 14:22:44.709 I/SurfaceFlinger( 1741): id=25168 Removed ActivityRecord{205898958 u0 com.google.android.permissioncontroller/com.android.permissioncontroller.permission.ui.GrantPermissionsActivity t40864}#25168 (204)
04-19 14:22:44.709 I/SurfaceFlinger( 1741): id=25181 Removed ActivityRecord{183186088 u0 com.android.settings/.fuelgauge.RequestIgnoreBatteryOptimizations t40864}#25181 (204)
04-19 14:22:44.709 I/SurfaceFlinger( 1741): id=25192 Removed ActivityRecord{189244150 u0 com.android.settings/.Settings$AppManageFullScreenIntentsActivity t40864}#25192 (204)
04-19 14:22:44.710 I/SurfaceFlinger( 1741): id=25079 Removed ActivityRecord{36491126 u0 com.connectcommunications.mobile/.MainActivity t40864}#25079 (204)
04-19 14:22:44.710 I/SemTspStateManager(10702): setDeadZone() v2=0.69%,2.22%,82.05%,0.69%,1.67%, v3=null
