04-19 14:22:45.165 I/HoneySpace.PageIndicatorMarker( 4661): onFinishInflate set marker
04-19 14:22:45.165 I/HoneySpace.PageIndicatorMarker( 4661): setMarkerDrawables isDefaultTheme = false
04-19 14:22:45.172 I/HoneySpace.PageIndicatorMarker( 4661): Theme drawable for page indicator is not exist. Type : HOMESCREEN_MENU_PAGE_NAVI_HEADLINES
04-19 14:22:45.173 I/HoneySpace.PageIndicatorMarker( 4661): onFinishInflate set marker
04-19 14:22:45.173 I/HoneySpace.PageIndicatorMarker( 4661): setMarkerDrawables isDefaultTheme = false
04-19 14:22:45.176 I/HoneySpace.PageIndicatorMarker( 4661): Theme drawable for page indicator is not exist. Type : HOMESCREEN_MENU_PAGE_NAVI_PLUS
04-19 14:22:45.176 I/HoneySpace.HoneySpaceManagerContainer( 4661): getWindowBounds, key = (com.sec.android.app.launcher.Launcher, 0)
04-19 14:22:45.176 I/HoneySpace.PageIndicatorView( 4661): init markerIconSize: 50, windowBounds: WindowBounds width=1080 height=2340, bounds=Rect(0, 0 - 1080, 2340), insets=Insets{left=0, top=91, right=0, bottom=45}, systemInsets=Insets{left=0, top=91, right=0, bottom=45}, cutout=Rect(0, 91 - 0, 0), gestureActionInsets=Insets{left=90, top=127, right=90, bottom=96}, insetsIgnoreCutout=Insets{left=0, top=91, right=0, bottom=45}, baseScreenSize=Point(1080, 2295)screenSizeIncludeCutout: Point(1080, 2295)
04-19 14:22:45.178 I/HYPER-HAL( 1631): [RequestManager.cpp]releaseLocked(): Released ID : 27014948
04-19 14:22:45.183 I/InputMethodService(10702): removeImeSurface
04-19 14:22:45.183 I/InputMethodService(10702): cancelImeSurfaceRemoval: removeCallbacks
04-19 14:22:45.186 I/HoneySpace.PageIndicatorView( 4661): change -1 page setting value true com.honeyspace.ui.common.pageindicator.PageIndicatorView{a291232 V.E...... ......I. 0,0-0,0 #7f0a0462 app:id/page_indicator}. state : -1
04-19 14:22:45.186 I/HoneySpace.PageIndicatorView( 4661): this.state : -1, state : -1
04-19 14:22:45.186 I/HoneySpace.PageIndicatorView( 4661): get white bg flag darkFont=false
04-19 14:22:45.186 I/HoneySpace.PageIndicatorMarker( 4661): changeColorForBg state : -1, darkFont : false
04-19 14:22:45.186 I/HoneySpace.PageIndicatorView( 4661): change state : 3, com.honeyspace.ui.common.pageindicator.PageIndicatorView{a291232 V.E...... ......I. 0,0-0,0 #7f0a0462 app:id/page_indicator}
04-19 14:22:45.186 I/HoneySpace.PageIndicatorView( 4661): this.state : -1, state : 3
04-19 14:22:45.186 I/HoneySpace.PageIndicatorView( 4661): change plusPage : (false, false), com.honeyspace.ui.common.pageindicator.PageIndicatorView{a291232 V.E...... ......I. 0,0-0,0 #7f0a0462 app:id/page_indicator}
04-19 14:22:45.186 I/HoneySpace.PageIndicatorView( 4661): change showMinusOnePage : false, com.honeyspace.ui.common.pageindicator.PageIndicatorView{a291232 V.E...... ......I. 0,0-0,0 #7f0a0462 app:id/page_indicator}
04-19 14:22:45.186 I/HoneySpace.PageIndicatorView( 4661): pageIndicatorView loading = true, com.honeyspace.ui.common.pageindicator.PageIndicatorView{a291232 V.E...... ......I. 0,0-0,0 #7f0a0462 app:id/page_indicator}
04-19 14:22:45.186 I/HoneySpace.PageIndicatorView( 4661): change pageCount : 1, com.honeyspace.ui.common.pageindicator.PageIndicatorView{a291232 V.E...... ......I. 0,0-0,0 #7f0a0462 app:id/page_indicator}
04-19 14:22:45.187 I/HoneySpace.PageIndicatorView( 4661): setMarkersCount : 1, isAnimated : false, existMinusOnePage : false existPlusPage : false
04-19 14:22:45.187 I/HoneySpace.PageIndicatorMarker( 4661): onFinishInflate set marker
04-19 14:22:45.187 I/HoneySpace.PageIndicatorMarker( 4661): setMarkerDrawables isDefaultTheme = false
04-19 14:22:45.187 I/HYPER-HAL( 1631): [RequestManager.cpp]acquire(): Acquired ID : 66071625  [1634 / 9860]    HINT :      list : [UCLAMP_MIN_BOOST / 100] [TID / 7833] [TID / 7834] [TID / 4661] [TID / 7762] 
04-19 14:22:45.189 I/HoneySpace.PageIndicatorMarker( 4661): Theme drawable for page indicator is not exist. Type : HOMESCREEN_MENU_PAGE_NAVI_DEFAULT
04-19 14:22:45.189 I/HoneySpace.PageIndicatorView( 4661): needFakeZeroPageMarker state : 3, minusOnePageEnable : true, existMinusOnePage : false
04-19 14:22:45.189 I/HoneySpace.PageIndicatorView( 4661): setActiveMarker : 0
04-19 14:22:45.189 I/HoneySpace.PageIndicatorView( 4661): markers.size = 1
04-19 14:22:45.189 I/HoneySpace.PageIndicatorView( 4661): change defaultIndex : -1, com.honeyspace.ui.common.pageindicator.PageIndicatorView{a291232 V.E...... ......I. 0,0-0,0 #7f0a0462 app:id/page_indicator}
04-19 14:22:45.189 I/HoneySpace.PageIndicatorView( 4661): setActiveMarker : 0
04-19 14:22:45.189 I/HoneySpace.PageIndicatorView( 4661): markers.size = 1
04-19 14:22:45.189 I/HoneySpace.PageIndicatorView( 4661): change current page : 0, com.honeyspace.ui.common.pageindicator.PageIndicatorView{a291232 V.E...... ......I. 0,0-0,0 #7f0a0462 app:id/page_indicator}
04-19 14:22:45.189 I/HoneySpace.PageIndicatorView( 4661): setActiveMarker : 0
04-19 14:22:45.189 I/HoneySpace.PageIndicatorView( 4661): markers.size = 1
04-19 14:22:45.189 I/HoneySpace.PageIndicatorView( 4661): pageIndicatorView refreshBorder
04-19 14:22:45.189 I/HoneySpace.PageIndicatorView( 4661): pageIndicatorView reapply
04-19 14:22:45.189 I/HoneySpace.PageIndicatorView( 4661): reapply markerIconSize: 50
04-19 14:22:45.189 I/HoneySpace.PageIndicatorView( 4661): needFakeZeroPageMarker state : 3, minusOnePageEnable : true, existMinusOnePage : false
04-19 14:22:45.190 I/HoneySpace.AbsFolderViewModel( 4661): doOnStateChangeEnd alpha: 1.0 scale: 1.0  [id:5] [title:Google] [color:-694559544] [items:9] [container:0]
04-19 14:22:45.191 I/HoneySpace.OpenFolderOperator( 4661): com.honeyspace.ui.honeypots.homescreen.presentation.HomeView{7720d35 V.E.....X ......ID 0,0-1080,2340 #7f0a02de app:id/home_screen aid=1073741825} - visibility:0, alpha:1.0, scale: 1.0, translation:(0.0, 0.0)  [id:5] [title:Google] [color:-694559544] [items:9] [container:0]
04-19 14:22:45.191 I/HoneySpace.WorkspaceViewModel( 4661): endStateChange state: com.honeyspace.sdk.HomeScreen$Normal@6c74b88 -> com.honeyspace.sdk.HomeScreen$OpenFolder@ea378fc
04-19 14:22:45.191 I/HoneySpace.HotseatViewModel@154040410@OneUI( 4661): doOnStateChangeEnd com.honeyspace.sdk.HomeScreen$OpenFolder@ea378fc
04-19 14:22:45.191 I/HoneySpace.HistoryViewModel@89933423@OneUI( 4661): doOnStateChangeEnd com.honeyspace.sdk.HomeScreen$OpenFolder@ea378fc
04-19 14:22:45.191 I/HoneySpace.HomescreenViewModel( 4661): doOnStateChangeEnd, com.honeyspace.sdk.HomeScreen$Normal@6c74b88 -> com.honeyspace.sdk.HomeScreen$OpenFolder@ea378fc
04-19 14:22:45.192 I/HoneySpace.SPayHandler( 4661): updateSpayHandler, show = false, defaultPage = true
04-19 14:22:45.192 I/SAMSUNGWALLET(16411): [Hint_PayHintService] onReceive() action=com.sec.android.app.launcher.intent.action.UPDATE_SPAY_HANDLER
04-19 14:22:45.192 I/SAMSUNGWALLET(16411): [Hint_PayHintService] home change, s home : false , default : true , gesture : true , s result : false , prev : false
04-19 14:22:45.194 I/HoneySpace.PageIndicatorView( 4661): change state : 3, com.honeyspace.ui.common.pageindicator.PageIndicatorView{a291232 V.E...... ......ID 540,2150-540,2248 #7f0a0462 app:id/page_indicator}
04-19 14:22:45.194 I/HoneySpace.PageIndicatorView( 4661): this.state : 3, state : 3
04-19 14:22:45.194 I/HoneySpace.PageIndicatorView( 4661): change plusPage : (false, false), com.honeyspace.ui.common.pageindicator.PageIndicatorView{a291232 V.E...... ......ID 540,2150-540,2248 #7f0a0462 app:id/page_indicator}
04-19 14:22:45.194 I/HoneySpace.PageIndicatorView( 4661): change showMinusOnePage : false, com.honeyspace.ui.common.pageindicator.PageIndicatorView{a291232 V.E...... ......ID 540,2150-540,2248 #7f0a0462 app:id/page_indicator}
04-19 14:22:45.194 I/HoneySpace.PageIndicatorView( 4661): pageIndicatorView loading = true, com.honeyspace.ui.common.pageindicator.PageIndicatorView{a291232 V.E...... ......ID 540,2150-540,2248 #7f0a0462 app:id/page_indicator}
04-19 14:22:45.194 I/HoneySpace.PageIndicatorView( 4661): change pageCount : 1, com.honeyspace.ui.common.pageindicator.PageIndicatorView{a291232 V.E...... ......ID 540,2150-540,2248 #7f0a0462 app:id/page_indicator}
04-19 14:22:45.194 I/HoneySpace.PageIndicatorView( 4661): setMarkersCount : 1, isAnimated : false, existMinusOnePage : false existPlusPage : false
04-19 14:22:45.194 I/HoneySpace.PageIndicatorView( 4661): needFakeZeroPageMarker state : 3, minusOnePageEnable : true, existMinusOnePage : false
04-19 14:22:45.194 I/HoneySpace.PageIndicatorView( 4661): setActiveMarker : 0
04-19 14:22:45.194 I/HoneySpace.PageIndicatorView( 4661): markers.size = 1
04-19 14:22:45.194 I/HoneySpace.PageIndicatorView( 4661): change defaultIndex : -1, com.honeyspace.ui.common.pageindicator.PageIndicatorView{a291232 V.E...... ......ID 540,2150-540,2248 #7f0a0462 app:id/page_indicator}
04-19 14:22:45.194 I/HoneySpace.PageIndicatorView( 4661): setActiveMarker : 0
04-19 14:22:45.194 I/HoneySpace.PageIndicatorView( 4661): markers.size = 1
04-19 14:22:45.194 I/HoneySpace.PageIndicatorView( 4661): change current page : 0, com.honeyspace.ui.common.pageindicator.PageIndicatorView{a291232 V.E...... ......ID 540,2150-540,2248 #7f0a0462 app:id/page_indicator}
04-19 14:22:45.194 I/HoneySpace.PageIndicatorView( 4661): setActiveMarker : 0
04-19 14:22:45.194 I/HoneySpace.PageIndicatorView( 4661): markers.size = 1
04-19 14:22:45.194 I/HoneySpace.PageIndicatorView( 4661): pageIndicatorView refreshBorder
04-19 14:22:45.194 I/HoneySpace.PageIndicatorView( 4661): pageIndicatorView reapply
04-19 14:22:45.194 I/HoneySpace.PageIndicatorView( 4661): reapply markerIconSize: 50
04-19 14:22:45.194 I/HoneySpace.PageIndicatorView( 4661): needFakeZeroPageMarker state : 3, minusOnePageEnable : true, existMinusOnePage : false
04-19 14:22:45.205 D/SatelliteController( 3918): isInCarrierRoamingNbIotNtn: satellite is disabled
04-19 14:22:45.205 D/SemCellularStateManager( 2748): onSignalStrengthsChanged: mCellularSignalLevel=0
04-19 14:22:45.206 V/SatelliteController( 3918): getWwanIsInService: return true
04-19 14:22:45.207 D/MobileSignalTransitionManager( 3944): updateSignalTransition
04-19 14:22:45.208 I/HoneySpace.StatusIconTracker( 4661): invokeEvent() called with: event = Mobile(bundle=Bundle[mParcelledData.dataSize=256])
04-19 14:22:45.211 D/SemInputDeviceManager( 2748): setProperty: (0) CMD,GRIP_DATA,1,45,7,24,702
04-19 14:22:45.211 I/SemInputMotionHelper( 2748): setMotionControl: ALL: 12, client=com.samsung.android.hardware.secinputdev.SemInputDeviceManager, ret=0
04-19 14:22:45.211 D/SemInputDeviceManager( 2748): setProperty: (100) CMD,SIP,0
04-19 14:22:45.211 D/TspStateManager( 2748): wrote command: cmd=1,45,7,24,702, type=1
04-19 14:22:45.211 D/SemInputDevice:TSP( 2748): SetPropertyTask: CMD,set_grip_data,1,45,7,24,702 [04-19 14:22:45.211]
04-19 14:22:45.212 I/SemInputCommandService( 2748): setPropertyAllTouch: SIP,0 retDefault=1 retExtra=-2
04-19 14:22:45.212 D/TspStateManager( 2748): wrote command: cmd=0, type=5
04-19 14:22:45.213 I/sysinput:aidl( 1657): onReportInformation:91, 1, cmd@set_grip_data,1,45,7,24,70
04-19 14:22:45.213 D/SysinputHAL_AIDL( 2748): setProperty(TSP(1)): CMD, set_grip_data,1,45,7,24,702 ret=0
04-19 14:22:45.214 D/SemInputDevice:TSP( 2748): SetPropertyTask: CMD,set_sip_mode,0 [04-19 14:22:45.211]
04-19 14:22:45.214 I/sysinput:Touch1( 1657): operator():237, OK
04-19 14:22:45.214 I/sysinput:aidl( 1657): onReportInformation:93, 1, cmd@set_sip_mode,0:0
04-19 14:22:45.214 D/SysinputHAL_AIDL( 2748): setProperty(TSP(1)): CMD, set_sip_mode,0 ret=0
04-19 14:22:45.214 I/sysinput:Touch1( 1657): operator():237, OK
04-19 14:22:45.241 D/NativeSemDvfsManager( 1741): acquire:: timeout = 2000 mIsAcquired = 1  mTagName : SurfaceFlinger 
04-19 14:22:45.241 E/NativeCustomFrequencyManager( 1741): [NativeCFMS] BpCustomFrequencyManager::acquire()
04-19 14:22:45.241 I/HYPER-HAL( 1631): [RequestManager.cpp]acquire(): Acquired ID : 3758911  [1741 / 1000]    HINT : SF_GPU_MINLOCK    list : [TIMEOUT / 2000] 
04-19 14:22:45.300 I/HoneySpace.FolderIconView( 4661): end dim animation : Google
04-19 14:22:45.325 I/HYPER-HAL( 1631): [RequestManager.cpp]releaseLocked(): Released ID : 3846176
04-19 14:22:45.337 D/InputReader( 2748): Btn_touch(4): value=1 when=85702.452179
04-19 14:22:45.337 I/InputReader( 2748): Touch event's action is 0x0 (id=6, t=0) [pCnt=1, s=0.5375 ] when=85702.452179
04-19 14:22:45.338 I/HYPER-HAL( 1631): [RequestManager.cpp]acquire(): Acquired ID : 66071625  [1634 / 9860]    HINT :      list : [UCLAMP_MIN_BOOST / 0] [TID / 7833] [TID / 7834] [TID / 4661] [TID / 7762] 
04-19 14:22:45.339 I/InputDispatcher( 2748): Delivering touch to (3944): action: 0x4, f=0x0, d=0, '9705530', t=1 
04-19 14:22:45.339 I/InputDispatcher( 2748): Delivering touch to (24038): action: 0x4, f=0x0, d=0, '1a0b6d7', t=1 
04-19 14:22:45.339 I/InputDispatcher( 2748): Delivering touch to (4661): action: 0x0, f=0x0, d=0, '4906084', t=1 
04-19 14:22:45.339 I/VRI[LauncherActivity]@605627e( 4661): ViewPostIme pointer 0
04-19 14:22:45.339 I/HoneySpace.HomeView( 4661): findControllerToHandleTouch ev = 0
04-19 14:22:45.339 I/HoneySpace.HoneyWindowController( 4661): windowMap[it.hashCode()]?.get()=com.android.internal.policy.PhoneWindow@7f257e9
04-19 14:22:45.339 I/HoneySpace.StatusBarTouchController( 4661): canInterceptTouch showNotificationPanel : true systemUiProxy.isActive() = true honeyScreenManager.currentHoneyScreen : HOME honeyScreen.currentHoneyState : com.honeyspace.sdk.HomeScreen$OpenFolder@ea378fc
04-19 14:22:45.339 I/HoneySpace.FinderTouchController( 4661): onControllerInterceptTouchEvent :: canInterceptTouch() = false, QuickOptionUtil.isShowQuickOption() : false QuickOptionUtil.isDragging : false
04-19 14:22:45.339 I/HoneySpace.HomeAppsTouchController( 4661): currentChangeState : com.honeyspace.sdk.HomeScreen$OpenFolder@ea378fc, currentHoneyState : com.honeyspace.sdk.HomeScreen$OpenFolder@ea378fc, EditLockPopup : false, isOpenFolderMode : true, isChildScrolling : false, isDragAnimRunning : false
04-19 14:22:45.339 I/HoneySpace.HomeAppsTouchController( 4661): currentChangeState : com.honeyspace.sdk.HomeScreen$OpenFolder@ea378fc, currentHoneyState : com.honeyspace.sdk.HomeScreen$OpenFolder@ea378fc, EditLockPopup : false, isOpenFolderMode : true, isChildScrolling : false, isDragAnimRunning : false
04-19 14:22:45.339 I/HoneySpace.HomeAppsTouchController( 4661): onControllerInterceptTouchEvent :: canInterceptTouch() = false, QuickOptionUtil.isShowQuickOption() : false QuickOptionUtil.isDragging : false
04-19 14:22:45.339 I/HoneySpace.PageEditTouchController( 4661): onControllerInterceptTouchEvent, isShowQuickOption=false, isDragging=false, isAvailablePinchZoomState=false, homeDataLoading=false, isRunningPageReorder=false, currentChangeState=com.honeyspace.sdk.HomeScreen$OpenFolder@ea378fc, gestureRunning=false, appClosing=false,
04-19 14:22:45.339 I/HoneySpace.OpenFolderFRView( 4661): dispatchTouchEvent() event.action=0
04-19 14:22:45.339 I/HoneySpace.OpenFolderFRView( 4661): processDownMotionEvent, index = 0, id = 0
04-19 14:22:45.339 I/HoneySpace.OpenFolderFRView( 4661): initTouchPoint, index = 0, id = 0
04-19 14:22:45.340 I/HoneySpace.IconView( 4661): start dim animation : Gmail
04-19 14:22:45.340 I/GestureDetector( 2748): obtain mCurrentDownEvent. id: 349767377 caller: com.android.server.wm.SystemGesturesPointerEventListener.onPointerEvent:17 com.android.server.wm.PointerEventDispatcher.onInputEvent:51 android.view.InputEventReceiver.dispatchInputEvent:392 
04-19 14:22:45.340 I/GestureDetector( 2748): obtain mCurrentDownEvent. id: 349767377 caller: com.android.server.wm.SystemPerformancePointerEventListener.onPointerEvent:13 com.android.server.wm.PointerEventDispatcher.onInputEvent:51 android.view.InputEventReceiver.dispatchInputEvent:392 
04-19 14:22:45.340 I/HoneySpace.IconHoney( 4661): call activeLaunch 7
04-19 14:22:45.346 I/Pageboost( 2748): start alp : com.google.android.gm
04-19 14:22:45.346 I/HoneySpace.GestureInputHandler( 4661): inputConsumers = [com.honeyspace.gesture.inputconsumer.InputConsumer$Companion$NO_OP$1@55f3794]
04-19 14:22:45.346 I/Pageboost( 2748): alp for : com.google.android.gm , 1
04-19 14:22:45.346 I/HoneySpace.InputSession( 4661): inputConsumers = NO_OP
04-19 14:22:45.346 I/GestureDetector( 2748): obtain mCurrentMotionEventRaw. action: 2 id: 622758494
04-19 14:22:45.346 I/GestureDetector( 2748): obtain mCurrentMotionEventRaw. action: 2 id: 622758494
04-19 14:22:45.347 W/ContextImpl( 2748): Calling a method in the system process without a qualified user: android.app.ContextImpl.startActivity:1189 com.android.server.am.ActivityManagerService.doActiveLaunch:101 android.app.IActivityManager$Stub.onTransact:5096 com.android.server.am.ActivityManagerService.onTransact:425 android.os.Binder.execTransactInternal:1462 
04-19 14:22:45.347 I/HoneySpace.InputSession( 4661): open
04-19 14:22:45.347 D/ActivityTaskManager( 2748): startActivityAsUser: callingPid=2748, callingUid=1000, caller=com.android.server.wm.ActivityTaskManagerService.startActivity:123 android.app.Instrumentation.execStartActivity:2010 android.app.ContextImpl.startActivity:1207 com.android.server.am.ActivityManagerService.doActiveLaunch:101 android.app.IActivityManager$Stub.onTransact:5096 com.android.server.am.ActivityManagerService.onTransact:425 android.os.Binder.execTransactInternal:1462 
04-19 14:22:45.347 E/pageboostd( 5423): alp start : app comgoogleandroidgm
04-19 14:22:45.347 D/ActivityTaskManager( 2748): request preloading for newly launching app
04-19 14:22:45.347 I/ActivityTaskManager( 2748): starting ActiveLaunch
04-19 14:22:45.348 D/ActivityManager( 2748): starting Active launch
04-19 14:22:45.348 I/lmkd    (  846): check proc pid launching app : 26634
04-19 14:22:45.350 I/HoneySpace.HomeView( 4661): findControllerToHandleTouch ev = 2
04-19 14:22:45.350 I/HoneySpace.FinderTouchController( 4661): onControllerInterceptTouchEvent :: canInterceptTouch() = false, QuickOptionUtil.isShowQuickOption() : false QuickOptionUtil.isDragging : false
04-19 14:22:45.350 I/HoneySpace.HomeAppsTouchController( 4661): currentChangeState : com.honeyspace.sdk.HomeScreen$OpenFolder@ea378fc, currentHoneyState : com.honeyspace.sdk.HomeScreen$OpenFolder@ea378fc, EditLockPopup : false, isOpenFolderMode : true, isChildScrolling : false, isDragAnimRunning : false
04-19 14:22:45.350 I/HoneySpace.HomeAppsTouchController( 4661): currentChangeState : com.honeyspace.sdk.HomeScreen$OpenFolder@ea378fc, currentHoneyState : com.honeyspace.sdk.HomeScreen$OpenFolder@ea378fc, EditLockPopup : false, isOpenFolderMode : true, isChildScrolling : false, isDragAnimRunning : false
04-19 14:22:45.350 I/HoneySpace.HomeAppsTouchController( 4661): onControllerInterceptTouchEvent :: canInterceptTouch() = false, QuickOptionUtil.isShowQuickOption() : false QuickOptionUtil.isDragging : false
04-19 14:22:45.350 I/HoneySpace.PageEditTouchController( 4661): onControllerInterceptTouchEvent, isShowQuickOption=false, isDragging=false, isAvailablePinchZoomState=false, homeDataLoading=false, isRunningPageReorder=false, currentChangeState=com.honeyspace.sdk.HomeScreen$OpenFolder@ea378fc, gestureRunning=false, appClosing=false,
04-19 14:22:45.350 I/HoneySpace.MinusOnePageController( 4661): ACTION_MOVE isValidState: false isNormalState: false shouldStartScroll: false delta: 0.0 isScrollableItemTouch: false touchSlop: 36.0 minusOnePageMover: o4.d@2f30059
04-19 14:22:45.350 I/HoneySpace.OpenFolderFRView( 4661): updateIsBeingDraggedOnTouchDown touchSlop:24, diff:0, moved:false, useLongTouchSlop:false
04-19 14:22:45.367 D/SurfaceFlinger( 1741): GPIS:: requestGPISForClientComposition
04-19 14:22:45.367 I/HoneySpace.HomeView( 4661): findControllerToHandleTouch ev = 2
04-19 14:22:45.367 I/HoneySpace.FinderTouchController( 4661): onControllerInterceptTouchEvent :: canInterceptTouch() = false, QuickOptionUtil.isShowQuickOption() : false QuickOptionUtil.isDragging : false
04-19 14:22:45.367 I/HoneySpace.HomeAppsTouchController( 4661): currentChangeState : com.honeyspace.sdk.HomeScreen$OpenFolder@ea378fc, currentHoneyState : com.honeyspace.sdk.HomeScreen$OpenFolder@ea378fc, EditLockPopup : false, isOpenFolderMode : true, isChildScrolling : false, isDragAnimRunning : false
04-19 14:22:45.367 I/HoneySpace.HomeAppsTouchController( 4661): currentChangeState : com.honeyspace.sdk.HomeScreen$OpenFolder@ea378fc, currentHoneyState : com.honeyspace.sdk.HomeScreen$OpenFolder@ea378fc, EditLockPopup : false, isOpenFolderMode : true, isChildScrolling : false, isDragAnimRunning : false
04-19 14:22:45.367 I/HoneySpace.HomeAppsTouchController( 4661): onControllerInterceptTouchEvent :: canInterceptTouch() = false, QuickOptionUtil.isShowQuickOption() : false QuickOptionUtil.isDragging : false
04-19 14:22:45.367 I/HoneySpace.PageEditTouchController( 4661): onControllerInterceptTouchEvent, isShowQuickOption=false, isDragging=false, isAvailablePinchZoomState=false, homeDataLoading=false, isRunningPageReorder=false, currentChangeState=com.honeyspace.sdk.HomeScreen$OpenFolder@ea378fc, gestureRunning=false, appClosing=false,
04-19 14:22:45.367 I/HoneySpace.MinusOnePageController( 4661): ACTION_MOVE isValidState: false isNormalState: false shouldStartScroll: false delta: -0.5683594 isScrollableItemTouch: false touchSlop: 36.0 minusOnePageMover: o4.d@2f30059
04-19 14:22:45.367 I/HoneySpace.OpenFolderFRView( 4661): updateIsBeingDraggedOnTouchDown touchSlop:24, diff:0, moved:false, useLongTouchSlop:false
04-19 14:22:45.368 I/lmkd    (  846): 0(delay), 1(swap), 50(freelimit), 0(reentrymode) memory pressure events were skipped after a kill!
04-19 14:22:45.383 I/HoneySpace.HomeView( 4661): findControllerToHandleTouch ev = 2
04-19 14:22:45.383 I/HoneySpace.FinderTouchController( 4661): onControllerInterceptTouchEvent :: canInterceptTouch() = false, QuickOptionUtil.isShowQuickOption() : false QuickOptionUtil.isDragging : false
04-19 14:22:45.383 I/HoneySpace.HomeAppsTouchController( 4661): currentChangeState : com.honeyspace.sdk.HomeScreen$OpenFolder@ea378fc, currentHoneyState : com.honeyspace.sdk.HomeScreen$OpenFolder@ea378fc, EditLockPopup : false, isOpenFolderMode : true, isChildScrolling : false, isDragAnimRunning : false
04-19 14:22:45.383 I/HoneySpace.HomeAppsTouchController( 4661): currentChangeState : com.honeyspace.sdk.HomeScreen$OpenFolder@ea378fc, currentHoneyState : com.honeyspace.sdk.HomeScreen$OpenFolder@ea378fc, EditLockPopup : false, isOpenFolderMode : true, isChildScrolling : false, isDragAnimRunning : false
04-19 14:22:45.383 I/HoneySpace.HomeAppsTouchController( 4661): onControllerInterceptTouchEvent :: canInterceptTouch() = false, QuickOptionUtil.isShowQuickOption() : false QuickOptionUtil.isDragging : false
04-19 14:22:45.383 I/HoneySpace.PageEditTouchController( 4661): onControllerInterceptTouchEvent, isShowQuickOption=false, isDragging=false, isAvailablePinchZoomState=false, homeDataLoading=false, isRunningPageReorder=false, currentChangeState=com.honeyspace.sdk.HomeScreen$OpenFolder@ea378fc, gestureRunning=false, appClosing=false,
04-19 14:22:45.383 I/HoneySpace.MinusOnePageController( 4661): ACTION_MOVE isValidState: false isNormalState: false shouldStartScroll: false delta: -1.40625 isScrollableItemTouch: false touchSlop: 36.0 minusOnePageMover: o4.d@2f30059
04-19 14:22:45.383 I/HoneySpace.OpenFolderFRView( 4661): updateIsBeingDraggedOnTouchDown touchSlop:24, diff:1, moved:false, useLongTouchSlop:false
04-19 14:22:45.390 D/InputReader( 2748): Btn_touch(4): value=0 when=85702.505318
04-19 14:22:45.390 I/InputReader( 2748): Touch event's action is 0x1 (id=6, t=0) [pCnt=1, s=] when=85702.505318
04-19 14:22:45.390 I/InputDispatcher( 2748): Delivering touch to (4661): action: 0x1, f=0x0, d=0, '4906084', t=1 
04-19 14:22:45.390 I/VRI[LauncherActivity]@605627e( 4661): ViewPostIme pointer 1
04-19 14:22:45.391 I/HoneySpace.HomeView( 4661): findControllerToHandleTouch ev = 1
04-19 14:22:45.391 I/HoneySpace.FinderTouchController( 4661): onControllerInterceptTouchEvent :: canInterceptTouch() = false, QuickOptionUtil.isShowQuickOption() : false QuickOptionUtil.isDragging : false
04-19 14:22:45.391 I/HoneySpace.HomeAppsTouchController( 4661): currentChangeState : com.honeyspace.sdk.HomeScreen$OpenFolder@ea378fc, currentHoneyState : com.honeyspace.sdk.HomeScreen$OpenFolder@ea378fc, EditLockPopup : false, isOpenFolderMode : true, isChildScrolling : false, isDragAnimRunning : false
04-19 14:22:45.391 I/HoneySpace.HomeAppsTouchController( 4661): currentChangeState : com.honeyspace.sdk.HomeScreen$OpenFolder@ea378fc, currentHoneyState : com.honeyspace.sdk.HomeScreen$OpenFolder@ea378fc, EditLockPopup : false, isOpenFolderMode : true, isChildScrolling : false, isDragAnimRunning : false
04-19 14:22:45.391 I/HoneySpace.HomeAppsTouchController( 4661): onControllerInterceptTouchEvent :: canInterceptTouch() = false, QuickOptionUtil.isShowQuickOption() : false QuickOptionUtil.isDragging : false
04-19 14:22:45.391 I/HoneySpace.PageEditTouchController( 4661): onControllerInterceptTouchEvent, isShowQuickOption=false, isDragging=false, isAvailablePinchZoomState=false, homeDataLoading=false, isRunningPageReorder=false, currentChangeState=com.honeyspace.sdk.HomeScreen$OpenFolder@ea378fc, gestureRunning=false, appClosing=false,
04-19 14:22:45.391 I/HoneySpace.OpenFolderFRView( 4661): resetTouchState
04-19 14:22:45.392 I/HoneySpace.OpenFolderIconInflater( 4661): clicked id:7 label:Gmail componnet:com.google.android.gm/.ConversationListActivityGmail#UserHandle{0} badgeCount:0  drag:false iconState:NONE rank: 1
04-19 14:22:45.393 I/HoneySpace.HomeAppOpenFolderClickAction( 4661): onAppClick() id: 7
04-19 14:22:45.393 I/HoneySpace.IconView( 4661): end dim animation : Gmail
04-19 14:22:45.393 I/HoneySpace.DvfsManager( 4661): acquireAppLaunch
04-19 14:22:45.393 I/SemDvfsHyPerManager( 4661): acquire hyper - APP_LAUNCH/4661@2, type = -999
04-19 14:22:45.393 I/HYPER-HAL( 1631): [RequestManager.cpp]acquire(): Acquired ID : 10874118  [4661 / 2]    HINT : APP_LAUNCH    list : 
04-19 14:22:45.394 I/HoneySpace.ShellTransitionManager( 4661): startShellTransition com.honeyspace.sdk.transition.ShellTransition$Info@a9465eb, forceStart: false
04-19 14:22:45.394 I/HoneySpace.ShellAnimationRunner( 4661): setDelegate, delegate-com.honeyspace.transition.delegate.AppLaunchAnimationDelegate@6ff2f48, strong-false
04-19 14:22:45.394 I/SemDvfsHyPerManager( 7327): acquire hyper - APP_START_SHORT/7327@22, type = -999
04-19 14:22:45.395 I/HoneySpace.FloatingAnimator( 4661): playerCount : 1
04-19 14:22:45.395 I/HoneySpace.FloatingAnimator( 4661): [Player:A(45.395)] create
04-19 14:22:45.395 I/HoneySpace.TransitionUtils( 4661): getWindowTargetBounds: Rect(0, 0 - 1080, 2340)
04-19 14:22:45.395 I/HoneySpace.FloatingAnimator( 4661): [Player:A(45.395)] setup. isLandscape:false, isTranslucent:false, screenSize[1080, 2340], isMultiTargets:false, useCurrentDrawable:true
04-19 14:22:45.395 I/HYPER-HAL( 1631): [RequestManager.cpp]acquire(): Acquired ID : 27007597  [7327 / 22]    HINT : APP_START    list : [TIMEOUT / 1500] 
04-19 14:22:45.395 I/HoneySpace.FloatingAnimator( 4661): remote targets are empty
04-19 14:22:45.395 I/HoneySpace.ShellTransitionManager( 4661): open start
04-19 14:22:45.396 I/HoneySpace.Launcher( 4661): startActivityForResult request : -1
04-19 14:22:45.396 I/HoneySpace.AppLaunchAnimationDelegate( 4661): preload Player timer start! com.honeyspace.transition.anim.floating.FloatingAnimator$Player@87cb06
04-19 14:22:45.396 D/ActivityTaskManager( 2748): startActivityAsUser: callingPid=4661, callingUid=10150, caller=com.android.server.wm.ActivityTaskManagerService.startActivity:123 android.app.IActivityTaskManager$Stub.onTransact:1500 com.android.server.wm.ActivityTaskManagerService.onTransact:1 android.os.Binder.execTransactInternal:1457 android.os.Binder.execTransact:1401 <bottom of call stack> <bottom of call stack> 
04-19 14:22:45.397 I/Pageboost( 2748): onAppLaunch : com.google.android.gm
04-19 14:22:45.398 D/ActivityTaskManager( 2748): DesktopModeLaunchParamsModifier: task=null activity=null task null, skipping
04-19 14:22:45.398 D/ActivityTaskManager( 2748): TaskLaunchParamsModifier:task=null activity=null display-from-option=0 display-id=0 task-display-area-windowing-mode=1 suggested-display-area=DefaultTaskDisplayArea_d0@170809279
04-19 14:22:45.398 W/OptProp ( 2748): Cannot read opt property android.window.PROPERTY_COMPAT_ALLOW_RESIZEABLE_ACTIVITY_OVERRIDES
04-19 14:22:45.399 W/OptProp ( 2748): Cannot read opt property android.window.PROPERTY_COMPAT_ALLOW_MIN_ASPECT_RATIO_OVERRIDE
04-19 14:22:45.399 D/WindowManager( 2748): Transition is created, t=TransitionRecord{54112a0 id=-1 type=OPEN flags=0x0}, caller=com.android.server.wm.Transition.<init>:182 com.android.server.wm.TransitionController.createAndStartCollecting:106 com.android.server.wm.ActivityStarter.executeRequest:3515 com.android.server.wm.ActivityStarter.execute:1752 com.android.server.wm.ActivityTaskManagerService.startActivityAsUser:95 
04-19 14:22:45.399 D/BLASTSyncEngine( 2748): SyncGroup is created, id=2406, name=Transition-OPEN, caller=com.android.server.wm.BLASTSyncEngine$SyncGroup.<init>:52 com.android.server.wm.TransitionController.moveToCollecting:79 com.android.server.wm.TransitionController.createAndStartCollecting:109 com.android.server.wm.ActivityStarter.executeRequest:3515 com.android.server.wm.ActivityStarter.execute:1752 com.android.server.wm.ActivityTaskManagerService.startActivityAsUser:95 com.android.server.wm.ActivityTaskManagerService.startActivity:123 
04-19 14:22:45.399 W/BLASTSyncEngine( 2748): setSyncMethod, id=2406, method=0, caller=com.android.server.wm.TransitionController.moveToCollecting:91 com.android.server.wm.TransitionController.createAndStartCollecting:109 com.android.server.wm.ActivityStarter.executeRequest:3515 
04-19 14:22:45.399 V/WindowManager( 2748): Start collecting in Transition: TransitionRecord{54112a0 id=2406 type=OPEN flags=0x0}, caller=com.android.server.wm.TransitionController.createAndStartCollecting:109 com.android.server.wm.ActivityStarter.executeRequest:3515 com.android.server.wm.ActivityStarter.execute:1752 com.android.server.wm.ActivityTaskManagerService.startActivityAsUser:95 com.android.server.wm.ActivityTaskManagerService.startActivity:123 
04-19 14:22:45.399 V/WindowManager( 2748): Collecting in transition 2406: ActivityRecord{136437337 u0 com.google.android.gm/.ConversationListActivityGmail, caller=com.android.server.wm.TransitionController.collect:7 com.android.server.wm.ActivityStarter.startActivityUnchecked:98 com.android.server.wm.ActivityStarter.executeRequest:3559 com.android.server.wm.ActivityStarter.execute:1752 com.android.server.wm.ActivityTaskManagerService.startActivityAsUser:95 
04-19 14:22:45.399 D/ActivityTaskManager( 2748): DesktopModeLaunchParamsModifier: task=null activity=ActivityRecord{136437337 u0 com.google.android.gm/.ConversationListActivityGmail t-1} task null, skipping
04-19 14:22:45.399 D/ActivityTaskManager( 2748): TaskLaunchParamsModifier:task=null activity=ActivityRecord{136437337 u0 com.google.android.gm/.ConversationListActivityGmail t-1} display-from-option=0 display-id=0 task-display-area-windowing-mode=1 suggested-display-area=DefaultTaskDisplayArea_d0@170809279
04-19 14:22:45.400 D/ActivityTaskManager( 2748): DesktopModeLaunchParamsModifier: task=null activity=ActivityRecord{136437337 u0 com.google.android.gm/.ConversationListActivityGmail t-1} task null, skipping
04-19 14:22:45.400 D/ActivityTaskManager( 2748): TaskLaunchParamsModifier:task=null activity=ActivityRecord{136437337 u0 com.google.android.gm/.ConversationListActivityGmail t-1} display-from-option=0 display-id=0 task-display-area-windowing-mode=1 suggested-display-area=DefaultTaskDisplayArea_d0@170809279 inherit-from-source=fullscreen non-freeform-task-display-area display-area=DefaultTaskDisplayArea_d0@170809279 default-portrait freeform-size-mismatch=Rect(81, 608 - 999, 1778)
04-19 14:22:45.400 I/SemDvfsHyPerManager( 2748): acquire hyper - AMS_APP_SWITCH/2748@27, type = -999
04-19 14:22:45.400 I/HYPER-HAL( 1631): [RequestManager.cpp]acquire(): Acquired ID : 3851727  [2748 / 27]    HINT : AMS_APP_SWITCH    list : 
04-19 14:22:45.400 D/ActivityManagerPerformance( 2748): AMP_acquire() APP_SWITCH
04-19 14:22:45.401 D/FreecessController( 2748): restrictJobsByOlaf: restrict=true, uid=10278
04-19 14:22:45.401 I/SurfaceFlinger( 1741): id=25381 createSurf, flag=24004, Task=40869#25381
04-19 14:22:45.402 D/ActivityTaskManager( 2748): DesktopModeLaunchParamsModifier: task=Task{a00fa1e #40869 type=standard A=10278:com.google.android.gm} activity=ActivityRecord{136437337 u0 com.google.android.gm/.ConversationListActivityGmail t-1} non-desktop, skipping
04-19 14:22:45.402 D/ActivityTaskManager( 2748): TaskLaunchParamsModifier:task=Task{a00fa1e #40869 type=standard A=10278:com.google.android.gm} activity=ActivityRecord{136437337 u0 com.google.android.gm/.ConversationListActivityGmail t-1} display-from-option=0 display-id=0 task-display-area-windowing-mode=1 suggested-display-area=DefaultTaskDisplayArea_d0@170809279 inherit-from-source=fullscreen non-freeform-task-display-area display-area=DefaultTaskDisplayArea_d0@170809279 default-portrait freeform-size-mismatch=Rect(81, 608 - 999, 1778)
04-19 14:22:45.403 V/WindowManager( 2748): Collecting in transition 2406: Task{a00fa1e #40869 type=standard A=10278:com.google.android.gm}, caller=com.android.server.wm.Transition.collectExistenceChange:40 com.android.server.wm.ActivityStarter.startActivityInner:293 com.android.server.wm.ActivityStarter.startActivityUnchecked:111 com.android.server.wm.ActivityStarter.executeRequest:3559 com.android.server.wm.ActivityStarter.execute:1752 
04-19 14:22:45.403 W/OptProp ( 2748): Cannot read opt property android.window.PROPERTY_COMPAT_ALLOW_ORIENTATION_OVERRIDE
04-19 14:22:45.403 I/SurfaceFlinger( 1741): id=25382 createSurf, flag=84004, ActivityRecord{136437337 u0 com.google.android.gm/.ConversationListActivityGmail t40869}#25382
04-19 14:22:45.404 D/ActivityTaskManager( 2748): scheduleTopResumedActivityChanged, onTop=false, r=ActivityRecord{101403755 u0 com.sec.android.app.launcher/.activities.LauncherActivity t8}, caller=com.android.server.wm.ActivityTaskSupervisor.scheduleTopResumedActivityStateLossIfNeeded:19 com.android.server.wm.ActivityTaskSupervisor.updateTopResumedActivityIfNeeded:20 com.android.server.wm.TaskDisplayArea.positionChildAt:252 com.android.server.wm.Task.moveToFront:40 com.android.server.wm.ActivityStarter.startActivityInner:315 com.android.server.wm.ActivityStarter.startActivityUnchecked:111 
04-19 14:22:45.404 V/WindowManager( 2748): Checking theme of starting window: 0x7f160452
04-19 14:22:45.404 V/WindowManager( 2748): Translucent=false Floating=false ShowWallpaper=false Disable=false
04-19 14:22:45.404 D/ActivityTaskManager( 2748): addStartingWindow: type=2 typeParameter=8f
04-19 14:22:45.404 V/WindowManager( 2748): Creating SplashScreenStartingData
04-19 14:22:45.404 V/WindowManager( 2748): Add starting ActivityRecord{136437337 u0 com.google.android.gm/.ConversationListActivityGmail t40869}: startingData=SplashScreenStartingData{7b4b8cc removeAfterTransaction= 0}
04-19 14:22:45.404 V/WindowManager( 2748): Added starting ActivityRecord{136437337 u0 com.google.android.gm/.ConversationListActivityGmail t40869}: startingWindow=null startingView=com.android.server.wm.StartingSurfaceController$StartingSurface@2090715
04-19 14:22:45.405 D/OlafRestriction( 2748):  olaf state update: state=true
04-19 14:22:45.405 D/OlafRestriction( 2748):  sending trigger onRestrictionStateChanged msg.
04-19 14:22:45.405 D/DeviceReportingSecurityChecker( 2748): getStatus
04-19 14:22:45.405 D/DeviceReportingSecurityChecker( 2748): mIsICDStatus is true
04-19 14:22:45.405 D/DeviceReportingSecurityChecker( 2748): mIsSim is true
04-19 14:22:45.405 D/DeviceReportingSecurityChecker( 2748): mIsEchoAppSignature is true
04-19 14:22:45.405 D/DeviceReportingSecurityChecker( 2748): security check passed
04-19 14:22:45.405 D/DeviceReportingSecurityChecker( 2748): mIsICDStatus === true mIsSim == true mIsMyAccountSignature== false mIsEchoAppSignature== true mIsSprintHubSignature== false
04-19 14:22:45.405 I/SemDvfsHyPerManager( 7327): acquire hyper - APP_START_SHORT/7327@22, type = -999
04-19 14:22:45.405 V/WindowManager( 2748): Collecting in transition 2406: ActivityRecord{136437337 u0 com.google.android.gm/.ConversationListActivityGmail t40869}, caller=com.android.server.wm.Transition.collectExistenceChange:40 com.android.server.wm.ActivityStarter.handleStartResult:761 com.android.server.wm.ActivityStarter.startActivityUnchecked:124 com.android.server.wm.ActivityStarter.executeRequest:3559 com.android.server.wm.ActivityStarter.execute:1752 
04-19 14:22:45.405 V/WindowManager( 2748): Requesting StartTransition: TransitionRecord{54112a0 id=2406 type=OPEN flags=0x0 c=[
04-19 14:22:45.405 V/WindowManager( 2748):    ChangeInfo{3ffff91 container=ActivityRecord{136437337 u0 com.google.android.gm/.ConversationListActivityGmail t40869} flags=0x0}
04-19 14:22:45.405 V/WindowManager( 2748):    ChangeInfo{f042ef6 container=Task{a00fa1e #40869 type=standard A=10278:com.google.android.gm} flags=0x0}
04-19 14:22:45.405 V/WindowManager( 2748):    ChangeInfo{35b22f7 container=DefaultTaskDisplayArea_d0@170809279 flags=0x0}
04-19 14:22:45.405 V/WindowManager( 2748):    ChangeInfo{47f5564 container=Display{#0 state=ON size=1080x2340 ROTATION_0} flags=0x0}
04-19 14:22:45.405 V/WindowManager( 2748): ]
04-19 14:22:45.405 V/WindowManager( 2748): }, caller=com.android.server.wm.ActivityStarter.handleStartResult:982 com.android.server.wm.ActivityStarter.startActivityUnchecked:124 com.android.server.wm.ActivityStarter.executeRequest:3559 com.android.server.wm.ActivityStarter.execute:1752 com.android.server.wm.ActivityTaskManagerService.startActivityAsUser:95 
04-19 14:22:45.405 I/HYPER-HAL( 1631): [RequestManager.cpp]acquire(): Acquired ID : 27007597  [7327 / 22]    HINT : APP_START    list : [TIMEOUT / 1500] 
04-19 14:22:45.406 I/Pageboost( 2748): stop alp
04-19 14:22:45.406 I/ActivityTaskManager( 2748): START u0 {act=android.intent.action.MAIN cat=[android.intent.category.LAUNCHER] flg=0x10200000 xflg=0x4 cmp=com.google.android.gm/.ConversationListActivityGmail bnds=[408,931][671,1220]} with LAUNCH_SINGLE_TOP from uid 10150 (sr=101403755) (BAL_ALLOW_VISIBLE_WINDOW) result code=0
04-19 14:22:45.406 I/SemDvfsHyPerManager( 2748): acquire hyper - AMS_APP_LAUNCH/2748@20, type = -999
04-19 14:22:45.406 E/pageboostd( 5423): Received HALT command code 2
04-19 14:22:45.406 V/WindowManagerShell( 3944): Transition requested (#2406): android.os.BinderProxy@6595401 TransitionRequestInfo { type = OPEN, triggerTask = TaskInfo{userId=0 taskId=40869 effectiveUid=10278 displayId=0 isRunning=true baseIntent=Intent { act=android.intent.action.MAIN cat=[android.intent.category.LAUNCHER] flg=0x10200000 cmp=com.google.android.gm/.ConversationListActivityGmail } baseActivity=ComponentInfo{com.google.android.gm/com.google.android.gm.ui.MailActivityGmail} topActivity=ComponentInfo{com.google.android.gm/com.google.android.gm.ui.MailActivityGmail} origActivity=ComponentInfo{com.google.android.gm/com.google.android.gm.ConversationListActivityGmail} realActivity=ComponentInfo{com.google.android.gm/com.google.android.gm.ui.MailActivityGmail} numActivities=1 lastActiveTime=113814109 supportsMultiWindow=true resizeMode=2 isResizeable=true minWidth=-1 minHeight=-1 maxWidth=-1 maxHeight=-1 defaultMinSize=220 desktopDefaultMinSize=304 token=WCT{android.window.IWindowContainerToken$Stub$Proxy@56742a6} topActivityType=1 pictureInPictureParams=null shouldDockBigOverlays=false launchIntoPipHostTaskId=-1 lastParentTaskIdBeforePip=-1 displayCutoutSafeInsets=Rect(0, 91 - 0, 0) topActivityInfo=ActivityInfo{5aa24e7 com.google.android.gm.ConversationListActivityGmail} launchCookies=[android.os.BinderProxy@25a4894] positionInParent=Point(0, 0) parentTaskId=-1 isFocused=false isVisible=false isVisibleRequested=false isTopActivityNoDisplay=false isSleeping=false locusId=null displayAreaFeatureId=1 isTopActivityTransparent=false isActivityStackTransparent=false lastNonFullscreenBounds=Rect(81, 608 - 999, 1778) capturedLink=null capturedLinkTimestamp=0 requestedVisibleTypes=-9 topActivityRequestOpenInBrowserEducationTimestamp=0 appCompatTaskInfo=AppCompatTaskInfo { topActivityInSizeCompat=false eligibleForLetterboxEducation= false isLetterboxEducationEnabled= false isLetterboxDoubleTapEnabled= false eligibleForUserAspectRatioButton= false topActivityBoundsLetterboxed= false isFromLetterboxDoubleTap= false topActivityLetterboxVerticalPosition= -1 topActivityLetterboxHorizontalPosition= -1 topActivityLetterboxWidth=-1 topActivityLetterboxHeight=-1 topActivityAppBounds=Rect(0, 0 - 1080, 2340) isUserFullscreenOverrideEnabled=false isSystemFullscreenOverrideEnabled=false hasMinAspectRatioOverride=false topActivityLetterboxBounds=null cameraCompatTaskInfo=CameraCompatTaskInfo { freeformCameraCompatMode=inactive} topActivityBounds=null topActivityInDisplayCompat=false singleTapFromLetterbox=false} topActivityMainWindowFrame=null originallySupportedMultiWindow=true hasWallpaper=false rootAffinity=10278:com.google.android.gm isTopTaskInStage=false CoverLauncherWidgetTask=false LaunchedFromAppsCoverLauncherTask=false LaunchedFromMultistarCoverLauncherTask=false isAllowedSeamlessRotation=false isTopTransparentActivity=false isAliasManaged=false hasConfigChanged=false snappingGuideBounds=null isAiKeyRemoveAppTask=false lastDesktopWindowingBounds=null lastExternalDesktopWindowingBounds=null safeCutoutInsets=null}, pipChange = null, remoteTransition = RemoteTransition { remoteTransition = android.window.IRemoteTransition$Stub$Proxy@9062f3d, appThread = android.app.IApplicationThread$Stub$Proxy@34e332, debugName = QuickstepLaunchflags =NONE }, displayChange = null, flags = 0, debugId = 2406 }
04-19 14:22:45.406 I/HYPER-HAL( 1631): [RequestManager.cpp]acquire(): Acquired ID : 3832316  [2748 / 20]    HINT : AMS_APP_LAUNCH_LM    list : 
04-19 14:22:45.406 V/ShellDesktopMode( 3944): DesktopTasksController: isDesktopModeShowing: hasVisibleTasks=false hasTopTransparentFullscreenTask=false
04-19 14:22:45.406 D/ShellSplitScreen( 3944): logExit: no-op, mLoggerSessionId is null
04-19 14:22:45.406 D/ShellDesktopMode( 3944): handleRequest: TransitionRequestInfo {type=1, tid=40869, remote=true, debugId=2406}
04-19 14:22:45.406 D/CompatChangeReporter( 2748): Compat change id reported: 377864165; UID 10278; state: ENABLED
04-19 14:22:45.407 I/SemDvfsHyPerManager( 7327): acquire hyper - APP_START/7327@24, type = -999
04-19 14:22:45.407 D/ViewRootImpl( 3944): desktopMode is false
04-19 14:22:45.407 I/HoneySpace.AbsFolderViewModel( 4661): performClick: id:7 label:Gmail componnet:com.google.android.gm/.ConversationListActivityGmail#UserHandle{0} badgeCount:0  drag:false iconState:NONE  [id:5] [title:Google] [color:-694559544] [items:9] [container:0]
04-19 14:22:45.407 I/ViewRootImpl( 3944): dVRR is disabled
04-19 14:22:45.407 V/ShellDesktopMode( 3944): DesktopTasksController: handleFullscreenTaskLaunch
04-19 14:22:45.407 V/ShellDesktopMode( 3944): DesktopTasksController: isDesktopModeShowing: hasVisibleTasks=false hasTopTransparentFullscreenTask=false
04-19 14:22:45.407 I/HoneySpace.GestureInputHandler( 4661): reset
04-19 14:22:45.407 V/ShellDesktopMode( 3944): DesktopTasksController: handleRequest result=null
04-19 14:22:45.407 I/HoneySpace.InputSession( 4661): close
04-19 14:22:45.407 V/WindowManagerShell( 3944): RemoteTransition directly requested for (#2406) android.os.BinderProxy@6595401: RemoteTransition { remoteTransition = android.window.IRemoteTransition$Stub$Proxy@9062f3d, appThread = android.app.IApplicationThread$Stub$Proxy@34e332, debugName = QuickstepLaunchflags =NONE }
04-19 14:22:45.408 D/NativeCustomFrequencyManager( 3944): [NativeCFMS] BpCustomFrequencyManager::BpCustomFrequencyManager()
04-19 14:22:45.408 I/HoneySpace.FloatingAnimator( 4661): add containerView during preload, com.honeyspace.transition.anim.floating.ContainerView{297abd2 V.E...... ......ID 0,0-1080,1080}
04-19 14:22:45.408 I/HoneySpace.FloatingAnimator( 4661): add positionListener - com.honeyspace.transition.anim.floating.c@65175c7
04-19 14:22:45.408 V/WindowManagerShell( 3944): Transition (#2406): request handled by DefaultMixedHandler
04-19 14:22:45.409 I/HYPER-HAL( 1631): [RequestManager.cpp]acquire(): Acquired ID : 27022300  [7327 / 24]    HINT : APP_START    list : 
04-19 14:22:45.409 V/WindowManager( 2748): Starting Transition 2406, caller=com.android.server.wm.WindowOrganizerController.startTransition:47 com.android.server.wm.WindowOrganizerController.startTransition:1 android.window.IWindowOrganizerController$Stub.onTransact:259 
04-19 14:22:45.409 D/ShellStartingWindow( 3944): preload Icon com.google.android.gm
04-19 14:22:45.410 D/ShellStartingWindow( 3944): use preloaded icon
04-19 14:22:45.410 E/pageboostd( 5423): comgoogleandroidgm, amt 29567920 scnt 3 fcnt 1
04-19 14:22:45.410 E/pageboostd( 5423): alp end : app comgoogleandroidgm data_amount 29567920
04-19 14:22:45.410 E/pageboostd( 5423): alp halted comgoogleandroidgm
04-19 14:22:45.411 D/InputTransport( 2748): Input channel constructed: '6bc4482', fd=1319
04-19 14:22:45.411 D/InputTransport( 2748): Input channel constructed: '6bc4482', fd=1321
04-19 14:22:45.411 D/InputTransport( 2748): Input channel constructed: '6bc4482', fd=1324
04-19 14:22:45.411 D/InputTransport( 2748): Input channel destroyed: '6bc4482', fd=1321
04-19 14:22:45.411 D/WindowManager( 2748): prepareSync <SYNC_STATE_WAITING_FOR_DRAW>, mPrepareSyncSeqId=0, win=Window{6bc4482 u0 Splash Screen com.google.android.gm}
04-19 14:22:45.411 I/CameraService( 2135): onUidStateChanged: uid=10053, procState is changed. (0 -> 1)
04-19 14:22:45.411 I/SurfaceFlinger( 1741): id=25383 createSurf, flag=84004, 6bc4482 Splash Screen com.google.android.gm#25383
04-19 14:22:45.411 D/RestrictionPolicy( 2748): isScreenCaptureEnabled : ret=true userId=0
04-19 14:22:45.411 V/WindowManager( 2748): addWindow: ActivityRecord{136437337 u0 com.google.android.gm/.ConversationListActivityGmail t40869} startingWindow=Window{6bc4482 u0 Splash Screen com.google.android.gm}
04-19 14:22:45.411 D/InputTransport( 2748): Input channel destroyed: '6bc4482', fd=1324
04-19 14:22:45.412 D/InputTransport( 3944): Input channel constructed: '6bc4482', fd=498
04-19 14:22:45.412 I/HYPER-HAL( 1631): [RequestManager.cpp]acquire(): Acquired ID : 66728493  [1634 / 9917]    HINT :      list : [TID_LOW_LATENCY / 1] [TID / 4334] [TID / 4335] [TID / 4247] [TID / 4337] 
04-19 14:22:45.412 I/HoneySpace.Launcher( 4661): !@Boot_EBS_D: Launcher.onPause()
04-19 14:22:45.412 I/HoneySpace.Launcher( 4661): updateLauncherShowing true -> false
04-19 14:22:45.413 I/HoneySpace.SuggestedAppsRepositoryImpl( 4661): sendSuggestedAppsLaunchTarget: ComponentInfo{com.google.android.gm/com.google.android.gm.ConversationListActivityGmail}
04-19 14:22:45.413 I/InsetsController( 3944): onStateChanged: host=Splash Screen com.google.android.gm, from=android.view.ViewRootImpl.onInsetsStateChanged:3026, state=InsetsState: {mDisplayFrame=Rect(0, 0 - 1080, 2340), mDisplayCutout=DisplayCutout{insets=Rect(0, 91 - 0, 0) waterfall=Insets{left=0, top=0, right=0, bottom=0} boundingRect={Bounds=[Rect(0, 0 - 0, 0), Rect(511, 0 - 569, 91), Rect(0, 0 - 0, 0), Rect(0, 0 - 0, 0)]} cutoutPathParserInfo={CutoutPathParserInfo{displayWidth=1080 displayHeight=2340 physicalDisplayWidth=1080 physicalDisplayHeight=2340 density={3.0} cutoutSpec={M 0,0 H -9.666666666666667 V 30.33333333333333 H 9.666666666666667 V 0 H 0 Z @dp} rotation={0} scale={1.0} physicalPixelDisplaySizeRatio={1.0}}} sideOverrides={}}, mRoundedCorners=RoundedCorners{[RoundedCorner{position=TopLeft, radius=108, center=Point(108, 108)}, RoundedCorner{position=TopRight, radius=108, center=Point(972, 108)}, RoundedCorner{position=BottomRight, radius=108, center=Point(972, 2232)}, RoundedCorner{position=BottomLeft, radius=108, center=Point(108, 2232)}]}  mRoundedCornerFrame=Rect(0, 0 - 1080, 2340), mPrivacyIndicatorBounds=PrivacyIndicatorBounds {static bounds=Rect(948, 0 - 1080, 91) rotation=0}, mDisplayShape=DisplayShape{ spec=1406003047 displayWidth=1080 displayHeight=2340 physicalPixelDisplaySizeRatio=1.0 rotation=0 offsetX=0 offsetY=0 scale=1.0}, mSources= { InsetsSource: {27 mType=displayCutout mFrame=[0,0][1080,91] mVisible=true mFlags= mSideHint=TOP mBoundingRects=null}, InsetsSource: {ec30001 mType=navigationBars mFrame=[0,2295][1080,2340] mVisible=true mFlags=SUPPRESS_SCRIM mSideHint=BOTTOM mBoundingRects=null}, InsetsSource: {ec30004 mType=systemGestures mFrame=[0,0][90,2340] mVisible=true mFlags= mSideHint=LEFT mBoundingRects=null}, InsetsSource: {ec30005 mType=mandatorySystemGestures mFrame=[0,2244][1080,2340] mVisible=true mFlags= mSideHint=BOTTOM mBoundingRects=null}, InsetsSource: {ec30006 mType=tappableElement mFrame=[0,0][0,0] mVisible=true mFlags= mSideHint=NONE mBoundingRects=null}, InsetsSource: {ec30024 mType=systemGestures mFrame=[990,0][1080,2340] mVisible=true mFlags= mSideHint=RIGHT mBoundingRects=null}, InsetsSource: {43d50000 mType=statusBars mFrame=[0,0][1080,91] mVisible=true mFlags= mSideHint=TOP mBoundingRects=null}, InsetsSource: {43d50005 mType=mandatorySystemGestures mFrame=[0,0][1080,127] mVisible=true mFlags= mSideHint=TOP mBoundingRects=null}, InsetsSource: {43d50006 mType=tappableElement mFrame=[0,0][1080,91] mVisible=true mFlags= mSideHint=TOP mBoundingRects=null} }
04-19 14:22:45.413 V/WindowManager( 2748): Collecting in transition 2406: ActivityRecord{136437337 u0 com.google.android.gm/.ConversationListActivityGmail t40869}, caller=com.android.server.wm.TransitionController.collect:7 com.android.server.wm.ActivityRecord.setVisibility:132 com.android.server.wm.ActivityRecord.makeVisibleIfNeeded:36 com.android.server.wm.EnsureActivitiesVisibleHelper.process:538 com.android.server.wm.TaskFragment.updateActivityVisibilities:12 
04-19 14:22:45.413 D/HintManagerService( 2748): SystemUI make new AppHintSession but force pause
