04-19 14:20:53.023 I/EasySetup[11.1.22.8] (27980): IcControlService.isValidBudsScanResult - connectionStatus : 64, rssi : -76
04-19 14:20:53.023 I/EasySetup[11.1.22.8] (27980): IcControlService.receivedPacketData - isTablet: false, rssi: -76, manufacturer: 42, 09, 81, 02, 14, 15, 06, 21, 01, 49, 2c, 0c, 01, 67, 06, bc, bb, 8a, 00, 00, 00, 00, ed, 00, 00, 6c, 56, 22, 47, 74, 80, 65, 07, 12, 00, 05, 05
04-19 14:20:53.023 I/EasySetup[11.1.22.8] (27980): IcControlService.handleIcPacket - SKip Packet
04-19 14:20:53.055 I/vendor.qti.bluetooth@1.1-ibs_handler( 1609): ProcessIbsCmd: Received IBS_SLEEP_IND: 0xFE
04-19 14:20:53.055 D/vendor.qti.bluetooth@1.1-ibs_handler( 1609): SerialClockVote: vote for UART CLK OFF
04-19 14:20:53.207 D/vendor.qti.bluetooth@1.1-wake_lock( 1609): Release wakelock is released 
04-19 14:20:53.244 I/AfterimageCompensationService( 2748): AfcThread mLuminance : 217 , AfpcPeriodCount : 1647 , rotation : 0 , AOD : false
04-19 14:20:53.247 I/SurfaceComposerClient( 2748): captureDisplay:Display-4630946970390616451
04-19 14:20:53.255 I/SurfaceFlinger( 1741): Capture layer list: 	 com.whatsapp/com.whatsapp.Conversation$_13984#25337(seamlessTransition:0)
04-19 14:20:53.255 I/SurfaceFlinger( 1741): Capture layer list: 	 InputMethod$_10702#25344(seamlessTransition:0)
04-19 14:20:53.255 I/SurfaceFlinger( 1741): Capture layer list: 	 StatusBar$_3944#108(seamlessTransition:0)
04-19 14:20:53.255 I/SurfaceFlinger( 1741): Capture layer list: 	 com.sec.android.app.launcher/com.samsung.app.honeyspace.edge.edgepanel.app.CocktailBarService$_4661#24079(seamlessTransition:0)
04-19 14:20:53.255 I/SurfaceFlinger( 1741): Capture layer list: 	 NavigationBar0$_3944#104(seamlessTransition:0)
04-19 14:20:53.255 E/HwcComposer( 1741): getLuts failed Status(-129, EX_TRANSACTION_FAILED): 'UNKNOWN_TRANSACTION: '
04-19 14:20:53.256 D/RenderEngine( 1741): [SEC_SF_EFFECTS] drawLayersInternal,1483, Rendering layer ScreenCaptureFillLayer at index 0
04-19 14:20:53.256 D/RenderEngine( 1741): [SEC_SF_EFFECTS] drawLayersInternal,1483, Rendering layer com.whatsapp/com.whatsapp.Conversation$_13984#25337 at index 1
04-19 14:20:53.257 D/RenderEngine( 1741): [SEC_SF_EFFECTS] drawLayersInternal,1483, Rendering layer InputMethod$_10702#25344 at index 2
04-19 14:20:53.257 D/RenderEngine( 1741): [SEC_SF_EFFECTS] drawLayersInternal,1483, Rendering layer StatusBar$_3944#108 at index 3
04-19 14:20:53.258 D/RenderEngine( 1741): [SEC_SF_EFFECTS] drawLayersInternal,1483, Rendering layer com.sec.android.app.launcher/com.samsung.app.honeyspace.edge.edgepanel.app.CocktailBarService$_4661#24079 at index 4
04-19 14:20:53.258 D/RenderEngine( 1741): [SEC_SF_EFFECTS] drawLayersInternal,1483, Rendering layer NavigationBar0$_3944#104 at index 5
04-19 14:20:53.276 D/system_server( 2748): mAFPC_Read - w = 1080, h = 2340, s = 8, f = 4, s_size = 10183680, luminance = 217, count = 1647, captureOrientation = 0
04-19 14:20:53.536 I/minksocket( 1589): MinkIPC MESSAGE: ( 1589:1720 ) MinkIPC_QRTR_Service:351 minkipc = 0xb400007850842db0 sock = 19, client with node 1 port 6298 went down
04-19 14:20:53.536 I/minksocket( 1589): MinkIPC MESSAGE: ( 1589:1726 ) MinkIPC_QRTR_Service:351 minkipc = 0xb4000078508405d0 sock = 26, client with node 1 port 6298 went down
04-19 14:20:53.538 I/minksocket( 1589): MinkIPC MESSAGE: ( 1589:1726 ) MinkIPC_QRTR_Service:351 minkipc = 0xb4000078508405d0 sock = 26, client with node 1 port 6299 went down
04-19 14:20:53.538 I/minksocket( 1589): MinkIPC MESSAGE: ( 1589:1720 ) MinkIPC_QRTR_Service:351 minkipc = 0xb400007850842db0 sock = 19, client with node 1 port 6299 went down
04-19 14:20:53.539 I/minksocket( 1589): MinkIPC MESSAGE: ( 1589:1726 ) MinkIPC_QRTR_Service:351 minkipc = 0xb4000078508405d0 sock = 26, client with node 1 port 629a went down
04-19 14:20:53.539 I/minksocket( 1589): MinkIPC MESSAGE: ( 1589:1720 ) MinkIPC_QRTR_Service:351 minkipc = 0xb400007850842db0 sock = 19, client with node 1 port 629a went down
04-19 14:20:53.542 I/minksocket( 1589): MinkIPC MESSAGE: ( 1589:1726 ) MinkIPC_QRTR_Service:351 minkipc = 0xb4000078508405d0 sock = 26, client with node 1 port 629b went down
04-19 14:20:53.543 I/minksocket( 1589): MinkIPC MESSAGE: ( 1589:1720 ) MinkIPC_QRTR_Service:351 minkipc = 0xb400007850842db0 sock = 19, client with node 1 port 629b went down
04-19 14:20:53.606 I/sensors-hal( 1623): handle_sns_client_event:375, [0][2197040] accel_sample [-0.070, -0.041,  9.740] 113702279556981
04-19 14:20:53.937 I/minksocket( 1589): MinkIPC MESSAGE: ( 1589:1726 ) MinkIPC_QRTR_Service:351 minkipc = 0xb4000078508405d0 sock = 26, client with node 1 port 6287 went down
04-19 14:20:53.937 I/minksocket( 1589): MinkIPC MESSAGE: ( 1589:1720 ) MinkIPC_QRTR_Service:351 minkipc = 0xb400007850842db0 sock = 19, client with node 1 port 6287 went down
04-19 14:20:53.940 I/minksocket( 1589): MinkIPC MESSAGE: ( 1589:1720 ) MinkIPC_QRTR_Service:351 minkipc = 0xb400007850842db0 sock = 19, client with node 1 port 628b went down
04-19 14:20:53.940 I/minksocket( 1589): MinkIPC MESSAGE: ( 1589:1726 ) MinkIPC_QRTR_Service:351 minkipc = 0xb4000078508405d0 sock = 26, client with node 1 port 628b went down
04-19 14:20:54.015 E/HeatmapThread( 1704): ECT Thread time in milliseconds: 1776622854
04-19 14:20:54.018 D/HeatmapThread( 1704): !@ batteryplugType : 2
04-19 14:20:54.018 D/HeatmapThread( 1704): !@ batteryLevel : 60  batteryTemperature : 286 
04-19 14:20:54.018 D/HeatmapThread( 1704): !@ Heatmap currtime: 29610380
04-19 14:20:54.018 D/HeatmapThread( 1704): !@ Heatmap prevtime: 29610358
04-19 14:20:54.018 D/HeatmapThread( 1704): !@ Heatmap plugstarttime: 29610353
04-19 14:20:54.018 D/HeatmapThread( 1704): !@ Heatmap prevv_dsoh_update_time: 29610323
04-19 14:20:54.018 E/HeatmapThread( 1704): !@ CAM New BSOH: 99
04-19 14:20:54.182 E/BatteryDump( 1650): !@new_battery_dump : 3930,296,475,550,60,286,262,322,286,0,311,322,0,Charging,NO_CHARGING,Normal,Good,USB,1,Normal,0,0,9300,0x0,0x10000,0x0,0,0,0000,0000,00000000,0,0,0,0,562,3913,5965,990,0,
04-19 14:20:54.185 I/seh_thermal_service( 1658): getTemperaturesWithType SehTemperatureType: 3
04-19 14:20:54.186 I/sehhealth-service( 1650): updateLrpSysfs: write: 310
04-19 14:20:54.601 I/vendor.qti.bluetooth@1.1-ibs_handler( 1609): ProcessIbsCmd: Received IBS_WAKE_IND: 0xFD
04-19 14:20:54.602 D/vendor.qti.bluetooth@1.1-ibs_handler( 1609): SerialClockVote: vote for UART CLK ON
04-19 14:20:54.602 D/vendor.qti.bluetooth@1.1-wake_lock( 1609): Acquire wakelock is acquired 
04-19 14:20:54.602 I/vendor.qti.bluetooth@1.1-ibs_handler( 1609): ProcessIbsCmd: Writing IBS_WAKE_ACK
04-19 14:20:54.613 I/ScanController( 4249): onScanResult to scannerId: 12- eventType=0x1a, addressType=1, address=XX:XX:XX:XX:71:20, primaryPhy=1, secondaryPhy=0, advertisingSid=0xff, txPower=127, rssi=-54, periodicAdvInt=0x0
04-19 14:20:54.651 I/vendor.qti.bluetooth@1.1-ibs_handler( 1609): ProcessIbsCmd: Received IBS_SLEEP_IND: 0xFE
04-19 14:20:54.651 D/vendor.qti.bluetooth@1.1-ibs_handler( 1609): SerialClockVote: vote for UART CLK OFF
04-19 14:20:54.689 I/vendor.qti.bluetooth@1.1-ibs_handler( 1609): ProcessIbsCmd: Received IBS_WAKE_IND: 0xFD
04-19 14:20:54.689 D/vendor.qti.bluetooth@1.1-ibs_handler( 1609): SerialClockVote: vote for UART CLK ON
04-19 14:20:54.689 I/vendor.qti.bluetooth@1.1-ibs_handler( 1609): ProcessIbsCmd: Writing IBS_WAKE_ACK
04-19 14:20:54.692 I/ScanController( 4249): onScanResult to scannerId: 6- eventType=0x1a, addressType=1, address=XX:XX:XX:XX:64:48, primaryPhy=1, secondaryPhy=0, advertisingSid=0xff, txPower=127, rssi=-83, periodicAdvInt=0x0
04-19 14:20:54.694 I/BCMGR[11.2.04.4](16038): BeaconMainController] onReceive - [1 : bad rssi][2 : bad rssi][3 : bad rssi][4 : ES packet!][5 : ES packet!][6 : ES packet!][7 : bad rssi][8 : bad rssi][9 : bad rssi][10 : ES packet!]
04-19 14:20:54.730 I/vendor.qti.bluetooth@1.1-ibs_handler( 1609): ProcessIbsCmd: Received IBS_SLEEP_IND: 0xFE
04-19 14:20:54.730 D/vendor.qti.bluetooth@1.1-ibs_handler( 1609): SerialClockVote: vote for UART CLK OFF
04-19 14:20:54.843 I/sensors-hal( 1623): handle_sns_client_event:190, auto_rotation_debug_2 mode,255, type,1,0 acc,-0.077,-0.053,9.739, ar,0, ver,14, pedo,1,e,1,i,3
04-19 14:20:54.881 D/vendor.qti.bluetooth@1.1-wake_lock( 1609): Release wakelock is released 
04-19 14:20:55.015 E/HeatmapThread( 1704): ECT Thread time in milliseconds: 1776622855
04-19 14:20:55.016 D/io_stats( 1147): !@   8,0 r 22875884 438298556 w 3966914 68732364 d 455394 54884300 f 288598 387664 iot 4144544 0 th 0 0 0 pt 0 inp 0 0 85592.131
04-19 14:20:55.018 D/HeatmapThread( 1704): !@ batteryplugType : 2
04-19 14:20:55.019 D/HeatmapThread( 1704): !@ batteryLevel : 60  batteryTemperature : 286 
04-19 14:20:55.019 D/HeatmapThread( 1704): !@ Heatmap currtime: 29610380
04-19 14:20:55.019 D/HeatmapThread( 1704): !@ Heatmap prevtime: 29610358
04-19 14:20:55.019 D/HeatmapThread( 1704): !@ Heatmap plugstarttime: 29610353
04-19 14:20:55.020 D/HeatmapThread( 1704): !@ Heatmap prevv_dsoh_update_time: 29610323
04-19 14:20:55.020 E/HeatmapThread( 1704): !@ CAM New BSOH: 99
04-19 14:20:55.609 I/sensors-hal( 1623): handle_sns_client_event:375, [0][2197074] accel_sample [-0.071, -0.040,  9.721] 113704282216929
04-19 14:20:56.015 E/HeatmapThread( 1704): ECT Thread time in milliseconds: 1776622856
04-19 14:20:56.018 D/HeatmapThread( 1704): !@ batteryplugType : 2
04-19 14:20:56.018 D/HeatmapThread( 1704): !@ batteryLevel : 60  batteryTemperature : 286 
04-19 14:20:56.018 D/HeatmapThread( 1704): !@ Heatmap currtime: 29610380
04-19 14:20:56.018 D/HeatmapThread( 1704): !@ Heatmap prevtime: 29610358
04-19 14:20:56.019 D/HeatmapThread( 1704): !@ Heatmap plugstarttime: 29610353
04-19 14:20:56.019 D/HeatmapThread( 1704): !@ Heatmap prevv_dsoh_update_time: 29610323
04-19 14:20:56.019 E/HeatmapThread( 1704): !@ CAM New BSOH: 99
04-19 14:20:56.324 I/sensors-hal( 1623): handle_sns_std_sensor_event:131, [SSC_LIGHT] A: 0(0),c:7,b:1275,m:13,cl:21,l:0,s:0,l0:704,l1:0,s0:0,s1:0,acl:1,opr:0.14,f(r):98,u(bl):100,if:0,wi:0,si:0,po:0(N:0)
04-19 14:20:56.329 I/sensors-hal( 1623): get_flicker_als_data:183, [SSC_LIGHT] flicker lux: 0 (2, 2, dw: 0)
04-19 14:20:56.329 I/sensors-hal( 1623): handle_sns_std_sensor_event:409, [SSC_LIGHT] P: 0(0),c:7,b:1275,m:13,cl:21,l:0,s:0,l0:704,l1:0,s0:0,s1:0,acl:1,opr:0.14,f(r):98,u(bl):100,if:0,wi:0,si:0,po:0(N:0)
04-19 14:20:56.576 I/vendor.qti.bluetooth@1.1-ibs_handler( 1609): ProcessIbsCmd: Received IBS_WAKE_IND: 0xFD
04-19 14:20:56.577 D/vendor.qti.bluetooth@1.1-ibs_handler( 1609): SerialClockVote: vote for UART CLK ON
04-19 14:20:56.577 D/vendor.qti.bluetooth@1.1-wake_lock( 1609): Acquire wakelock is acquired 
04-19 14:20:56.577 I/vendor.qti.bluetooth@1.1-ibs_handler( 1609): ProcessIbsCmd: Writing IBS_WAKE_ACK
04-19 14:20:56.588 I/ScanController( 4249): onScanResult to scannerId: 6- eventType=0x1a, addressType=1, address=XX:XX:XX:XX:64:48, primaryPhy=1, secondaryPhy=0, advertisingSid=0xff, txPower=127, rssi=-74, periodicAdvInt=0x0
04-19 14:20:56.591 I/EasySetup[11.1.22.8] (27980): IcControlService.isFoldDeviceFolded() - isFoldDevice: false, isNotFolded: false
04-19 14:20:56.591 I/EasySetup[11.1.22.8] (27980): IcControlService.isValidBudsScanResult - connectionStatus : 64, rssi : -74
04-19 14:20:56.591 I/EasySetup[11.1.22.8] (27980): IcControlService.receivedPacketData - isTablet: false, rssi: -74, manufacturer: 42, 09, 81, 02, 14, 15, 06, 21, 01, 49, 2c, 0c, 01, 67, 06, bc, bb, 8a, 00, 00, 00, 00, ed, 00, 00, 6c, 56, 22, 47, 74, 80, 65, 07, 12, 00, 05, 05
04-19 14:20:56.591 I/EasySetup[11.1.22.8] (27980): IcControlService.handleIcPacket - SKip Packet
04-19 14:20:56.597 I/ScanController( 4249): onScanResult to scannerId: 12- eventType=0x1a, addressType=1, address=XX:XX:XX:XX:71:20, primaryPhy=1, secondaryPhy=0, advertisingSid=0xff, txPower=127, rssi=-51, periodicAdvInt=0x0
04-19 14:20:56.632 I/vendor.qti.bluetooth@1.1-ibs_handler( 1609): ProcessIbsCmd: Received IBS_SLEEP_IND: 0xFE
04-19 14:20:56.633 D/vendor.qti.bluetooth@1.1-ibs_handler( 1609): SerialClockVote: vote for UART CLK OFF
04-19 14:20:56.783 D/vendor.qti.bluetooth@1.1-wake_lock( 1609): Release wakelock is released 
04-19 14:20:57.015 E/HeatmapThread( 1704): ECT Thread time in milliseconds: 1776622857
04-19 14:20:57.017 D/io_stats( 1147): !@   8,0 r 22875886 438298564 w 3966960 68733664 d 455394 54884300 f 288598 387664 iot 4144556 0 th 0 0 0 pt 0 inp 0 0 85594.132
04-19 14:20:57.018 D/io_stats( 1147): !@ Read_top(KB): gle.android.gms(14886) 244 kworker/u16:7(20234) 8
04-19 14:20:57.018 D/HeatmapThread( 1704): !@ batteryplugType : 2
04-19 14:20:57.018 D/io_stats( 1147): !@ Write_top(KB): kworker/u16:7(20234) 1268 sait.sohservice(25034) 32 kworker/u16:2(27738) 24
04-19 14:20:57.018 D/HeatmapThread( 1704): !@ batteryLevel : 60  batteryTemperature : 286 
04-19 14:20:57.018 D/HeatmapThread( 1704): !@ Heatmap currtime: 29610380
04-19 14:20:57.018 D/HeatmapThread( 1704): !@ Heatmap prevtime: 29610358
04-19 14:20:57.018 D/HeatmapThread( 1704): !@ Heatmap plugstarttime: 29610353
04-19 14:20:57.019 D/HeatmapThread( 1704): !@ Heatmap prevv_dsoh_update_time: 29610323
04-19 14:20:57.019 E/HeatmapThread( 1704): !@ CAM New BSOH: 99
04-19 14:20:57.131 I/ActivityManager( 2748): Killing 12885:com.google.android.webview:sandboxed_process0:org.chromium.content.app.SandboxedProcessService0:0/u0a366i77 (adj 955): empty #33
04-19 14:20:57.132 D/DeviceReportingSecurityChecker( 2748): getStatus
04-19 14:20:57.132 D/DeviceReportingSecurityChecker( 2748): mIsICDStatus is true
04-19 14:20:57.132 D/DeviceReportingSecurityChecker( 2748): mIsSim is true
04-19 14:20:57.132 D/DeviceReportingSecurityChecker( 2748): mIsEchoAppSignature is true
04-19 14:20:57.132 D/DeviceReportingSecurityChecker( 2748): security check passed
04-19 14:20:57.132 D/DeviceReportingSecurityChecker( 2748): mIsICDStatus === true mIsSim == true mIsMyAccountSignature== false mIsEchoAppSignature== true mIsSprintHubSignature== false
04-19 14:20:57.132 D/AppStateBroadcaster( 2748): TMO killProcesses
04-19 14:20:57.142 I/ForwardSyncCache(13056): reclaimMemory: Clearing caches
04-19 14:20:57.143 W/Bugle   (13056): TextClassifierLibManagerImpl: Reclaiming memory at level: 40
04-19 14:20:57.183 I/libprocessgroup( 2748): Removed cgroup /sys/fs/cgroup/apps/uid_99077/pid_12885
04-19 14:20:57.183 I/Zygote  ( 4057): Process 12885 exited due to signal 9 (Killed)
04-19 14:20:57.183 W/cr_ChildProcessConn(12364): onServiceDisconnected (crash or killed by oom): pid=12885 bindings:W  S
04-19 14:20:57.185 D/BatteryExternalStatsWorker( 2748): update stats : remove-uid (1)
04-19 14:20:57.191 V/OsAgent ( 6455): broadcastSystemEvent - 7
04-19 14:20:57.231 E/chromium(12364): [ERROR:android_webview/browser/aw_browser_terminator.cc:175] Renderer process (12885) crash detected (code -1).
04-19 14:20:57.240 E/chromium(12364): [ERROR:android_webview/browser/aw_browser_terminator.cc:122] Render process (12885) kill (OOM or update) wasn't handed by all associated webviews, killing application.
04-19 14:20:57.247 D/BatteryExternalStatsWorker( 2748): Update CPU state
04-19 14:20:57.247 D/BatteryExternalStatsWorker( 2748): mStats lock released
04-19 14:20:57.247 D/BatteryExternalStatsWorker( 2748): done updateExternalStatsLocked
04-19 14:20:57.247 I/CpuScalingPolicyReader( 2748): Calling readCpuStats: [0, 0, 0, 0, 0, 0, 0, 0, 0, 0, 0, 0, 0, 0, 1, 1, 1, 1, 0, 0, 0, 0, 0, 0, 1, 1, 1, 1, 1, 1, 1, 1, 1, 1, 1, 1, 1, 1, 1, 1, 1, 1, 1, 1, 1, 1, 2, 2, 2, 2, 0, 0, 0, 0, 0, 0, 0, 1, 1, 1, 1, 1, 1, 1, 1, 1, 1, 1, 1, 1, 1, 1, 1, 1, 1, 1, 1, 1, 2, 0, 0, 0, 1, 1, 1, 1, 1, 1, 1, 1, 1, 1, 1, 1, 1, 2, 2, 2, 2, 2, 2, 2, 2, 2, 2, 2, 2, 2, 2, 2, 2, 2, 2, 2, 2, 2], 116 3
04-19 14:20:57.333 I/Zygote  ( 1542): Process 12364 exited due to signal 9 (Killed)
04-19 14:20:57.334 I/ActivityManager( 2748): Process com.tmobile.tuesdays (pid 12364) has died: cch+55 CEM (438,1744)
04-19 14:20:57.335 D/ConnectivityService( 2748):  Removing from current network [114 CELLULAR], leaving 235 requests.
04-19 14:20:57.336 D/ConnectivityService( 2748):  Removing from current network [114 CELLULAR], leaving 234 requests.
04-19 14:20:57.336 D/InputMethodManagerService( 2748): onClientRemovedInternalLocked
04-19 14:20:57.337 I/libprocessgroup( 2748): Removed cgroup /sys/fs/cgroup/apps/uid_10366/pid_12364
04-19 14:20:57.338 I/CameraService( 2135): unregisterMonitorUid uid: 10366 last ref, remove it
04-19 14:20:57.339 V/OsAgent ( 6455): broadcastSystemEvent - 7
04-19 14:20:57.343 I/adbd    (11086): Remote process closed the socket (on MSG_PEEK)
04-19 14:20:57.611 I/sensors-hal( 1623): handle_sns_client_event:375, [0][2197108] accel_sample [-0.075, -0.040,  9.711] 113706284873752
04-19 14:20:57.865 D/InetDiagMessage( 2748): Destroyed 0 sockets, proto=IPPROTO_TCP, family=AF_INET, states=14
04-19 14:20:57.868 D/InetDiagMessage( 2748): Destroyed 0 sockets, proto=IPPROTO_TCP, family=AF_INET6, states=14
04-19 14:20:57.868 D/InetDiagMessage( 2748): Destroyed live tcp sockets for uids={10114} in 5ms
04-19 14:20:57.871 D/InetDiagMessage( 2748): Destroyed 0 sockets, proto=IPPROTO_TCP, family=AF_INET, states=14
04-19 14:20:57.874 D/InetDiagMessage( 2748): Destroyed 0 sockets, proto=IPPROTO_TCP, family=AF_INET6, states=14
04-19 14:20:57.874 D/InetDiagMessage( 2748): Destroyed live tcp sockets for uids={20114} in 6ms
04-19 14:20:58.015 E/HeatmapThread( 1704): ECT Thread time in milliseconds: 1776622858
04-19 14:20:58.018 D/HeatmapThread( 1704): !@ batteryplugType : 2
04-19 14:20:58.018 D/HeatmapThread( 1704): !@ batteryLevel : 60  batteryTemperature : 286 
04-19 14:20:58.019 D/HeatmapThread( 1704): !@ Heatmap currtime: 29610380
04-19 14:20:58.019 D/HeatmapThread( 1704): !@ Heatmap prevtime: 29610358
04-19 14:20:58.019 D/HeatmapThread( 1704): !@ Heatmap plugstarttime: 29610353
04-19 14:20:58.019 D/HeatmapThread( 1704): !@ Heatmap prevv_dsoh_update_time: 29610323
04-19 14:20:58.019 E/HeatmapThread( 1704): !@ CAM New BSOH: 99
04-19 14:20:58.224 W/.android.chrome(14772): userfaultfd: MOVE ioctl seems unsupported: Connection timed out
04-19 14:20:58.595 I/vendor.qti.bluetooth@1.1-ibs_handler( 1609): ProcessIbsCmd: Received IBS_WAKE_IND: 0xFD
04-19 14:20:58.595 D/vendor.qti.bluetooth@1.1-ibs_handler( 1609): SerialClockVote: vote for UART CLK ON
04-19 14:20:58.596 D/vendor.qti.bluetooth@1.1-wake_lock( 1609): Acquire wakelock is acquired 
04-19 14:20:58.596 I/vendor.qti.bluetooth@1.1-ibs_handler( 1609): ProcessIbsCmd: Writing IBS_WAKE_ACK
04-19 14:20:58.607 I/ScanController( 4249): onScanResult to scannerId: 12- eventType=0x1a, addressType=1, address=XX:XX:XX:XX:71:20, primaryPhy=1, secondaryPhy=0, advertisingSid=0xff, txPower=127, rssi=-52, periodicAdvInt=0x0
04-19 14:20:58.616 I/ScanController( 4249): onScanResult to scannerId: 6- eventType=0x1a, addressType=1, address=XX:XX:XX:XX:64:48, primaryPhy=1, secondaryPhy=0, advertisingSid=0xff, txPower=127, rssi=-76, periodicAdvInt=0x0
04-19 14:20:58.619 I/EasySetup[11.1.22.8] (27980): IcControlService.isFoldDeviceFolded() - isFoldDevice: false, isNotFolded: false
04-19 14:20:58.620 I/EasySetup[11.1.22.8] (27980): IcControlService.isValidBudsScanResult - connectionStatus : 64, rssi : -76
04-19 14:20:58.621 I/EasySetup[11.1.22.8] (27980): IcControlService.receivedPacketData - isTablet: false, rssi: -76, manufacturer: 42, 09, 81, 02, 14, 15, 06, 21, 01, 49, 2c, 0c, 01, 67, 06, bc, bb, 8a, 00, 00, 00, 00, ed, 00, 00, 6c, 56, 22, 47, 74, 80, 65, 07, 12, 00, 05, 05
04-19 14:20:58.621 I/EasySetup[11.1.22.8] (27980): IcControlService.handleIcPacket - SKip Packet
04-19 14:20:58.648 I/vendor.qti.bluetooth@1.1-ibs_handler( 1609): ProcessIbsCmd: Received IBS_SLEEP_IND: 0xFE
04-19 14:20:58.648 D/vendor.qti.bluetooth@1.1-ibs_handler( 1609): SerialClockVote: vote for UART CLK OFF
04-19 14:20:58.798 D/vendor.qti.bluetooth@1.1-wake_lock( 1609): Release wakelock is released 
04-19 14:20:58.946 I/SDHMS:LOAD( 7327): type: LoadsFreqs, value: 1:0:0:672000:672000:672000:614400:1190400:499200:231:231:231
04-19 14:20:59.015 E/HeatmapThread( 1704): ECT Thread time in milliseconds: 1776622859
04-19 14:20:59.018 D/HeatmapThread( 1704): !@ batteryplugType : 2
04-19 14:20:59.018 D/HeatmapThread( 1704): !@ batteryLevel : 60  batteryTemperature : 286 
04-19 14:20:59.019 D/HeatmapThread( 1704): !@ Heatmap currtime: 29610380
04-19 14:20:59.019 D/HeatmapThread( 1704): !@ Heatmap prevtime: 29610358
04-19 14:20:59.019 D/HeatmapThread( 1704): !@ Heatmap plugstarttime: 29610353
04-19 14:20:59.019 D/HeatmapThread( 1704): !@ Heatmap prevv_dsoh_update_time: 29610323
04-19 14:20:59.019 D/io_stats( 1147): !@   8,0 r 22876261 438307036 w 3966972 68733724 d 455394 54884300 f 288598 387664 iot 4144628 0 th 0 0 0 pt 0 inp 0 0 85596.134
04-19 14:20:59.019 E/HeatmapThread( 1704): !@ CAM New BSOH: 99
04-19 14:20:59.614 I/sensors-hal( 1623): handle_sns_client_event:375, [0][2197142] accel_sample [-0.048, -0.004,  9.722] 113708287523127
04-19 14:20:59.813 I/minksocket( 1589): MinkIPC MESSAGE: ( 1589:1720 ) MinkIPC_QRTR_Service:351 minkipc = 0xb400007850842db0 sock = 19, client with node 1 port 629c went down
04-19 14:20:59.813 I/minksocket( 1589): MinkIPC MESSAGE: ( 1589:1726 ) MinkIPC_QRTR_Service:351 minkipc = 0xb4000078508405d0 sock = 26, client with node 1 port 629c went down
04-19 14:20:59.815 I/minksocket( 1589): MinkIPC MESSAGE: ( 1589:1720 ) MinkIPC_QRTR_Service:351 minkipc = 0xb400007850842db0 sock = 19, client with node 1 port 629d went down
04-19 14:20:59.815 I/minksocket( 1589): MinkIPC MESSAGE: ( 1589:1726 ) MinkIPC_QRTR_Service:351 minkipc = 0xb4000078508405d0 sock = 26, client with node 1 port 629d went down
04-19 14:20:59.816 I/minksocket( 1589): MinkIPC MESSAGE: ( 1589:1726 ) MinkIPC_QRTR_Service:351 minkipc = 0xb4000078508405d0 sock = 26, client with node 1 port 629e went down
04-19 14:20:59.817 I/minksocket( 1589): MinkIPC MESSAGE: ( 1589:1720 ) MinkIPC_QRTR_Service:351 minkipc = 0xb400007850842db0 sock = 19, client with node 1 port 629e went down
04-19 14:20:59.819 I/minksocket( 1589): MinkIPC MESSAGE: ( 1589:1720 ) MinkIPC_QRTR_Service:351 minkipc = 0xb400007850842db0 sock = 19, client with node 1 port 629f went down
04-19 14:20:59.819 I/minksocket( 1589): MinkIPC MESSAGE: ( 1589:1726 ) MinkIPC_QRTR_Service:351 minkipc = 0xb4000078508405d0 sock = 26, client with node 1 port 629f went down
04-19 14:20:59.851 E/Watchdog( 2748): !@Sync: 2852 heap(MB): 183 / 198 FD: 1330 [2026-04-19 14:20:59.850]
04-19 14:21:00.007 I/DateTimeView( 3944): updateAll - getTimeFormat
04-19 14:21:00.009 I/EyeComfortSolutionService( 2748): action  :  android.intent.action.TIME_TICK
04-19 14:21:00.009 D/ClockFaceEvents( 3944): onTimeTick. callers : com.android.keyguard.ClockEventController$keyguardUpdateMonitorCallback$1.refreshTime:19
04-19 14:21:00.009 D/ClockFaceEvents( 3944): com.android.keyguard.ClockEventController$keyguardUpdateMonitorCallback$1.onTimeChanged:1
04-19 14:21:00.009 D/ClockFaceEvents( 3944): com.android.keyguard.KeyguardUpdateMonitor$16.handleMessage:732
04-19 14:21:00.009 D/QSClockBellTower( 3944): onReceive(android.intent.action.TIME_TICK) mTimeZoneString:America/New_York
04-19 14:21:00.010 D/ClockFaceEvents( 3944): onTimeTick. callers : com.android.keyguard.ClockEventController$keyguardUpdateMonitorCallback$1.refreshTime:38
04-19 14:21:00.010 D/ClockFaceEvents( 3944): com.android.keyguard.ClockEventController$keyguardUpdateMonitorCallback$1.onTimeChanged:1
04-19 14:21:00.010 D/ClockFaceEvents( 3944): com.android.keyguard.KeyguardUpdateMonitor$16.handleMessage:732
04-19 14:21:00.010 D/FaceWidgetPagesController( 3944): onTimeChanged()
04-19 14:21:00.011 I/EyeComfortSolutionService( 2748): Week : Sun , Hour : 14 , Minute : 21 , TimeValue : 861 , wakeup state, defaultBedTime : 0 , start sleep : -360
04-19 14:21:00.011 I/EyeComfortSolutionService( 2748): currentWakeupStep : 0
04-19 14:21:00.013 D/QSClockBellTower( 3944): He is ready to ring the bell. (((QSClockBellSound - TimeText:2:21, TimeContentDescription:2:21ΓÇ»PM, DateText:Sun, April 19, ShortDateText:Sun, Apr 19, Demo:false)))
04-19 14:21:00.014 D/QSClock ( 3944): StatusBar clock=2:21 notifyTimeChanged(QSClockBellSound - TimeText:2:21, TimeContentDescription:2:21ΓÇ»PM, DateText:Sun, April 19, ShortDateText:Sun, Apr 19, Demo:false) clockVisibleByPolicy=true, clockVisibleByUser=true, visible=true, parent=android.widget.LinearLayout{1a9a173 V.E...... ......ID 0,0-82,72 #7f0a069b app:id/left_clock_container} caller=com.android.systemui.statusbar.phone.fragment.CollapsedStatusBarFragment.animateShow:52 com.android.systemui.statusbar.phone.fragment.CollapsedStatusBarFragment.updateStatusBarVisibilitiesInner:230 com.android.systemui.statusbar.phone.fragment.CollapsedStatusBarFragment$$ExternalSyntheticLambda1.run:6 com.android.systemui.statusbar.phone.fragment.CollapsedStatusBarFragmentExt.onKeyguardShowingChanged:10 com.android.systemui.statusbar.policy.KeyguardStateControllerImpl$$ExternalSyntheticLambda0.accept:24  
04-19 14:21:00.015 E/HeatmapThread( 1704): ECT Thread time in milliseconds: 1776622860
04-19 14:21:00.015 D/QSClockBellTower( 3944): Everyone heard the bell. run(currentTime:1776622860012, getTime():Sun Apr 19 14:21:00 EDT 2026, getTimeZone():libcore.util.ZoneInfo[mDstSavings=3600000,mUseDst=true,mDelegate=[id="America/New_York",mRawOffset=-18000000,mEarliestRawOffset=-17762000,transitions=360]])
04-19 14:21:00.018 D/HeatmapThread( 1704): !@ batteryplugType : 2
04-19 14:21:00.019 D/HeatmapThread( 1704): !@ batteryLevel : 60  batteryTemperature : 286 
04-19 14:21:00.019 D/HeatmapThread( 1704): !@ Heatmap currtime: 29610381
04-19 14:21:00.019 D/HeatmapThread( 1704): !@ Heatmap prevtime: 29610358
04-19 14:21:00.019 D/HeatmapThread( 1704): !@ Heatmap plugstarttime: 29610353
04-19 14:21:00.019 D/HeatmapThread( 1704): !@ Heatmap prevv_dsoh_update_time: 29610323
04-19 14:21:00.020 E/HeatmapThread( 1704): !@ CAM New BSOH: 99
04-19 14:21:00.021 D/{OngoingChipAdapter}( 3944): updateEnableMaxWidth : 335 -:> 340
04-19 14:21:00.022 I/{OngoingChipAdapter}( 3944): updateEnableMaxWidth() set MarqueeState.WAIT_FINISH
04-19 14:21:00.025 W/RefactorFlag( 3944): New code path expects SceneContainerFlag to be enabled.
04-19 14:21:00.290 I/vendor.qti.bluetooth@1.1-ibs_handler( 1609): ProcessIbsCmd: Received IBS_WAKE_IND: 0xFD
04-19 14:21:00.290 D/vendor.qti.bluetooth@1.1-ibs_handler( 1609): SerialClockVote: vote for UART CLK ON
04-19 14:21:00.290 D/vendor.qti.bluetooth@1.1-wake_lock( 1609): Acquire wakelock is acquired 
04-19 14:21:00.290 I/vendor.qti.bluetooth@1.1-ibs_handler( 1609): ProcessIbsCmd: Writing IBS_WAKE_ACK
04-19 14:21:00.301 I/ScanController( 4249): onScanResult to scannerId: 6- eventType=0x1a, addressType=1, address=XX:XX:XX:XX:64:48, primaryPhy=1, secondaryPhy=0, advertisingSid=0xff, txPower=127, rssi=-76, periodicAdvInt=0x0
04-19 14:21:00.304 I/EasySetup[11.1.22.8] (27980): IcControlService.isFoldDeviceFolded() - isFoldDevice: false, isNotFolded: false
04-19 14:21:00.305 I/EasySetup[11.1.22.8] (27980): IcControlService.isValidBudsScanResult - connectionStatus : 64, rssi : -76
04-19 14:21:00.305 I/EasySetup[11.1.22.8] (27980): IcControlService.receivedPacketData - isTablet: false, rssi: -76, manufacturer: 42, 09, 81, 02, 14, 15, 06, 21, 01, 49, 2c, 0c, 01, 67, 06, bc, bb, 8a, 00, 00, 00, 00, ed, 00, 00, 6c, 56, 22, 47, 74, 80, 65, 07, 12, 00, 05, 05
04-19 14:21:00.305 I/EasySetup[11.1.22.8] (27980): IcControlService.handleIcPacket - SKip Packet
04-19 14:21:00.312 I/ScanController( 4249): onScanResult to scannerId: 12- eventType=0x1a, addressType=1, address=XX:XX:XX:XX:71:20, primaryPhy=1, secondaryPhy=0, advertisingSid=0xff, txPower=127, rssi=-53, periodicAdvInt=0x0
04-19 14:21:00.350 I/vendor.qti.bluetooth@1.1-ibs_handler( 1609): ProcessIbsCmd: Received IBS_SLEEP_IND: 0xFE
04-19 14:21:00.350 D/vendor.qti.bluetooth@1.1-ibs_handler( 1609): SerialClockVote: vote for UART CLK OFF
04-19 14:21:00.367 I/SDHMS:x ( 7327): SIOP:: AP:315 BAT:286 USB:262 CHG:318 PA:324 WIFI:318 CF:311 BLK:0 SUBBAT:0 LRPTHM:315 SKIN:309 SKINF:309 SKINB:306 LRP2:309 LRF2:309 LRB2:306 AP2:309 CHG2:305 WIFI2:307 RCV2:307 SPK2:277 FCAM:261 UPSPK:317 DNSPK:259 VAP02:331 VWIFI:326 AMB2:215 AVGCUR:176 AVGSYS:0 POWER:686
04-19 14:21:00.468 I/vendor.qti.bluetooth@1.1-ibs_handler( 1609): ProcessIbsCmd: Received IBS_WAKE_IND: 0xFD
04-19 14:21:00.469 D/vendor.qti.bluetooth@1.1-ibs_handler( 1609): SerialClockVote: vote for UART CLK ON
04-19 14:21:00.469 I/vendor.qti.bluetooth@1.1-ibs_handler( 1609): ProcessIbsCmd: Writing IBS_WAKE_ACK
04-19 14:21:00.475 I/ScanController( 4249): onScanResult to scannerId: 6- eventType=0x1a, addressType=1, address=XX:XX:XX:XX:64:48, primaryPhy=1, secondaryPhy=0, advertisingSid=0xff, txPower=127, rssi=-76, periodicAdvInt=0x0
04-19 14:21:00.478 I/EasySetup[11.1.22.8] (27980): IcControlService.isFoldDeviceFolded() - isFoldDevice: false, isNotFolded: false
04-19 14:21:00.478 I/EasySetup[11.1.22.8] (27980): IcControlService.isValidBudsScanResult - connectionStatus : 64, rssi : -76
04-19 14:21:00.478 I/EasySetup[11.1.22.8] (27980): IcControlService.receivedPacketData - isTablet: false, rssi: -76, manufacturer: 42, 09, 81, 02, 14, 15, 06, 21, 01, 49, 2c, 0c, 01, 67, 06, bc, bb, 8a, 00, 00, 00, 00, ed, 00, 00, 6c, 56, 22, 47, 74, 80, 65, 07, 12, 00, 05, 05
04-19 14:21:00.478 I/EasySetup[11.1.22.8] (27980): IcControlService.handleIcPacket - SKip Packet
04-19 14:21:00.512 I/vendor.qti.bluetooth@1.1-ibs_handler( 1609): ProcessIbsCmd: Received IBS_SLEEP_IND: 0xFE
04-19 14:21:00.512 D/vendor.qti.bluetooth@1.1-ibs_handler( 1609): SerialClockVote: vote for UART CLK OFF
04-19 14:21:00.648 I/sensors-hal( 1623): get_flicker_als_data:183, [SSC_LIGHT] flicker lux: 0 (4, 0, dw: 0)
04-19 14:21:00.649 I/sensors-hal( 1623): handle_sns_std_sensor_event:409, [SSC_LIGHT] P: 0(0),c:7,b:1275,m:13,cl:21,l:0,s:0,l0:704,l1:0,s0:0,s1:0,acl:1,opr:0.14,f(r):98,u(bl):100,if:0,wi:0,si:0,po:0(N:0)
04-19 14:21:00.663 D/vendor.qti.bluetooth@1.1-wake_lock( 1609): Release wakelock is released 
04-19 14:21:00.853 I/VSyncReactor( 1741): Current= 60, Period= 60, Distance= 0
04-19 14:21:00.870 I/VSyncReactor( 1741): Current= 60, Period= 60, Distance= 60
04-19 14:21:01.015 E/HeatmapThread( 1704): ECT Thread time in milliseconds: 1776622861
04-19 14:21:01.018 D/HeatmapThread( 1704): !@ batteryplugType : 2
04-19 14:21:01.019 D/HeatmapThread( 1704): !@ batteryLevel : 60  batteryTemperature : 286 
04-19 14:21:01.019 D/HeatmapThread( 1704): !@ Heatmap currtime: 29610381
04-19 14:21:01.019 D/HeatmapThread( 1704): !@ Heatmap prevtime: 29610358
04-19 14:21:01.019 D/HeatmapThread( 1704): !@ Heatmap plugstarttime: 29610353
04-19 14:21:01.019 D/HeatmapThread( 1704): !@ Heatmap prevv_dsoh_update_time: 29610323
04-19 14:21:01.019 E/HeatmapThread( 1704): !@ CAM New BSOH: 99
04-19 14:21:01.020 D/io_stats( 1147): !@   8,0 r 22876261 438307036 w 3966975 68733736 d 455394 54884300 f 288598 387664 iot 4144656 0 th 0 0 0 pt 0 inp 0 0 85598.135
04-19 14:21:01.021 D/io_stats( 1147): !@ Read_top(KB): mobile.tuesdays(12364) 7900 kworker/u16:2(27738) 252 kworker/u16:9(20236) 192
04-19 14:21:01.021 D/io_stats( 1147): !@ Write_top(KB): sait.sohservice(25034) 64 c.android.sdhms(7327) 8
04-19 14:21:01.617 I/sensors-hal( 1623): handle_sns_client_event:375, [0][2197176] accel_sample [-0.080, -0.016,  9.717] 113710290165366
04-19 14:21:01.962 I/vendor.qti.bluetooth@1.1-ibs_handler( 1609): ProcessIbsCmd: Received IBS_WAKE_IND: 0xFD
04-19 14:21:01.962 D/vendor.qti.bluetooth@1.1-ibs_handler( 1609): SerialClockVote: vote for UART CLK ON
04-19 14:21:01.962 D/vendor.qti.bluetooth@1.1-wake_lock( 1609): Acquire wakelock is acquired 
04-19 14:21:01.963 I/vendor.qti.bluetooth@1.1-ibs_handler( 1609): ProcessIbsCmd: Writing IBS_WAKE_ACK
04-19 14:21:01.974 I/ScanController( 4249): onScanResult to scannerId: 6- eventType=0x1a, addressType=1, address=XX:XX:XX:XX:64:48, primaryPhy=1, secondaryPhy=0, advertisingSid=0xff, txPower=127, rssi=-87, periodicAdvInt=0x0
04-19 14:21:02.011 I/vendor.qti.bluetooth@1.1-ibs_handler( 1609): ProcessIbsCmd: Received IBS_SLEEP_IND: 0xFE
04-19 14:21:02.012 D/vendor.qti.bluetooth@1.1-ibs_handler( 1609): SerialClockVote: vote for UART CLK OFF
04-19 14:21:02.015 E/HeatmapThread( 1704): ECT Thread time in milliseconds: 1776622862
04-19 14:21:02.018 D/HeatmapThread( 1704): !@ batteryplugType : 2
04-19 14:21:02.018 D/HeatmapThread( 1704): !@ batteryLevel : 60  batteryTemperature : 286 
04-19 14:21:02.018 D/HeatmapThread( 1704): !@ Heatmap currtime: 29610381
04-19 14:21:02.018 D/HeatmapThread( 1704): !@ Heatmap prevtime: 29610358
04-19 14:21:02.018 D/HeatmapThread( 1704): !@ Heatmap plugstarttime: 29610353
04-19 14:21:02.018 D/HeatmapThread( 1704): !@ Heatmap prevv_dsoh_update_time: 29610323
04-19 14:21:02.018 E/HeatmapThread( 1704): !@ CAM New BSOH: 99
04-19 14:21:02.030 I/vendor.qti.bluetooth@1.1-ibs_handler( 1609): ProcessIbsCmd: Received IBS_WAKE_IND: 0xFD
04-19 14:21:02.030 D/vendor.qti.bluetooth@1.1-ibs_handler( 1609): SerialClockVote: vote for UART CLK ON
04-19 14:21:02.030 I/vendor.qti.bluetooth@1.1-ibs_handler( 1609): ProcessIbsCmd: Writing IBS_WAKE_ACK
04-19 14:21:02.035 I/ScanController( 4249): onScanResult to scannerId: 12- eventType=0x1a, addressType=1, address=XX:XX:XX:XX:71:20, primaryPhy=1, secondaryPhy=0, advertisingSid=0xff, txPower=127, rssi=-51, periodicAdvInt=0x0
04-19 14:21:02.072 I/vendor.qti.bluetooth@1.1-ibs_handler( 1609): ProcessIbsCmd: Received IBS_SLEEP_IND: 0xFE
04-19 14:21:02.073 D/vendor.qti.bluetooth@1.1-ibs_handler( 1609): SerialClockVote: vote for UART CLK OFF
04-19 14:21:02.224 D/vendor.qti.bluetooth@1.1-wake_lock( 1609): Release wakelock is released 
04-19 14:21:02.898 D/ActivityManager( 2748): freezing 14511 com.skms.android.agent:remote
04-19 14:21:03.015 E/HeatmapThread( 1704): ECT Thread time in milliseconds: 1776622863
04-19 14:21:03.018 D/HeatmapThread( 1704): !@ batteryplugType : 2
04-19 14:21:03.018 D/HeatmapThread( 1704): !@ batteryLevel : 60  batteryTemperature : 286 
04-19 14:21:03.019 D/HeatmapThread( 1704): !@ Heatmap currtime: 29610381
04-19 14:21:03.019 D/HeatmapThread( 1704): !@ Heatmap prevtime: 29610358
04-19 14:21:03.019 D/HeatmapThread( 1704): !@ Heatmap plugstarttime: 29610353
04-19 14:21:03.019 D/HeatmapThread( 1704): !@ Heatmap prevv_dsoh_update_time: 29610323
04-19 14:21:03.019 E/HeatmapThread( 1704): !@ CAM New BSOH: 99
04-19 14:21:03.022 D/io_stats( 1147): !@   8,0 r 22876261 438307036 w 3967007 68733992 d 455394 54884300 f 288601 387666 iot 4144676 0 th 0 0 0 pt 0 inp 0 0 85600.137
04-19 14:21:03.036 D/BoundBrokerSvc( 4730): onUnbind: Intent { act=com.google.android.gms.auth.aang.events.services.START dat=chimera-action:/... xflg=0x4 cmp=com.google.android.gms/.chimera.PersistentApiService }
04-19 14:21:03.370 D/BoundBrokerSvc( 2365): onUnbind: Intent { act=com.google.android.gms.auth.aang.events.services.START dat=chimera-action:/... xflg=0x4 cmp=com.google.android.gms/.chimera.PersistentApiService }
04-19 14:21:03.619 I/sensors-hal( 1623): handle_sns_client_event:375, [0][2197210] accel_sample [-0.044, -0.018,  9.714] 113712292800679
04-19 14:21:04.015 I/vendor.qti.bluetooth@1.1-ibs_handler( 1609): ProcessIbsCmd: Received IBS_WAKE_IND: 0xFD
04-19 14:21:04.015 E/HeatmapThread( 1704): ECT Thread time in milliseconds: 1776622864
04-19 14:21:04.015 D/vendor.qti.bluetooth@1.1-ibs_handler( 1609): SerialClockVote: vote for UART CLK ON
04-19 14:21:04.015 D/vendor.qti.bluetooth@1.1-wake_lock( 1609): Acquire wakelock is acquired 
04-19 14:21:04.015 I/vendor.qti.bluetooth@1.1-ibs_handler( 1609): ProcessIbsCmd: Writing IBS_WAKE_ACK
04-19 14:21:04.018 D/HeatmapThread( 1704): !@ batteryplugType : 2
04-19 14:21:04.019 D/HeatmapThread( 1704): !@ batteryLevel : 60  batteryTemperature : 286 
04-19 14:21:04.019 D/HeatmapThread( 1704): !@ Heatmap currtime: 29610381
04-19 14:21:04.019 D/HeatmapThread( 1704): !@ Heatmap prevtime: 29610358
04-19 14:21:04.019 D/HeatmapThread( 1704): !@ Heatmap plugstarttime: 29610353
04-19 14:21:04.019 D/HeatmapThread( 1704): !@ Heatmap prevv_dsoh_update_time: 29610323
04-19 14:21:04.019 E/HeatmapThread( 1704): !@ CAM New BSOH: 99
04-19 14:21:04.027 I/ScanController( 4249): onScanResult to scannerId: 6- eventType=0x1a, addressType=1, address=XX:XX:XX:XX:64:48, primaryPhy=1, secondaryPhy=0, advertisingSid=0xff, txPower=127, rssi=-89, periodicAdvInt=0x0
04-19 14:21:04.035 I/ScanController( 4249): onScanResult to scannerId: 12- eventType=0x1a, addressType=1, address=XX:XX:XX:XX:71:20, primaryPhy=1, secondaryPhy=0, advertisingSid=0xff, txPower=127, rssi=-50, periodicAdvInt=0x0
04-19 14:21:04.071 D/SatelliteController( 3918): isInCarrierRoamingNbIotNtn: satellite is disabled
04-19 14:21:04.071 D/SemCellularStateManager( 2748): onSignalStrengthsChanged: mCellularSignalLevel=1
04-19 14:21:04.073 V/SatelliteController( 3918): getWwanIsInService: return true
04-19 14:21:04.076 D/MobileSignalTransitionManager( 3944): updateSignalTransition
04-19 14:21:04.077 I/vendor.qti.bluetooth@1.1-ibs_handler( 1609): ProcessIbsCmd: Received IBS_SLEEP_IND: 0xFE
04-19 14:21:04.078 D/vendor.qti.bluetooth@1.1-ibs_handler( 1609): SerialClockVote: vote for UART CLK OFF
04-19 14:21:04.081 I/HoneySpace.StatusIconTracker( 4661): invokeEvent() called with: event = Mobile(bundle=Bundle[mParcelledData.dataSize=256])
04-19 14:21:04.228 D/vendor.qti.bluetooth@1.1-wake_lock( 1609): Release wakelock is released 
04-19 14:21:04.296 I/minksocket( 1589): MinkIPC MESSAGE: ( 1589:1720 ) MinkIPC_QRTR_Service:351 minkipc = 0xb400007850842db0 sock = 19, client with node 1 port 62a0 went down
04-19 14:21:04.296 I/minksocket( 1589): MinkIPC MESSAGE: ( 1589:1726 ) MinkIPC_QRTR_Service:351 minkipc = 0xb4000078508405d0 sock = 26, client with node 1 port 62a0 went down
04-19 14:21:04.296 D/BoundBrokerSvc( 2365): onUnbind: Intent { act=com.google.android.gms.libs.gmscorelogger.service.START dat=chimera-action:/... xflg=0x4 cmp=com.google.android.gms/.chimera.PersistentDirectBootAwareApiService }
04-19 14:21:04.297 I/minksocket( 1589): MinkIPC MESSAGE: ( 1589:1720 ) MinkIPC_QRTR_Service:351 minkipc = 0xb400007850842db0 sock = 19, client with node 1 port 62a1 went down
04-19 14:21:04.297 I/minksocket( 1589): MinkIPC MESSAGE: ( 1589:1726 ) MinkIPC_QRTR_Service:351 minkipc = 0xb4000078508405d0 sock = 26, client with node 1 port 62a1 went down
04-19 14:21:04.299 I/minksocket( 1589): MinkIPC MESSAGE: ( 1589:1726 ) MinkIPC_QRTR_Service:351 minkipc = 0xb4000078508405d0 sock = 26, client with node 1 port 62a2 went down
04-19 14:21:04.299 I/minksocket( 1589): MinkIPC MESSAGE: ( 1589:1720 ) MinkIPC_QRTR_Service:351 minkipc = 0xb400007850842db0 sock = 19, client with node 1 port 62a2 went down
04-19 14:21:04.302 I/minksocket( 1589): MinkIPC MESSAGE: ( 1589:1720 ) MinkIPC_QRTR_Service:351 minkipc = 0xb400007850842db0 sock = 19, client with node 1 port 62a4 went down
04-19 14:21:04.302 I/minksocket( 1589): MinkIPC MESSAGE: ( 1589:1726 ) MinkIPC_QRTR_Service:351 minkipc = 0xb4000078508405d0 sock = 26, client with node 1 port 62a4 went down
04-19 14:21:04.304 I/minksocket( 1589): MinkIPC MESSAGE: ( 1589:1720 ) MinkIPC_QRTR_Service:351 minkipc = 0xb400007850842db0 sock = 19, client with node 1 port 62a5 went down
04-19 14:21:04.304 I/minksocket( 1589): MinkIPC MESSAGE: ( 1589:1726 ) MinkIPC_QRTR_Service:351 minkipc = 0xb4000078508405d0 sock = 26, client with node 1 port 62a5 went down
04-19 14:21:04.307 I/minksocket( 1589): MinkIPC MESSAGE: ( 1589:1720 ) MinkIPC_QRTR_Service:351 minkipc = 0xb400007850842db0 sock = 19, client with node 1 port 62a6 went down
04-19 14:21:04.307 I/minksocket( 1589): MinkIPC MESSAGE: ( 1589:1726 ) MinkIPC_QRTR_Service:351 minkipc = 0xb4000078508405d0 sock = 26, client with node 1 port 62a6 went down
04-19 14:21:04.311 I/minksocket( 1589): MinkIPC MESSAGE: ( 1589:1720 ) MinkIPC_QRTR_Service:351 minkipc = 0xb400007850842db0 sock = 19, client with node 1 port 62a8 went down
04-19 14:21:04.311 I/minksocket( 1589): MinkIPC MESSAGE: ( 1589:1726 ) MinkIPC_QRTR_Service:351 minkipc = 0xb4000078508405d0 sock = 26, client with node 1 port 62a8 went down
04-19 14:21:04.314 I/minksocket( 1589): MinkIPC MESSAGE: ( 1589:1720 ) MinkIPC_QRTR_Service:351 minkipc = 0xb400007850842db0 sock = 19, client with node 1 port 62a9 went down
04-19 14:21:04.314 I/minksocket( 1589): MinkIPC MESSAGE: ( 1589:1726 ) MinkIPC_QRTR_Service:351 minkipc = 0xb4000078508405d0 sock = 26, client with node 1 port 62a9 went down
04-19 14:21:04.316 I/minksocket( 1589): MinkIPC MESSAGE: ( 1589:1720 ) MinkIPC_QRTR_Service:351 minkipc = 0xb400007850842db0 sock = 19, client with node 1 port 62aa went down
04-19 14:21:04.316 I/minksocket( 1589): MinkIPC MESSAGE: ( 1589:1726 ) MinkIPC_QRTR_Service:351 minkipc = 0xb4000078508405d0 sock = 26, client with node 1 port 62aa went down
04-19 14:21:04.318 I/minksocket( 1589): MinkIPC MESSAGE: ( 1589:1720 ) MinkIPC_QRTR_Service:351 minkipc = 0xb400007850842db0 sock = 19, client with node 1 port 62ab went down
04-19 14:21:04.318 I/minksocket( 1589): MinkIPC MESSAGE: ( 1589:1726 ) MinkIPC_QRTR_Service:351 minkipc = 0xb4000078508405d0 sock = 26, client with node 1 port 62ab went down
04-19 14:21:04.338 E/BatteryDump( 1650): !@new_battery_dump : 3935,378,475,550,60,286,262,316,286,0,310,316,0,Charging,NO_CHARGING,Normal,Good,USB,1,Normal,0,0,9300,0x0,0x10000,0x0,0,0,0000,0000,00000000,0,0,0,0,562,3913,5967,990,0,
04-19 14:21:04.345 I/seh_thermal_service( 1658): getTemperaturesWithType SehTemperatureType: 3
04-19 14:21:04.345 I/sehhealth-service( 1650): updateLrpSysfs: write: 309
04-19 14:21:04.964 I/sensors-hal( 1623): handle_sns_std_sensor_event:131, [SSC_LIGHT] A: 0(0),c:7,b:1275,m:13,cl:21,l:0,s:0,l0:704,l1:0,s0:0,s1:0,acl:1,opr:0.14,f(r):98,u(bl):100,if:0,wi:0,si:0,po:0(N:0)
04-19 14:21:04.968 I/sensors-hal( 1623): get_flicker_als_data:183, [SSC_LIGHT] flicker lux: 0 (0, 0, dw: 0)
04-19 14:21:04.969 I/sensors-hal( 1623): handle_sns_std_sensor_event:409, [SSC_LIGHT] P: 0(0),c:7,b:1275,m:13,cl:21,l:0,s:0,l0:704,l1:0,s0:0,s1:0,acl:1,opr:0.14,f(r):98,u(bl):100,if:0,wi:0,si:0,po:0(N:0)
04-19 14:21:05.015 E/HeatmapThread( 1704): ECT Thread time in milliseconds: 1776622865
04-19 14:21:05.018 D/HeatmapThread( 1704): !@ batteryplugType : 2
04-19 14:21:05.019 D/HeatmapThread( 1704): !@ batteryLevel : 60  batteryTemperature : 286 
04-19 14:21:05.019 D/HeatmapThread( 1704): !@ Heatmap currtime: 29610381
04-19 14:21:05.019 D/HeatmapThread( 1704): !@ Heatmap prevtime: 29610358
04-19 14:21:05.019 D/HeatmapThread( 1704): !@ Heatmap plugstarttime: 29610353
04-19 14:21:05.019 D/HeatmapThread( 1704): !@ Heatmap prevv_dsoh_update_time: 29610323
04-19 14:21:05.019 E/HeatmapThread( 1704): !@ CAM New BSOH: 99
04-19 14:21:05.023 D/io_stats( 1147): !@   8,0 r 22876266 438307132 w 3967015 68734052 d 455395 54884304 f 288603 387667 iot 4144704 0 th 0 0 0 pt 0 inp 0 0 85602.138
04-19 14:21:05.024 D/io_stats( 1147): !@ Read_top(KB): .gms.persistent(4730) 96
04-19 14:21:05.024 D/io_stats( 1147): !@ Write_top(KB): kworker/u16:9(20236) 232 sait.sohservice(25034) 24 jbd2/sda9-8(1085) 20
04-19 14:21:05.361 I/sensors-hal( 1623): handle_sns_client_event:190, auto_rotation_debug_2 mode,255, type,1,0 acc,-0.086,-0.038,9.811, ar,0, ver,14, pedo,1,e,1,i,3
04-19 14:21:05.496 I/minksocket( 1589): MinkIPC MESSAGE: ( 1589:1720 ) MinkIPC_QRTR_Service:351 minkipc = 0xb400007850842db0 sock = 19, client with node 1 port 62a3 went down
04-19 14:21:05.497 I/minksocket( 1589): MinkIPC MESSAGE: ( 1589:1726 ) MinkIPC_QRTR_Service:351 minkipc = 0xb4000078508405d0 sock = 26, client with node 1 port 62a3 went down
04-19 14:21:05.499 I/minksocket( 1589): MinkIPC MESSAGE: ( 1589:1720 ) MinkIPC_QRTR_Service:351 minkipc = 0xb400007850842db0 sock = 19, client with node 1 port 62a7 went down
04-19 14:21:05.499 I/minksocket( 1589): MinkIPC MESSAGE: ( 1589:1726 ) MinkIPC_QRTR_Service:351 minkipc = 0xb4000078508405d0 sock = 26, client with node 1 port 62a7 went down
04-19 14:21:05.622 I/sensors-hal( 1623): handle_sns_client_event:375, [0][2197244] accel_sample [-0.049, -0.027,  9.719] 113714295429429
04-19 14:21:05.695 I/minksocket( 1589): MinkIPC MESSAGE: ( 1589:1720 ) MinkIPC_QRTR_Service:351 minkipc = 0xb400007850842db0 sock = 19, client with node 1 port 62ac went down
04-19 14:21:05.695 I/minksocket( 1589): MinkIPC MESSAGE: ( 1589:1726 ) MinkIPC_QRTR_Service:351 minkipc = 0xb4000078508405d0 sock = 26, client with node 1 port 62ac went down
04-19 14:21:05.699 I/minksocket( 1589): MinkIPC MESSAGE: ( 1589:1720 ) MinkIPC_QRTR_Service:351 minkipc = 0xb400007850842db0 sock = 19, client with node 1 port 62ad went down
04-19 14:21:05.699 I/minksocket( 1589): MinkIPC MESSAGE: ( 1589:1726 ) MinkIPC_QRTR_Service:351 minkipc = 0xb4000078508405d0 sock = 26, client with node 1 port 62ad went down
04-19 14:21:05.704 I/minksocket( 1589): MinkIPC MESSAGE: ( 1589:1720 ) MinkIPC_QRTR_Service:351 minkipc = 0xb400007850842db0 sock = 19, client with node 1 port 62ae went down
04-19 14:21:05.705 I/minksocket( 1589): MinkIPC MESSAGE: ( 1589:1726 ) MinkIPC_QRTR_Service:351 minkipc = 0xb4000078508405d0 sock = 26, client with node 1 port 62ae went down
04-19 14:21:05.707 I/minksocket( 1589): MinkIPC MESSAGE: ( 1589:1720 ) MinkIPC_QRTR_Service:351 minkipc = 0xb400007850842db0 sock = 19, client with node 1 port 62af went down
04-19 14:21:05.707 I/minksocket( 1589): MinkIPC MESSAGE: ( 1589:1726 ) MinkIPC_QRTR_Service:351 minkipc = 0xb4000078508405d0 sock = 26, client with node 1 port 62af went down
04-19 14:21:05.759 I/vendor.qti.bluetooth@1.1-ibs_handler( 1609): ProcessIbsCmd: Received IBS_WAKE_IND: 0xFD
04-19 14:21:05.759 D/vendor.qti.bluetooth@1.1-ibs_handler( 1609): SerialClockVote: vote for UART CLK ON
04-19 14:21:05.759 D/vendor.qti.bluetooth@1.1-wake_lock( 1609): Acquire wakelock is acquired 
04-19 14:21:05.759 I/vendor.qti.bluetooth@1.1-ibs_handler( 1609): ProcessIbsCmd: Writing IBS_WAKE_ACK
04-19 14:21:05.771 I/ScanController( 4249): onScanResult to scannerId: 12- eventType=0x1a, addressType=1, address=XX:XX:XX:XX:71:20, primaryPhy=1, secondaryPhy=0, advertisingSid=0xff, txPower=127, rssi=-53, periodicAdvInt=0x0
04-19 14:21:05.808 I/vendor.qti.bluetooth@1.1-ibs_handler( 1609): ProcessIbsCmd: Received IBS_SLEEP_IND: 0xFE
04-19 14:21:05.808 D/vendor.qti.bluetooth@1.1-ibs_handler( 1609): SerialClockVote: vote for UART CLK OFF
04-19 14:21:05.859 I/vendor.qti.bluetooth@1.1-ibs_handler( 1609): ProcessIbsCmd: Received IBS_WAKE_IND: 0xFD
04-19 14:21:05.859 D/vendor.qti.bluetooth@1.1-ibs_handler( 1609): SerialClockVote: vote for UART CLK ON
04-19 14:21:05.859 I/vendor.qti.bluetooth@1.1-ibs_handler( 1609): ProcessIbsCmd: Writing IBS_WAKE_ACK
04-19 14:21:05.863 I/ScanController( 4249): onScanResult to scannerId: 6- eventType=0x1a, addressType=1, address=XX:XX:XX:XX:64:48, primaryPhy=1, secondaryPhy=0, advertisingSid=0xff, txPower=127, rssi=-82, periodicAdvInt=0x0
04-19 14:21:05.900 I/vendor.qti.bluetooth@1.1-ibs_handler( 1609): ProcessIbsCmd: Received IBS_SLEEP_IND: 0xFE
04-19 14:21:05.901 D/vendor.qti.bluetooth@1.1-ibs_handler( 1609): SerialClockVote: vote for UART CLK OFF
04-19 14:21:06.015 E/HeatmapThread( 1704): ECT Thread time in milliseconds: 1776622866
04-19 14:21:06.019 D/HeatmapThread( 1704): !@ batteryplugType : 2
04-19 14:21:06.019 D/HeatmapThread( 1704): !@ batteryLevel : 60  batteryTemperature : 286 
04-19 14:21:06.019 D/HeatmapThread( 1704): !@ Heatmap currtime: 29610381
04-19 14:21:06.019 D/HeatmapThread( 1704): !@ Heatmap prevtime: 29610358
04-19 14:21:06.019 D/HeatmapThread( 1704): !@ Heatmap plugstarttime: 29610353
04-19 14:21:06.020 D/HeatmapThread( 1704): !@ Heatmap prevv_dsoh_update_time: 29610323
04-19 14:21:06.020 E/HeatmapThread( 1704): !@ CAM New BSOH: 99
04-19 14:21:06.053 D/vendor.qti.bluetooth@1.1-wake_lock( 1609): Release wakelock is released 
