04-19 14:20:48.070 E/jpxr    ( 5578): 	at java.util.concurrent.FutureTask.run(FutureTask.java:317)
04-19 14:20:48.070 E/jpxr    ( 5578): 	at bjlx.c(:com.google.android.gms@261332035@26.13.32 (260400-895912391):50)
04-19 14:20:48.070 E/jpxr    ( 5578): 	at bjlx.run(:com.google.android.gms@261332035@26.13.32 (260400-895912391):73)
04-19 14:20:48.070 E/jpxr    ( 5578): 	at java.util.concurrent.ThreadPoolExecutor.runWorker(ThreadPoolExecutor.java:1154)
04-19 14:20:48.070 E/jpxr    ( 5578): 	at java.util.concurrent.ThreadPoolExecutor$Worker.run(ThreadPoolExecutor.java:652)
04-19 14:20:48.070 E/jpxr    ( 5578): 	at bjro.run(:com.google.android.gms@261332035@26.13.32 (260400-895912391):8)
04-19 14:20:48.070 E/jpxr    ( 5578): 	at java.lang.Thread.run(Thread.java:1564)
04-19 14:20:48.070 E/jpxr    ( 5578): *~*~*~ Previous channel {0} was garbage collected without being shut down! ~*~*~*
04-19 14:20:48.070 E/jpxr    ( 5578):     Make sure to call shutdown()/shutdownNow()
04-19 14:20:48.070 E/jpxr    ( 5578): java.lang.RuntimeException: ManagedChannel allocation site
04-19 14:20:48.070 E/jpxr    ( 5578): 	at jpxq.<init>(:com.google.android.gms@261332035@26.13.32 (260400-895912391):21)
04-19 14:20:48.070 E/jpxr    ( 5578): 	at jpxr.<init>(:com.google.android.gms@261332035@26.13.32 (260400-895912391):10)
04-19 14:20:48.070 E/jpxr    ( 5578): 	at jpxp.a(:com.google.android.gms@261332035@26.13.32 (260400-895912391):296)
04-19 14:20:48.070 E/jpxr    ( 5578): 	at jpfl.a(:com.google.android.gms@261332035@26.13.32 (260400-895912391):5)
04-19 14:20:48.070 E/jpxr    ( 5578): 	at jpli.a(:com.google.android.gms@261332035@26.13.32 (260400-895912391):21)
04-19 14:20:48.070 E/jpxr    ( 5578): 	at avpw.d(:com.google.android.gms@261332035@26.13.32 (260400-895912391):43)
04-19 14:20:48.070 E/jpxr    ( 5578): 	at avpw.c(:com.google.android.gms@261332035@26.13.32 (260400-895912391):3)
04-19 14:20:48.070 E/jpxr    ( 5578): 	at avpw.<init>(:com.google.android.gms@261332035@26.13.32 (260400-895912391):28)
04-19 14:20:48.070 E/jpxr    ( 5578): 	at avoi.<init>(:com.google.android.gms@261332035@26.13.32 (260400-895912391):196)
04-19 14:20:48.070 E/jpxr    ( 5578): 	at avnr.a(:com.google.android.gms@261332035@26.13.32 (260400-895912391):5)
04-19 14:20:48.070 E/jpxr    ( 5578): 	at azkz.<init>(:com.google.android.gms@261332035@26.13.32 (260400-895912391):10)
04-19 14:20:48.070 E/jpxr    ( 5578): 	at com.google.android.gms.backup.transport.snapshot.DeviceStateSnapshotLoggingTask.a(:com.google.android.gms@261332035@26.13.32 (260400-895912391):24)
04-19 14:20:48.070 E/jpxr    ( 5578): 	at cykk.call(:com.google.android.gms@261332035@26.13.32 (260400-895912391):30)
04-19 14:20:48.070 E/jpxr    ( 5578): 	at java.util.concurrent.FutureTask.run(FutureTask.java:317)
04-19 14:20:48.070 E/jpxr    ( 5578): 	at bjlx.c(:com.google.android.gms@261332035@26.13.32 (260400-895912391):50)
04-19 14:20:48.070 E/jpxr    ( 5578): 	at bjlx.run(:com.google.android.gms@261332035@26.13.32 (260400-895912391):73)
04-19 14:20:48.070 E/jpxr    ( 5578): 	at java.util.concurrent.ThreadPoolExecutor.runWorker(ThreadPoolExecutor.java:1154)
04-19 14:20:48.070 E/jpxr    ( 5578): 	at java.util.concurrent.ThreadPoolExecutor$Worker.run(ThreadPoolExecutor.java:652)
04-19 14:20:48.070 E/jpxr    ( 5578): 	at bjro.run(:com.google.android.gms@261332035@26.13.32 (260400-895912391):8)
04-19 14:20:48.070 E/jpxr    ( 5578): 	at java.lang.Thread.run(Thread.java:1564)
04-19 14:20:48.081 D/nativeloader(14886): Configuring clns-12 for other apk /data/app/~~olEM9G_YgEO3uiCV7IYHJQ==/com.google.android.gms-F5ufTQCxu3qkb20D_cp7RQ==/base.apk. target_sdk_version=37, uses_libraries=, library_path=/data/app/~~olEM9G_YgEO3uiCV7IYHJQ==/com.google.android.gms-F5ufTQCxu3qkb20D_cp7RQ==/lib/arm64:/data/app/~~olEM9G_YgEO3uiCV7IYHJQ==/com.google.android.gms-F5ufTQCxu3qkb20D_cp7RQ==/base.apk!/lib/arm64-v8a, permitted_path=/data:/mnt/expand:/data/user/150/com.google.android.gms
04-19 14:20:48.092 V/GraphicsEnvironment(14886): Currently set values for:
04-19 14:20:48.092 V/GraphicsEnvironment(14886):   angle_gl_driver_selection_pkgs=[]
04-19 14:20:48.092 V/GraphicsEnvironment(14886):   angle_gl_driver_selection_values=[]
04-19 14:20:48.092 V/GraphicsEnvironment(14886): com.google.android.gms is not listed in per-application setting
04-19 14:20:48.092 V/GraphicsEnvironment(14886): ANGLE allowlist from config: 
04-19 14:20:48.092 V/GraphicsEnvironment(14886): com.google.android.gms is not listed in ANGLE allowlist or settings, returning default
04-19 14:20:48.147 D/TrafficStateDatabaseController( 2748): onDnsEvent():  objTrafficStats.size= 84, mInsertList= true
04-19 14:20:48.167 D/NetdEventListenerService( 2748): DNS Requested by 114, 10259(com.google.android.gms,...), SUCCESS, 62ms
04-19 14:20:48.195 D/TrafficStateDatabaseController( 2748): onDnsEvent():  objTrafficStats.size= 85, mInsertList= true
04-19 14:20:48.201 W/ProviderHelper(14886): Unknown dynamite feature providerinstaller.dynamite
04-19 14:20:48.202 I/DynamiteModule(14886): Considering local module com.google.android.gms.providerinstaller.dynamite:1 and remote module com.google.android.gms.providerinstaller.dynamite:0
04-19 14:20:48.202 I/DynamiteModule(14886): Selected local version of com.google.android.gms.providerinstaller.dynamite
04-19 14:20:48.209 D/nativeloader(14886): Load /data/app/~~olEM9G_YgEO3uiCV7IYHJQ==/com.google.android.gms-F5ufTQCxu3qkb20D_cp7RQ==/base.apk!/lib/arm64-v8a/libconscrypt_gmscore_jni.so using class loader ns clns-12 (caller=/data/app/~~olEM9G_YgEO3uiCV7IYHJQ==/com.google.android.gms-F5ufTQCxu3qkb20D_cp7RQ==/base.apk): ok
04-19 14:20:48.209 V/NativeCrypto(14886): Registering com/google/android/gms/org/conscrypt/NativeCrypto's 336 native methods...
04-19 14:20:48.209 D/NetdEventListenerService( 2748): DNS Requested by 114, 10259(com.google.android.gms,...), SUCCESS, 50ms
04-19 14:20:48.211 W/Conscrypt( 5578): Could not set socket write timeout: java.net.SocketException: Socket closed
04-19 14:20:48.212 W/Conscrypt( 5578): 	at com.google.android.gms.org.conscrypt.Platform.setSocketWriteTimeout(:com.google.android.gms@261332035@26.13.32 (260400-895912391):204)
04-19 14:20:48.212 W/Conscrypt( 5578): 	at com.google.android.gms.org.conscrypt.ConscryptFileDescriptorSocket.setSoWriteTimeout(:com.google.android.gms@261332035@26.13.32 (260400-895912391):4)
04-19 14:20:48.217 I/ProviderInstaller(14886): Installed default security provider GmsCore_OpenSSL
04-19 14:20:48.223 I/Watchcat(14886): Started
04-19 14:20:48.223 I/ActivityManager( 2748): Changes in 15010259 10 to 8, 0 to 128
04-19 14:20:48.225 I/egip    ( 7245): (REDACTED) appOpsListener %s %s
04-19 14:20:48.225 I/egip    ( 7245): (REDACTED) Ignoring irrelevant audio permission changes for package %s
04-19 14:20:48.225 I/egip    ( 7245): (REDACTED) appOpsListener %s %s
04-19 14:20:48.226 I/egip    ( 7245): (REDACTED) Ignoring irrelevant audio permission changes for package %s
04-19 14:20:48.226 I/GMS_MM_Logger(14886): (REDACTED) Start time: %s
04-19 14:20:48.226 I/GMS_MM_Logger(14886): Started.
04-19 14:20:48.230 D/BoundBrokerSvc(14886): onBind: Intent { act=com.google.android.gms.semanticlocationhistory.deidentifieddata.storevisits.StoreVisitsProcessingService.ACTION_TASK_READY dat=chimera-action:/... xflg=0x4 cmp=com.google.android.gms/.chimera.GmsInternalBoundBrokerService }
04-19 14:20:48.231 D/BoundBrokerSvc(14886): Loading bound service for intent: Intent { act=com.google.android.gms.semanticlocationhistory.deidentifieddata.storevisits.StoreVisitsProcessingService.ACTION_TASK_READY dat=chimera-action:/... xflg=0x4 cmp=com.google.android.gms/.chimera.GmsInternalBoundBrokerService }
04-19 14:20:48.231 D/BoundBrokerSvc(14886): onBind: Intent { act=com.google.android.gms.semanticlocationhistory.deidentifieddata.uploads.BatchDeidentifiedDataUploadService.ACTION_TASK_READY dat=chimera-action:/... xflg=0x4 cmp=com.google.android.gms/.chimera.GmsInternalBoundBrokerService }
04-19 14:20:48.232 D/BoundBrokerSvc(14886): Loading bound service for intent: Intent { act=com.google.android.gms.semanticlocationhistory.deidentifieddata.uploads.BatchDeidentifiedDataUploadService.ACTION_TASK_READY dat=chimera-action:/... xflg=0x4 cmp=com.google.android.gms/.chimera.GmsInternalBoundBrokerService }
04-19 14:20:48.236 I/DynamiteModule(14886): Considering local module com.google.android.gms.googlecertificates:7 and remote module com.google.android.gms.googlecertificates:0
04-19 14:20:48.236 I/DynamiteModule(14886): Selected local version of com.google.android.gms.googlecertificates
04-19 14:20:48.242 I/NetworkScheduler.Stats( 4730): (REDACTED) Task %s/%s started execution. cause:%s exec_start_elapsed_seconds: %s
04-19 14:20:48.242 I/NetworkScheduler.Stats( 4730): (REDACTED) Task %s/%s started execution. cause:%s exec_start_elapsed_seconds: %s
04-19 14:20:48.299 W/Conscrypt( 5578): Could not set socket write timeout: java.net.SocketException: Socket closed
04-19 14:20:48.299 W/Conscrypt( 5578): 	at com.google.android.gms.org.conscrypt.Platform.setSocketWriteTimeout(:com.google.android.gms@261332035@26.13.32 (260400-895912391):204)
04-19 14:20:48.299 W/Conscrypt( 5578): 	at com.google.android.gms.org.conscrypt.ConscryptFileDescriptorSocket.setSoWriteTimeout(:com.google.android.gms@261332035@26.13.32 (260400-895912391):4)
04-19 14:20:48.300 E/ashmem  (14886): Pinning is deprecated since Android Q. Please use trim or other methods.
04-19 14:20:48.303 D/nativeloader(14886): Load /data/app/~~olEM9G_YgEO3uiCV7IYHJQ==/com.google.android.gms-F5ufTQCxu3qkb20D_cp7RQ==/base.apk!/lib/arm64-v8a/libleveldbjni.so using class loader ns clns-12 (caller=/data/app/~~olEM9G_YgEO3uiCV7IYHJQ==/com.google.android.gms-F5ufTQCxu3qkb20D_cp7RQ==/base.apk): ok
04-19 14:20:48.315 I/minksocket( 1589): MinkIPC MESSAGE: ( 1589:1720 ) MinkIPC_QRTR_Service:351 minkipc = 0xb400007850842db0 sock = 19, client with node 1 port 6284 went down
04-19 14:20:48.315 I/minksocket( 1589): MinkIPC MESSAGE: ( 1589:1726 ) MinkIPC_QRTR_Service:351 minkipc = 0xb4000078508405d0 sock = 26, client with node 1 port 6284 went down
04-19 14:20:48.316 I/minksocket( 1589): MinkIPC MESSAGE: ( 1589:1726 ) MinkIPC_QRTR_Service:351 minkipc = 0xb4000078508405d0 sock = 26, client with node 1 port 6285 went down
04-19 14:20:48.316 I/minksocket( 1589): MinkIPC MESSAGE: ( 1589:1720 ) MinkIPC_QRTR_Service:351 minkipc = 0xb400007850842db0 sock = 19, client with node 1 port 6285 went down
04-19 14:20:48.316 I/minksocket( 1589): MinkIPC MESSAGE: ( 1589:1726 ) MinkIPC_QRTR_Service:351 minkipc = 0xb4000078508405d0 sock = 26, client with node 1 port 6286 went down
04-19 14:20:48.317 I/minksocket( 1589): MinkIPC MESSAGE: ( 1589:1720 ) MinkIPC_QRTR_Service:351 minkipc = 0xb400007850842db0 sock = 19, client with node 1 port 6286 went down
04-19 14:20:48.318 I/minksocket( 1589): MinkIPC MESSAGE: ( 1589:1726 ) MinkIPC_QRTR_Service:351 minkipc = 0xb4000078508405d0 sock = 26, client with node 1 port 6288 went down
04-19 14:20:48.318 I/minksocket( 1589): MinkIPC MESSAGE: ( 1589:1720 ) MinkIPC_QRTR_Service:351 minkipc = 0xb400007850842db0 sock = 19, client with node 1 port 6288 went down
04-19 14:20:48.319 I/minksocket( 1589): MinkIPC MESSAGE: ( 1589:1726 ) MinkIPC_QRTR_Service:351 minkipc = 0xb4000078508405d0 sock = 26, client with node 1 port 6289 went down
04-19 14:20:48.319 I/minksocket( 1589): MinkIPC MESSAGE: ( 1589:1720 ) MinkIPC_QRTR_Service:351 minkipc = 0xb400007850842db0 sock = 19, client with node 1 port 6289 went down
04-19 14:20:48.320 I/minksocket( 1589): MinkIPC MESSAGE: ( 1589:1726 ) MinkIPC_QRTR_Service:351 minkipc = 0xb4000078508405d0 sock = 26, client with node 1 port 628a went down
04-19 14:20:48.320 I/minksocket( 1589): MinkIPC MESSAGE: ( 1589:1720 ) MinkIPC_QRTR_Service:351 minkipc = 0xb400007850842db0 sock = 19, client with node 1 port 628a went down
04-19 14:20:48.324 D/BoundBrokerSvc( 2365): onRebind: Intent { act=com.google.android.gms.auth.aang.events.services.START dat=chimera-action:/... xflg=0x4 cmp=com.google.android.gms/.chimera.PersistentApiService }
04-19 14:20:48.324 I/NetworkScheduler.Stats( 4730): (REDACTED) Task %s/%s finished executing. cause:%s result: %s elapsed_millis: %s uptime_millis: %s exec_start_elapsed_seconds: %s
04-19 14:20:48.326 D/BoundBrokerSvc(14886): onUnbind: Intent { act=com.google.android.gms.semanticlocationhistory.deidentifieddata.uploads.BatchDeidentifiedDataUploadService.ACTION_TASK_READY dat=chimera-action:/... xflg=0x4 cmp=com.google.android.gms/.chimera.GmsInternalBoundBrokerService }
04-19 14:20:48.329 D/BoundBrokerSvc( 2365): onRebind: Intent { act=com.google.android.gms.libs.gmscorelogger.service.START dat=chimera-action:/... xflg=0x4 cmp=com.google.android.gms/.chimera.PersistentDirectBootAwareApiService }
04-19 14:20:48.349 I/NetworkScheduler.Stats( 4730): (REDACTED) Task %s/%s finished executing. cause:%s result: %s elapsed_millis: %s uptime_millis: %s exec_start_elapsed_seconds: %s
04-19 14:20:48.351 D/BoundBrokerSvc(14886): onUnbind: Intent { act=com.google.android.gms.semanticlocationhistory.deidentifieddata.storevisits.StoreVisitsProcessingService.ACTION_TASK_READY dat=chimera-action:/... xflg=0x4 cmp=com.google.android.gms/.chimera.GmsInternalBoundBrokerService }
04-19 14:20:48.351 I/ActivityManager( 2748): Changes in 15010259 8 to 10, 128 to 0
04-19 14:20:48.534 I/NetworkScheduler.Stats( 4730): (REDACTED) Task %s/%s finished executing. cause:%s result: %s elapsed_millis: %s uptime_millis: %s exec_start_elapsed_seconds: %s
04-19 14:20:48.536 D/BoundBrokerSvc( 5578): onUnbind: Intent { act=com.google.android.gms.semanticlocationhistory.deidentifieddata.uploads.BatchDeidentifiedDataUploadService.ACTION_TASK_READY dat=chimera-action:/... xflg=0x4 cmp=com.google.android.gms/.chimera.GmsInternalBoundBrokerService }
04-19 14:20:48.583 I/gajn    ( 5578): (REDACTED) Setting isLegacySQLite mode to %s.
04-19 14:20:48.587 I/NetworkScheduler.Stats( 4730): (REDACTED) Task %s/%s started execution. cause:%s exec_start_elapsed_seconds: %s
04-19 14:20:48.588 I/gajn    ( 5578): (REDACTED) Writing data for these Geller corpora: %s
04-19 14:20:48.590 I/gajn    ( 5578): (REDACTED) Writing metadata key: %s, corpus: %s
04-19 14:20:48.591 I/gajn    ( 5578): (REDACTED) Writing metadata key: %s, corpus: %s
04-19 14:20:48.594 I/gajn    ( 5578): (REDACTED) Writing data for these Geller corpora: %s
04-19 14:20:48.594 I/NetworkScheduler.Stats( 4730): (REDACTED) Task %s/%s finished executing. cause:%s result: %s elapsed_millis: %s uptime_millis: %s exec_start_elapsed_seconds: %s
04-19 14:20:48.595 I/gajn    ( 5578): (REDACTED) Wrote %d elements for corpus %s
04-19 14:20:48.595 I/gajn    ( 5578): (REDACTED) Writing metadata key: %s, corpus: %s
04-19 14:20:48.596 I/gajn    ( 5578): (REDACTED) Writing metadata key: %s, corpus: %s
04-19 14:20:48.600 I/gajn    ( 5578): (REDACTED) Writing data for these Geller corpora: %s
04-19 14:20:48.614 I/gajn    ( 5578): (REDACTED) Wrote %d elements for corpus %s
04-19 14:20:48.616 I/gajn    ( 5578): (REDACTED) Writing metadata key: %s, corpus: %s
04-19 14:20:48.618 I/gajn    ( 5578): (REDACTED) Writing metadata key: %s, corpus: %s
04-19 14:20:48.621 E/SQLiteLog( 5578): (10) POSIX Error : 11 SQLite Error : 3850
04-19 14:20:48.621 E/SQLiteLog( 5578): (10) LOCK : Getting lock (4) failed due to (11). The current owner is (4730).
04-19 14:20:48.836 I/SDHMS:LOAD( 7327): type: LoadsFreqs, value: 2:0:0:676608:902400:672000:724991:2380800:499200:231:231:231
04-19 14:20:48.869 I/BatteryService_BatteryPropertiesRegistrar( 2748): [getProperty]id:6
04-19 14:20:48.869 I/BatteryService_BatteryPropertiesRegistrar( 2748): [getProperty]prop.long:-9223372036854775808 ,prop.string:null
04-19 14:20:48.871 I/BatteryService_BatteryPropertiesRegistrar( 2748): [getProperty]id:4
04-19 14:20:48.871 I/BatteryService_BatteryPropertiesRegistrar( 2748): [getProperty]prop.long:-9223372036854775808 ,prop.string:null
04-19 14:20:48.873 I/SemWifiIntelligentTrainingManager( 2748): Tr. cond. check: true / 1 (2) / true / 0 (1)
04-19 14:20:48.874 I/BatteryService_BatteryPropertiesRegistrar( 2748): [getProperty]id:6
04-19 14:20:48.874 I/BatteryService_BatteryPropertiesRegistrar( 2748): [getProperty]prop.long:-9223372036854775808 ,prop.string:null
04-19 14:20:48.874 I/BatteryService_BatteryPropertiesRegistrar( 2748): [getProperty]id:4
04-19 14:20:48.874 I/BatteryService_BatteryPropertiesRegistrar( 2748): [getProperty]prop.long:-9223372036854775808 ,prop.string:null
04-19 14:20:49.012 D/io_stats( 1147): !@   8,0 r 22875325 438294112 w 3963458 68715708 d 455321 54870432 f 288431 387132 iot 4143804 0 th 0 0 0 pt 0 inp 0 0 85586.127
04-19 14:20:49.013 D/io_stats( 1147): !@ Read_top(KB): gle.android.gms(14886) 19332 gle.android.gms(5578) 14332 .gms.persistent(4730) 4896
04-19 14:20:49.013 D/io_stats( 1147): !@ Write_top(KB): .gms.persistent(4730) 936 system_server(2748) 344 f2fs_ckpt-254:6(1284) 292
04-19 14:20:49.015 E/HeatmapThread( 1704): ECT Thread time in milliseconds: 1776622849
04-19 14:20:49.018 D/HeatmapThread( 1704): !@ batteryplugType : 2
04-19 14:20:49.018 D/HeatmapThread( 1704): !@ batteryLevel : 60  batteryTemperature : 286 
04-19 14:20:49.019 D/HeatmapThread( 1704): !@ Heatmap currtime: 29610380
04-19 14:20:49.019 D/HeatmapThread( 1704): !@ Heatmap prevtime: 29610358
04-19 14:20:49.019 D/HeatmapThread( 1704): !@ Heatmap plugstarttime: 29610353
04-19 14:20:49.019 D/HeatmapThread( 1704): !@ Heatmap prevv_dsoh_update_time: 29610323
04-19 14:20:49.019 E/HeatmapThread( 1704): !@ CAM New BSOH: 99
04-19 14:20:49.044 I/gajn    ( 5578): (REDACTED) Setting isLegacySQLite mode to %s.
04-19 14:20:49.046 I/gajn    ( 5578): (REDACTED) Writing data for these Geller corpora: %s
04-19 14:20:49.048 I/gajn    ( 5578): (REDACTED) Writing metadata key: %s, corpus: %s
04-19 14:20:49.049 I/gajn    ( 5578): (REDACTED) Writing metadata key: %s, corpus: %s
04-19 14:20:49.051 I/gajn    ( 5578): (REDACTED) Writing data for these Geller corpora: %s
04-19 14:20:49.053 I/gajn    ( 5578): (REDACTED) Wrote %d elements for corpus %s
04-19 14:20:49.054 I/gajn    ( 5578): (REDACTED) Writing metadata key: %s, corpus: %s
04-19 14:20:49.055 I/gajn    ( 5578): (REDACTED) Writing metadata key: %s, corpus: %s
04-19 14:20:49.058 I/gajn    ( 5578): (REDACTED) Writing data for these Geller corpora: %s
04-19 14:20:49.066 I/gajn    ( 5578): (REDACTED) Wrote %d elements for corpus %s
04-19 14:20:49.067 I/gajn    ( 5578): (REDACTED) Writing metadata key: %s, corpus: %s
04-19 14:20:49.074 I/gajn    ( 5578): (REDACTED) Writing metadata key: %s, corpus: %s
04-19 14:20:49.075 E/SQLiteLog( 5578): (10) POSIX Error : 11 SQLite Error : 3850
04-19 14:20:49.075 E/SQLiteLog( 5578): (10) LOCK : Getting lock (4) failed due to (11). The current owner is (4730).
04-19 14:20:49.107 I/vendor.qti.bluetooth@1.1-ibs_handler( 1609): ProcessIbsCmd: Received IBS_WAKE_IND: 0xFD
04-19 14:20:49.107 D/vendor.qti.bluetooth@1.1-ibs_handler( 1609): SerialClockVote: vote for UART CLK ON
04-19 14:20:49.108 D/vendor.qti.bluetooth@1.1-wake_lock( 1609): Acquire wakelock is acquired 
04-19 14:20:49.108 I/vendor.qti.bluetooth@1.1-ibs_handler( 1609): ProcessIbsCmd: Writing IBS_WAKE_ACK
04-19 14:20:49.118 I/ScanController( 4249): onScanResult to scannerId: 6- eventType=0x1a, addressType=1, address=XX:XX:XX:XX:64:48, primaryPhy=1, secondaryPhy=0, advertisingSid=0xff, txPower=127, rssi=-87, periodicAdvInt=0x0
04-19 14:20:49.131 I/ScanController( 4249): onScanResult to scannerId: 12- eventType=0x1a, addressType=1, address=XX:XX:XX:XX:71:20, primaryPhy=1, secondaryPhy=0, advertisingSid=0xff, txPower=127, rssi=-54, periodicAdvInt=0x0
04-19 14:20:49.132 D/TelephonyManager( 3918): requestModemActivityInfo: Sending result to app: ModemActivityInfo{ mTimestamp=113697835 mSleepTimeMs=68347950 mIdleTimeMs=1497082 mActivityStatsTechSpecificInfo=[{mRat=UNKNOWN,mFrequencyRange=UNKNOWN,mTxTimeMs[]=[182, 10742, 51339, 123518, 365110],mRxTimeMs=43706614}]}
04-19 14:20:49.168 I/vendor.qti.bluetooth@1.1-ibs_handler( 1609): ProcessIbsCmd: Received IBS_SLEEP_IND: 0xFE
04-19 14:20:49.168 D/vendor.qti.bluetooth@1.1-ibs_handler( 1609): SerialClockVote: vote for UART CLK OFF
04-19 14:20:49.319 D/vendor.qti.bluetooth@1.1-wake_lock( 1609): Release wakelock is released 
04-19 14:20:49.355 I/egip    ( 7245): (REDACTED) appOpsListener %s %s
04-19 14:20:49.356 I/egip    ( 7245): (REDACTED) Ignoring irrelevant audio permission changes for package %s
04-19 14:20:49.357 I/egip    ( 7245): (REDACTED) appOpsListener %s %s
04-19 14:20:49.357 I/egip    ( 7245): (REDACTED) Ignoring irrelevant audio permission changes for package %s
04-19 14:20:49.416 I/minksocket( 1589): MinkIPC MESSAGE: ( 1589:1726 ) MinkIPC_QRTR_Service:351 minkipc = 0xb4000078508405d0 sock = 26, client with node 1 port 628c went down
04-19 14:20:49.416 I/minksocket( 1589): MinkIPC MESSAGE: ( 1589:1720 ) MinkIPC_QRTR_Service:351 minkipc = 0xb400007850842db0 sock = 19, client with node 1 port 628c went down
04-19 14:20:49.418 I/minksocket( 1589): MinkIPC MESSAGE: ( 1589:1726 ) MinkIPC_QRTR_Service:351 minkipc = 0xb4000078508405d0 sock = 26, client with node 1 port 628d went down
04-19 14:20:49.418 I/minksocket( 1589): MinkIPC MESSAGE: ( 1589:1720 ) MinkIPC_QRTR_Service:351 minkipc = 0xb400007850842db0 sock = 19, client with node 1 port 628d went down
04-19 14:20:49.419 I/minksocket( 1589): MinkIPC MESSAGE: ( 1589:1720 ) MinkIPC_QRTR_Service:351 minkipc = 0xb400007850842db0 sock = 19, client with node 1 port 628e went down
04-19 14:20:49.420 I/minksocket( 1589): MinkIPC MESSAGE: ( 1589:1726 ) MinkIPC_QRTR_Service:351 minkipc = 0xb4000078508405d0 sock = 26, client with node 1 port 628e went down
04-19 14:20:49.421 I/minksocket( 1589): MinkIPC MESSAGE: ( 1589:1720 ) MinkIPC_QRTR_Service:351 minkipc = 0xb400007850842db0 sock = 19, client with node 1 port 628f went down
04-19 14:20:49.421 I/minksocket( 1589): MinkIPC MESSAGE: ( 1589:1726 ) MinkIPC_QRTR_Service:351 minkipc = 0xb4000078508405d0 sock = 26, client with node 1 port 628f went down
04-19 14:20:49.444 I/gajn    ( 5578): (REDACTED) Setting isLegacySQLite mode to %s.
04-19 14:20:49.447 I/gajn    ( 5578): (REDACTED) Writing data for these Geller corpora: %s
04-19 14:20:49.456 I/gajn    ( 5578): (REDACTED) Writing metadata key: %s, corpus: %s
04-19 14:20:49.457 I/gajn    ( 5578): (REDACTED) Writing metadata key: %s, corpus: %s
04-19 14:20:49.460 I/gajn    ( 5578): (REDACTED) Writing data for these Geller corpora: %s
04-19 14:20:49.464 I/gajn    ( 5578): (REDACTED) Wrote %d elements for corpus %s
04-19 14:20:49.465 I/gajn    ( 5578): (REDACTED) Writing metadata key: %s, corpus: %s
04-19 14:20:49.467 I/gajn    ( 5578): (REDACTED) Writing metadata key: %s, corpus: %s
04-19 14:20:49.471 I/gajn    ( 5578): (REDACTED) Writing data for these Geller corpora: %s
04-19 14:20:49.497 I/gajn    ( 5578): (REDACTED) Wrote %d elements for corpus %s
04-19 14:20:49.499 I/gajn    ( 5578): (REDACTED) Writing metadata key: %s, corpus: %s
04-19 14:20:49.500 I/gajn    ( 5578): (REDACTED) Writing metadata key: %s, corpus: %s
04-19 14:20:49.502 E/SQLiteLog( 5578): (10) POSIX Error : 11 SQLite Error : 3850
04-19 14:20:49.502 E/SQLiteLog( 5578): (10) LOCK : Getting lock (4) failed due to (11). The current owner is (4730).
04-19 14:20:49.601 I/sensors-hal( 1623): handle_sns_client_event:375, [0][2196972] accel_sample [-0.073, -0.039,  9.729] 113698274269481
04-19 14:20:49.804 I/SurfaceFlinger( 1741): SFWD update time=85586918926412
04-19 14:20:49.885 I/gajn    ( 5578): (REDACTED) Setting isLegacySQLite mode to %s.
04-19 14:20:49.888 I/gajn    ( 5578): (REDACTED) Writing data for these Geller corpora: %s
04-19 14:20:49.890 I/gajn    ( 5578): (REDACTED) Writing metadata key: %s, corpus: %s
04-19 14:20:49.891 I/gajn    ( 5578): (REDACTED) Writing metadata key: %s, corpus: %s
04-19 14:20:49.893 I/gajn    ( 5578): (REDACTED) Writing data for these Geller corpora: %s
04-19 14:20:49.894 I/gajn    ( 5578): (REDACTED) Wrote %d elements for corpus %s
04-19 14:20:49.895 I/gajn    ( 5578): (REDACTED) Writing metadata key: %s, corpus: %s
04-19 14:20:49.895 I/gajn    ( 5578): (REDACTED) Writing metadata key: %s, corpus: %s
04-19 14:20:49.897 I/gajn    ( 5578): (REDACTED) Writing data for these Geller corpora: %s
04-19 14:20:49.905 I/gajn    ( 5578): (REDACTED) Wrote %d elements for corpus %s
04-19 14:20:49.905 I/gajn    ( 5578): (REDACTED) Writing metadata key: %s, corpus: %s
04-19 14:20:49.910 I/gajn    ( 5578): (REDACTED) Writing metadata key: %s, corpus: %s
04-19 14:20:49.911 E/SQLiteLog( 5578): (10) POSIX Error : 11 SQLite Error : 3850
04-19 14:20:49.911 E/SQLiteLog( 5578): (10) LOCK : Getting lock (4) failed due to (11). The current owner is (4730).
04-19 14:20:50.015 E/HeatmapThread( 1704): ECT Thread time in milliseconds: 1776622850
04-19 14:20:50.018 D/HeatmapThread( 1704): !@ batteryplugType : 2
04-19 14:20:50.019 D/HeatmapThread( 1704): !@ batteryLevel : 60  batteryTemperature : 286 
04-19 14:20:50.019 D/HeatmapThread( 1704): !@ Heatmap currtime: 29610380
04-19 14:20:50.019 D/HeatmapThread( 1704): !@ Heatmap prevtime: 29610358
04-19 14:20:50.019 D/HeatmapThread( 1704): !@ Heatmap plugstarttime: 29610353
04-19 14:20:50.019 D/HeatmapThread( 1704): !@ Heatmap prevv_dsoh_update_time: 29610323
04-19 14:20:50.019 E/HeatmapThread( 1704): !@ CAM New BSOH: 99
04-19 14:20:50.342 I/SDHMS:x ( 7327): SIOP:: AP:318 BAT:286 USB:261 CHG:319 PA:327 WIFI:318 CF:312 BLK:0 SUBBAT:0 LRPTHM:314 SKIN:310 SKINF:310 SKINB:307 LRP2:310 LRF2:310 LRB2:307 AP2:310 CHG2:306 WIFI2:307 RCV2:307 SPK2:277 FCAM:260 UPSPK:319 DNSPK:259 VAP02:335 VWIFI:326 AMB2:214 AVGCUR:225 AVGSYS:0 POWER:877
04-19 14:20:50.358 I/gajn    ( 5578): (REDACTED) Setting isLegacySQLite mode to %s.
04-19 14:20:50.368 I/gajn    ( 5578): (REDACTED) Writing data for these Geller corpora: %s
04-19 14:20:50.369 I/gajn    ( 5578): (REDACTED) Writing metadata key: %s, corpus: %s
04-19 14:20:50.370 I/gajn    ( 5578): (REDACTED) Writing metadata key: %s, corpus: %s
04-19 14:20:50.372 I/gajn    ( 5578): (REDACTED) Writing data for these Geller corpora: %s
04-19 14:20:50.373 I/gajn    ( 5578): (REDACTED) Wrote %d elements for corpus %s
04-19 14:20:50.373 I/gajn    ( 5578): (REDACTED) Writing metadata key: %s, corpus: %s
04-19 14:20:50.383 I/gajn    ( 5578): (REDACTED) Writing metadata key: %s, corpus: %s
04-19 14:20:50.387 I/gajn    ( 5578): (REDACTED) Writing data for these Geller corpora: %s
04-19 14:20:50.407 I/gajn    ( 5578): (REDACTED) Wrote %d elements for corpus %s
04-19 14:20:50.408 I/gajn    ( 5578): (REDACTED) Writing metadata key: %s, corpus: %s
04-19 14:20:50.410 I/gajn    ( 5578): (REDACTED) Writing metadata key: %s, corpus: %s
04-19 14:20:50.412 E/SQLiteLog( 5578): (10) POSIX Error : 11 SQLite Error : 3850
04-19 14:20:50.412 E/SQLiteLog( 5578): (10) LOCK : Getting lock (4) failed due to (11). The current owner is (4730).
04-19 14:20:50.493 D/TrafficStateDatabaseController( 2748): onDnsEvent():  objTrafficStats.size= 86, mInsertList= true
04-19 14:20:50.505 D/NetdEventListenerService( 2748): DNS Requested by 114, 10259(com.google.android.gms,...), SUCCESS, 6ms
04-19 14:20:50.729 I/SDHMS:n ( 7327): Periodic event 'saveLog' will starts soon.
04-19 14:20:50.735 I/SDHMS:x ( 7327): Polling event syncDatabaseLocked will starts.
04-19 14:20:50.747 I/SDHMS:x ( 7327): Polling event syncDatabaseLocked finished.
04-19 14:20:50.747 I/SDHMS:x ( 7327): Polling event checkDatabaseLocked will starts.
04-19 14:20:50.801 I/SDHMS:x ( 7327): Polling event checkDatabaseLocked finished.
04-19 14:20:50.801 I/SDHMS:x ( 7327): Polling event checkDatabaseOverflow will starts.
04-19 14:20:50.801 I/gajn    ( 5578): (REDACTED) Setting isLegacySQLite mode to %s.
04-19 14:20:50.801 I/SDHMS:x ( 7327): Polling event checkDatabaseOverflow finished.
04-19 14:20:50.803 I/gajn    ( 5578): (REDACTED) Writing data for these Geller corpora: %s
04-19 14:20:50.804 I/gajn    ( 5578): (REDACTED) Writing metadata key: %s, corpus: %s
04-19 14:20:50.805 I/gajn    ( 5578): (REDACTED) Writing metadata key: %s, corpus: %s
04-19 14:20:50.808 I/gajn    ( 5578): (REDACTED) Writing data for these Geller corpora: %s
04-19 14:20:50.810 I/gajn    ( 5578): (REDACTED) Wrote %d elements for corpus %s
04-19 14:20:50.810 I/gajn    ( 5578): (REDACTED) Writing metadata key: %s, corpus: %s
04-19 14:20:50.810 I/gajn    ( 5578): (REDACTED) Writing metadata key: %s, corpus: %s
04-19 14:20:50.813 I/gajn    ( 5578): (REDACTED) Writing data for these Geller corpora: %s
04-19 14:20:50.822 I/gajn    ( 5578): (REDACTED) Wrote %d elements for corpus %s
04-19 14:20:50.822 I/gajn    ( 5578): (REDACTED) Writing metadata key: %s, corpus: %s
04-19 14:20:50.823 I/gajn    ( 5578): (REDACTED) Writing metadata key: %s, corpus: %s
04-19 14:20:50.825 E/SQLiteLog( 5578): (10) POSIX Error : 11 SQLite Error : 3850
04-19 14:20:50.825 E/SQLiteLog( 5578): (10) LOCK : Getting lock (4) failed due to (11). The current owner is (4730).
04-19 14:20:50.831 I/minksocket( 1589): MinkIPC MESSAGE: ( 1589:1720 ) MinkIPC_QRTR_Service:351 minkipc = 0xb400007850842db0 sock = 19, client with node 1 port 6290 went down
04-19 14:20:50.831 I/minksocket( 1589): MinkIPC MESSAGE: ( 1589:1726 ) MinkIPC_QRTR_Service:351 minkipc = 0xb4000078508405d0 sock = 26, client with node 1 port 6290 went down
04-19 14:20:50.832 I/minksocket( 1589): MinkIPC MESSAGE: ( 1589:1726 ) MinkIPC_QRTR_Service:351 minkipc = 0xb4000078508405d0 sock = 26, client with node 1 port 6291 went down
04-19 14:20:50.832 I/minksocket( 1589): MinkIPC MESSAGE: ( 1589:1720 ) MinkIPC_QRTR_Service:351 minkipc = 0xb400007850842db0 sock = 19, client with node 1 port 6291 went down
04-19 14:20:50.833 I/minksocket( 1589): MinkIPC MESSAGE: ( 1589:1720 ) MinkIPC_QRTR_Service:351 minkipc = 0xb400007850842db0 sock = 19, client with node 1 port 6292 went down
04-19 14:20:50.833 I/minksocket( 1589): MinkIPC MESSAGE: ( 1589:1726 ) MinkIPC_QRTR_Service:351 minkipc = 0xb4000078508405d0 sock = 26, client with node 1 port 6292 went down
04-19 14:20:50.835 I/minksocket( 1589): MinkIPC MESSAGE: ( 1589:1720 ) MinkIPC_QRTR_Service:351 minkipc = 0xb400007850842db0 sock = 19, client with node 1 port 6293 went down
04-19 14:20:50.835 I/minksocket( 1589): MinkIPC MESSAGE: ( 1589:1726 ) MinkIPC_QRTR_Service:351 minkipc = 0xb4000078508405d0 sock = 26, client with node 1 port 6293 went down
04-19 14:20:50.972 I/vendor.qti.bluetooth@1.1-ibs_handler( 1609): ProcessIbsCmd: Received IBS_WAKE_IND: 0xFD
04-19 14:20:50.972 D/vendor.qti.bluetooth@1.1-ibs_handler( 1609): SerialClockVote: vote for UART CLK ON
04-19 14:20:50.973 D/vendor.qti.bluetooth@1.1-wake_lock( 1609): Acquire wakelock is acquired 
04-19 14:20:50.973 I/vendor.qti.bluetooth@1.1-ibs_handler( 1609): ProcessIbsCmd: Writing IBS_WAKE_ACK
04-19 14:20:50.983 I/ScanController( 4249): onScanResult to scannerId: 6- eventType=0x1a, addressType=1, address=XX:XX:XX:XX:64:48, primaryPhy=1, secondaryPhy=0, advertisingSid=0xff, txPower=127, rssi=-85, periodicAdvInt=0x0
04-19 14:20:51.014 D/io_stats( 1147): !@   8,0 r 22875673 438296680 w 3965501 68725540 d 455321 54870432 f 288549 387465 iot 4144164 0 th 0 0 0 pt 0 inp 0 0 85588.129
04-19 14:20:51.015 E/HeatmapThread( 1704): ECT Thread time in milliseconds: 1776622851
04-19 14:20:51.018 D/HeatmapThread( 1704): !@ batteryplugType : 2
04-19 14:20:51.018 D/HeatmapThread( 1704): !@ batteryLevel : 60  batteryTemperature : 286 
04-19 14:20:51.018 D/HeatmapThread( 1704): !@ Heatmap currtime: 29610380
04-19 14:20:51.018 D/HeatmapThread( 1704): !@ Heatmap prevtime: 29610358
04-19 14:20:51.018 D/HeatmapThread( 1704): !@ Heatmap plugstarttime: 29610353
04-19 14:20:51.018 D/HeatmapThread( 1704): !@ Heatmap prevv_dsoh_update_time: 29610323
04-19 14:20:51.019 E/HeatmapThread( 1704): !@Entered the read from path function
04-19 14:20:51.019 E/HeatmapThread( 1704): !@Read Extended_heatmap from efs is: 8376 0 0 0 0 0 0 0 0 0 0 0 0 0 0 0 0 0 977 0 0 0 0 0 0 0 0 0 0 0 0 0 0 0 0 0 1195 0 0 0 0 0 0 0 0 0 0 0 0 0 0 0 0 0 1304 0 0 0 0 0 0 0 0 0 0 0 0 0 0 0 0 0 1396 0 0 0 0 0 0 0 0 0 0 0 0 0 0 0 0 0 1487 0 0 0 0 0 0 0 0 0 0 0 0 0 0 0 0 0 1392 0 0 0 0 0 0 0 0 0 0 0 0 0 0 0 0 0 1468 0 0 0 0 0 0 0 0 0 0 0 0 0 0 0 0 0 1487 0 0 0 0 0 0 0 0 0 0 0 0 0 0 0 0 0 1488 0 0 0 0 0 0 0 0 0 0 0 0 0 0 0 0 0 1330 0 0 0 0 0 0 0 0 0 0 0 0 0 0 0 0 0 5306 0 0 0 0 0 0 0 0 0 0 0 0 0 0 0 0 0 7030 0 0 0 0 0 0 0 0 0 0 0 0 0 0 0 0 0 16166 0 0 0 0 0 0 0 0 0 0 0 0 0 0 0 0 0 18817 0 0 0 0 0 0 0 0 0 0 0 0 0 0 0 0 0 21596 0 0 0 0 0 0 0 0 0 0 0 0 0 0 0 0 0 24903 0 0 0 0 0 0 0 0 0 0 0 0 0 0 0 0 0 30101 0 0 0 0 0 0 0 0 0 0 0 0 0 0 0 0 0 17524 0 0 0 0 0 0 0 0 0 0 0 0 0 0 0 0 0 19747 0 0 0 0 0 0 0 0 0 0 0 0 0 0 0 0 0 22119 0 0 0 0 0 0 0 0 0 0 0 0 0 0 0 0 0 23519 0 0 0 0 0 0 0 0 0 0 0 0 0 0 0 0 0 2841 0 0 0 0 0 0 0 0 0 0 0 0 0 0 0 0 0 2875 0 0 0 0 0 0 0 0 0 0 0 0 0 0 0 0 0 2355 0 0 0 0 0 0 0 0 5 1 1 2 1 0 1 0 0 178
04-19 14:20:51.019 E/HeatmapThread( 1704): !@Write Extended Heatmap to efs is: 8376 0 0 0 0 0 0 0 0 0 0 0 0 0 0 0 0 0 977 0 0 0 0 0 0 0 0 0 0 0 0 0 0 0 0 0 1195 0 0 0 0 0 0 0 0 0 0 0 0 0 0 0 0 0 1304 0 0 0 0 0 0 0 0 0 0 0 0 0 0 0 0 0 1396 0 0 0 0 0 0 0 0 0 0 0 0 0 0 0 0 0 1487 0 0 0 0 0 0 0 0 0 0 0 0 0 0 0 0 0 1392 0 0 0 0 0 0 0 0 0 0 0 0 0 0 0 0 0 1468 0 0 0 0 0 0 0 0 0 0 0 0 0 0 0 0 0 1487 0 0 0 0 0 0 0 0 0 0 0 0 0 0 0 0 0 1488 0 0 0 0 0 0 0 0 0 0 0 0 0 0 0 0 0 1330 0 0 0 0 0 0 0 0 0 0 0 0 0 0 0 0 0 5306 0 0 0 0 0 0 0 0 0 0 0 0 0 0 0 0 0 7030 0 0 0 0 0 0 0 0 0 0 0 0 0 0 0 0 0 16166 0 0 0 0 0 0 0 0 0 0 0 0 0 0 0 0 0 18817 0 0 0 0 0 0 0 0 0 0 0 0 0 0 0 0 0 21597 0 0 0 0 0 0 0 0 0 0 0 0 0 0 0 0 0 24903 0 0 0 0 0 0 0 0 0 0 0 0 0 0 0 0 0 30101 0 0 0 0 0 0 0 0 0 0 0 0 0 0 0 0 0 17524 0 0 0 0 0 0 0 0 0 0 0 0 0 0 0 0 0 19747 0 0 0 0 0 0 0 0 0 0 0 0 0 0 0 0 0 22119 0 0 0 0 0 0 0 0 0 0 0 0 0 0 0 0 0 23519 0 0 0 0 0 0 0 0 0 0 0 0 0 0 0 0 0 2841 0 0 0 0 0 0 0 0 0 0 0 0 0 0 0 0 0 2875 0 0 0 0 0 0 0 0 0 0 0 0 0 0 0 0 0 2355 0 0 0 0 0 0 0 0 5 1 1 2 1 0 1 0 0 1783
04-19 14:20:51.020 E/HeatmapThread( 1704): !@ CAM New BSOH: 99
04-19 14:20:51.022 I/vendor.qti.bluetooth@1.1-ibs_handler( 1609): ProcessIbsCmd: Received IBS_SLEEP_IND: 0xFE
04-19 14:20:51.022 D/vendor.qti.bluetooth@1.1-ibs_handler( 1609): SerialClockVote: vote for UART CLK OFF
04-19 14:20:51.142 I/vendor.qti.bluetooth@1.1-ibs_handler( 1609): ProcessIbsCmd: Received IBS_WAKE_IND: 0xFD
04-19 14:20:51.142 D/vendor.qti.bluetooth@1.1-ibs_handler( 1609): SerialClockVote: vote for UART CLK ON
04-19 14:20:51.142 I/vendor.qti.bluetooth@1.1-ibs_handler( 1609): ProcessIbsCmd: Writing IBS_WAKE_ACK
04-19 14:20:51.151 I/ScanController( 4249): onScanResult to scannerId: 12- eventType=0x1a, addressType=1, address=XX:XX:XX:XX:71:20, primaryPhy=1, secondaryPhy=0, advertisingSid=0xff, txPower=127, rssi=-49, periodicAdvInt=0x0
04-19 14:20:51.186 I/vendor.qti.bluetooth@1.1-ibs_handler( 1609): ProcessIbsCmd: Received IBS_SLEEP_IND: 0xFE
04-19 14:20:51.186 D/vendor.qti.bluetooth@1.1-ibs_handler( 1609): SerialClockVote: vote for UART CLK OFF
04-19 14:20:51.244 I/gajn    ( 5578): (REDACTED) Setting isLegacySQLite mode to %s.
04-19 14:20:51.247 I/gajn    ( 5578): (REDACTED) Writing data for these Geller corpora: %s
04-19 14:20:51.249 I/gajn    ( 5578): (REDACTED) Writing metadata key: %s, corpus: %s
04-19 14:20:51.251 I/gajn    ( 5578): (REDACTED) Writing metadata key: %s, corpus: %s
04-19 14:20:51.254 I/gajn    ( 5578): (REDACTED) Writing data for these Geller corpora: %s
04-19 14:20:51.258 I/gajn    ( 5578): (REDACTED) Wrote %d elements for corpus %s
04-19 14:20:51.263 I/gajn    ( 5578): (REDACTED) Writing metadata key: %s, corpus: %s
04-19 14:20:51.264 I/gajn    ( 5578): (REDACTED) Writing metadata key: %s, corpus: %s
04-19 14:20:51.267 I/gajn    ( 5578): (REDACTED) Writing data for these Geller corpora: %s
04-19 14:20:51.280 I/gajn    ( 5578): (REDACTED) Wrote %d elements for corpus %s
04-19 14:20:51.281 I/gajn    ( 5578): (REDACTED) Writing metadata key: %s, corpus: %s
04-19 14:20:51.283 I/gajn    ( 5578): (REDACTED) Writing metadata key: %s, corpus: %s
04-19 14:20:51.285 E/SQLiteLog( 5578): (10) POSIX Error : 11 SQLite Error : 3850
04-19 14:20:51.285 E/SQLiteLog( 5578): (10) LOCK : Getting lock (4) failed due to (11). The current owner is (4730).
04-19 14:20:51.337 D/vendor.qti.bluetooth@1.1-wake_lock( 1609): Release wakelock is released 
04-19 14:20:51.603 I/sensors-hal( 1623): handle_sns_client_event:375, [0][2197006] accel_sample [-0.071, -0.036,  9.742] 113700276906043
04-19 14:20:51.697 I/gajn    ( 5578): (REDACTED) Setting isLegacySQLite mode to %s.
04-19 14:20:51.706 I/gajn    ( 5578): (REDACTED) Writing data for these Geller corpora: %s
04-19 14:20:51.707 I/gajn    ( 5578): (REDACTED) Writing metadata key: %s, corpus: %s
04-19 14:20:51.708 I/gajn    ( 5578): (REDACTED) Writing metadata key: %s, corpus: %s
04-19 14:20:51.711 I/gajn    ( 5578): (REDACTED) Writing data for these Geller corpora: %s
04-19 14:20:51.714 I/gajn    ( 5578): (REDACTED) Wrote %d elements for corpus %s
04-19 14:20:51.715 I/gajn    ( 5578): (REDACTED) Writing metadata key: %s, corpus: %s
04-19 14:20:51.716 I/gajn    ( 5578): (REDACTED) Writing metadata key: %s, corpus: %s
04-19 14:20:51.719 I/gajn    ( 5578): (REDACTED) Writing data for these Geller corpora: %s
04-19 14:20:51.744 I/gajn    ( 5578): (REDACTED) Wrote %d elements for corpus %s
04-19 14:20:51.745 I/gajn    ( 5578): (REDACTED) Writing metadata key: %s, corpus: %s
04-19 14:20:51.746 I/gajn    ( 5578): (REDACTED) Writing metadata key: %s, corpus: %s
04-19 14:20:51.747 E/SQLiteLog( 5578): (10) POSIX Error : 11 SQLite Error : 3850
04-19 14:20:51.747 E/SQLiteLog( 5578): (10) LOCK : Getting lock (4) failed due to (11). The current owner is (4730).
04-19 14:20:51.818 I/NearbyMediums( 4730): No BLE Fast/GATT advertisements found in the latest cycle.
04-19 14:20:51.818 I/NearbyMediums( 4730): Current Tracked Scanning Clients are : {NearbyConnections.EnvironmentMonitor, NearbyConnections.TxAdvertisement}
04-19 14:20:51.821 I/VSyncReactor( 1741): Current= 60, Period= 60, Distance= 0
04-19 14:20:51.838 I/VSyncReactor( 1741): Current= 60, Period= 60, Distance= 60
04-19 14:20:52.004 I/sensors-hal( 1623): handle_sns_std_sensor_event:131, [SSC_LIGHT] A: 0(0),c:7,b:1275,m:13,cl:21,l:0,s:0,l0:704,l1:0,s0:0,s1:0,acl:1,opr:0.14,f(r):98,u(bl):100,if:0,wi:0,si:0,po:0(N:0)
04-19 14:20:52.009 I/sensors-hal( 1623): get_flicker_als_data:183, [SSC_LIGHT] flicker lux: 0 (7, 1, dw: 0)
04-19 14:20:52.009 I/sensors-hal( 1623): handle_sns_std_sensor_event:409, [SSC_LIGHT] P: 0(0),c:7,b:1275,m:13,cl:21,l:0,s:0,l0:704,l1:0,s0:0,s1:0,acl:1,opr:0.14,f(r):98,u(bl):100,if:0,wi:0,si:0,po:0(N:0)
04-19 14:20:52.015 E/HeatmapThread( 1704): ECT Thread time in milliseconds: 1776622852
04-19 14:20:52.018 D/HeatmapThread( 1704): !@ batteryplugType : 2
04-19 14:20:52.018 D/HeatmapThread( 1704): !@ batteryLevel : 60  batteryTemperature : 286 
04-19 14:20:52.019 D/HeatmapThread( 1704): !@ Heatmap currtime: 29610380
04-19 14:20:52.019 D/HeatmapThread( 1704): !@ Heatmap prevtime: 29610358
04-19 14:20:52.019 D/HeatmapThread( 1704): !@ Heatmap plugstarttime: 29610353
04-19 14:20:52.019 D/HeatmapThread( 1704): !@ Heatmap prevv_dsoh_update_time: 29610323
04-19 14:20:52.020 E/HeatmapThread( 1704): !@ CAM New BSOH: 99
04-19 14:20:52.168 I/gajn    ( 5578): (REDACTED) Setting isLegacySQLite mode to %s.
04-19 14:20:52.181 I/gajn    ( 5578): (REDACTED) Writing data for these Geller corpora: %s
04-19 14:20:52.188 I/gajn    ( 5578): (REDACTED) Writing metadata key: %s, corpus: %s
04-19 14:20:52.191 I/gajn    ( 5578): (REDACTED) Writing metadata key: %s, corpus: %s
04-19 14:20:52.194 I/gajn    ( 5578): (REDACTED) Writing data for these Geller corpora: %s
04-19 14:20:52.198 I/gajn    ( 5578): (REDACTED) Wrote %d elements for corpus %s
04-19 14:20:52.199 I/gajn    ( 5578): (REDACTED) Writing metadata key: %s, corpus: %s
04-19 14:20:52.201 I/gajn    ( 5578): (REDACTED) Writing metadata key: %s, corpus: %s
04-19 14:20:52.205 I/gajn    ( 5578): (REDACTED) Writing data for these Geller corpora: %s
04-19 14:20:52.223 I/gajn    ( 5578): (REDACTED) Wrote %d elements for corpus %s
04-19 14:20:52.224 I/gajn    ( 5578): (REDACTED) Writing metadata key: %s, corpus: %s
04-19 14:20:52.226 I/gajn    ( 5578): (REDACTED) Writing metadata key: %s, corpus: %s
04-19 14:20:52.227 E/SQLiteLog( 5578): (10) POSIX Error : 11 SQLite Error : 3850
04-19 14:20:52.227 E/SQLiteLog( 5578): (10) LOCK : Getting lock (4) failed due to (11). The current owner is (4730).
04-19 14:20:52.234 I/minksocket( 1589): MinkIPC MESSAGE: ( 1589:1720 ) MinkIPC_QRTR_Service:351 minkipc = 0xb400007850842db0 sock = 19, client with node 1 port 6294 went down
04-19 14:20:52.235 I/minksocket( 1589): MinkIPC MESSAGE: ( 1589:1726 ) MinkIPC_QRTR_Service:351 minkipc = 0xb4000078508405d0 sock = 26, client with node 1 port 6294 went down
04-19 14:20:52.236 I/minksocket( 1589): MinkIPC MESSAGE: ( 1589:1726 ) MinkIPC_QRTR_Service:351 minkipc = 0xb4000078508405d0 sock = 26, client with node 1 port 6295 went down
04-19 14:20:52.236 I/minksocket( 1589): MinkIPC MESSAGE: ( 1589:1720 ) MinkIPC_QRTR_Service:351 minkipc = 0xb400007850842db0 sock = 19, client with node 1 port 6295 went down
04-19 14:20:52.238 I/minksocket( 1589): MinkIPC MESSAGE: ( 1589:1720 ) MinkIPC_QRTR_Service:351 minkipc = 0xb400007850842db0 sock = 19, client with node 1 port 6296 went down
04-19 14:20:52.238 I/minksocket( 1589): MinkIPC MESSAGE: ( 1589:1726 ) MinkIPC_QRTR_Service:351 minkipc = 0xb4000078508405d0 sock = 26, client with node 1 port 6296 went down
04-19 14:20:52.239 I/minksocket( 1589): MinkIPC MESSAGE: ( 1589:1726 ) MinkIPC_QRTR_Service:351 minkipc = 0xb4000078508405d0 sock = 26, client with node 1 port 6297 went down
04-19 14:20:52.240 I/minksocket( 1589): MinkIPC MESSAGE: ( 1589:1720 ) MinkIPC_QRTR_Service:351 minkipc = 0xb400007850842db0 sock = 19, client with node 1 port 6297 went down
04-19 14:20:52.614 I/gajn    ( 5578): (REDACTED) Setting isLegacySQLite mode to %s.
04-19 14:20:52.619 I/gajn    ( 5578): (REDACTED) Writing data for these Geller corpora: %s
04-19 14:20:52.622 I/gajn    ( 5578): (REDACTED) Writing metadata key: %s, corpus: %s
04-19 14:20:52.623 I/gajn    ( 5578): (REDACTED) Writing metadata key: %s, corpus: %s
04-19 14:20:52.628 I/gajn    ( 5578): (REDACTED) Writing data for these Geller corpora: %s
04-19 14:20:52.638 I/gajn    ( 5578): (REDACTED) Wrote %d elements for corpus %s
04-19 14:20:52.638 I/gajn    ( 5578): (REDACTED) Writing metadata key: %s, corpus: %s
04-19 14:20:52.639 I/gajn    ( 5578): (REDACTED) Writing metadata key: %s, corpus: %s
04-19 14:20:52.643 I/gajn    ( 5578): (REDACTED) Writing data for these Geller corpora: %s
04-19 14:20:52.658 I/gajn    ( 5578): (REDACTED) Wrote %d elements for corpus %s
04-19 14:20:52.659 I/gajn    ( 5578): (REDACTED) Writing metadata key: %s, corpus: %s
04-19 14:20:52.661 I/gajn    ( 5578): (REDACTED) Writing metadata key: %s, corpus: %s
04-19 14:20:52.662 E/SQLiteLog( 5578): (10) POSIX Error : 11 SQLite Error : 3850
04-19 14:20:52.662 E/SQLiteLog( 5578): (10) LOCK : Getting lock (4) failed due to (11). The current owner is (4730).
04-19 14:20:52.667 I/gajn    ( 5578): (REDACTED) Setting isLegacySQLite mode to %s.
04-19 14:20:52.683 I/gajn    ( 5578): (REDACTED) Setting isLegacySQLite mode to %s.
04-19 14:20:52.690 I/gajn    ( 5578): (REDACTED) Setting isLegacySQLite mode to %s.
04-19 14:20:52.699 I/gajn    ( 5578): (REDACTED) Setting isLegacySQLite mode to %s.
04-19 14:20:52.707 I/gajn    ( 5578): (REDACTED) Setting isLegacySQLite mode to %s.
04-19 14:20:52.715 I/gajn    ( 5578): (REDACTED) Setting isLegacySQLite mode to %s.
04-19 14:20:52.725 I/gajn    ( 5578): (REDACTED) Setting isLegacySQLite mode to %s.
04-19 14:20:52.736 I/gajn    ( 5578): (REDACTED) Setting isLegacySQLite mode to %s.
04-19 14:20:52.748 I/gajn    ( 5578): (REDACTED) Setting isLegacySQLite mode to %s.
04-19 14:20:52.760 I/gajn    ( 5578): (REDACTED) Setting isLegacySQLite mode to %s.
04-19 14:20:52.767 E/SQLiteLog( 5578): (10) POSIX Error : 11 SQLite Error : 3850
04-19 14:20:52.767 E/SQLiteLog( 5578): (10) LOCK : Getting lock (4) failed due to (11). The current owner is (4730).
04-19 14:20:52.768 E/SQLiteLog( 5578): (10) POSIX Error : 11 SQLite Error : 3850
04-19 14:20:52.769 E/SQLiteLog( 5578): (10) LOCK : Getting lock (4) failed due to (11). The current owner is (4730).
04-19 14:20:52.770 E/SQLiteLog( 5578): (10) POSIX Error : 11 SQLite Error : 3850
04-19 14:20:52.770 E/SQLiteLog( 5578): (10) LOCK : Getting lock (4) failed due to (11). The current owner is (4730).
04-19 14:20:52.772 E/SQLiteLog( 5578): (10) POSIX Error : 11 SQLite Error : 3850
04-19 14:20:52.772 E/SQLiteLog( 5578): (10) LOCK : Getting lock (4) failed due to (11). The current owner is (4730).
04-19 14:20:52.774 E/SQLiteLog( 5578): (10) POSIX Error : 11 SQLite Error : 3850
04-19 14:20:52.774 E/SQLiteLog( 5578): (10) LOCK : Getting lock (4) failed due to (11). The current owner is (4730).
04-19 14:20:52.775 E/SQLiteLog( 5578): (10) POSIX Error : 11 SQLite Error : 3850
04-19 14:20:52.775 E/SQLiteLog( 5578): (10) LOCK : Getting lock (4) failed due to (11). The current owner is (4730).
04-19 14:20:52.777 E/SQLiteLog( 5578): (10) POSIX Error : 11 SQLite Error : 3850
04-19 14:20:52.777 E/SQLiteLog( 5578): (10) LOCK : Getting lock (4) failed due to (11). The current owner is (4730).
04-19 14:20:52.778 E/SQLiteLog( 5578): (10) POSIX Error : 11 SQLite Error : 3850
04-19 14:20:52.778 E/SQLiteLog( 5578): (10) LOCK : Getting lock (4) failed due to (11). The current owner is (4730).
04-19 14:20:52.780 E/SQLiteLog( 5578): (10) POSIX Error : 11 SQLite Error : 3850
04-19 14:20:52.780 E/SQLiteLog( 5578): (10) LOCK : Getting lock (4) failed due to (11). The current owner is (4730).
04-19 14:20:52.782 E/SQLiteLog( 5578): (10) POSIX Error : 11 SQLite Error : 3850
04-19 14:20:52.782 E/SQLiteLog( 5578): (10) LOCK : Getting lock (4) failed due to (11). The current owner is (4730).
04-19 14:20:52.838 D/BoundBrokerSvc( 5578): onUnbind: Intent { act=com.google.android.gms.semanticlocationhistory.deidentifieddata.storevisits.StoreVisitsProcessingService.ACTION_TASK_READY dat=chimera-action:/... xflg=0x4 cmp=com.google.android.gms/.chimera.GmsInternalBoundBrokerService }
04-19 14:20:52.840 I/NetworkScheduler.Stats( 4730): (REDACTED) Task %s/%s finished executing. cause:%s result: %s elapsed_millis: %s uptime_millis: %s exec_start_elapsed_seconds: %s
04-19 14:20:52.842 I/ActivityManager( 2748): Changes in 10114 8 to 10, 128 to 0
04-19 14:20:52.851 I/ActivityManager( 2748): Killing 12535:com.samsung.cmh/u150s5004 (adj 955): empty #33
04-19 14:20:52.851 D/DeviceReportingSecurityChecker( 2748): getStatus
04-19 14:20:52.851 D/DeviceReportingSecurityChecker( 2748): mIsICDStatus is true
04-19 14:20:52.851 D/DeviceReportingSecurityChecker( 2748): mIsSim is true
04-19 14:20:52.851 D/DeviceReportingSecurityChecker( 2748): mIsEchoAppSignature is true
04-19 14:20:52.851 D/DeviceReportingSecurityChecker( 2748): security check passed
04-19 14:20:52.851 D/DeviceReportingSecurityChecker( 2748): mIsICDStatus === true mIsSim == true mIsMyAccountSignature== false mIsEchoAppSignature== true mIsSprintHubSignature== false
04-19 14:20:52.851 D/AppStateBroadcaster( 2748): TMO killProcesses
04-19 14:20:52.877 I/vendor.qti.bluetooth@1.1-ibs_handler( 1609): ProcessIbsCmd: Received IBS_WAKE_IND: 0xFD
04-19 14:20:52.877 D/vendor.qti.bluetooth@1.1-ibs_handler( 1609): SerialClockVote: vote for UART CLK ON
04-19 14:20:52.877 D/vendor.qti.bluetooth@1.1-wake_lock( 1609): Acquire wakelock is acquired 
04-19 14:20:52.877 I/vendor.qti.bluetooth@1.1-ibs_handler( 1609): ProcessIbsCmd: Writing IBS_WAKE_ACK
04-19 14:20:52.885 I/ScanController( 4249): onScanResult to scannerId: 12- eventType=0x1a, addressType=1, address=XX:XX:XX:XX:71:20, primaryPhy=1, secondaryPhy=0, advertisingSid=0xff, txPower=127, rssi=-50, periodicAdvInt=0x0
04-19 14:20:52.892 I/libprocessgroup( 2748): Removed cgroup /sys/fs/cgroup/apps/uid_15005004/pid_12535
04-19 14:20:52.892 I/Zygote  ( 1542): Process 12535 exited due to signal 9 (Killed)
04-19 14:20:52.898 V/OsAgent ( 6455): broadcastSystemEvent - 7
04-19 14:20:52.926 I/vendor.qti.bluetooth@1.1-ibs_handler( 1609): ProcessIbsCmd: Received IBS_SLEEP_IND: 0xFE
04-19 14:20:52.926 D/vendor.qti.bluetooth@1.1-ibs_handler( 1609): SerialClockVote: vote for UART CLK OFF
04-19 14:20:53.011 I/vendor.qti.bluetooth@1.1-ibs_handler( 1609): ProcessIbsCmd: Received IBS_WAKE_IND: 0xFD
04-19 14:20:53.011 D/vendor.qti.bluetooth@1.1-ibs_handler( 1609): SerialClockVote: vote for UART CLK ON
04-19 14:20:53.011 I/vendor.qti.bluetooth@1.1-ibs_handler( 1609): ProcessIbsCmd: Writing IBS_WAKE_ACK
04-19 14:20:53.015 D/io_stats( 1147): !@   8,0 r 22875864 438298312 w 3966902 68732272 d 455321 54870432 f 288598 387663 iot 4144452 0 th 0 0 0 pt 0 inp 0 0 85590.129
04-19 14:20:53.015 D/io_stats( 1147): !@ Read_top(KB): gle.android.gms(5578) 2172 c.android.sdhms(7327) 1228 kworker/u16:9(20236) 256
04-19 14:20:53.015 D/io_stats( 1147): !@ Write_top(KB): .gms.persistent(4730) 3116 system_server(2748) 1464 f2fs_ckpt-254:6(1284) 988
04-19 14:20:53.015 E/HeatmapThread( 1704): ECT Thread time in milliseconds: 1776622853
04-19 14:20:53.019 I/ScanController( 4249): onScanResult to scannerId: 6- eventType=0x1a, addressType=1, address=XX:XX:XX:XX:64:48, primaryPhy=1, secondaryPhy=0, advertisingSid=0xff, txPower=127, rssi=-76, periodicAdvInt=0x0
04-19 14:20:53.020 D/HeatmapThread( 1704): !@ batteryplugType : 2
04-19 14:20:53.020 D/HeatmapThread( 1704): !@ batteryLevel : 60  batteryTemperature : 286 
04-19 14:20:53.020 D/HeatmapThread( 1704): !@ Heatmap currtime: 29610380
04-19 14:20:53.020 D/HeatmapThread( 1704): !@ Heatmap prevtime: 29610358
04-19 14:20:53.020 D/HeatmapThread( 1704): !@ Heatmap plugstarttime: 29610353
04-19 14:20:53.020 D/HeatmapThread( 1704): !@ Heatmap prevv_dsoh_update_time: 29610323
04-19 14:20:53.020 E/HeatmapThread( 1704): !@ CAM New BSOH: 99
04-19 14:20:53.022 I/EasySetup[11.1.22.8] (27980): IcControlService.isFoldDeviceFolded() - isFoldDevice: false, isNotFolded: false
