04-19 14:22:45.413 V/WindowManager( 2748): Collecting in transition 2406: ActivityRecord{101403755 u0 com.sec.android.app.launcher/.activities.LauncherActivity t8}, caller=com.android.server.wm.TransitionController.collect:7 com.android.server.wm.ActivityRecord.setVisibility:132 com.android.server.wm.ActivityRecord.makeInvisible:32 com.android.server.wm.EnsureActivitiesVisibleHelper.process:542 com.android.server.wm.TaskFragment.updateActivityVisibilities:12 
04-19 14:22:45.413 D/WindowManager( 2748): prepareSync <SYNC_STATE_WAITING_FOR_DRAW>, mPrepareSyncSeqId=0, win=Window{1a0b6d7 u0 com.sec.android.app.launcher/com.sec.android.app.launcher.activities.LauncherActivity}
04-19 14:22:45.413 D/WindowManager( 2748): prepareSync <SYNC_STATE_WAITING_FOR_DRAW>, mPrepareSyncSeqId=0, win=Window{4906084 u0 com.sec.android.app.launcher/com.sec.android.app.launcher.activities.LauncherActivity}
04-19 14:22:45.413 V/WindowManager( 2748): Collecting in transition 2406: WallpaperWindowToken{4b90c54 showWhenLocked=true}_<lock>, caller=com.android.server.wm.Transition.collect:387 com.android.server.wm.TransitionController.collect:7 com.android.server.wm.ActivityRecord.setVisibility:132 com.android.server.wm.ActivityRecord.makeInvisible:32 com.android.server.wm.EnsureActivitiesVisibleHelper.process:542 
04-19 14:22:45.413 V/WindowManager( 2748): Collecting in transition 2406: WallpaperWindowToken{d11f2f0 showWhenLocked=false}_<system>, caller=com.android.server.wm.Transition.collect:410 com.android.server.wm.TransitionController.collect:7 com.android.server.wm.ActivityRecord.setVisibility:132 com.android.server.wm.ActivityRecord.makeInvisible:32 com.android.server.wm.EnsureActivitiesVisibleHelper.process:542 
04-19 14:22:45.413 I/HYPER-HAL( 1631): [RequestManager.cpp]acquire(): Acquired ID : 66728493  [1634 / 9917]    HINT :      list : [TID_LOW_LATENCY / 0] [TID / 4334] [TID / 4335] [TID / 4247] [TID / 4337] 
04-19 14:22:45.413 V/WindowManager( 2748): rotationForOrientation(orient=SCREEN_ORIENTATION_UNSPECIFIED (-1), last=ROTATION_0 (0)); user=ROTATION_0 (0) USER_ROTATION_LOCKED
04-19 14:22:45.414 D/WindowManager( 2748): rotationForOrientation, orientationSource=ActivityRecord{136437337 u0 com.google.android.gm/.ConversationListActivityGmail t40869}
04-19 14:22:45.414 V/WindowManager( 2748): Computed rotation=ROTATION_0 (0) for display id=0 based on lastOrientation=SCREEN_ORIENTATION_UNSPECIFIED (-1) and oldRotation=ROTATION_0 (0), caller=com.android.server.wm.DisplayRotation.updateOrientation:79 com.android.server.wm.DisplayContent.updateOrientation:41 com.android.server.wm.DisplayContent.updateOrientationAndComputeConfig:48 com.android.server.wm.RootWindowContainer.ensureVisibilityAndConfig:7 com.android.server.wm.ActivityTaskSupervisor.realStartActivityLocked:182 com.android.server.wm.ActivityTaskSupervisor.startSpecificActivity:27 
04-19 14:22:45.414 I/HoneySpace.SPayHandler( 4661): updateSpayHandler launcher activity is paused false
04-19 14:22:45.414 I/HoneySpace.RecentTasks( 4661): onRecentTasksChanged
04-19 14:22:45.414 V/WindowManager( 2748): Collecting in transition 2406: ActivityRecord{136437337 u0 com.google.android.gm/.ConversationListActivityGmail t40869}, caller=com.android.server.wm.TransitionController.collect:7 com.android.server.wm.ActivityRecord.setVisibility:132 com.android.server.wm.ActivityTaskSupervisor.realStartActivityLocked:203 com.android.server.wm.ActivityTaskSupervisor.startSpecificActivity:27 com.android.server.wm.TaskFragment.resumeTopActivity:2089 
04-19 14:22:45.414 D/SGM:FgCheckThread( 2748): notifyAppCreated(), packageName: com.google.android.gm, userId: 0, sendRet: true
04-19 14:22:45.414 D/SGM:FgCheckThread( 2748): onLooperPrepared(), msg: MSG_APP_CREATE, pkgName: com.google.android.gm, userId: 0
04-19 14:22:45.414 D/SGM:FgCheckThread( 2748): TaskStackListener.onTaskFocusChanged(), taskId=8, focused=false
04-19 14:22:45.414 D/SGM:FgCheckThread( 2748): TaskStackListener.onTaskFocusChanged(), taskId=40869, focused=true
04-19 14:22:45.415 D/SGM:FgCheckThread( 2748):   sendRunningComponentFocus(), pkgName: com.google.android.gm, userId: 0
04-19 14:22:45.415 D/InputDispatcher( 2748): Focused application(0): ActivityRecord{136437337 u0 com.google.android.gm/.ConversationListActivityGmail t40869}
04-19 14:22:45.415 D/WindowManager( 2748): Changing focus from Window{4906084 u0 com.sec.android.app.launcher/com.sec.android.app.launcher.activities.LauncherActivity} to null displayId=0 Callers=com.android.server.wm.ActivityTaskManagerService.setLastResumedActivityUncheckLocked:264 com.android.server.wm.ActivityTaskSupervisor.updateTopResumedActivityIfNeeded:51 com.android.server.wm.TaskFragment.setResumedActivity:30 com.android.server.wm.ActivityRecord.setState:100 
04-19 14:22:45.415 V/SystemKeyManager( 2748): updateFocusedWindow() is called, 
04-19 14:22:45.415 I/SystemKeyManager( 2748): isSystemKeyEventRequested() : focusedWindow is empty.
04-19 14:22:45.415 I/SystemKeyManager( 2748): isSystemKeyEventRequested() : focusedWindow is empty.
04-19 14:22:45.415 D/ActivityTaskManager( 2748): scheduleTopResumedActivityChanged, onTop=true, r=ActivityRecord{136437337 u0 com.google.android.gm/.ConversationListActivityGmail t40869}, caller=com.android.server.wm.ActivityTaskSupervisor.scheduleTopResumedActivityStateIfNeeded:18 com.android.server.wm.ActivityTaskSupervisor.updateTopResumedActivityIfNeeded:54 com.android.server.wm.TaskFragment.setResumedActivity:30 com.android.server.wm.ActivityRecord.setState:100 com.android.server.wm.ActivityTaskSupervisor.realStartActivityLocked:477 com.android.server.wm.ActivityTaskSupervisor.startSpecificActivity:27 
04-19 14:22:45.415 D/BLASTSyncEngine( 2748): SyncGroup 2406: Set ready true, caller=com.android.server.wm.BLASTSyncEngine.setReady:32 com.android.server.wm.Transition.applyReady:54 com.android.server.wm.Transition.setReady:72 com.android.server.wm.TransitionController.setReady:6 com.android.server.wm.DisplayContent.executeAppTransition:4 com.android.server.wm.ActivityRecord.completeResumeLocked:115 
04-19 14:22:45.415 D/WindowManagerServiceExt( 2748): updateTaskbarTargetIfNeeded: cn=ComponentInfo{com.google.android.gm/com.google.android.gm.ConversationListActivityGmail} occludesParent=true isInSplitScreenMode=false
04-19 14:22:45.416 D/DeviceReportingSecurityChecker( 2748): getStatus
04-19 14:22:45.416 D/DeviceReportingSecurityChecker( 2748): mIsICDStatus is true
04-19 14:22:45.416 D/DeviceReportingSecurityChecker( 2748): mIsSim is true
04-19 14:22:45.416 D/DeviceReportingSecurityChecker( 2748): mIsEchoAppSignature is true
04-19 14:22:45.416 D/DeviceReportingSecurityChecker( 2748): security check passed
04-19 14:22:45.416 D/DeviceReportingSecurityChecker( 2748): mIsICDStatus === true mIsSim == true mIsMyAccountSignature== false mIsEchoAppSignature== true mIsSprintHubSignature== false
04-19 14:22:45.416 V/WindowManager( 2748): Collecting in transition 2406: WallpaperWindowToken{d11f2f0 showWhenLocked=false}_<system>, caller=com.android.server.wm.TransitionController.collect:7 com.android.server.wm.WallpaperWindowToken.setVisibility:55 com.android.server.wm.WallpaperController.adjustWallpaperWindows:857 com.android.server.wm.RootWindowContainer.applySurfaceChangesTransaction$1:141 com.android.server.wm.RootWindowContainer.performSurfacePlacementNoTrace:59 
04-19 14:22:45.416 D/SurfaceComposerClient( 2748): setCornerRadius ## 6bc4482 Splash Screen com.google.android.gm#25383 cornerRadius=0.000000
04-19 14:22:45.416 D/SurfaceComposerClient( 2748): setCornerRadius ## 6bc4482 Splash Screen com.google.android.gm#25383 cornerRadius=0.000000
04-19 14:22:45.416 I/SurfaceFlinger( 1741): [Display 0 name="Built-in Screen"#49] setFrameRateCategory: High
04-19 14:22:45.416 I/SurfaceFlinger( 1741): [Task=40869#25381] attach to parent LayerHierarchy{RequestedLayerState{DefaultTaskDisplayArea_d0#10 parentId=9} 13 children}
04-19 14:22:45.416 I/SurfaceFlinger( 1741): [ActivityRecord{136437337 u0 com.google.android.gm/.ConversationListActivityGmail t40869}#25382] attach to parent LayerHierarchy{RequestedLayerState{Task=40869#25381 parentId=10} 1 children}
04-19 14:22:45.416 I/SurfaceFlinger( 1741): [6bc4482 Splash Screen com.google.android.gm#25383] attach to parent LayerHierarchy{RequestedLayerState{ActivityRecord{136437337 u0 com.google.android.gm/.ConversationListActivityGmail t40869}#25382 parentId=25381} 1 children}
04-19 14:22:45.416 I/HoneySpace.SALoggingUtils( 4661): SA Logging screenID: 301 eventId: 1001 detail: {PackageName=com.google.android.gm, det=4} value: -1
04-19 14:22:45.416 D/SGM:FgCheckThread( 2748): onLooperPrepared(), msg: MSG_TASK_FOCUSED, pkgName: com.google.android.gm, userId: 0
04-19 14:22:45.416 D/SGM:FgCheckThread( 2748): handleTaskFocused().
04-19 14:22:45.416 D/SGM:FgCheckThread( 2748): sendFocusOutConditionally() - mPrevNotiPkg: (unknown), userId: 0
04-19 14:22:45.416 D/SGM:FgCheckThread( 2748):   handleTaskFocused(), pkgName: com.google.android.gm, userID:0
04-19 14:22:45.416 D/SGM:FgCheckThread( 2748): handleResume().
04-19 14:22:45.416 D/SGM:FgCheckThread( 2748): sendFocusOutConditionally() - mPrevNotiPkg: (unknown), userId: 0
04-19 14:22:45.416 D/SGM:FgCheckThread( 2748):   handleResume(). pkgName: com.google.android.gm, userId: 0, category: non-game
04-19 14:22:45.416 D/SGM:FgCheckThread( 2748): notifyFocusInOut(). of pkg: com.google.android.gm, type: 4, isSecGameFamily: false, userId: 0
04-19 14:22:45.416 D/SGM:FgCheckThread( 2748):   notifyFocusInOut(). unexpected mPrevNotiType: -1
04-19 14:22:45.416 D/SGM:SystemHelper( 2748): callReleaseBlock needReleaseBlock:false
04-19 14:22:45.418 I/ActivityManager( 2748): Changes in 10278 19 to 2, 0 to 255
04-19 14:22:45.418 D/SGM:FgCheckThread( 2748): notePauseComponent(), received pkgName: com.sec.android.app.launcher, userId: 0
04-19 14:22:45.418 D/BLASTSyncEngine( 2748): SyncGroup 2406:  Unfinished container: Task{a00fa1e #40869 type=standard A=10278:com.google.android.gm} mSyncState=2
04-19 14:22:45.418 I/CocktailBarManagerServiceContainer( 2748): handleMessage: entry what = 6
04-19 14:22:45.419 I/HoneySpace.TopTaskSource( 4661): onTaskMovedToFront : taskId = 40869, displayId = 0
04-19 14:22:45.419 D/GraphicsStatsService( 2748): requestRenderEngineFor(com.google.android.gm)
04-19 14:22:45.419 D/ActivityThread(26634): com.google.android.gm will use render engine as VK
04-19 14:22:45.420 D/BackgroundInstallControlService( 2748): Package event received: 0
04-19 14:22:45.420 D/BackgroundInstallControlService( 2748): Package event received: 0
04-19 14:22:45.420 D/SGM:GameManager( 2748): identifyForegroundApp. com.google.android.gm, mCurrentUserId: 0, callerUserId: 0
04-19 14:22:45.420 D/SGM:SemGameManager( 2748): isForegroundGame(), ret=false
04-19 14:22:45.420 D/HWUI    (26634): HWUI - treat SMPTE_170M as sRGB
04-19 14:22:45.420 I/SAMSUNGWALLET(16411): [Hint_ProcessStatusChange] fg Change, pid : 26634 , isNotify : true , isForeground : true , fg list : [4661, 26634]
04-19 14:22:45.421 I/SAMSUNGWALLET(16411): [Hint_ProcessStatusChange] fg Change, pid : 26634 , isNotify : false , isForeground : true , fg list : [4661, 26634]
04-19 14:22:45.421 I/SAMSUNGWALLET[US](16411): [ProcessStatusChange] fg Change, pid : 26634 , isNotify : true , isForeground : true , fg list : []
04-19 14:22:45.421 I/SAMSUNGWALLET[US](16411): [ProcessStatusChange] fg Change, pid : 26634 , isNotify : false , isForeground : true , fg list : []
04-19 14:22:45.421 I/HoneySpace.TopTaskUseCase( 4661): topTasks 40869 ComponentInfo{com.google.android.gm/com.google.android.gm.ui.MailActivityGmail}[displayId=0]
04-19 14:22:45.421 I/SAMSUNGWALLET(16411): [Hint_ProcessStatusChange] fg Change, pid : 26634 , isNotify : false , isForeground : true , fg list : [4661, 26634]
04-19 14:22:45.421 I/SAMSUNGWALLET[US](16411): [ProcessStatusChange] fg Change, pid : 26634 , isNotify : false , isForeground : true , fg list : []
04-19 14:22:45.421 I/VRI[gm]@15ba156( 3944): onActiveControlsChanged, removed=false, mAdded=true, caller=android.view.ViewRootImpl.handleInsetsControlChanged:3002 android.view.ViewRootImpl.setView:2014 android.view.WindowManagerGlobal.addView:604 com.android.wm.shell.startingsurface.SplashscreenWindowCreator.addWindow:38 com.android.wm.shell.startingsurface.StartingWindowController$$ExternalSyntheticLambda4.run:1365 
04-19 14:22:45.422 I/VRI[gm]@15ba156( 3944): synced displayState. AttachInfo displayState=2
04-19 14:22:45.422 I/VRI[gm]@15ba156( 3944): setView = android.widget.FrameLayout@ffb4330 IsHRR=false mFlingFrameRateChange=0 TM=true
04-19 14:22:45.422 I/SurfaceFlinger( 1741): id=25384 createSurf, flag=84004, SurfaceControlViewHost#25384
04-19 14:22:45.423 D/AS.MultiSoundManager( 2748): mForegroundUid = 10278
04-19 14:22:45.423 I/{OngoingActivityController}( 3944): onTaskFocusChanged but OA data is empty
04-19 14:22:45.423 I/DisplayManager(26634): Choreographer implicitly registered for the refresh rate.
04-19 14:22:45.423 I/HoneySpace.TopTaskSource( 4661): onTaskFocusChanged(): taskId = 40869
04-19 14:22:45.423 D/HWUI    (26634): CacheManager constructor. deviceInfo=(1080, 1920)
04-19 14:22:45.423 I/SAMSUNGWALLET[US](16411): [ProcessMonitor] App went to background.
04-19 14:22:45.423 V/Configuration( 2748): Updating configuration, locales updated from [] to [en_US]
04-19 14:22:45.424 V/Configuration( 2748): Updating configuration, locales updated from [] to [en_US]
04-19 14:22:45.425 D/ViewRootImpl( 3944): desktopMode is false
04-19 14:22:45.425 D/EnterpriseDeviceManagerService( 2748): isMdmAdminPresentInternal() : MDM Admin Found - com.samsung.knox.securefolder
04-19 14:22:45.425 I/ViewRootImpl( 3944): dVRR is disabled
04-19 14:22:45.425 D/SGM:FgCheckThread( 2748): noteResumeComponent(), received pkgName: com.google.android.gm, userId: 0
04-19 14:22:45.425 I/SDHMS:k ( 7327): handleResumeComponent : put = com.google.android.gm, userid = 0 instanceid =265540351
04-19 14:22:45.425 I/Rubin   (29204): [129] A8.b.A(Unknown Source) : Notify com.samsung.android.rubin.inferenceengine.contextanalytics.engine.loggers.AppUsageLogger's database is updated.
04-19 14:22:45.425 D/SGM:FgCheckThread( 2748): onLooperPrepared(), msg: MSG_APP_RESUME, pkgName: com.google.android.gm, userid: 0
04-19 14:22:45.425 D/SGM:FgCheckThread( 2748): handleResume().
04-19 14:22:45.425 D/SGM:FgCheckThread( 2748): sendFocusOutConditionally() - mPrevNotiPkg: (unknown), userId: 0
04-19 14:22:45.425 D/SGM:FgCheckThread( 2748):   handleResume(). pkgName: com.google.android.gm, userId: 0, category: non-game
04-19 14:22:45.425 D/SGM:FgCheckThread( 2748): notifyFocusInOut(). of pkg: com.google.android.gm, type: 4, isSecGameFamily: false, userId: 0
04-19 14:22:45.425 D/SGM:FgCheckThread( 2748):   notifyFocusInOut(). unexpected mPrevNotiType: -1
04-19 14:22:45.425 D/SGM:SystemHelper( 2748): callReleaseBlock needReleaseBlock:false
04-19 14:22:45.425 D/BackgroundInstallControlService( 2748): Package event received: 0
04-19 14:22:45.425 V/NetworkPolicy( 2748): getFirewallRuleMobileData UID:10278 policy:0
04-19 14:22:45.425 I/CocktailBarManagerServiceContainer( 2748): handleMessage: entry what = 5
04-19 14:22:45.426 I/HoneySpace.EdgePanel.CocktailHostRepositoryImpl( 4661): onNoteResume
04-19 14:22:45.426 D/vulkan  (26634): searching for layers in '/data/app/~~6rNG6Gqp7mzNcJBIT4dyXg==/com.google.android.gm-hrI5E2s2SxORYy1-p927NQ==/lib/arm64'
04-19 14:22:45.426 I/HoneySpace.EdgePanel.EdgePanelContainerViewModel( 4661): cocktailHostRepository.edgePanelOperation NoteResumeComponent(componentName=ComponentInfo{com.google.android.gm/com.google.android.gm.ui.MailActivityGmail})
04-19 14:22:45.426 I/HoneySpace.EdgePanel.ActivityUtils( 4661): HomePackage : com.sec.android.app.launcher, resumePackageName : com.google.android.gm, className : com.google.android.gm.ui.MailActivityGmail
04-19 14:22:45.426 D/vulkan  (26634): searching for layers in '/data/app/~~6rNG6Gqp7mzNcJBIT4dyXg==/com.google.android.gm-hrI5E2s2SxORYy1-p927NQ==/base.apk!/lib/arm64-v8a'
04-19 14:22:45.427 D/BackgroundInstallControlService( 2748): Package event received: 0
04-19 14:22:45.427 D/vulkan  (26634): searching for layers in '/data/app/~~6rNG6Gqp7mzNcJBIT4dyXg==/com.google.android.gm-hrI5E2s2SxORYy1-p927NQ==/split_config.arm64_v8a.apk!/lib/arm64-v8a'
04-19 14:22:45.427 I/DisplayDeviceRepository( 2748): Display device changed render timings: "Built-in Screen", renderFrameRate=60.000004, presentationDeadlineNanos=17666666, appVsyncOffsetNanos=16666666, frameRateOverrides=[{uid=10053 frameRateHz=60.000004}, {uid=10150 frameRateHz=60.000004}]
04-19 14:22:45.427 D/NativeCustomFrequencyManager( 3944): [NativeCFMS] BpCustomFrequencyManager::BpCustomFrequencyManager()
04-19 14:22:45.427 D/SGM:GameManager( 2748): identifyForegroundApp. com.google.android.gm, mCurrentUserId: 0, callerUserId: 0
04-19 14:22:45.427 D/SGM:SemGameManager( 2748): isForegroundGame(), ret=false
04-19 14:22:45.427 D/NetworkPolicy( 2748): already checked 10278
04-19 14:22:45.427 D/PkgPredictorService-SecIpmManagerServiceImpl( 2748): onForegroundActivitiesChanged pid:26634 uid:10278
04-19 14:22:45.428 I/SurfaceFlinger( 1741): id=25385 createSurf, flag=44004, Leash#25385
04-19 14:22:45.428 D/SurfaceComposerClient( 2748): setCornerRadius ## 6bc4482 Splash Screen com.google.android.gm#25383 cornerRadius=0.000000
04-19 14:22:45.428 D/DisplayLifecycle( 3944): updateDisplay id = 0
04-19 14:22:45.428 D/BLASTSyncEngine( 2748): SyncGroup 2406:  Unfinished container: Task{a00fa1e #40869 type=standard A=10278:com.google.android.gm} mSyncState=2
04-19 14:22:45.428 I/SurfaceFlinger( 1741): id=25386 createSurf, flag=44000, #25386
04-19 14:22:45.428 D/StackScroller( 3944): onDisplayChanged for predraw skip to 2
04-19 14:22:45.429 D/InputTransport( 2748): Input channel constructed: 'Embedde', fd=1338
04-19 14:22:45.429 D/InputTransport( 2748): Input channel constructed: 'Embedde', fd=1340
04-19 14:22:45.430 D/InputTransport( 2748): Input channel constructed: 'Embedde', fd=1341
04-19 14:22:45.430 I/SAMSUNGWALLET(16411): [Hint_SimpleHintProcessMonitor] isHomePackageRunning topPkgName = com.google.android.gm, topClsName = com.google.android.gm.ui.MailActivityGmail, return false , se : false
04-19 14:22:45.430 I/HYPER-HAL( 1631): [RequestManager.cpp]acquire(): Acquired ID : 66751600  [1634 / 9919]    HINT :      list : [TID_LOW_LATENCY / 1] [TID / 4334] [TID / 4335] [TID / 4247] [TID / 4337] 
04-19 14:22:45.430 D/InputTransport( 2748): Input channel destroyed: 'Embedde', fd=1341
04-19 14:22:45.430 I/SAMSUNGWALLET(16411): [Hint_PayHintService] Hint Status - already invisible, skip hide : [4000000] - Home Package Not Running
04-19 14:22:45.430 D/InputTransport( 3944): Input channel constructed: 'Embedde', fd=536
04-19 14:22:45.431 I/VRI[]@771e8cf( 3944): synced displayState. AttachInfo displayState=2
04-19 14:22:45.431 I/VRI[]@771e8cf( 3944): setView = android.widget.ImageView@c784848 IsHRR=false mFlingFrameRateChange=0 TM=true
04-19 14:22:45.431 D/vulkan  (26634): searching for layers in '/data/app/~~6rNG6Gqp7mzNcJBIT4dyXg==/com.google.android.gm-hrI5E2s2SxORYy1-p927NQ==/split_config.en.apk!/lib/arm64-v8a'
04-19 14:22:45.431 D/vulkan  (26634): searching for layers in '/data/app/~~6rNG6Gqp7mzNcJBIT4dyXg==/com.google.android.gm-hrI5E2s2SxORYy1-p927NQ==/split_config.xxhdpi.apk!/lib/arm64-v8a'
04-19 14:22:45.431 D/HWUI    ( 3944): HWUI - treat SMPTE_170M as sRGB
04-19 14:22:45.431 I/SV[60058537 gm]( 3944): onWindowVisibilityChanged(0) true android.view.SurfaceView{3946ba9 V.E...... ......I. 0,0-0,0} of VRI[gm]@15ba156
04-19 14:22:45.431 D/SurfaceView( 3944): 60058537 updateSurface: has no frame
04-19 14:22:45.432 I/WindowManager( 2748): Relayout Window{6bc4482 u0 Splash Screen com.google.android.gm}: viewVisibility=0 req=1080x2340 ty=3 d0
04-19 14:22:45.432 D/HintManagerService( 2748): SystemUI make new AppHintSession but force pause
04-19 14:22:45.432 I/SurfaceFlinger( 1741): id=25387 createSurf, flag=44004, Splash Screen com.google.android.gm$_3944#25387
04-19 14:22:45.432 D/WindowManager( 2748): makeSurface duration=0 name=Splash Screen com.google.android.gm$_3944
04-19 14:22:45.432 D/SurfaceComposerClient( 2748): setCornerRadius ## 6bc4482 Splash Screen com.google.android.gm#25383 cornerRadius=0.000000
04-19 14:22:45.432 I/HYPER-HAL( 1631): [RequestManager.cpp]acquire(): Acquired ID : 66751600  [1634 / 9919]    HINT :      list : [TID_LOW_LATENCY / 0] [TID / 4334] [TID / 4335] [TID / 4247] [TID / 4337] 
04-19 14:22:45.432 D/SurfaceComposerClient( 2748): setCornerRadius ## 6bc4482 Splash Screen com.google.android.gm#25383 cornerRadius=0.000000
04-19 14:22:45.432 D/BLASTSyncEngine( 2748): SyncGroup 2406:  Unfinished container: Task{a00fa1e #40869 type=standard A=10278:com.google.android.gm} mSyncState=2
04-19 14:22:45.432 D/WifiDisplayAdapter( 2748): isFitToActiveDisplayLocked : false
04-19 14:22:45.432 I/HoneySpace.Memory-Monitor( 4661): current state = 2, didTrim = false
04-19 14:22:45.433 I/WindowManager( 2748): Relayout hash=6bc4482, pid=3944, syncId=-1: mAttrs={(0,0)(fillxfill) sim={adjust=pan} layoutInDisplayCutoutMode=always ty=APPLICATION_STARTING fmt=TRANSLUCENT wanim=0x7f16041f
04-19 14:22:45.433 I/WindowManager( 2748):   fl=81030118
04-19 14:22:45.433 I/WindowManager( 2748):   pfl=10000810
04-19 14:22:45.433 I/WindowManager( 2748):   bhv=1
04-19 14:22:45.433 I/WindowManager( 2748):   fitSides=0
04-19 14:22:45.433 I/WindowManager( 2748):   frameRateBoostOnTouch=true
04-19 14:22:45.433 I/WindowManager( 2748):   dvrrWindowFrameRateHint=true naviIconColor=0}
04-19 14:22:45.433 I/SurfaceFlinger( 1741): [LayerHierarchy{RequestedLayerState{ImeContainer#15 parentId=133 relativeParentId=133 z=1} 1 children}] RelativeParent to null
04-19 14:22:45.433 I/SurfaceFlinger( 1741): [SurfaceControlViewHost#25384] attach to parent Root
04-19 14:22:45.433 I/SurfaceFlinger( 1741): [Leash#25385] attach to parent LayerHierarchy{RequestedLayerState{SurfaceControlViewHost#25384} 1 children}
04-19 14:22:45.433 I/SurfaceFlinger( 1741): [#25386] attach to parent LayerHierarchy{RequestedLayerState{Leash#25385 parentId=25384} 1 children}
04-19 14:22:45.433 I/SurfaceFlinger( 1741): [Splash Screen com.google.android.gm$_3944#25387] attach to parent LayerHierarchy{RequestedLayerState{6bc4482 Splash Screen com.google.android.gm#25383 parentId=25382} 1 children}
04-19 14:22:45.434 I/InsetsController( 3944): onStateChanged: host=Splash Screen com.google.android.gm, from=android.view.ViewRootImpl.onInsetsStateChanged:3026, state=InsetsState: {mDisplayFrame=Rect(0, 0 - 1080, 2340), mDisplayCutout=DisplayCutout{insets=Rect(0, 91 - 0, 0) waterfall=Insets{left=0, top=0, right=0, bottom=0} boundingRect={Bounds=[Rect(0, 0 - 0, 0), Rect(511, 0 - 569, 91), Rect(0, 0 - 0, 0), Rect(0, 0 - 0, 0)]} cutoutPathParserInfo={CutoutPathParserInfo{displayWidth=1080 displayHeight=2340 physicalDisplayWidth=1080 physicalDisplayHeight=2340 density={3.0} cutoutSpec={M 0,0 H -9.666666666666667 V 30.33333333333333 H 9.666666666666667 V 0 H 0 Z @dp} rotation={0} scale={1.0} physicalPixelDisplaySizeRatio={1.0}}} sideOverrides={}}, mRoundedCorners=RoundedCorners{[RoundedCorner{position=TopLeft, radius=108, center=Point(108, 108)}, RoundedCorner{position=TopRight, radius=108, center=Point(972, 108)}, RoundedCorner{position=BottomRight, radius=108, center=Point(972, 2232)}, RoundedCorner{position=BottomLeft, radius=108, center=Point(108, 2232)}]}  mRoundedCornerFrame=Rect(0, 0 - 1080, 2340), mPrivacyIndicatorBounds=PrivacyIndicatorBounds {static bounds=Rect(948, 0 - 1080, 91) rotation=0}, mDisplayShape=DisplayShape{ spec=1406003047 displayWidth=1080 displayHeight=2340 physicalPixelDisplaySizeRatio=1.0 rotation=0 offsetX=0 offsetY=0 scale=1.0}, mSources= { InsetsSource: {3 mType=ime mFrame=[0,0][0,0] mVisible=false mFlags= mSideHint=NONE mBoundingRects=null}, InsetsSource: {27 mType=displayCutout mFrame=[0,0][1080,91] mVisible=true mFlags= mSideHint=TOP mBoundingRects=null}, InsetsSource: {ec30001 mType=navigationBars mFrame=[0,2295][1080,2340] mVisible=true mFlags=SUPPRESS_SCRIM mSideHint=BOTTOM mBoundingRects=null}, InsetsSource: {ec30004 mType=systemGestures mFrame=[0,0][90,2340] mVisible=true mFlags= mSideHint=LEFT mBoundingRects=null}, InsetsSource: {ec30005 mType=mandatorySystemGestures mFrame=[0,2244][1080,2340] mVisible=true mFlags= mSideHint=BOTTOM mBoundingRects=null}, InsetsSource: {ec30006 mType=tappableElement mFrame=[0,0][0,0] mVisible=true mFlags= mSideHint=NONE mBoundingRects=null}, InsetsSource: {ec30024 mType=systemGestures mFrame=[990,0][1080,2340] mVisible=true mFlags= mSideHint=RIGHT mBoundingRects=null}, InsetsSource: {43d50000 mType=statusBars mFrame=[0,0][1080,91] mVisible=true mFlags= mSideHint=TOP mBoundingRects=null}, InsetsSource: {43d50005 mType=mandatorySystemGestures mFrame=[0,0][1080,127] mVisible=true mFlags= mSideHint=TOP mBoundingRects=null}, InsetsSource: {43d50006 mType=tappableElement mFrame=[0,0][1080,91] mVisible=true mFlags= mSideHint=TOP mBoundingRects=null} }
04-19 14:22:45.434 I/VRI[gm]@15ba156( 3944): onActiveControlsChanged, removed=false, mAdded=true, caller=android.view.ViewRootImpl.handleInsetsControlChanged:3002 android.view.ViewRootImpl.relayoutWindow:11629 android.view.ViewRootImpl.performTraversals:4804 android.view.ViewRootImpl.doTraversal:3924 android.view.ViewRootImpl$TraversalRunnable.run:12903 
04-19 14:22:45.434 I/BufferQueueProducer( 3944): [](id:f680000064e,api:0,p:-2083417808,c:3944) setDequeueTimeout:2077252342
04-19 14:22:45.435 I/BLASTBufferQueue_Java( 3944): new BLASTBufferQueue, mName= VRI[gm]@15ba156 mNativeObject= 0xb4000075f3ebcc90 caller= android.view.ViewRootImpl.updateBlastSurfaceIfNeeded:3585 android.view.ViewRootImpl.relayoutWindow:11685 android.view.ViewRootImpl.performTraversals:4804 android.view.ViewRootImpl.doTraversal:3924 android.view.ViewRootImpl$TraversalRunnable.run:12903 android.view.Choreographer$CallbackRecord.run:1901 android.view.Choreographer$CallbackRecord.run:1910 android.view.Choreographer.doCallbacks:1367 android.view.Choreographer.doFrame:1292 android.view.Choreographer$FrameDisplayEventReceiver.run:1870 
04-19 14:22:45.435 I/BLASTBufferQueue_Java( 3944): update, w= 1080 h= 2340 mName = VRI[gm]@15ba156 mNativeObject= 0xb4000075f3ebcc90 sc.mNativeObject= 0xb4000076c3dadf50 format= -3 caller= android.view.ViewRootImpl.updateBlastSurfaceIfNeeded:3590 android.view.ViewRootImpl.relayoutWindow:11685 android.view.ViewRootImpl.performTraversals:4804 android.view.ViewRootImpl.doTraversal:3924 android.view.ViewRootImpl$TraversalRunnable.run:12903 android.view.Choreographer$CallbackRecord.run:1901 
04-19 14:22:45.435 I/VRI[gm]@15ba156( 3944): Relayout returned: old=(0,0,1080,2340) new=(0,0,1080,2340) relayoutAsync=false req=(1080,2340)0 dur=3 res=0x3 s={true 0xb400007663d51ef0} ch=true seqId=0
04-19 14:22:45.435 V/OsAgent ( 6455): broadcastSystemEvent - 7
04-19 14:22:45.435 D/SGM:GameManager( 2748): identifyGamePackage. com.google.android.gm, mCurrentUserId: 0, callingMethodInfo: com.samsung.android.game.IGameManagerService$Stub.onTransact(IGameManagerService.java:247)
04-19 14:22:45.436 D/SurfaceFlinger( 1741): [input] setFocusedWindow: <null>
04-19 14:22:45.436 D/InputDispatcher( 2748): Once focus requested (0): <null>
04-19 14:22:45.436 D/InputDispatcher( 2748): Focus request (0): <null> but waiting because NO_WINDOW
04-19 14:22:45.436 D/InputDispatcher( 2748): Focus left window (0): 4906084 com.sec.android.app.launcher/com.sec.android.app.launcher.activities.LauncherActivity
04-19 14:22:45.436 I/VRI[gm]@15ba156( 3944): performConfigurationChange setNightDimText nightDimLevel=0
04-19 14:22:45.436 I/ImeFocusController( 4661): onPreWindowFocus: skipped hasWindowFocus=false mHasImeFocus=true
04-19 14:22:45.436 I/ImeFocusController( 4661): onPostWindowFocus: skipped hasWindowFocus=false mHasImeFocus=true
04-19 14:22:45.437 D/VRI[gm]@15ba156( 3944): mThreadedRenderer.initialize() mSurface={isValid=true 0xb400007663d51ef0} hwInitialized=true
04-19 14:22:45.437 D/SurfaceView( 3944): 60058537 updateSurface: has no frame
04-19 14:22:45.437 I/SV[60058537 gm]( 3944): windowStopped(false) true android.view.SurfaceView{3946ba9 V.E...... ......ID 252,882-828,1458} of VRI[gm]@15ba156
04-19 14:22:45.437 D/SurfaceView( 3944): 60058537 updateSurface: has no frame
04-19 14:22:45.437 D/VRI[gm]@15ba156( 3944): reportNextDraw android.view.ViewRootImpl.performTraversals:5443 android.view.ViewRootImpl.doTraversal:3924 android.view.ViewRootImpl$TraversalRunnable.run:12903 android.view.Choreographer$CallbackRecord.run:1901 android.view.Choreographer$CallbackRecord.run:1910 
04-19 14:22:45.437 I/SurfaceView( 3944): 60058537 Changes: creating=true format=true size=true visible=true alpha=false hint=false left=true top=true z=true attached=true lifecycleStrategy=false
04-19 14:22:45.437 I/SurfaceFlinger( 1741): id=25388 createSurf, flag=20004, Bounds for - Splash Screen com.google.android.gm@0#25388
04-19 14:22:45.437 I/SurfaceFlinger( 1741): id=25389 createSurf, flag=84004, 3946ba9 SurfaceView[Splash Screen com.google.android.gm]@0#25389
04-19 14:22:45.437 I/SurfaceFlinger( 1741): id=25390 createSurf, flag=44000, 3946ba9 SurfaceView[Splash Screen com.google.android.gm]@0(BLAST)#25390
04-19 14:22:45.438 I/SurfaceFlinger( 1741): id=25391 createSurf, flag=20404, Background for 3946ba9 SurfaceView[Splash Screen com.google.android.gm]@0#25391
04-19 14:22:45.438 I/BufferQueueProducer( 3944): [](id:f680000064f,api:0,p:0,c:3944) setDequeueTimeout:2077252342
04-19 14:22:45.438 I/BLASTBufferQueue_Java( 3944): new BLASTBufferQueue, mName= 3946ba9 SurfaceView[Splash Screen com.google.android.gm]@0 mNativeObject= 0xb4000075f3edeeb0 caller= android.view.SurfaceView.createBlastSurfaceControls:1781 android.view.SurfaceView.updateSurface:1450 android.view.SurfaceView.lambda$new$0:280 android.view.SurfaceView.$r8$lambda$NfZyM_TG8F8lqzaOVZ7noREFjzU:0 android.view.SurfaceView$$ExternalSyntheticLambda1.onPreDraw:0 android.view.ViewTreeObserver.dispatchOnPreDraw:1229 android.view.ViewRootImpl.performTraversals:5448 android.view.ViewRootImpl.doTraversal:3924 android.view.ViewRootImpl$TraversalRunnable.run:12903 android.view.Choreographer$CallbackRecord.run:1901 
04-19 14:22:45.438 I/BLASTBufferQueue_Java( 3944): update, w= 576 h= 576 mName = 3946ba9 SurfaceView[Splash Screen com.google.android.gm]@0 mNativeObject= 0xb4000075f3edeeb0 sc.mNativeObject= 0xb4000076c3d43690 format= -3 caller= android.view.SurfaceView.createBlastSurfaceControls:1782 android.view.SurfaceView.updateSurface:1450 android.view.SurfaceView.lambda$new$0:280 android.view.SurfaceView.$r8$lambda$NfZyM_TG8F8lqzaOVZ7noREFjzU:0 android.view.SurfaceView$$ExternalSyntheticLambda1.onPreDraw:0 android.view.ViewTreeObserver.dispatchOnPreDraw:1229 
04-19 14:22:45.438 I/SurfaceView( 3944): 60058537 Cur surface: Surface(name=null mNativeObject=0)/@0xdbdd860
04-19 14:22:45.438 D/SurfaceComposerClient( 3944): setCornerRadius ## 3946ba9 SurfaceView[Splash Screen com.google.android.gm]@0#25389 cornerRadius=0.000000
04-19 14:22:45.438 I/SV[60058537 gm]( 3944): pST: sr = Rect(252, 882 - 828, 1458) sw = 576 sh = 576
04-19 14:22:45.438 D/SurfaceView( 3944): 60058537 performSurfaceTransaction RenderWorker position = [252, 882, 828, 1458] surfaceSize = 576x576
04-19 14:22:45.438 I/SV[60058537 gm]( 3944): updateSurface: mVisible = true mSurface.isValid() = true
04-19 14:22:45.438 I/SV[60058537 gm]( 3944): updateSurface: mSurfaceCreated = false surfaceChanged = true visibleChanged = true
04-19 14:22:45.438 I/SurfaceView( 3944): 60058537 visibleChanged -- surfaceCreated
04-19 14:22:45.438 I/SV[60058537 gm]( 3944): surfaceCreated 0 #8 android.view.SurfaceView{3946ba9 V.E...... ......ID 252,882-828,1458}
04-19 14:22:45.438 I/SurfaceView( 3944): 60058537 surfaceChanged -- format=-3 w=576 h=576
04-19 14:22:45.438 I/SV[60058537 gm]( 3944): surfaceChanged (576,576) 0 #8 android.view.SurfaceView{3946ba9 V.E...... ......ID 252,882-828,1458}
04-19 14:22:45.438 I/SurfaceView( 3944): 60058537 surfaceRedrawNeeded
04-19 14:22:45.438 I/SurfaceView( 3944): 60058537 finishedDrawing
04-19 14:22:45.438 V/SurfaceView( 3944): Layout: x=252 y=882 w=576 h=576, frame=Rect(0, 0 - 576, 576)
04-19 14:22:45.438 D/VRI[gm]@15ba156( 3944): Setup new sync=wmsSync-VRI[gm]@15ba156#49
04-19 14:22:45.438 I/VRI[gm]@15ba156( 3944): Creating new active sync group VRI[gm]@15ba156#50
04-19 14:22:45.439 D/VRI[gm]@15ba156( 3944): registerCallbacksForSync syncBuffer=false
04-19 14:22:45.439 D/SurfaceView( 3944): 60058537 updateSurfacePosition RenderWorker, frameNr = 1, position = [252, 882, 828, 1458] surfaceSize = 576x576
04-19 14:22:45.439 I/SV[60058537 gm]( 3944): uSP: rtp = Rect(252, 882 - 828, 1458) rtsw = 576 rtsh = 576
04-19 14:22:45.439 I/SV[60058537 gm]( 3944): onSSPAndSRT: pl = 252 pt = 882 sx = 1.0 sy = 1.0
04-19 14:22:45.439 I/SV[60058537 gm]( 3944): aOrMT: VRI[gm]@15ba156 t = android.view.SurfaceControl$Transaction@d2225d5 fN = 1 android.view.SurfaceView.-$$Nest$mapplyOrMergeTransaction:0 android.view.SurfaceView$SurfaceViewPositionUpdateListener.positionChanged:1932 android.graphics.RenderNode$CompositePositionUpdateListener.positionChanged:401 
04-19 14:22:45.439 I/VRI[gm]@15ba156( 3944): mWNT: t=0xb400007623d85a90 mBlastBufferQueue=0xb4000075f3ebcc90 fn= 1 HdrRenderState mRenderHdrSdrRatio=1.0 caller= android.view.SurfaceView.applyOrMergeTransaction:1863 android.view.SurfaceView.-$$Nest$mapplyOrMergeTransaction:0 android.view.SurfaceView$SurfaceViewPositionUpdateListener.positionChanged:1932 
04-19 14:22:45.439 D/VRI[gm]@15ba156( 3944): Received frameDrawingCallback syncResult=0 frameNum=1.
04-19 14:22:45.439 I/VRI[gm]@15ba156( 3944): mWNT: t=0xb400007623dccdd0 mBlastBufferQueue=0xb4000075f3ebcc90 fn= 1 HdrRenderState mRenderHdrSdrRatio=1.0 caller= android.view.ViewRootImpl$12.onFrameDraw:15441 android.view.ThreadedRenderer$1.onFrameDraw:718 <bottom of call stack> 
04-19 14:22:45.439 I/VRI[gm]@15ba156( 3944): Setting up sync and frameCommitCallback
04-19 14:22:45.440 W/qdgralloc( 3944): getInterlacedFlag: getMetaData returned 3, defaulting to interlaced_flag = 0
04-19 14:22:45.441 I/BLASTBufferQueue( 3944): [VRI[gm]@15ba156#1614](f:0,a:0,s:0) onFrameAvailable the first frame is available
04-19 14:22:45.441 I/SurfaceComposerClient( 3944): apply transaction with the first frame. layerId: 25387, bufferData(ID: 16939351073264, frameNumber: 1)
04-19 14:22:45.441 I/VRI[gm]@15ba156( 3944): Received frameCommittedCallback lastAttemptedDrawFrameNum=1 didProduceBuffer=true
04-19 14:22:45.441 I/SurfaceFlinger( 1741): [Splash Screen com.google.android.gm$_3944#25387] setTransactionState with the first frame. bufferData(ID: 16939351073264, frameNumber: 1)
04-19 14:22:45.442 D/HWUI    ( 3944): CFMS:: SetUp Pid : 3944    Tid : 4337
04-19 14:22:45.442 D/VRI[gm]@15ba156( 3944): reportDrawFinished seqId=0
04-19 14:22:45.442 D/WindowManager( 2748): finishDrawingWindow: Window{6bc4482 u0 Splash Screen com.google.android.gm} mDrawState=DRAW_PENDING seqId=0
04-19 14:22:45.442 V/WindowManager( 2748): Finishing drawing window Window{6bc4482 u0 Splash Screen com.google.android.gm}: mDrawState=DRAW_PENDING
04-19 14:22:45.442 V/WindowManager( 2748): Draw state now committed in Window{6bc4482 u0 Splash Screen com.google.android.gm}
04-19 14:22:45.442 D/SurfaceComposerClient( 2748): setCornerRadius ## 6bc4482 Splash Screen com.google.android.gm#25383 cornerRadius=0.000000
04-19 14:22:45.443 D/SurfaceComposerClient( 2748): setCornerRadius ## 6bc4482 Splash Screen com.google.android.gm#25383 cornerRadius=0.000000
04-19 14:22:45.443 V/WindowManager( 2748): SyncGroup 2406: Finished!
04-19 14:22:45.443 I/BufferQueueProducer( 3944): [](id:f6800000650,api:0,p:0,c:3944) setDequeueTimeout:2077252342
04-19 14:22:45.443 V/WindowManager( 2748): performShowLocked: mDrawState=HAS_DRAWN in Window{6bc4482 u0 Splash Screen com.google.android.gm}
04-19 14:22:45.443 D/ChangeTransitionController( 2748): onTransactionReady: TransitionRecord{54112a0 id=2406 type=OPEN flags=0x0 c=[
04-19 14:22:45.443 D/ChangeTransitionController( 2748):    ChangeInfo{fbb0624 container=WallpaperWindowToken{4b90c54 showWhenLocked=true}_<lock> flags=0x0}
04-19 14:22:45.443 D/ChangeTransitionController( 2748):    ChangeInfo{258c58d container=ActivityRecord{101403755 u0 com.sec.android.app.launcher/.activities.LauncherActivity t8} flags=0x0}
04-19 14:22:45.443 D/ChangeTransitionController( 2748):    ChangeInfo{3ffff91 container=ActivityRecord{136437337 u0 com.google.android.gm/.ConversationListActivityGmail t40869} flags=0x0}
04-19 14:22:45.443 D/ChangeTransitionController( 2748):    ChangeInfo{40b4342 container=Task{8aed1d8 #1 type=home} flags=0x0}
04-19 14:22:45.443 D/ChangeTransitionController( 2748):    ChangeInfo{e55ef53 container=Task{9da53c8 #8 type=home I=com.sec.android.app.launcher/.activities.LauncherActivity} flags=0x0}
04-19 14:22:45.443 D/ChangeTransitionController( 2748):    ChangeInfo{f042ef6 container=Task{a00fa1e #40869 type=standard A=10278:com.google.android.gm} flags=0x0}
04-19 14:22:45.443 D/ChangeTransitionController( 2748):    ChangeInfo{35b22f7 container=DefaultTaskDisplayArea_d0@170809279 flags=0x0}
04-19 14:22:45.443 D/ChangeTransitionController( 2748):    ChangeInfo{6b46090 container=RemoteWallpaperAnim:1:1@199017844 flags=0x0}
04-19 14:22:45.443 D/ChangeTransitionController( 2748):    ChangeInfo{f992d89 container=WallpaperWindowToken{d11f2f0 showWhenLocked=false}_<system> flags=0x0}
04-19 14:22:45.443 D/ChangeTransitionController( 2748):    ChangeInfo{47f5564 container=Display{#0 state=ON size=1080x2340 ROTATION_0} flags=0x0}
04-19 14:22:45.443 D/ChangeTransitionController( 2748): ]
04-19 14:22:45.443 D/ChangeTransitionController( 2748): }
04-19 14:22:45.443 V/WindowManager( 2748): Start calculating TransitionInfo based on participants: {WallpaperWindowToken{4b90c54 showWhenLocked=true}_<lock>, ActivityRecord{101403755 u0 com.sec.android.app.launcher/.activities.LauncherActivity t8}, ActivityRecord{136437337 u0 com.google.android.gm/.ConversationListActivityGmail t40869}, Task{a00fa1e #40869 type=standard A=10278:com.google.android.gm}, WallpaperWindowToken{d11f2f0 showWhenLocked=false}_<system>}
04-19 14:22:45.443 I/BLASTBufferQueue_Java( 3944): new BLASTBufferQueue, mName= VRI[]@771e8cf mNativeObject= 0xb4000075f3e7b880 caller= android.view.ViewRootImpl.updateBlastSurfaceIfNeeded:3585 android.view.ViewRootImpl.relayoutWindow:11685 android.view.ViewRootImpl.performTraversals:4804 android.view.ViewRootImpl.doTraversal:3924 android.view.ViewRootImpl$TraversalRunnable.run:12903 android.view.Choreographer$CallbackRecord.run:1901 android.view.Choreographer$CallbackRecord.run:1910 android.view.Choreographer.doCallbacks:1367 android.view.Choreographer.doFrame:1292 android.view.Choreographer$FrameDisplayEventReceiver.run:1870 
04-19 14:22:45.443 V/WindowManager( 2748):   Final targets: [ChangeInfo{f042ef6 container=Task{a00fa1e #40869 type=standard A=10278:com.google.android.gm} flags=0x10}, ChangeInfo{40b4342 container=Task{8aed1d8 #1 type=home} flags=0x10}, ChangeInfo{f992d89 container=WallpaperWindowToken{d11f2f0 showWhenLocked=false}_<system> flags=0x0}]
04-19 14:22:45.443 I/BLASTBufferQueue_Java( 3944): update, w= 576 h= 576 mName = VRI[]@771e8cf mNativeObject= 0xb4000075f3e7b880 sc.mNativeObject= 0xb4000076c3d3b050 format= -2 caller= android.view.ViewRootImpl.updateBlastSurfaceIfNeeded:3590 android.view.ViewRootImpl.relayoutWindow:11685 android.view.ViewRootImpl.performTraversals:4804 android.view.ViewRootImpl.doTraversal:3924 android.view.ViewRootImpl$TraversalRunnable.run:12903 android.view.Choreographer$CallbackRecord.run:1901 
04-19 14:22:45.443 I/SurfaceFlinger( 1741): id=25392 createSurf, flag=84004, Transition Root: Task=40869#25392
04-19 14:22:45.443 I/VRI[]@771e8cf( 3944): Relayout returned: old=(0,0,576,576) new=(0,0,576,576) relayoutAsync=false req=(576,576)0 dur=1 res=0x0 s={true 0xb400007663d32260} ch=true seqId=0
04-19 14:22:45.443 I/VRI[]@771e8cf( 3944): performConfigurationChange setNightDimText nightDimLevel=0
04-19 14:22:45.444 D/VRI[]@771e8cf( 3944): mThreadedRenderer.initialize() mSurface={isValid=true 0xb400007663d32260} hwInitialized=true
04-19 14:22:45.444 I/SurfaceControlRegistry( 2748): show, t=StartTransaction_SyncId<2406> sc=ActivityRecord{136437337 u0 com.google.android.gm/.ConversationListActivityGmail t40869}, caller=android.view.SurfaceControl$Transaction.show:3557 com.android.server.wm.Transition.onTransactionReady:2048 com.android.server.wm.BLASTSyncEngine$SyncGroup.finishNow:240 com.android.server.wm.BLASTSyncEngine.onSurfacePlacement:263 com.android.server.wm.RootWindowContainer.performSurfacePlacementNoTrace:1083 com.android.server.wm.WindowSurfacePlacer.performSurfacePlacement:166 
04-19 14:22:45.444 I/VRI[]@771e8cf( 3944): registerCallbackForPendingTransactions
04-19 14:22:45.444 D/SurfaceComposerClient( 2748): setCornerRadius ## WallpaperWindowToken{d11f2f0 showWhenLocked=false}#78 cornerRadius=0.000000
04-19 14:22:45.444 D/SurfaceComposerClient( 2748): setCornerRadius ## Task=1#53 cornerRadius=0.000000
04-19 14:22:45.444 D/SurfaceComposerClient( 2748): setCornerRadius ## Task=40869#25381 cornerRadius=0.000000
04-19 14:22:45.444 V/WindowManager( 2748): Calling onTransitionReady: {id=2406 t=OPEN f=0x0 trk=0 r=[0@Point(0, 0)] c=[
04-19 14:22:45.444 V/WindowManager( 2748):         {WCT{RemoteToken{7a6f5bc Task{a00fa1e #40869 type=standard A=10278:com.google.android.gm}}} m=OPEN f=NONE leash=Surface(name=Task=40869)/@0x10e518e sb=Rect(0, 0 - 1080, 2340) eb=Rect(0, 0 - 1080, 2340) epz=Point(1080, 2340) d=0 taskParent=-1 inset=Rect(0, 91 - 0, 45) dim=true},
04-19 14:22:45.444 V/WindowManager( 2748):         {WCT{RemoteToken{12d3489 Task{8aed1d8 #1 type=home}}} m=TO_BACK f=SHOW_WALLPAPER|EDGE_EXTENSION_RESTRICTION leash=Surface(name=Task=1)/@0x459e59 sb=Rect(0, 0 - 1080, 2340) eb=Rect(0, 0 - 1080, 2340) epz=Point(1080, 2340) d=0 taskParent=-1 inset=Rect(0, 91 - 0, 45)},
04-19 14:22:45.444 V/WindowManager( 2748):         {m=TO_BACK f=IS_WALLPAPER p=WCT{RemoteToken{c7ad685 RemoteWallpaperAnim:1:1@199017844}} leash=Surface(name=WallpaperWindowToken{d11f2f0 showWhenLocked=false})/@0xe2de53 sb=Rect(0, 0 - 1080, 2340) eb=Rect(0, 0 - 1080, 2340) epz=Point(1080, 2340) d=0 inset=Rect(0, 0 - 0, 0)}
04-19 14:22:45.444 V/WindowManager( 2748):     ]}
04-19 14:22:45.445 V/WindowManagerShell( 3944): onTransitionReady(transaction=11802570233532)
04-19 14:22:45.445 V/WindowManagerShell( 3944): onTransitionReady (#2406) android.os.BinderProxy@6595401: {id=2406 t=OPEN f=0x0 trk=0 r=[0@Point(0, 0)] c=[
04-19 14:22:45.445 V/WindowManagerShell( 3944):         {m=OPEN f=NONE leash=Surface(name=Task=40869)/@0x38c036d sb=Rect(0, 0 - 1080, 2340) eb=Rect(0, 0 - 1080, 2340) epz=Point(1080, 2340) d=0 taskParent=-1 inset=Rect(0, 91 - 0, 45) dim=true},
04-19 14:22:45.445 V/WindowManagerShell( 3944):         {m=TO_BACK f=SHOW_WALLPAPER|EDGE_EXTENSION_RESTRICTION leash=Surface(name=Task=1)/@0xef6dba2 sb=Rect(0, 0 - 1080, 2340) eb=Rect(0, 0 - 1080, 2340) epz=Point(1080, 2340) d=0 taskParent=-1 inset=Rect(0, 91 - 0, 45)},
04-19 14:22:45.445 V/WindowManagerShell( 3944):         {m=TO_BACK f=IS_WALLPAPER p=WCT{android.window.IWindowContainerToken$Stub$Proxy@2f26969} leash=Surface(name=WallpaperWindowToken{d11f2f0 showWhenLocked=false})/@0x7531033 sb=Rect(0, 0 - 1080, 2340) eb=Rect(0, 0 - 1080, 2340) epz=Point(1080, 2340) d=0 inset=Rect(0, 0 - 0, 0)}
04-19 14:22:45.445 V/WindowManagerShell( 3944):     ]}
04-19 14:22:45.445 V/ShellDesktopMode( 3944): DesktopModeLogger: taskInfo map after processing changes 0
04-19 14:22:45.445 D/ShellDesktopMode( 3944): DesktopTaskChangeListener: onTaskOpening for taskId=40869, displayId=0
04-19 14:22:45.445 I/SurfaceControlRegistry( 3944): hide, t=FinishTransaction_SyncId<2406> sc=Task=1, caller=android.view.SurfaceControl$Transaction.hide:3583 com.android.wm.shell.transition.Transitions.dispatchReady:1263 com.android.wm.shell.transition.Transitions.onTransitionReady:251 com.android.wm.shell.transition.Transitions$TransitionPlayerImpl$$ExternalSyntheticLambda0.run:13 android.os.Handler.handleCallback:995 android.os.Handler.dispatchMessage:103 
04-19 14:22:45.445 I/SurfaceControlRegistry( 3944): show, t=StartTransaction_SyncId<2406> sc=Task=40869, caller=android.view.SurfaceControl$Transaction.show:3557 com.android.wm.shell.transition.Transitions.dispatchReady:1279 com.android.wm.shell.transition.Transitions.onTransitionReady:251 com.android.wm.shell.transition.Transitions$TransitionPlayerImpl$$ExternalSyntheticLambda0.run:13 android.os.Handler.handleCallback:995 android.os.Handler.dispatchMessage:103 
04-19 14:22:45.445 I/SurfaceControlRegistry( 3944): show, t=FinishTransaction_SyncId<2406> sc=Task=40869, caller=android.view.SurfaceControl$Transaction.show:3557 com.android.wm.shell.transition.Transitions.dispatchReady:1330 com.android.wm.shell.transition.Transitions.onTransitionReady:251 com.android.wm.shell.transition.Transitions$TransitionPlayerImpl$$ExternalSyntheticLambda0.run:13 android.os.Handler.handleCallback:995 android.os.Handler.dispatchMessage:103 
04-19 14:22:45.445 V/WindowManagerShell( 3944): Playing animation for (#2406) android.os.BinderProxy@6595401@0
04-19 14:22:45.445 I/SurfaceControlRegistry( 3944): show, t=StartTransaction_SyncId<2406> sc=Transition Root: Task=40869, caller=android.view.SurfaceControl$Transaction.show:3557 com.android.wm.shell.transition.Transitions.playTransition:79 com.android.wm.shell.transition.Transitions.processReadyQueue:239 com.android.wm.shell.transition.Transitions.dispatchReady:1352 com.android.wm.shell.transition.Transitions.onTransitionReady:251 com.android.wm.shell.transition.Transitions$TransitionPlayerImpl$$ExternalSyntheticLambda0.run:13 
04-19 14:22:45.445 V/WindowManagerShell( 3944):  try firstHandler com.android.wm.shell.transition.DefaultMixedHandler@8a9e811
04-19 14:22:45.445 V/WindowManagerShell( 3944): Mixed transition for opening an intent with a remote transition and PIP or Desktop #2406
04-19 14:22:45.445 V/WindowManagerShell( 3944): tryAnimateOpenIntentWithRemoteAndPipOrDesktop
04-19 14:22:45.445 V/WindowManager( 2748): Sent Transition (#2406) createdAt=04-19 14:22:45.399 via request=TransitionRequestInfo { type = OPEN, triggerTask = TaskInfo{userId=0 taskId=40869 effectiveUid=10278 displayId=0 isRunning=true baseIntent=Intent { act=android.intent.action.MAIN cat=[android.intent.category.LAUNCHER] flg=0x10200000 cmp=com.google.android.gm/.ConversationListActivityGmail } baseActivity=ComponentInfo{com.google.android.gm/com.google.android.gm.ui.MailActivityGmail} topActivity=ComponentInfo{com.google.android.gm/com.google.android.gm.ui.MailActivityGmail} origActivity=ComponentInfo{com.google.android.gm/com.google.android.gm.ConversationListActivityGmail} realActivity=ComponentInfo{com.google.android.gm/com.google.android.gm.ui.MailActivityGmail} numActivities=1 lastActiveTime=113814109 supportsMultiWindow=true resizeMode=2 isResizeable=true minWidth=-1 minHeight=-1 maxWidth=-1 maxHeight=-1 defaultMinSize=220 desktopDefaultMinSize=304 token=WCT{RemoteToken{7a6f5bc Task{a00fa1e #40869 type=standard A=10278:com.google.android.gm}}} topActivityType=1 pictureInPictureParams=null shouldDockBigOverlays=false launchIntoPipHostTaskId=-1 lastParentTaskIdBeforePip=-1 displayCutoutSafeInsets=Rect(0, 91 - 0, 0) topActivityInfo=ActivityInfo{6cbb1a8 com.google.android.gm.ConversationListActivityGmail} launchCookies=[android.os.BinderProxy@4cc04c1] positionInParent=Point(0, 0) parentTaskId=-1 isFocused=false isVisible=false isVisibleRequested=false isTopActivityNoDisplay=false isSleeping=false locusId=null displayAreaFeatureId=1 isTopActivityTransparent=false isActivityStackTransparent=false lastNonFullscreenBounds=Rect(81, 608 - 999, 1778) capturedLink=null capturedLinkTimestamp=0 requestedVisibleTypes=-9 topActivityRequestOpenInBrowserEducationTimestamp=0 appCompatTaskInfo=AppCompatTaskInfo { topActivityInSizeCompat=false eligibleForLetterboxEducation= false isLetterboxEducationEnabled= false isLetterboxDoubleTapEnabled= false eligibleForUserAspectRatioButton= false topActivityBoundsLetterboxed= false isFromLetterboxDoubleTap= false topActivityLetterboxVerticalPosition= -1 topActivityLetterboxHorizontalPosition= -1 topActivityLetterboxWidth=-1 topActivityLetterboxHeight=-1 topActivityAppBounds=Rect(0, 0 - 1080, 2340) isUserFullscreenOverrideEnabled=false isSystemFullscreenOverrideEnabled=false hasMinAspectRatioOverride=false topActivityLetterboxBounds=null cameraCompatTaskInfo=CameraCompatTaskInfo { freeformCameraCompatMode=inactive} topActivityBounds=null topActivityInDisplayCompat=false singleTapFromLetterbox=false} topActivityMainWindowFrame=null originallySupportedMultiWindow=true hasWallpaper=false rootAffinity=10278:com.google.android.gm isTopTaskInStage=false CoverLauncherWidgetTask=false LaunchedFromAppsCoverLauncherTask=false LaunchedFromMultistarCoverLauncherTask=false isAllowedSeamlessRotation=false isTopTransparentActivity=false isAliasManaged=false hasConfigChanged=false snappingGuideBounds=null isAiKeyRemoveAppTask=false lastDesktopWindowingBounds=null lastExternalDesktopWindowingBounds=null safeCutoutInsets=null}, pipChange = null, remoteTransition = RemoteTransition { remoteTransition = android.window.IRemoteTransition$Stub$Proxy@2970466, appThread = android.app.IApplicationThread$Stub$Proxy@a8823a7, debugName = QuickstepLaunchflags =NONE }, displayChange = null, flags = 0, debugId = 2406 }
04-19 14:22:45.446 V/WindowManager( 2748):     startWCT=WindowContainerTransaction { changes= {} hops= [] errorCallbackToken=null taskFragmentOrganizer=null }
04-19 14:22:45.446 V/WindowManager( 2748):     info={id=2406 t=OPEN f=0x0 trk=0 r=[0@Point(0, 0)] c=[
