04-19 14:22:45.784 I/HBD     (10702): g isCoverDisplay : false, cached selected json info : SelectedLanguageInfo(languageVersion=4.2, currentLanguageOrder=0, selectedLanguageList=[SelectedLanguage(id=65537, isUsed=true, engName=English, inputType=qwerty, activeOptionList=[auto_replace, auto_spacing, writing_assistant, prediction], bilingualId=-1), SelectedLanguage(id=4718592, isUsed=true, engName=Hebrew, inputType=qwerty, activeOptionList=[auto_replace, auto_spacing, prediction], bilingualId=-1)]) 
04-19 14:22:45.784 I/HBD     (10702): g updateSelectedLanguageCache is succeeded. English 
04-19 14:22:45.784 I/HBD     (10702): h writeToFile path : /data/user/0/com.samsung.android.honeyboard/files/selected.json 
04-19 14:22:45.784 I/HBD     (10702): h writeToFile json : {"version":"4.2","currentLanguageOrder":0,"selected":[{"activeOptionList":["auto_replace","auto_spacing","writing_assistant","prediction"],"bilingualId":-1,"engName":"English","id":65537,"inputType":"qwerty","isUsed":true},{"activeOptionList":["auto_replace","auto_spacing","prediction"],"bilingualId":-1,"engName":"Hebrew","id":4718592,"inputType":"qwerty","isUsed":true}]} 
04-19 14:22:45.784 E/bero    (26634): Sync subscriptions not available
04-19 14:22:45.786 E/bero    (26634): Sync subscriptions not available
04-19 14:22:45.787 I/HBD     (10702): h writeToFile complete 
04-19 14:22:45.787 I/HBD     (10702): g isCoverDisplay : false, cached selected json info : SelectedLanguageInfo(languageVersion=4.2, currentLanguageOrder=0, selectedLanguageList=[SelectedLanguage(id=65537, isUsed=true, engName=English, inputType=qwerty, activeOptionList=[auto_replace, auto_spacing, writing_assistant, prediction], bilingualId=-1), SelectedLanguage(id=4718592, isUsed=true, engName=Hebrew, inputType=qwerty, activeOptionList=[auto_replace, auto_spacing, prediction], bilingualId=-1)]) 
04-19 14:22:45.787 I/HBD     (10702): o updateActionOptionFromPreference isCover = false 
04-19 14:22:45.787 I/HBD     (10702): o before lang.activeOptionList =  [auto_replace, auto_spacing, writing_assistant, prediction] 
04-19 14:22:45.788 I/HBD     (10702): o after lang.activeOptionList = [auto_replace, auto_spacing, writing_assistant, prediction] 
04-19 14:22:45.788 I/HBD     (10702): h Write selected lang for DE  
04-19 14:22:45.788 I/HBD     (10702): h writeToFile path : /data/user/0/com.samsung.android.honeyboard/files/selected.json 
04-19 14:22:45.788 I/HBD     (10702): h writeToFile json : {"version":"4.2","currentLanguageOrder":0,"selected":[{"activeOptionList":["auto_replace","auto_spacing","writing_assistant","prediction"],"bilingualId":-1,"engName":"English","id":65537,"inputType":"qwerty","isUsed":true},{"activeOptionList":["auto_replace","auto_spacing","prediction"],"bilingualId":-1,"engName":"Hebrew","id":4718592,"inputType":"qwerty","isUsed":true}]} 
04-19 14:22:45.788 I/HBD     (10702): h writeToFile complete 
04-19 14:22:45.789 I/HBD     (10702): m normal : updateLanguage : English 
04-19 14:22:45.789 I/HBD     (10702): g isCoverDisplay : false, cached selected json info : SelectedLanguageInfo(languageVersion=4.2, currentLanguageOrder=0, selectedLanguageList=[SelectedLanguage(id=65537, isUsed=true, engName=English, inputType=qwerty, activeOptionList=[auto_replace, auto_spacing, writing_assistant, prediction], bilingualId=-1), SelectedLanguage(id=4718592, isUsed=true, engName=Hebrew, inputType=qwerty, activeOptionList=[auto_replace, auto_spacing, prediction], bilingualId=-1)]) 
04-19 14:22:45.789 I/HBD     (10702): g isCoverDisplay : false, cached selected json info : SelectedLanguageInfo(languageVersion=4.2, currentLanguageOrder=0, selectedLanguageList=[SelectedLanguage(id=65537, isUsed=true, engName=English, inputType=qwerty, activeOptionList=[auto_replace, auto_spacing, writing_assistant, prediction], bilingualId=-1), SelectedLanguage(id=4718592, isUsed=true, engName=Hebrew, inputType=qwerty, activeOptionList=[auto_replace, auto_spacing, prediction], bilingualId=-1)]) 
04-19 14:22:45.789 I/HBD     (10702): o updateActionOptionFromPreference isCover = false 
04-19 14:22:45.789 I/HBD     (10702): o before lang.activeOptionList =  [auto_replace, auto_spacing, writing_assistant, prediction] 
04-19 14:22:45.789 D/TrafficStateDatabaseController( 2748): onDnsEvent():  objTrafficStats.size= 95, mInsertList= true
04-19 14:22:45.789 I/HBD     (10702): o after lang.activeOptionList = [auto_replace, auto_spacing, writing_assistant, prediction] 
04-19 14:22:45.790 I/HBD     (10702): h writeToFile path : /data/user/0/com.samsung.android.honeyboard/files/selected.json 
04-19 14:22:45.790 I/HBD     (10702): h writeToFile json : {"version":"4.2","currentLanguageOrder":0,"selected":[{"activeOptionList":["auto_replace","auto_spacing","writing_assistant","prediction"],"bilingualId":-1,"engName":"English","id":65537,"inputType":"qwerty","isUsed":true},{"activeOptionList":["auto_replace","auto_spacing","prediction"],"bilingualId":-1,"engName":"Hebrew","id":4718592,"inputType":"qwerty","isUsed":true}]} 
04-19 14:22:45.790 I/HBD     (10702): h writeToFile complete 
04-19 14:22:45.790 I/HBD     (10702): m normal : updateLanguage : English 
04-19 14:22:45.790 I/HBD     (10702): g isCoverDisplay : false, cached selected json info : SelectedLanguageInfo(languageVersion=4.2, currentLanguageOrder=0, selectedLanguageList=[SelectedLanguage(id=65537, isUsed=true, engName=English, inputType=qwerty, activeOptionList=[auto_replace, auto_spacing, writing_assistant, prediction], bilingualId=-1), SelectedLanguage(id=4718592, isUsed=true, engName=Hebrew, inputType=qwerty, activeOptionList=[auto_replace, auto_spacing, prediction], bilingualId=-1)]) 
04-19 14:22:45.790 I/HBD     (10702): g isCoverDisplay : false, cached selected json info : SelectedLanguageInfo(languageVersion=4.2, currentLanguageOrder=0, selectedLanguageList=[SelectedLanguage(id=65537, isUsed=true, engName=English, inputType=qwerty, activeOptionList=[auto_replace, auto_spacing, writing_assistant, prediction], bilingualId=-1), SelectedLanguage(id=4718592, isUsed=true, engName=Hebrew, inputType=qwerty, activeOptionList=[auto_replace, auto_spacing, prediction], bilingualId=-1)]) 
04-19 14:22:45.790 I/HBD     (10702): g updateSelectedLanguageCache is succeeded. English 
04-19 14:22:45.791 I/HBD     (10702): h writeToFile path : /data/user/0/com.samsung.android.honeyboard/files/selected.json 
04-19 14:22:45.791 I/HBD     (10702): h writeToFile json : {"version":"4.2","currentLanguageOrder":0,"selected":[{"activeOptionList":["auto_replace","auto_spacing","writing_assistant","prediction"],"bilingualId":-1,"engName":"English","id":65537,"inputType":"qwerty","isUsed":true},{"activeOptionList":["auto_replace","auto_spacing","prediction"],"bilingualId":-1,"engName":"Hebrew","id":4718592,"inputType":"qwerty","isUsed":true}]} 
04-19 14:22:45.791 D/NetdEventListenerService( 2748): DNS Requested by 114, 10278(com.google.android.gm), SUCCESS, 80ms
04-19 14:22:45.791 I/HBD     (10702): h writeToFile complete 
04-19 14:22:45.791 I/HBD     (10702): g isCoverDisplay : false, cached selected json info : SelectedLanguageInfo(languageVersion=4.2, currentLanguageOrder=0, selectedLanguageList=[SelectedLanguage(id=65537, isUsed=true, engName=English, inputType=qwerty, activeOptionList=[auto_replace, auto_spacing, writing_assistant, prediction], bilingualId=-1), SelectedLanguage(id=4718592, isUsed=true, engName=Hebrew, inputType=qwerty, activeOptionList=[auto_replace, auto_spacing, prediction], bilingualId=-1)]) 
04-19 14:22:45.791 I/HBD     (10702): g updateSelectedLanguageCache is succeeded. English 
04-19 14:22:45.792 I/HBD     (10702): h writeToFile path : /data/user/0/com.samsung.android.honeyboard/files/selected.json 
04-19 14:22:45.792 I/HBD     (10702): h writeToFile json : {"version":"4.2","currentLanguageOrder":0,"selected":[{"activeOptionList":["auto_replace","auto_spacing","writing_assistant","prediction"],"bilingualId":-1,"engName":"English","id":65537,"inputType":"qwerty","isUsed":true},{"activeOptionList":["auto_replace","auto_spacing","prediction"],"bilingualId":-1,"engName":"Hebrew","id":4718592,"inputType":"qwerty","isUsed":true}]} 
04-19 14:22:45.792 I/HBD     (10702): h Write selected lang for DE  
04-19 14:22:45.793 D/KNOX_MDM_SettingsProvider( 2748): isChangeAllowed() : name = enabled_input_methods
04-19 14:22:45.794 D/KNOX_MDM_SettingsProvider( 2748): edmUri: content://com.sec.knox.provider/RestrictionPolicy3
04-19 14:22:45.794 D/KNOX_MDM_SettingsProvider( 2748): projectionArgs: isSettingsChangesAllowed
04-19 14:22:45.794 D/KNOX_MDM_SettingsProvider( 2748): selectionArgs: false
04-19 14:22:45.794 D/KNOX_MDM_SettingsProvider( 2748): selectionArgs: 10210
04-19 14:22:45.794 D/SecContentProvider( 2748): query(), uri = 17 selection = isSettingsChangesAllowed
04-19 14:22:45.794 D/SecContentProvider( 2748): called from android.uid.honeyboard:10210
04-19 14:22:45.794 D/RestrictionPolicy( 2748): isSettingsChangesAllowedAsUser, userId 0 : true
04-19 14:22:45.794 D/KNOX_MDM_SettingsProvider( 2748): ret = 1
04-19 14:22:45.794 I/HBD     (10702): h writeToFile path : /data/user_de/0/com.samsung.android.honeyboard/files/selected.json 
04-19 14:22:45.794 D/KNOX_MDM_SettingsProvider( 2748): isChangeAllowed() : name = default_input_method
04-19 14:22:45.794 D/KNOX_MDM_SettingsProvider( 2748): edmUri: content://com.sec.knox.provider/RestrictionPolicy3
04-19 14:22:45.794 D/KNOX_MDM_SettingsProvider( 2748): projectionArgs: isSettingsChangesAllowed
04-19 14:22:45.794 D/KNOX_MDM_SettingsProvider( 2748): selectionArgs: false
04-19 14:22:45.794 D/KNOX_MDM_SettingsProvider( 2748): selectionArgs: 10210
04-19 14:22:45.794 I/HBD     (10702): h Write selected lang for DE  
04-19 14:22:45.794 D/SecContentProvider( 2748): query(), uri = 17 selection = isSettingsChangesAllowed
04-19 14:22:45.794 I/HBD     (10702): h writeToFile path : /data/user_de/0/com.samsung.android.honeyboard/files/selected.json 
04-19 14:22:45.794 I/HBD     (10702): h writeToFile json : {"version":"4.2","currentLanguageOrder":0,"selected":[{"activeOptionList":["auto_replace","auto_spacing","writing_assistant","prediction"],"bilingualId":-1,"engName":"English","id":65537,"inputType":"qwerty","isUsed":true},{"activeOptionList":["auto_replace","auto_spacing","prediction"],"bilingualId":-1,"engName":"Hebrew","id":4718592,"inputType":"qwerty","isUsed":true}]} 
04-19 14:22:45.794 D/SecContentProvider( 2748): called from android.uid.honeyboard:10210
04-19 14:22:45.794 D/RestrictionPolicy( 2748): isSettingsChangesAllowedAsUser, userId 0 : true
04-19 14:22:45.794 D/KNOX_MDM_SettingsProvider( 2748): ret = 1
04-19 14:22:45.794 I/HBD     (10702): h writeToFile json : {"version":"4.2","currentLanguageOrder":0,"selected":[{"activeOptionList":["auto_replace","auto_spacing","writing_assistant","prediction"],"bilingualId":-1,"engName":"English","id":65537,"inputType":"qwerty","isUsed":true},{"activeOptionList":["auto_replace","auto_spacing","prediction"],"bilingualId":-1,"engName":"Hebrew","id":4718592,"inputType":"qwerty","isUsed":true}]} 
04-19 14:22:45.795 I/HBD     (10702): h writeToFile complete 
04-19 14:22:45.795 I/HBD     (10702): p updated Sub Types. English 
04-19 14:22:45.795 I/HBD     (10702): a [UpdatePolicy] [post] a: 31 cl: 65537 kit: [0/0] vt: 0 ir: 1 
04-19 14:22:45.795 D/KNOX_MDM_SettingsProvider( 2748): isChangeAllowed() : name = enabled_input_methods
04-19 14:22:45.795 D/KNOX_MDM_SettingsProvider( 2748): edmUri: content://com.sec.knox.provider/RestrictionPolicy3
04-19 14:22:45.795 D/KNOX_MDM_SettingsProvider( 2748): projectionArgs: isSettingsChangesAllowed
04-19 14:22:45.795 D/KNOX_MDM_SettingsProvider( 2748): selectionArgs: false
04-19 14:22:45.795 D/KNOX_MDM_SettingsProvider( 2748): selectionArgs: 10210
04-19 14:22:45.795 D/SecContentProvider( 2748): query(), uri = 17 selection = isSettingsChangesAllowed
04-19 14:22:45.795 D/SecContentProvider( 2748): called from android.uid.honeyboard:10210
04-19 14:22:45.795 D/RestrictionPolicy( 2748): isSettingsChangesAllowedAsUser, userId 0 : true
04-19 14:22:45.795 I/HBD     (10702): h writeToFile path : /data/user_de/0/com.samsung.android.honeyboard/files/selected.json 
04-19 14:22:45.795 D/KNOX_MDM_SettingsProvider( 2748): ret = 1
04-19 14:22:45.795 I/HBD     (10702): h writeToFile json : {"version":"4.2","currentLanguageOrder":0,"selected":[{"activeOptionList":["auto_replace","auto_spacing","writing_assistant","prediction"],"bilingualId":-1,"engName":"English","id":65537,"inputType":"qwerty","isUsed":true},{"activeOptionList":["auto_replace","auto_spacing","prediction"],"bilingualId":-1,"engName":"Hebrew","id":4718592,"inputType":"qwerty","isUsed":true}]} 
04-19 14:22:45.795 D/KNOX_MDM_SettingsProvider( 2748): isChangeAllowed() : name = default_input_method
04-19 14:22:45.795 D/KNOX_MDM_SettingsProvider( 2748): edmUri: content://com.sec.knox.provider/RestrictionPolicy3
04-19 14:22:45.795 D/KNOX_MDM_SettingsProvider( 2748): projectionArgs: isSettingsChangesAllowed
04-19 14:22:45.795 D/KNOX_MDM_SettingsProvider( 2748): selectionArgs: false
04-19 14:22:45.795 D/KNOX_MDM_SettingsProvider( 2748): selectionArgs: 10210
04-19 14:22:45.795 D/SecContentProvider( 2748): query(), uri = 17 selection = isSettingsChangesAllowed
04-19 14:22:45.795 D/SecContentProvider( 2748): called from android.uid.honeyboard:10210
04-19 14:22:45.795 D/RestrictionPolicy( 2748): isSettingsChangesAllowedAsUser, userId 0 : true
04-19 14:22:45.795 I/HBD     (10702): HoneyBoardService [PF_OP][onStartInput]  98 ms 
04-19 14:22:45.795 D/KNOX_MDM_SettingsProvider( 2748): ret = 1
04-19 14:22:45.796 I/HBD     (10702): p updated Sub Types. English 
04-19 14:22:45.796 I/HBD     (10702): h Write selected lang for DE  
04-19 14:22:45.797 I/HBD     (10702): h writeToFile complete 
04-19 14:22:45.797 E/AtomicFile(10702): Failed to rename /data/user_de/0/com.samsung.android.honeyboard/files/selected.json.new to /data/user_de/0/com.samsung.android.honeyboard/files/selected.json
04-19 14:22:45.797 I/HBD     (10702): h writeToFile complete 
04-19 14:22:45.797 I/InputMethodManagerService( 2748): subtype state: oldSubtype = android.view.inputmethod.InputMethodSubtype@10001 newSubtype = android.view.inputmethod.InputMethodSubtype@10001 force = false, intent received : false
04-19 14:22:45.797 I/HBD     (10702): h writeToFile path : /data/user_de/0/com.samsung.android.honeyboard/files/selected.json 
04-19 14:22:45.797 I/HBD     (10702): h writeToFile json : {"version":"4.2","currentLanguageOrder":0,"selected":[{"activeOptionList":["auto_replace","auto_spacing","writing_assistant","prediction"],"bilingualId":-1,"engName":"English","id":65537,"inputType":"qwerty","isUsed":true},{"activeOptionList":["auto_replace","auto_spacing","prediction"],"bilingualId":-1,"engName":"Hebrew","id":4718592,"inputType":"qwerty","isUsed":true}]} 
04-19 14:22:45.797 I/HBD     (10702): a InputMethodSubtype is set as local:en_US 
04-19 14:22:45.798 I/HBD     (10702): h writeToFile complete 
04-19 14:22:45.798 I/HBD     (10702): h Write selected lang for DE  
04-19 14:22:45.798 I/HBD     (10702): h writeToFile path : /data/user_de/0/com.samsung.android.honeyboard/files/selected.json 
04-19 14:22:45.798 I/HBD     (10702): h writeToFile json : {"version":"4.2","currentLanguageOrder":0,"selected":[{"activeOptionList":["auto_replace","auto_spacing","writing_assistant","prediction"],"bilingualId":-1,"engName":"English","id":65537,"inputType":"qwerty","isUsed":true},{"activeOptionList":["auto_replace","auto_spacing","prediction"],"bilingualId":-1,"engName":"Hebrew","id":4718592,"inputType":"qwerty","isUsed":true}]} 
04-19 14:22:45.799 I/HBD     (10702): a InputMethodSubtype is set as local:en_US 
04-19 14:22:45.799 I/InputMethodManagerService( 2748): subtype state: oldSubtype = android.view.inputmethod.InputMethodSubtype@10001 newSubtype = android.view.inputmethod.InputMethodSubtype@10001 force = false, intent received : false
04-19 14:22:45.799 E/AnimationUtils(26634): RuntimeException for unknown animation name, resouce ID #0x7f010024
04-19 14:22:45.799 E/AnimationUtils(26634): loadAnimation: getConfiguration = {1.0 310mcc260mnc [en_US] ldltr sw360dp w360dp h780dp 480dpi nrml long hdr widecg port night finger -keyb/v/h -nav/h winConfig={ mBounds=Rect(0, 0 - 1080, 2340) mAppBounds=Rect(0, 0 - 1080, 2340) mMaxBounds=Rect(0, 0 - 1080, 2340) mDisplayRotation=ROTATION_0 mWindowingMode=fullscreen mActivityType=standard mAlwaysOnTop=undefined mRotation=ROTATION_0 mStageConfig=undefined mEmbedActivityMode=undefined mPopOver=off mOverlappingWithCutout=false} s.2 fontWeightAdjustment=0 ff=0 bf=-1 bts=0 cst=1.0 nightDim=0 themeSeq=0}
04-19 14:22:45.799 E/AnimationUtils(26634): loadAnimation: getDisplayMetrics = DisplayMetrics{density=3.0, width=1080, height=2340, scaledDensity=3.0, xdpi=415.636, ydpi=418.563}
04-19 14:22:45.799 E/AnimationUtils(26634): loadAnimation: resourceName = com.google.android.gm:anim/framework_fragment_fade_enter
04-19 14:22:45.800 I/HoneySpace.FloatingAnimator( 4661): [Player:A(45.395)] container x: 6.7089386, y: 14.513214, scale : 0.9875478
04-19 14:22:45.801 I/VRI[LauncherActivity]@605627e( 4661): mWNT: t=0xb400007623de24d0 mBlastBufferQueue=0xb4000075f4116200 fn= 99 HdrRenderState mRenderHdrSdrRatio=1.0 caller= com.android.systemui.shared.launcher.ViewRootImplCompat.mergeWithNextTransaction:4 com.honeyspace.transition.utils.SurfaceTransactionApplier.scheduleApply$lambda$1:16 com.honeyspace.transition.utils.SurfaceTransactionApplier.b:0 
04-19 14:22:45.803 D/BoundBrokerSvc( 4730): onRebind: Intent { act=com.google.android.gms.auth.aang.events.services.START dat=chimera-action:/... xflg=0x4 cmp=com.google.android.gms/.chimera.PersistentApiService }
04-19 14:22:45.803 W/WindowOnBackDispatcher(26634): sendCancelIfRunning: isInProgress=false callback=iij@539cd83
04-19 14:22:45.804 D/CoreBackPreview( 2748): Window{f712f12 u0 com.google.android.gm/com.google.android.gm.ConversationListActivityGmail}: Setting back callback OnBackInvokedCallbackInfo{mCallback=android.window.IOnBackInvokedCallback$Stub$Proxy@86c34cb, mPriority=0, mIsAnimationCallback=false, mOverrideBehavior=1}
04-19 14:22:45.804 D/BoundBrokerSvc( 5578): onBind: Intent { act=com.google.android.mobstore.service.START xflg=0x4 pkg=com.google.android.gms }
04-19 14:22:45.804 D/BoundBrokerSvc( 5578): Loading bound service for intent: Intent { act=com.google.android.mobstore.service.START xflg=0x4 pkg=com.google.android.gms }
04-19 14:22:45.804 I/HBD     (10702): h writeToFile complete 
04-19 14:22:45.804 I/HYPER-HAL( 1631): [RequestManager.cpp]acquire(): Acquired ID : 66786268  [1634 / 9922]    HINT :      list : [UCLAMP_MIN_BOOST / 350] [TID / 15760] [TID / 15761] [TID / 26634] [TID / 15741] 
04-19 14:22:45.806 E/AtomicFile(10702): Failed to rename /data/user_de/0/com.samsung.android.honeyboard/files/selected.json.new to /data/user_de/0/com.samsung.android.honeyboard/files/selected.json
04-19 14:22:45.806 I/HBD     (10702): h writeToFile complete 
04-19 14:22:45.808 I/egip    ( 7245): (REDACTED) appOpsListener %s %s
04-19 14:22:45.808 I/egip    ( 7245): (REDACTED) Ignoring irrelevant audio permission changes for package %s
04-19 14:22:45.808 I/egip    ( 7245): (REDACTED) appOpsListener %s %s
04-19 14:22:45.808 I/egip    ( 7245): (REDACTED) Ignoring irrelevant audio permission changes for package %s
04-19 14:22:45.816 I/HoneySpace.FloatingAnimator( 4661): [Player:A(45.395)] container x: 5.515255, y: 11.93096, scale : 0.9897634
04-19 14:22:45.818 I/VRI[LauncherActivity]@605627e( 4661): mWNT: t=0xb400007623df27d0 mBlastBufferQueue=0xb4000075f4116200 fn= 100 HdrRenderState mRenderHdrSdrRatio=1.0 caller= com.android.systemui.shared.launcher.ViewRootImplCompat.mergeWithNextTransaction:4 com.honeyspace.transition.utils.SurfaceTransactionApplier.scheduleApply$lambda$1:16 com.honeyspace.transition.utils.SurfaceTransactionApplier.b:0 
04-19 14:22:45.819 W/View    (26634): requestLayout() improperly called by com.android.mail.ui.layout.PullToRefreshLayout{2a3ff4c V.ED..... ......ID 0,283-1080,2906 #7f0b1ed9 app:id/swipe_refresh_widget} during layout: running second layout pass
04-19 14:22:45.822 D/SurfaceView( 3944): 60058537 setAlpha: alpha=1.0
04-19 14:22:45.834 I/HoneySpace.FloatingAnimator( 4661): [Player:A(45.395)] container x: 4.6219635, y: 9.998533, scale : 0.9914214
04-19 14:22:45.835 D/SurfaceView( 3944): 60058537 setAlpha: alpha=1.0
04-19 14:22:45.835 I/VRI[LauncherActivity]@605627e( 4661): mWNT: t=0xb400007623dcb1d0 mBlastBufferQueue=0xb4000075f4116200 fn= 101 HdrRenderState mRenderHdrSdrRatio=1.0 caller= com.android.systemui.shared.launcher.ViewRootImplCompat.mergeWithNextTransaction:4 com.honeyspace.transition.utils.SurfaceTransactionApplier.scheduleApply$lambda$1:16 com.honeyspace.transition.utils.SurfaceTransactionApplier.b:0 
04-19 14:22:45.837 E/bero    (26634): Sync subscriptions not available
04-19 14:22:45.838 I/VRI[gm]@15ba156( 3944): mWNT: t=0xb400007623d51610 mBlastBufferQueue=0xb4000075f3ebcc90 fn= 2 HdrRenderState mRenderHdrSdrRatio=1.0 caller= android.view.SyncRtSurfaceTransactionApplier.applyTransaction:100 android.view.SyncRtSurfaceTransactionApplier.lambda$scheduleApply$0:73 android.view.SyncRtSurfaceTransactionApplier.$r8$lambda$afI4fXg3U3-nBZQEDQMiNy-B06s:0 
04-19 14:22:45.838 I/VRI[gm]@15ba156( 3944): mWNT: t=0xb400007623d254d0 mBlastBufferQueue=0xb4000075f3ebcc90 fn= 2 HdrRenderState mRenderHdrSdrRatio=1.0 caller= android.view.SyncRtSurfaceTransactionApplier.applyTransaction:100 android.view.SyncRtSurfaceTransactionApplier.lambda$scheduleApply$0:73 android.view.SyncRtSurfaceTransactionApplier.$r8$lambda$afI4fXg3U3-nBZQEDQMiNy-B06s:0 
04-19 14:22:45.838 W/qdgralloc( 3944): getInterlacedFlag: getMetaData returned 3, defaulting to interlaced_flag = 0
04-19 14:22:45.838 W/osy     (26634): [Hub Libraries] Timer: No ongoing submetric for SAPI_INIT
04-19 14:22:45.839 W/osy     (26634): [Hub Libraries] Timer: No ongoing submetric for SAPI_INIT
04-19 14:22:45.843 W/osy     (26634): [Hub Libraries] Timer: No ongoing submetric for SAPI_INIT
04-19 14:22:45.843 W/osy     (26634): [Hub Libraries] Timer: No ongoing submetric for SAPI_INIT
04-19 14:22:45.843 I/InputMethodService(10702): scheduleImeSurfaceRemoval: removeImeSurface is posted.
04-19 14:22:45.844 I/HBD     (10702): j [SKE_SPECIFIC] specific model[com.google.android.gm] loaded, 47655729 ns
04-19 14:22:45.844 W/osy     (26634): [Hub Libraries] Timer: No ongoing submetric for SAPI_INIT
04-19 14:22:45.846 W/osy     (26634): [Hub Libraries] Timer: No ongoing submetric for SAPI_INIT
04-19 14:22:45.846 W/osy     (26634): [Hub Libraries] Timer: No ongoing submetric for SAPI_INIT
04-19 14:22:45.847 D/BackgroundInstallControlService( 2748): Package event received: 0
04-19 14:22:45.850 I/HoneySpace.FloatingAnimator( 4661): [Player:A(45.395)] container x: 3.7793767, y: 8.175795, scale : 0.99298525
04-19 14:22:45.850 D/SurfaceView( 3944): 60058537 setAlpha: alpha=0.726195
04-19 14:22:45.850 I/SurfaceView( 3944): 60058537 Changes: creating=false format=false size=false visible=false alpha=true hint=false left=false top=false z=false attached=true lifecycleStrategy=false
04-19 14:22:45.850 I/SurfaceView( 3944): 60058537 Cur surface: Surface(name=null mNativeObject=-5476376638401136192)/@0xdbdd860
04-19 14:22:45.850 D/SurfaceComposerClient( 3944): setCornerRadius ## 3946ba9 SurfaceView[Splash Screen com.google.android.gm]@0#25389 cornerRadius=0.000000
04-19 14:22:45.850 I/SV[60058537 gm]( 3944): updateSurface: mVisible = true mSurface.isValid() = true
04-19 14:22:45.850 I/SV[60058537 gm]( 3944): updateSurface: mSurfaceCreated = true surfaceChanged = false visibleChanged = false
04-19 14:22:45.850 I/SurfaceView( 3944): 60058537 surfaceRedrawNeeded
04-19 14:22:45.850 I/SurfaceView( 3944): 60058537 finishedDrawing
04-19 14:22:45.850 V/SurfaceView( 3944): Layout: x=252 y=882 w=576 h=576, frame=Rect(0, 0 - 576, 576)
04-19 14:22:45.851 I/VRI[gm]@15ba156( 3944): registerCallbackForPendingTransactions
04-19 14:22:45.851 I/VRI[LauncherActivity]@605627e( 4661): mWNT: t=0xb400007623d79850 mBlastBufferQueue=0xb4000075f4116200 fn= 102 HdrRenderState mRenderHdrSdrRatio=1.0 caller= com.android.systemui.shared.launcher.ViewRootImplCompat.mergeWithNextTransaction:4 com.honeyspace.transition.utils.SurfaceTransactionApplier.scheduleApply$lambda$1:16 com.honeyspace.transition.utils.SurfaceTransactionApplier.b:0 
04-19 14:22:45.854 D/BackgroundInstallControlService( 2748): Package event received: 0
04-19 14:22:45.855 W/qdgralloc( 3944): getInterlacedFlag: getMetaData returned 3, defaulting to interlaced_flag = 0
04-19 14:22:45.855 W/bcss    (26634): Already started: bcss@773169d
04-19 14:22:45.855 D/TrafficStateDatabaseController( 2748): onDnsEvent():  objTrafficStats.size= 96, mInsertList= true
04-19 14:22:45.855 I/VRI[gm]@15ba156( 3944): mWNT: t=0xb400007623de40d0 mBlastBufferQueue=0xb4000075f3ebcc90 fn= 3 HdrRenderState mRenderHdrSdrRatio=1.0 caller= android.view.SyncRtSurfaceTransactionApplier.applyTransaction:100 android.view.SyncRtSurfaceTransactionApplier.lambda$scheduleApply$0:73 android.view.SyncRtSurfaceTransactionApplier.$r8$lambda$afI4fXg3U3-nBZQEDQMiNy-B06s:0 
04-19 14:22:45.855 I/VRI[gm]@15ba156( 3944): mWNT: t=0xb400007623d5d150 mBlastBufferQueue=0xb4000075f3ebcc90 fn= 3 HdrRenderState mRenderHdrSdrRatio=1.0 caller= android.view.ViewRootImpl$10.onFrameDraw:6536 android.view.ViewRootImpl$4.onFrameDraw:2489 android.view.ThreadedRenderer$1.onFrameDraw:718 
04-19 14:22:45.858 E/bero    (26634): Sync subscriptions not available
04-19 14:22:45.860 D/NetdEventListenerService( 2748): DNS Requested by 114, 10278(com.google.android.gm), SUCCESS, 117ms
04-19 14:22:45.865 D/KNOX_MDM_SettingsProvider( 2748): isChangeAllowed() : name = enabled_notification_listeners
04-19 14:22:45.865 D/KNOX_MDM_SettingsProvider( 2748): isChangeAllowed() : name = enabled_notification_listeners
04-19 14:22:45.866 D/SurfaceView( 3944): 60058537 setAlpha: alpha=0.36426556
04-19 14:22:45.866 I/SurfaceView( 3944): 60058537 Changes: creating=false format=false size=false visible=false alpha=true hint=false left=false top=false z=false attached=true lifecycleStrategy=false
04-19 14:22:45.866 I/HoneySpace.FloatingAnimator( 4661): [Player:A(45.395)] container x: 3.0593603, y: 6.618208, scale : 0.9943217
04-19 14:22:45.866 I/SurfaceView( 3944): 60058537 Cur surface: Surface(name=null mNativeObject=-5476376638401136192)/@0xdbdd860
04-19 14:22:45.867 D/SurfaceComposerClient( 3944): setCornerRadius ## 3946ba9 SurfaceView[Splash Screen com.google.android.gm]@0#25389 cornerRadius=0.000000
04-19 14:22:45.867 I/SV[60058537 gm]( 3944): updateSurface: mVisible = true mSurface.isValid() = true
04-19 14:22:45.867 I/SV[60058537 gm]( 3944): updateSurface: mSurfaceCreated = true surfaceChanged = false visibleChanged = false
04-19 14:22:45.867 I/SurfaceView( 3944): 60058537 surfaceRedrawNeeded
04-19 14:22:45.867 I/VRI[LauncherActivity]@605627e( 4661): mWNT: t=0xb400007623daf710 mBlastBufferQueue=0xb4000075f4116200 fn= 103 HdrRenderState mRenderHdrSdrRatio=1.0 caller= com.android.systemui.shared.launcher.ViewRootImplCompat.mergeWithNextTransaction:4 com.honeyspace.transition.utils.SurfaceTransactionApplier.scheduleApply$lambda$1:16 com.honeyspace.transition.utils.SurfaceTransactionApplier.b:0 
04-19 14:22:45.867 I/SurfaceView( 3944): 60058537 finishedDrawing
04-19 14:22:45.867 V/SurfaceView( 3944): Layout: x=252 y=882 w=576 h=576, frame=Rect(0, 0 - 576, 576)
04-19 14:22:45.867 I/VRI[gm]@15ba156( 3944): registerCallbackForPendingTransactions
04-19 14:22:45.869 I/VRI[gm]@15ba156( 3944): mWNT: t=0xb400007623dd7410 mBlastBufferQueue=0xb4000075f3ebcc90 fn= 4 HdrRenderState mRenderHdrSdrRatio=1.0 caller= android.view.SyncRtSurfaceTransactionApplier.applyTransaction:100 android.view.SyncRtSurfaceTransactionApplier.lambda$scheduleApply$0:73 android.view.SyncRtSurfaceTransactionApplier.$r8$lambda$afI4fXg3U3-nBZQEDQMiNy-B06s:0 
04-19 14:22:45.869 I/VRI[gm]@15ba156( 3944): mWNT: t=0xb400007623db1a10 mBlastBufferQueue=0xb4000075f3ebcc90 fn= 4 HdrRenderState mRenderHdrSdrRatio=1.0 caller= android.view.ViewRootImpl$10.onFrameDraw:6536 android.view.ViewRootImpl$4.onFrameDraw:2489 android.view.ThreadedRenderer$1.onFrameDraw:718 
04-19 14:22:45.876 I/ogle.android.gm(26634): Background young concurrent mark compact GC freed 25MB AllocSpace bytes, 124(2740KB) LOS objects, 25% free, 22MB/30MB, paused 4.967ms,3.184ms total 169.456ms
04-19 14:22:45.876 W/ogle.android.gm(26634): Reducing the number of considered missed Gc histogram windows from 119 to 100
04-19 14:22:45.878 D/SyncManager( 2748): userId - 0 auto - true
04-19 14:22:45.880 W/osy     (26634): [Hub Libraries] Timer: No ongoing submetric for SAPI_INIT
04-19 14:22:45.881 D/SyncManager( 2748): userId - 0 auto - true
04-19 14:22:45.881 W/osy     (26634): LegacyNestedFolderTeaserController: Problem with folder list cursor returned from loader [CONTEXT android_log_tag="RVGmail" ]
04-19 14:22:45.883 I/HoneySpace.FloatingAnimator( 4661): [Player:A(45.395)] container x: 2.521661, y: 5.455022, scale : 0.9953197
04-19 14:22:45.883 D/SurfaceView( 3944): 60058537 setAlpha: alpha=0.0
04-19 14:22:45.883 I/SurfaceView( 3944): 60058537 Changes: creating=false format=false size=false visible=false alpha=true hint=false left=false top=false z=false attached=true lifecycleStrategy=false
04-19 14:22:45.883 I/SurfaceView( 3944): 60058537 Cur surface: Surface(name=null mNativeObject=-5476376638401136192)/@0xdbdd860
04-19 14:22:45.883 D/SurfaceComposerClient( 3944): setCornerRadius ## 3946ba9 SurfaceView[Splash Screen com.google.android.gm]@0#25389 cornerRadius=0.000000
04-19 14:22:45.884 I/SV[60058537 gm]( 3944): updateSurface: mVisible = true mSurface.isValid() = true
04-19 14:22:45.884 I/SV[60058537 gm]( 3944): updateSurface: mSurfaceCreated = true surfaceChanged = false visibleChanged = false
04-19 14:22:45.884 I/SurfaceView( 3944): 60058537 surfaceRedrawNeeded
04-19 14:22:45.884 D/SurfaceFlinger( 1741): GPIS:: requestGPISForClientComposition
04-19 14:22:45.884 I/SurfaceView( 3944): 60058537 finishedDrawing
04-19 14:22:45.884 V/SurfaceView( 3944): Layout: x=252 y=882 w=576 h=576, frame=Rect(0, 0 - 576, 576)
04-19 14:22:45.885 I/VRI[LauncherActivity]@605627e( 4661): mWNT: t=0xb400007623de4d10 mBlastBufferQueue=0xb4000075f4116200 fn= 104 HdrRenderState mRenderHdrSdrRatio=1.0 caller= com.android.systemui.shared.launcher.ViewRootImplCompat.mergeWithNextTransaction:4 com.honeyspace.transition.utils.SurfaceTransactionApplier.scheduleApply$lambda$1:16 com.honeyspace.transition.utils.SurfaceTransactionApplier.b:0 
04-19 14:22:45.885 D/SurfaceView( 3944): 23146182 windowPositionLost, frameNr = 0
04-19 14:22:45.886 I/SV[60058537 gm]( 3944): aOrMT: VRI[gm]@15ba156 t = android.view.SurfaceControl$Transaction@5c56e87 fN = 0 android.view.SurfaceView.-$$Nest$mapplyOrMergeTransaction:0 android.view.SurfaceView$SurfaceViewPositionUpdateListener.positionLost:2025 android.graphics.RenderNode$CompositePositionUpdateListener.positionLost:418 
04-19 14:22:45.886 I/VRI[gm]@15ba156( 3944): mWNT: t=0xb400007623dcf990 mBlastBufferQueue=0xb4000075f3ebcc90 fn= 0 HdrRenderState mRenderHdrSdrRatio=1.0 caller= android.view.SurfaceView.applyOrMergeTransaction:1863 android.view.SurfaceView.-$$Nest$mapplyOrMergeTransaction:0 android.view.SurfaceView$SurfaceViewPositionUpdateListener.positionLost:2025 
04-19 14:22:45.886 I/SemDvfsHyPerManager( 2748): acquire hyper - AMS_RESUME_TAIL/2748@21, type = -999
04-19 14:22:45.886 I/SemDvfsHyPerManager( 2748): acquire hyper - AMS_ACT_LAZY/2748@22, type = -999
04-19 14:22:45.887 D/ActivityManagerPerformance( 2748): AMP_acquire() TAIL
04-19 14:22:45.887 D/ActivityManagerPerformance( 2748): AMP_release() APP_SWITCH
04-19 14:22:45.887 I/CameraService( 2135): onUidStateChanged: uid=10053, procState is changed. (1 -> 0)
04-19 14:22:45.887 I/HYPER-HAL( 1631): [RequestManager.cpp]acquire(): Acquired ID : 3835086  [2748 / 21]    HINT : AMS_RESUME_TAIL    list : 
04-19 14:22:45.889 I/HYPER-HAL( 1631): [RequestManager.cpp]acquire(): Acquired ID : 3837857  [2748 / 22]    HINT : AMS_ACT_LAZY    list : 
04-19 14:22:45.891 I/HYPER-HAL( 1631): [RequestManager.cpp]releaseLocked(): Released ID : 3851727
04-19 14:22:45.895 I/SV[60058537 gm]( 3944): onWindowVisibilityChanged(8) false android.view.SurfaceView{3946ba9 V.E...... ......ID 252,882-828,1458} of VRI[gm]@15ba156
04-19 14:22:45.895 I/SurfaceView( 3944): 60058537 Changes: creating=false format=false size=false visible=true alpha=false hint=false left=false top=false z=false attached=true lifecycleStrategy=false
04-19 14:22:45.895 I/SurfaceView( 3944): 60058537 Cur surface: Surface(name=null mNativeObject=-5476376638401136192)/@0xdbdd860
04-19 14:22:45.895 D/SurfaceComposerClient( 3944): setCornerRadius ## 3946ba9 SurfaceView[Splash Screen com.google.android.gm]@0#25389 cornerRadius=0.000000
04-19 14:22:45.895 I/SV[60058537 gm]( 3944): pST: sr = Rect(252, 882 - 828, 1458) sw = 576 sh = 576
04-19 14:22:45.895 I/SV[60058537 gm]( 3944): onSSPAndSRT: pl = 252 pt = 882 sx = 1.0 sy = 1.0
04-19 14:22:45.895 D/SurfaceView( 3944): 60058537 performSurfaceTransaction UI Thread position = [252, 882, 828, 1458] surfaceSize = 576x576
04-19 14:22:45.895 D/VRI[gm]@15ba156( 3944): applyTransactionOnDraw applyImmediately
04-19 14:22:45.898 I/SurfaceView( 3944): 60058537 surfaceDestroyed
04-19 14:22:45.898 I/SV[60058537 gm]( 3944): surfaceDestroyed callback.size 0 #2 android.view.SurfaceView{3946ba9 V.E...... ......ID 252,882-828,1458}
04-19 14:22:45.898 I/SV[60058537 gm]( 3944): updateSurface: mVisible = false mSurface.isValid() = true
04-19 14:22:45.899 I/SV[60058537 gm]( 3944): releaseSurfaces: viewRoot = VRI[gm]@15ba156
04-19 14:22:45.899 I/Kumiho-Kumiho(26634): getPackageName: com.google.android.gm
04-19 14:22:45.899 D/VRI[gm]@15ba156( 3944): applyTransactionOnDraw applyImmediately
04-19 14:22:45.899 V/SurfaceView( 3944): Layout: x=252 y=882 w=576 h=576, frame=Rect(0, 0 - 576, 576)
04-19 14:22:45.899 I/SurfaceFlinger( 1741): RequestedLayer [3946ba9 SurfaceView[Splash Screen com.google.android.gm]@0#25389] hidden!! flag  from(0) --> to(1)
04-19 14:22:45.899 I/SurfaceFlinger( 1741): RequestedLayer [3946ba9 SurfaceView[Splash Screen com.google.android.gm]@0#25389] hidden!! flag  from(1) --> to(0)
04-19 14:22:45.899 E/SurfaceFlinger( 1741): alpha changed 0.364 -> 0.000 - 3946ba9 SurfaceView[Splash Screen com.google.android.gm]@0#25389
04-19 14:22:45.899 E/SurfaceFlinger( 1741): alpha changed 0.000 -> 0.000 - 3946ba9 SurfaceView[Splash Screen com.google.android.gm]@0#25389
04-19 14:22:45.900 I/SurfaceFlinger( 1741): [LayerHierarchy{RequestedLayerState{3946ba9 SurfaceView[Splash Screen com.google.android.gm]@0#25389 z=1} 2 children}] reparent to OffscreenRoot
04-19 14:22:45.900 I/SurfaceFlinger( 1741): [LayerHierarchy{RequestedLayerState{3946ba9 SurfaceView[Splash Screen com.google.android.gm]@0#25389 z=1} 2 children}] RelativeParent to null
04-19 14:22:45.900 I/SurfaceFlinger( 1741): [LayerHierarchy{RequestedLayerState{3946ba9 SurfaceView[Splash Screen com.google.android.gm]@0(BLAST)#25390} 1 children}] reparent to OffscreenRoot
04-19 14:22:45.900 I/SurfaceFlinger( 1741): [LayerHierarchy{RequestedLayerState{3946ba9 SurfaceView[Splash Screen com.google.android.gm]@0(BLAST)#25390} 1 children}] RelativeParent to null
04-19 14:22:45.900 I/SurfaceFlinger( 1741): [LayerHierarchy{RequestedLayerState{Background for 3946ba9 SurfaceView[Splash Screen com.google.android.gm]@0#25391 z=-2147483648} no children}] reparent to OffscreenRoot
04-19 14:22:45.900 I/SurfaceFlinger( 1741): [LayerHierarchy{RequestedLayerState{Background for 3946ba9 SurfaceView[Splash Screen com.google.android.gm]@0#25391 z=-2147483648} no children}] RelativeParent to null
04-19 14:22:45.900 I/HoneySpace.FloatingAnimator( 4661): [Player:A(45.395)] container x: 1.9503951, y: 4.219222, scale : 0.9963799
04-19 14:22:45.900 I/SurfaceFlinger( 1741): id=25390 Removed 3946ba9 SurfaceView[Splash Screen com.google.android.gm]@0(BLAST)#25390 (200)
04-19 14:22:45.900 D/SystemUIService( 3944): SYSUI_RAM_OPTIMIZATION onTrimMemory=20
04-19 14:22:45.900 D/SyncManager( 2748): userId - 0 auto - true
04-19 14:22:45.900 D/CentralSurfaces( 3944): SYSUI_RAM_OPTIMIZATION onTrimMemory=20
04-19 14:22:45.900 I/VRI[LauncherActivity]@605627e( 4661): mWNT: t=0xb400007623d8f110 mBlastBufferQueue=0xb4000075f4116200 fn= 105 HdrRenderState mRenderHdrSdrRatio=1.0 caller= com.android.systemui.shared.launcher.ViewRootImplCompat.mergeWithNextTransaction:4 com.honeyspace.transition.utils.SurfaceTransactionApplier.scheduleApply$lambda$1:16 com.honeyspace.transition.utils.SurfaceTransactionApplier.b:0 
04-19 14:22:45.900 D/HWUI    ( 3944): CacheManager::trimMemory(20)
04-19 14:22:45.901 I/WindowManager( 2748): Relayout Window{6bc4482 u0 Splash Screen com.google.android.gm}: viewVisibility=8 req=1080x2340 ty=3 d0
04-19 14:22:45.901 D/SurfaceComposerClient( 2748): setCornerRadius ## f712f12 com.google.android.gm/com.google.android.gm.ConversationListActivityGmail#25397 cornerRadius=0.000000
04-19 14:22:45.901 D/SurfaceComposerClient( 2748): setCornerRadius ## 6bc4482 Splash Screen com.google.android.gm#25383 cornerRadius=0.000000
04-19 14:22:45.901 D/SurfaceComposerClient( 2748): setCornerRadius ## f712f12 com.google.android.gm/com.google.android.gm.ConversationListActivityGmail#25397 cornerRadius=0.000000
04-19 14:22:45.901 I/WindowManager( 2748): Relayout hash=6bc4482, pid=3944, syncId=-1: mAttrs={(0,0)(fillxfill) sim={adjust=pan} layoutInDisplayCutoutMode=always ty=APPLICATION_STARTING fmt=TRANSLUCENT wanim=0x7f16041f
04-19 14:22:45.901 I/WindowManager( 2748):   fl=81030118
04-19 14:22:45.901 I/WindowManager( 2748):   pfl=10000810
04-19 14:22:45.901 I/WindowManager( 2748):   bhv=1
04-19 14:22:45.901 I/WindowManager( 2748):   fitSides=0
04-19 14:22:45.901 I/WindowManager( 2748):   frameRateBoostOnTouch=true
04-19 14:22:45.901 I/WindowManager( 2748):   dvrrWindowFrameRateHint=true naviIconColor=0}
04-19 14:22:45.902 I/VRI[gm]@15ba156( 3944): onActiveControlsChanged, removed=false, mAdded=true, caller=android.view.ViewRootImpl.handleInsetsControlChanged:3002 android.view.ViewRootImpl.relayoutWindow:11629 android.view.ViewRootImpl.performTraversals:4804 android.view.ViewRootImpl.doTraversal:3924 android.view.ViewRootImpl$TraversalRunnable.run:12903 
04-19 14:22:45.903 D/SurfaceFlinger( 1741): Display 4630946970390616451 HWC layers:
04-19 14:22:45.903 D/SurfaceFlinger( 1741):        CLIENT |           16939351015432 | 00000100 | RGBA_8888    |   80.0  174.0  665.0 1442.0 |    0    0 1080 2340 | Wallpaper BBQ wrapper 5_system#85 (1)
04-19 14:22:45.903 D/SurfaceFlinger( 1741):        CLIENT |           20018842572289 | 00002100 | RGBA_8888    |    0.0    0.0 1080.0 2340.0 |    0    0 1080 2340 | com.sec.android.app.launcher/com.sec[...]ivities.LauncherActivity$_4661#25369 (blurRegions) (104)
04-19 14:22:45.903 D/SurfaceFlinger( 1741):        CLIENT |          114392158961664 | 00002102 | RGBA_8888    |    0.0    0.0 1080.0 2337.0 |    3    7 1077 2333 | com.google.android.gm/com.google.and[...]sationListActivityGmail$_26634#25398 (8)
04-19 14:22:45.903 D/SurfaceFlinger( 1741):        CLIENT |           16939351073264 | 00002100 | RGBA_8888    |    0.0    1.0 1080.0 2339.0 |    3    5 1077 2333 | Splash Screen com.google.android.gm$_3944#25387 (4)
04-19 14:22:45.903 D/SurfaceFlinger( 1741):        DEVICE |           16939351072718 | 00002100 | RGBA_8888    |    0.0    0.0 1080.0   91.0 |    0    0 1080   91 | StatusBar$_3944#108 (46581)
04-19 14:22:45.903 D/SurfaceFlinger( 1741):        DEVICE |           20018842572013 | 00002100 | RGBA_8888    |    0.0    0
04-19 14:22:45.903 D/SurfaceFlinger( 1741): .0   67.0  326.0 | 1013  687 1080 1013 | com.sec.android.app.launcher/com.sam[...]l.app.CocktailBarService$_4661#24079 (1)
04-19 14:22:45.903 D/SurfaceFlinger( 1741):        DEVICE |           16939351072703 | 00002100 | RGBA_8888    |    0.0    0.0 1080.0  144.0 |    0 2196 1080 2340 | NavigationBar0$_3944#104 (95030)
04-19 14:22:45.903 D/SurfaceFlinger( 1741): 
04-19 14:22:45.904 I/VRI[gm]@15ba156( 3944): Relayout returned: old=(0,0,1080,2340) new=(0,0,1080,2340) relayoutAsync=false req=(1080,2340)8 dur=2 res=0x2 s={false 0x0} ch=true seqId=0
04-19 14:22:45.905 I/SV[60058537 gm]( 3944): windowStopped(true) false android.view.SurfaceView{3946ba9 V.E...... ......ID 252,882-828,1458} of VRI[gm]@15ba156
04-19 14:22:45.905 D/SV[60058537 gm]( 3944): updateSurface: surface is not valid
04-19 14:22:45.905 I/SV[60058537 gm]( 3944): releaseSurfaces: viewRoot = VRI[gm]@15ba156
04-19 14:22:45.905 D/VRI[gm]@15ba156( 3944): applyTransactionOnDraw applyImmediately
04-19 14:22:45.905 D/SV[60058537 gm]( 3944): updateSurface: surface is not valid
04-19 14:22:45.905 I/SV[60058537 gm]( 3944): releaseSurfaces: viewRoot = VRI[gm]@15ba156
04-19 14:22:45.905 D/VRI[gm]@15ba156( 3944): applyTransactionOnDraw applyImmediately
04-19 14:22:45.905 D/VRI[gm]@15ba156( 3944): Not drawing due to not visible. Reason=View.GONE
04-19 14:22:45.905 D/VRI[gm]@15ba156( 3944): Pending transaction will not be applied in sync with a draw due to view not visible
04-19 14:22:45.905 I/VRI[gm]@15ba156( 3944): mWNT: t=0xb400007623d87690 mBlastBufferQueue=0xnull fn= 0 HdrRenderState mRenderHdrSdrRatio=1.0 caller= android.view.ViewRootImpl.handleSyncRequestWhenNoAsyncDraw:6733 android.view.ViewRootImpl.performTraversals:5504 android.view.ViewRootImpl.doTraversal:3924 
04-19 14:22:45.905 I/SurfaceView( 3944): 60058537 Detaching SV
04-19 14:22:45.905 D/SV[60058537 gm]( 3944): updateSurface: surface is not valid
04-19 14:22:45.905 I/SV[60058537 gm]( 3944): releaseSurfaces: viewRoot = VRI[gm]@15ba156
04-19 14:22:45.905 D/VRI[gm]@15ba156( 3944): applyTransactionOnDraw applyImmediately
04-19 14:22:45.905 I/SV[60058537 gm]( 3944): onDetachedFromWindow: tryReleaseSurfaces()
04-19 14:22:45.905 I/SV[60058537 gm]( 3944): releaseSurfaces: viewRoot = VRI[gm]@15ba156
04-19 14:22:45.905 D/VRI[gm]@15ba156( 3944): applyTransactionOnDraw applyImmediately
04-19 14:22:45.906 I/Kumiho-Kumiho(26634): getPackageName: com.google.android.gm
04-19 14:22:45.910 D/SyncManager( 2748): userId - 0 auto - true
04-19 14:22:45.915 D/FreecessController( 2748): restrictJobsByOlaf: restrict=false, uid=-1
04-19 14:22:45.915 I/NSLocationMonitor( 2748): getGPSUsingApps() called
04-19 14:22:45.915 I/NSLocationManager_FLP( 5352): getGPSUsingApps, No change
04-19 14:22:45.916 I/SurfaceFlinger( 1741): destroyed 3946ba9 SurfaceView[Splash Screen com.google.android.gm]@0(BLAST)#25390 form LifecycleManager
04-19 14:22:45.916 I/SurfaceFlinger( 1741): [LayerHierarchy{RequestedLayerState{Bounds for - Splash Screen com.google.android.gm@0#25388} no children}] reparent to OffscreenRoot
04-19 14:22:45.916 I/SurfaceFlinger( 1741): [LayerHierarchy{RequestedLayerState{Bounds for - Splash Screen com.google.android.gm@0#25388} no children}] RelativeParent to null
04-19 14:22:45.916 I/SurfaceFlinger( 1741): id=25390 onLayerDestroyed from LayerHierarchyBuilder(RequestedLayerState{3946ba9 SurfaceView[Splash Screen com.google.android.gm]@0(BLAST)#25390 !handle})
04-19 14:22:45.916 I/HoneySpace.FloatingAnimator( 4661): [Player:A(45.395)] container x: 1.5840257, y: 3.426668, scale : 0.99706
04-19 14:22:45.917 I/VRI[]@771e8cf( 3944): dispatchDetachedFromWindow
04-19 14:22:45.917 I/Layer   ( 1741): id=25390 Destroyed 3946ba9 SurfaceView[Splash Screen com.google.android.gm]@0(BLAST)#25390
04-19 14:22:45.917 I/SurfaceFlinger( 1741): id=25389 Removed 3946ba9 SurfaceView[Splash Screen com.google.android.gm]@0#25389 (199)
04-19 14:22:45.917 I/SurfaceFlinger( 1741): id=25391 Removed Background for 3946ba9 SurfaceView[Splash Screen com.google.android.gm]@0#25391 (199)
04-19 14:22:45.917 I/SurfaceFlinger( 1741): id=25388 Removed Bounds for - Splash Screen com.google.android.gm@0#25388 (199)
04-19 14:22:45.917 I/VRI[LauncherActivity]@605627e( 4661): mWNT: t=0xb400007623d60e90 mBlastBufferQueue=0xb4000075f4116200 fn= 106 HdrRenderState mRenderHdrSdrRatio=1.0 caller= com.android.systemui.shared.launcher.ViewRootImplCompat.mergeWithNextTransaction:4 com.honeyspace.transition.utils.SurfaceTransactionApplier.scheduleApply$lambda$1:16 com.honeyspace.transition.utils.SurfaceTransactionApplier.b:0 
04-19 14:22:45.917 W/WindowManager( 2748): Failed looking up window session=Session{fba495e 3944:u0a10053} callers=com.android.server.wm.Session.remove:10 android.view.IWindowSession$Stub.onTransact:804 com.android.server.wm.Session.onTransact:1 
04-19 14:22:45.918 D/InputTransport( 2748): Input channel destroyed: 'Embedde', fd=1338
04-19 14:22:45.918 D/InputTransport( 2748): Input channel destroyed: 'Embedde', fd=1340
04-19 14:22:45.918 D/OlafRestriction( 2748):  olaf state update: state=false
04-19 14:22:45.918 D/OlafRestriction( 2748):  sending trigger onRestrictionStateChanged msg.
04-19 14:22:45.920 D/InputTransport( 3944): Input channel destroyed: 'Embedde', fd=536
04-19 14:22:45.920 I/VRI[gm]@15ba156( 3944): dispatchDetachedFromWindow
04-19 14:22:45.920 D/WindowManager( 2748): Starting window removed Window{6bc4482 u0 Splash Screen com.google.android.gm}
04-19 14:22:45.920 I/WindowManager( 2748): Cancelling animation restarting=false, leash=Surface(name=Surface(name=f712f12 com.google.android.gm/com.google.android.gm.ConversationListActivityGmail)/@0xd243b27 - animation-leash of starting_reveal)/@0x76a740
04-19 14:22:45.920 I/WindowManager( 2748): Reparenting to original parent: Surface(name=ActivityRecord{136437337 u0 com.google.android.gm/.ConversationListActivityGmail t40869})/@0x99d41d4, destroy=false, surface=Surface(name=f712f12 com.google.android.gm/com.google.android.gm.ConversationListActivityGmail)/@0xd243b27
04-19 14:22:45.920 D/InputTransport( 2748): Input channel destroyed: '6bc4482', fd=1319
04-19 14:22:45.920 V/WindowManager( 2748): Remove Window{6bc4482 u0 Splash Screen com.google.android.gm}: mSurfaceControl=Surface(name=Splash Screen com.google.android.gm$_3944)/@0x6143397 mAnimatingExit=false mRemoveOnExit=false mHasSurface=true surfaceShowing=false animating=false app-animation=false callers=com.android.server.wm.Session.remove:16 android.view.IWindowSession$Stub.onTransact:804 com.android.server.wm.Session.onTransact:1 android.os.Binder.execTransactInternal:1462 android.os.Binder.execTransact:1401 <bottom of call stack> 
04-19 14:22:45.921 D/SurfaceComposerClient( 2748): setCornerRadius ## f712f12 com.google.android.gm/com.google.android.gm.ConversationListActivityGmail#25397 cornerRadius=0.000000
04-19 14:22:45.921 D/SurfaceComposerClient( 2748): setCornerRadius ## f712f12 com.google.android.gm/com.google.android.gm.ConversationListActivityGmail#25397 cornerRadius=0.000000
04-19 14:22:45.921 D/InputTransport( 3944): Input channel destroyed: '6bc4482', fd=498
04-19 14:22:45.921 D/PowerManagerService( 2748): [api] setScreenDimDurationOverrideFromWindowManagerInternal: timeoutMillis: -1
04-19 14:22:45.922 W/Binder  ( 2748): Outgoing transactions from this process must be FLAG_ONEWAY
04-19 14:22:45.922 W/Binder  ( 2748): java.lang.Throwable
04-19 14:22:45.922 W/Binder  ( 2748): 	at android.os.BinderProxy.transact(BinderProxy.java:566)
04-19 14:22:45.922 W/Binder  ( 2748): 	at android.bluetooth.IBluetoothGatt$Stub$Proxy.getAdvertisingSetUids(IBluetoothGatt.java:1678)
04-19 14:22:45.922 W/Binder  ( 2748): 	at android.bluetooth.BluetoothAdapter.getAdvertisingSetUids(BluetoothAdapter.java:8476)
04-19 14:22:45.922 W/Binder  ( 2748): 	at android.bluetooth.BluetoothAdapter.getHWUsingApps(BluetoothAdapter.java:1342)
04-19 14:22:45.922 W/Binder  ( 2748): 	at com.android.server.am.mars.filter.filter.BlueToothConnectedFilter.updateBTUsingPackages(qb/107207011 23b1c2b3594a0a9ead69f008a48e4960026b8f9b8d3e6a94bca8d407f0409d91:22)
04-19 14:22:45.922 W/Binder  ( 2748): 	at com.android.server.am.FreecessController.freeze(qb/107207011 23b1c2b3594a0a9ead69f008a48e4960026b8f9b8d3e6a94bca8d407f0409d91:117)
04-19 14:22:45.922 W/Binder  ( 2748): 	at com.android.server.am.FreecessHandler$MainHandler.handleLcdOnFreeze(qb/107207011 23b1c2b3594a0a9ead69f008a48e4960026b8f9b8d3e6a94bca8d407f0409d91:55)
04-19 14:22:45.922 W/Binder  ( 2748): 	at com.android.server.am.FreecessHandler$MainHandler.handleMessage(qb/107207011 23b1c2b3594a0a9ead69f008a48e4960026b8f9b8d3e6a94bca8d407f0409d91:793)
04-19 14:22:45.922 W/Binder  ( 2748): 	at android.os.Handler.dispatchMessage(Handler.java:110)
04-19 14:22:45.922 W/Binder  ( 2748): 	at android.os.Looper.loopOnce(Looper.java:273)
04-19 14:22:45.922 W/Binder  ( 2748): 	at android.os.Looper.loop(Looper.java:363)
04-19 14:22:45.922 W/Binder  ( 2748): 	at android.os.HandlerThread.run(HandlerThread.java:85)
04-19 14:22:45.922 D/SurfaceComposerClient( 2748): setCornerRadius ## f712f12 com.google.android.gm/com.google.android.gm.ConversationListActivityGmail#25397 cornerRadius=0.000000
04-19 14:22:45.927 I/sensors-hal( 1623): get_flicker_als_data:183, [SSC_LIGHT] flicker lux: 0 (7, 0, dw: 0)
04-19 14:22:45.927 I/SLPASVC (15504): onStartJob                                                                                          [at com.samsung.euicc.lpaService.NotificationJobService.onStartJob(NotificationJobService.java:17)]
04-19 14:22:45.927 D/ActivityManager( 2748): FCA:FCA recordedFileRss = 0, and changeinRss = 98996
04-19 14:22:45.927 D/FreecessController( 2748): FZ : org.telegram.messenger(10282) [15147] reason: Bg [cached:X
04-19 14:22:45.927 D/FreecessHandler( 2748): freeze org.telegram.messenger(10282) result : 0
04-19 14:22:45.928 I/SLPASVC (15504): start NotificationService                                                                           [at com.samsung.euicc.lpaService.NotificationJobService.onStartJob(NotificationJobService.java:27)]
04-19 14:22:45.928 I/NSLocationMonitor( 2748): getGPSUsingApps() called
