04-19 14:47:27.098 D/vendor.qti.bluetooth@1.1-ibs_handler( 1609): SerialClockVote: vote for UART CLK OFF
04-19 14:47:27.111 I/sensors-hal( 1623): handle_sns_client_event:375, [0][2235499] accel_sample [ 0.267, -0.109,  9.694] 115295784353000
04-19 14:47:27.129 I/vendor.qti.bluetooth@1.1-ibs_handler( 1609): ProcessIbsCmd: Received IBS_WAKE_IND: 0xFD
04-19 14:47:27.129 D/vendor.qti.bluetooth@1.1-ibs_handler( 1609): SerialClockVote: vote for UART CLK ON
04-19 14:47:27.129 I/vendor.qti.bluetooth@1.1-ibs_handler( 1609): ProcessIbsCmd: Writing IBS_WAKE_ACK
04-19 14:47:27.135 I/ScanController( 4249): onScanResult to scannerId: 11- eventType=0x1a, addressType=1, address=XX:XX:XX:XX:71:20, primaryPhy=1, secondaryPhy=0, advertisingSid=0xff, txPower=127, rssi=-47, periodicAdvInt=0x0
04-19 14:47:27.172 I/vendor.qti.bluetooth@1.1-ibs_handler( 1609): ProcessIbsCmd: Received IBS_SLEEP_IND: 0xFE
04-19 14:47:27.172 D/vendor.qti.bluetooth@1.1-ibs_handler( 1609): SerialClockVote: vote for UART CLK OFF
04-19 14:47:27.322 D/vendor.qti.bluetooth@1.1-wake_lock( 1609): Release wakelock is released 
04-19 14:47:27.426 I/AfterimageCompensationService( 2748): AfcThread mLuminance : 217 , AfpcPeriodCount : 1700 , rotation : 0 , AOD : false
04-19 14:47:27.428 I/SurfaceComposerClient( 2748): captureDisplay:Display-4630946970390616451
04-19 14:47:27.431 I/SurfaceFlinger( 1741): Capture layer list: 	 com.whatsapp/com.whatsapp.Conversation$_4574#26212(seamlessTransition:0)
04-19 14:47:27.431 I/SurfaceFlinger( 1741): Capture layer list: 	 InputMethod$_10702#26219(seamlessTransition:0)
04-19 14:47:27.431 I/SurfaceFlinger( 1741): Capture layer list: 	 StatusBar$_3944#108(seamlessTransition:0)
04-19 14:47:27.431 I/SurfaceFlinger( 1741): Capture layer list: 	 com.sec.android.app.launcher/com.samsung.app.honeyspace.edge.edgepanel.app.CocktailBarService$_4661#24079(seamlessTransition:0)
04-19 14:47:27.431 I/SurfaceFlinger( 1741): Capture layer list: 	 NavigationBar0$_3944#104(seamlessTransition:0)
04-19 14:47:27.432 E/HwcComposer( 1741): getLuts failed Status(-129, EX_TRANSACTION_FAILED): 'UNKNOWN_TRANSACTION: '
04-19 14:47:27.432 D/RenderEngine( 1741): [SEC_SF_EFFECTS] drawLayersInternal,1483, Rendering layer ScreenCaptureFillLayer at index 0
04-19 14:47:27.432 D/RenderEngine( 1741): [SEC_SF_EFFECTS] drawLayersInternal,1483, Rendering layer com.whatsapp/com.whatsapp.Conversation$_4574#26212 at index 1
04-19 14:47:27.433 D/RenderEngine( 1741): [SEC_SF_EFFECTS] drawLayersInternal,1483, Rendering layer InputMethod$_10702#26219 at index 2
04-19 14:47:27.433 D/RenderEngine( 1741): [SEC_SF_EFFECTS] drawLayersInternal,1483, Rendering layer StatusBar$_3944#108 at index 3
04-19 14:47:27.433 D/RenderEngine( 1741): [SEC_SF_EFFECTS] drawLayersInternal,1483, Rendering layer com.sec.android.app.launcher/com.samsung.app.honeyspace.edge.edgepanel.app.CocktailBarService$_4661#24079 at index 4
04-19 14:47:27.433 D/RenderEngine( 1741): [SEC_SF_EFFECTS] drawLayersInternal,1483, Rendering layer NavigationBar0$_3944#104 at index 5
04-19 14:47:27.438 D/system_server( 2748): mAFPC_Read - w = 1080, h = 2340, s = 8, f = 4, s_size = 10183680, luminance = 217, count = 1700, captureOrientation = 0
04-19 14:47:27.663 I/Mocca_PhoneUsageProvider( 2748): (1.1.04.1)PhoneUsageListener: true,1776624411190,1776624412482
04-19 14:47:27.823 D/InputReader( 2748): Btn_touch(4): value=1 when=87184.937773
04-19 14:47:27.823 I/InputReader( 2748): Touch event's action is 0x0 (id=6, t=0) [pCnt=1, s=0.5521 ] when=87184.937773
04-19 14:47:27.833 I/InputDispatcher( 2748): Delivering touch to (3944): action: 0x0, f=0x0, d=0, '9705530', t=1 +(0,-2196)
04-19 14:47:27.834 D/PowerManagerService( 2748): [api] userActivityFromNative : touch displayId=0 eventTime=87184937
04-19 14:47:27.835 I/GestureDetector( 2748): obtain mCurrentDownEvent. id: 155911945 caller: com.android.server.wm.SystemGesturesPointerEventListener.onPointerEvent:17 com.android.server.wm.PointerEventDispatcher.onInputEvent:51 android.view.InputEventReceiver.dispatchInputEvent:392 
04-19 14:47:27.835 I/GestureDetector( 2748): obtain mCurrentDownEvent. id: 155911945 caller: com.android.server.wm.SystemPerformancePointerEventListener.onPointerEvent:13 com.android.server.wm.PointerEventDispatcher.onInputEvent:51 android.view.InputEventReceiver.dispatchInputEvent:392 
04-19 14:47:27.835 I/VRI[NavigationBar0]@336e5ca( 3944): ViewPostIme pointer 0
04-19 14:47:27.835 D/PowerManagerService( 2748): UserActivityStateListenerState: 1
04-19 14:47:27.835 I/VRI[NavigationBar0]@336e5ca( 3944): call setFrameRateCategory for touch hint category=high hint, reason=touch, vri=VRI[NavigationBar0]@336e5ca
04-19 14:47:27.836 I/HoneySpace.RegionManagerImpl( 4661): getRegionType called with: x = 630.7031, y = 2332.002, type=SEARCLE
04-19 14:47:27.836 I/HoneySpace.RegionManagerImpl( 4661): getRegionType() called with: x = 630.7031, y = 2332.002, type=SEARCLE
04-19 14:47:27.836 W/HoneySpace.RecentsAnimationState( 4661): canStartSystemGesture, return true by !isHomeDisabled
04-19 14:47:27.837 I/HoneySpace.RegionManagerImpl( 4661): getRegionType called with: x = 630.7031, y = 2332.002, type=SEARCLE
04-19 14:47:27.837 I/HoneySpace.GestureInputHandler( 4661): inputConsumers = [com.honeyspace.gesture.inputconsumer.SearcleInputConsumer@296aa92, com.honeyspace.gesture.inputconsumer.OtherActivityInputConsumer@10b4c63]
04-19 14:47:27.837 I/HoneySpace.RegionManagerImpl( 4661): getRegionType called with: x = 630.7031, y = 2332.002, type=SEARCLE
04-19 14:47:27.837 I/HoneySpace.InputSession( 4661): inputConsumers = SearcleInputConsumer|OtherActivityInputConsumer
04-19 14:47:27.838 I/HoneySpace.InputSession( 4661): open
04-19 14:47:27.838 I/HoneySpace.SystemUiProxyImpl( 4661): startHintVI, id = 1
04-19 14:47:27.838 I/GestureDetector( 4661): obtain mCurrentDownEvent. id: 155911945 caller: com.honeyspace.gesture.motiondetector.GestureMotionDetector.onTouchEvent:7 com.honeyspace.gesture.session.InputSession.onMotionEvent:157 com.honeyspace.gesture.GestureInputHandler.inputHandle:197 
04-19 14:47:27.838 I/HoneySpace.GestureMotionDetector( 4661): onDown
04-19 14:47:27.838 I/HoneySpace.SearcleInputConsumer( 4661): startSearcle
04-19 14:47:27.839 I/HoneySpace.OtherActivityInputConsumer( 4661): motionEvent = ActionDown(event=MotionEvent { action=ACTION_DOWN, actionButton=0, id[0]=0, x[0]=630.7031, y[0]=2332.002, toolType[0]=TOOL_TYPE_FINGER, buttonState=0, classification=NONE, metaState=0, flags=0x0, edgeFlags=0x0, pointerCount=1, historySize=0, eventTime=87184937, downTime=87184937, deviceId=6, source=0x1002, displayId=0, eventId=155911945 })
04-19 14:47:27.839 I/HoneySpace.OtherActivityInputConsumer( 4661): action down, isDeferredDown[systemDeferredDown=true, useKeyInject=false, isInDeferredRegion=false}
04-19 14:47:27.839 D/Navbar.Store( 3944): handleEvent(0) StartBottomGestureHintVI(hintId=1) [Module] LauncherProxyService
04-19 14:47:27.839 D/Navbar.Store( 3944): --[Band]GESTURE_PACK_START_HINT_VI
04-19 14:47:27.839 D/Navbar.Store( 3944): ----apply(0) NavBarStoreAction$StartHintVI
04-19 14:47:27.839 I/GestureDetector( 2748): obtain mCurrentMotionEventRaw. action: 2 id: 555079531
04-19 14:47:27.839 I/GestureDetector( 2748): obtain mCurrentMotionEventRaw. action: 2 id: 555079531
04-19 14:47:27.839 I/HoneySpace.TaskBooster( 4661): tick TASK_BOOST: 4661/800
04-19 14:47:27.840 D/LauncherProxyService( 3944): startSearcle
04-19 14:47:27.840 D/SearcleManager( 3944): startSearcleByHomeKey down = true, longPress = false
04-19 14:47:27.853 I/SurfaceFlinger( 1741): [NavigationBar0$_3944#104] setFrameRateCategory: HighHint
04-19 14:47:27.853 I/GestureDetector( 4661): obtain mCurrentMotionEventRaw. action: 2 id: 709112077
04-19 14:47:27.870 I/HoneySpace.GestureMotionDetector( 4661): onScroll, angle = 75.0
04-19 14:47:27.870 I/HoneySpace.GestureMotionDetector( 4661): onScroll, SwipeUp(event=MotionEvent { action=ACTION_MOVE, actionButton=0, id[0]=0, x[0]=621.251, y[0]=2296.6465, toolType[0]=TOOL_TYPE_FINGER, buttonState=0, classification=NONE, metaState=0, flags=0x0, edgeFlags=0x0, pointerCount=1, historySize=2, eventTime=87184979, downTime=87184937, deviceId=6, source=0x1002, displayId=0, eventId=846706932 }, angle=75.0)
04-19 14:47:27.870 I/HoneySpace.OtherActivityInputConsumer( 4661): motionEvent = SwipeUp(event=MotionEvent { action=ACTION_MOVE, actionButton=0, id[0]=0, x[0]=621.251, y[0]=2296.6465, toolType[0]=TOOL_TYPE_FINGER, buttonState=0, classification=NONE, metaState=0, flags=0x0, edgeFlags=0x0, pointerCount=1, historySize=2, eventTime=87184979, downTime=87184937, deviceId=6, source=0x1002, displayId=0, eventId=846706932 }, angle=75.0)
04-19 14:47:27.870 I/HoneySpace.OtherActivityInputConsumer( 4661): collect SwipeUp(event=MotionEvent { action=ACTION_MOVE, actionButton=0, id[0]=0, x[0]=621.251, y[0]=2296.6465, toolType[0]=TOOL_TYPE_FINGER, buttonState=0, classification=NONE, metaState=0, flags=0x0, edgeFlags=0x0, pointerCount=1, historySize=2, eventTime=87184979, downTime=87184937, deviceId=6, source=0x1002, displayId=0, eventId=846706932 }, angle=75.0)
04-19 14:47:27.870 I/HoneySpace.InputSession( 4661): inputConsumer activated: OtherActivityInputConsumer
04-19 14:47:27.870 I/HoneySpace.InputMonitorProxyImpl( 4661): pilferPointers com.android.systemui.shared.system.InputMonitorCompat@6cb39e5
04-19 14:47:27.870 I/HoneySpace.SettledEventImpl( 4661): onSettledEvent: CloseSystemWindowEvent(reason=recentapps)
04-19 14:47:27.870 I/HoneySpace.SettledEventImpl( 4661): closeSystemWindow, recentapps
04-19 14:47:27.870 I/InputDispatcher( 2748): Channel [Gesture Monitor] swipe-up is stealing input gesture for device 6 from [9705530 NavigationBar0, [Gesture Monitor] secinputdev, [Gesture Monitor] PalmMotion, [Gesture Monitor] edge-swipe]
04-19 14:47:27.870 I/HoneySpace.OtherActivityInputConsumer( 4661): startTaskMoveAnimation
04-19 14:47:27.870 D/InputDispatcher( 2748): Cancel for '9705530': input channel stole pointer stream, m=1
04-19 14:47:27.870 I/InputDispatcher( 2748): Delivering touch to (3944): action: 0x3, f=0x20, d=0, '9705530', t=1 +(0,-2196)
04-19 14:47:27.871 I/HoneySpace.AnimationSession( 4661): open
04-19 14:47:27.871 I/HoneySpace.AnimationSession( 4661): doAction(169343257) called with: event = StartTaskMoveAnimation(taskId=40882, displaySize=Point(1080, 2340), motionEvent=MotionEvent { action=ACTION_MOVE, actionButton=0, id[0]=0, x[0]=621.251, y[0]=2296.6465, toolType[0]=TOOL_TYPE_FINGER, buttonState=0, classification=NONE, metaState=0, flags=0x0, edgeFlags=0x0, pointerCount=1, historySize=2, eventTime=87184979, downTime=87184937, deviceId=6, source=0x1002, displayId=0, eventId=846706932 }, downPos=PointF(630.7031, 2332.002), extraTouchSlop=0)
04-19 14:47:27.872 I/HoneySpace.GroupTask( 4661): userId:0, isDeviceLocked:false
04-19 14:47:27.872 I/HoneySpace.TaskListRepository( 4661): fetchTaskList duration : 598.282us
04-19 14:47:27.872 I/HoneySpace.AnimationSession( 4661): startBindGestureTaskListView taskList updated
04-19 14:47:27.872 I/HoneySpace.RecentsAnimationManager( 4661): start, taskId: 40882
04-19 14:47:27.872 I/HoneySpace.DvfsManager( 4661): HOME_GESTURE_BOOSTER acquire
04-19 14:47:27.873 I/HoneySpace.RecentsAnimationManager( 4661): init
04-19 14:47:27.873 I/HoneySpace.RecentsAnimationManager( 4661): initStateCallbacks
04-19 14:47:27.873 I/HoneySpace.MultiStateCallback( 4661): [208723422] Adding [STATE_GESTURE_START (1)] to [ (0)]
04-19 14:47:27.873 I/HoneySpace.AppTransitionAnimationAwait( 4661): prepare refCnt:1 timeout:1500
04-19 14:47:27.873 I/HoneySpace.RecentsAnimationManager( 4661): startGestureTransition, byKey: false, isRecentsStart: false
04-19 14:47:27.873 I/HoneySpace.ShellTransitionManager( 4661): startGestureTransition homeIsOnTop: false
04-19 14:47:27.873 I/HoneySpace.ShellTransitionManager( 4661): set restRunnableList: null
04-19 14:47:27.874 I/HoneySpace.MultiStateCallback( 4661): [208723422] Adding [STATE_START_RECENTS_TRANSITION (4)] to [STATE_GESTURE_START (1)]
04-19 14:47:27.874 I/HoneySpace.AnimationSession( 4661): recents animation start: false false
04-19 14:47:27.874 I/HoneySpace.AnimationSession( 4661): controlByView with taskListView false
04-19 14:47:27.874 I/HoneySpace.GestureEventController[1e6797]( 4661): InitEnterWithGesture
04-19 14:47:27.874 I/HoneySpace.GestureEventController[1e6797]( 4661): cancelCollectEventForRecentInGestureTransition
04-19 14:47:27.874 V/ShellDesktopMode( 3944): DesktopTasksController: Recents transition state changed: TRANSITION_STATE_REQUESTED
04-19 14:47:27.874 I/HoneySpace.GestureEventController[1e6797]( 4661): start collectEventForRecentInGestureTransition
04-19 14:47:27.874 I/HoneySpace.TaskListLoadCheckerImpl( 4661): setLoadingCondition: 2, loadingCondition: 6
04-19 14:47:27.874 V/ShellRecents( 3944): RecentsTransitionHandler.startRecentsTransition
04-19 14:47:27.874 I/HoneySpace.TaskListLoadCheckerImpl( 4661): removeLoadingCondition: 4, loadingCondition: 2
04-19 14:47:27.874 V/WindowManagerShell( 3944): Directly starting a new transition type=TO_FRONT wct=WindowContainerTransaction { changes= {} hops= [{pendingIntent: options=Bundle[{android.activity.splashScreenStyle=-1, android.activity.sourceInfo=Supplier{VAL_PARCELABLE@148+104}, android:activity.isMlLaunch=-1, android.activity.splitTaskDeferResume=false, android.pendingIntent.backgroundActivityAllowed=1, android:activity.isActiveLaunch=false, android.activity.launchTypeDnD=false, android:activity.startedFromWindowTypeLauncher=false, android.activity.launchDisplayId=0, android:activity.unhandledDropLaunch=false, android:activity.launchInFocusedStageRoot=false, android:activity.animAbortListener=null, android.activity.disableSplashScreen=false, android.activity.startAssistantActivity=false, android.activity.applySystemModalPolicy=false, android:activity.applyBigFreeformSize=false, android:activity.activityEmbeddedPlaceholder=false, android.activity.enterPipWhileLaunching=false, android.activity.splitPosition=0, android.activity.preserveTaskWindowingMode=false, android:activity.enterSplitSideWithAdjacentFlag=0, android.activity.transientLaunch=true}]}] errorCallbackToken=null taskFragmentOrganizer=null } handler=com.android.wm.shell.recents.RecentsTransitionHandler@f7733a3
04-19 14:47:27.875 I/WindowOrganizer( 3944): startNewTransition, type=3, t=WindowContainerTransaction { changes= {} hops= [{pendingIntent: options=Bundle[{android.activity.splashScreenStyle=-1, android.activity.sourceInfo=Supplier{VAL_PARCELABLE@148+104}, android:activity.isMlLaunch=-1, android.activity.splitTaskDeferResume=false, android.pendingIntent.backgroundActivityAllowed=1, android:activity.isActiveLaunch=false, android.activity.launchTypeDnD=false, android:activity.startedFromWindowTypeLauncher=false, android.activity.launchDisplayId=0, android:activity.unhandledDropLaunch=false, android:activity.launchInFocusedStageRoot=false, android:activity.animAbortListener=null, android.activity.disableSplashScreen=false, android.activity.startAssistantActivity=false, android.activity.applySystemModalPolicy=false, android:activity.applyBigFreeformSize=false, android:activity.activityEmbeddedPlaceholder=false, android.activity.enterPipWhileLaunching=false, android.activity.splitPosition=0, android.activity.preserveTaskWindowingMode=false, android:activity.enterSplitSideWithAdjacentFlag=0, android.activity.transientLaunch=true}]}] errorCallbackToken=null taskFragmentOrganizer=null }, caller=com.android.wm.shell.transition.Transitions.startTransition:100 com.android.wm.shell.recents.RecentsTransitionHandler.startRecentsTransition:431 com.android.wm.shell.recents.RecentTasksController$IRecentTasksImpl$$ExternalSyntheticLambda0.accept:17 com.android.wm.shell.common.ExternalInterfaceBinder$$ExternalSyntheticLambda0.run:10 android.os.Handler.handleCallback:995 
04-19 14:47:27.875 I/HoneySpace.AnimationSession( 4661): useLauncherSysBarFlags: false
04-19 14:47:27.875 I/HoneySpace.SubViewsProgressRepositoryImpl( 4661): taskLaunchProgress: 0.0, recentsEnteringProgress: 0.0
04-19 14:47:27.875 I/HoneySpace.SubViewsProgressRepositoryImpl( 4661): taskLaunchProgress: 0.0, recentsEnteringProgress: 0.0
04-19 14:47:27.875 I/HoneySpace.CloseAllProgressRepositoryImpl( 4661): taskLaunchProgress: 0.0, recentsEnteringProgress: 0.0
04-19 14:47:27.875 I/HoneySpace.ShellTransitionManager( 4661): transitionRunning state changed: true
04-19 14:47:27.875 I/HoneySpace.TaskIconProgressRepositoryImpl( 4661): taskLaunchProgress: 0.0, recentsEnteringFromAppsProgress: 0.0
04-19 14:47:27.875 I/HoneySpace.SuggestedAppsProgressRepositoryImpl( 4661): taskLaunchProgress: 0.0, recentsEnteringProgress: 0.0, timeoutProgress: 0.0, enabledProgress: 1.0, closeRecentsProgress: 1.0
04-19 14:47:27.876 I/HoneySpace.SuggestedAppsProgressRepositoryImpl( 4661): taskLaunchProgress: 0.0, recentsEnteringProgress: 0.0, timeoutProgress: 0.0, enabledProgress: 1.0, closeRecentsProgress: 1.0
04-19 14:47:27.876 I/HoneySpace.CloseAllProgressRepositoryImpl( 4661): taskLaunchProgress: 0.0, recentsEnteringProgress: 0.0
04-19 14:47:27.876 I/HoneySpace.TaskIconProgressRepositoryImpl( 4661): taskLaunchProgress: 0.0, recentsEnteringFromAppsProgress: 0.0
04-19 14:47:27.876 I/SemDvfsHyPerManager( 4661): acquire hyper - RECENTS_GESTURE_BOOSTER/4661@1, type = -999
04-19 14:47:27.876 I/HoneySpace.CustomFrequencyManager( 4661): enableGpisHint: true
04-19 14:47:27.876 I/HoneySpace.WallpaperAnimator( 4661): createWallpaperSurface
04-19 14:47:27.877 I/WindowManager( 2748): Reparenting to leash, surface=Surface(name=RemoteWallpaperAnim:1:1)/@0x517cc51, leashParent=Surface(name=OneHanded:0:14)/@0x308dcb6
04-19 14:47:27.878 I/SurfaceFlinger( 1741): id=26229 createSurf, flag=24000, Surface(name=RemoteWallpaperAnim:1:1)/@0x517cc51 - animation-leash of remote_wallpaper#26229
04-19 14:47:27.878 D/WindowManager( 2748): makeSurface duration=1 leash=Surface(name=Surface(name=RemoteWallpaperAnim:1:1)/@0x517cc51 - animation-leash of remote_wallpaper)/@0x6237793
04-19 14:47:27.879 D/WindowManager( 2748): startAnimation for remote wallpaper, leash=Surface(name=Surface(name=RemoteWallpaperAnim:1:1)/@0x517cc51 - animation-leash of remote_wallpaper)/@0x6237793
04-19 14:47:27.879 I/HoneySpace.RecentscreenPot( 4661): getSuggestedAppsEnabled: isKioskMode = false, isMultiFoldMain = false, isExternalDisplay = false, suggestedAppsEnabled: true
04-19 14:47:27.879 I/HoneySpace.RecentscreenPot( 4661): updateSuggestedAppsState, suggestedAppsEnabled: true
04-19 14:47:27.879 D/WindowManager( 2748): startRemoteWallpaperAnimation, d=0, leash=Surface(name=Surface(name=RemoteWallpaperAnim:1:1)/@0x517cc51 - animation-leash of remote_wallpaper)/@0x6237793
04-19 14:47:27.880 D/WindowManager( 2748): Transition is created, t=TransitionRecord{f5c8fc9 id=-1 type=TO_FRONT flags=0x0}, caller=com.android.server.wm.Transition.<init>:182 com.android.server.wm.WindowOrganizerController.startTransition:18 com.android.server.wm.WindowOrganizerController.startNewTransition:2 android.window.IWindowOrganizerController$Stub.onTransact:247 com.android.server.wm.WindowOrganizerController.onTransact:1 
04-19 14:47:27.880 V/WindowManager( 2748): Starting a Recents transition which can be parallel.
04-19 14:47:27.880 D/BLASTSyncEngine( 2748): SyncGroup is created, id=2481, name=Transition-TO_FRONT, caller=com.android.server.wm.BLASTSyncEngine$SyncGroup.<init>:52 com.android.server.wm.TransitionController.moveToCollecting:79 com.android.server.wm.TransitionController.startCollectOrQueue:94 com.android.server.wm.WindowOrganizerController.startTransition:22 com.android.server.wm.WindowOrganizerController.startNewTransition:2 android.window.IWindowOrganizerController$Stub.onTransact:247 com.android.server.wm.WindowOrganizerController.onTransact:1 
04-19 14:47:27.880 I/HYPER-HAL( 1631): [RequestManager.cpp]acquire(): Acquired ID : 10869454  [4661 / 1]    HINT : RECENTS_GESTURE_BOOSTER    list : 
04-19 14:47:27.880 W/BLASTSyncEngine( 2748): setSyncMethod, id=2481, method=0, caller=com.android.server.wm.TransitionController.moveToCollecting:91 com.android.server.wm.TransitionController.startCollectOrQueue:94 com.android.server.wm.WindowOrganizerController.startTransition:22 
04-19 14:47:27.880 V/WindowManager( 2748): Start collecting in Transition: TransitionRecord{f5c8fc9 id=2481 type=TO_FRONT flags=0x0}, caller=com.android.server.wm.TransitionController.startCollectOrQueue:94 com.android.server.wm.WindowOrganizerController.startTransition:22 com.android.server.wm.WindowOrganizerController.startNewTransition:2 android.window.IWindowOrganizerController$Stub.onTransact:247 com.android.server.wm.WindowOrganizerController.onTransact:1 
04-19 14:47:27.880 V/WindowManager( 2748): Starting Transition 2481, caller=com.android.server.wm.WindowOrganizerController$$ExternalSyntheticLambda5.onCollectStarted:16 com.android.server.wm.TransitionController.startCollectOrQueue:97 com.android.server.wm.WindowOrganizerController.startTransition:22 
04-19 14:47:27.881 V/WindowManager( 2748): Transition 2481: Set Task{e2cc4ed #40882 type=standard A=10406:com.whatsapp} as transient-hidden-task, caller=com.android.server.wm.Task.forAllTasks:4 com.android.server.wm.WindowContainer.forAllTasks:2 com.android.server.wm.DisplayArea.forAllTasks:9 
04-19 14:47:27.881 V/WindowManager( 2748): Collecting in transition 2481: Task{e2cc4ed #40882 type=standard A=10406:com.whatsapp}, caller=com.android.server.wm.Transition$$ExternalSyntheticLambda20.test:119 com.android.server.wm.Task.forAllTasks:4 com.android.server.wm.WindowContainer.forAllTasks:2 com.android.server.wm.DisplayArea.forAllTasks:9 com.android.server.wm.Transition.setTransientLaunch:138 
04-19 14:47:27.881 V/WindowManager( 2748): Collecting in transition 2481: TransientLaunchOverlayToken{8e4a788 token=android.os.BinderProxy@5bf972b}, caller=com.android.server.wm.TransientLaunchOverlayToken.setVisibility:22 com.android.server.wm.Transition.setTransientLaunch:209 com.android.server.wm.ActivityStartController.startExistingRecents:191 com.android.server.wm.WindowOrganizerController.applyHierarchyOp:29 com.android.server.wm.WindowOrganizerController.applyTransaction:148 
04-19 14:47:27.882 D/WindowManager( 2748): prepareSync <SYNC_STATE_WAITING_FOR_DRAW>, mPrepareSyncSeqId=0, win=Window{f96f521 u0 RecentsTransitionOverlay}
04-19 14:47:27.882 I/TransientLaunchOverlayToken( 2748): setVisibility, visible=true, t=TransientLaunchOverlayToken{8e4a788 token=android.os.BinderProxy@5bf972b}, caller=com.android.server.wm.Transition.setTransientLaunch:209 com.android.server.wm.ActivityStartController.startExistingRecents:191 com.android.server.wm.WindowOrganizerController.applyHierarchyOp:29 
04-19 14:47:27.882 V/WindowManager( 2748): Transition 2481: Set ActivityRecord{101403755 u0 com.sec.android.app.launcher/.activities.LauncherActivity t8} as transient-launch, caller=com.android.server.wm.ActivityStartController.startExistingRecents:191 com.android.server.wm.WindowOrganizerController.applyHierarchyOp:29 com.android.server.wm.WindowOrganizerController.applyTransaction:148 
04-19 14:47:27.882 I/SemDvfsHyPerManager( 2748): acquire hyper - AMS_APP_HOME/2748@28, type = -999
04-19 14:47:27.883 I/HYPER-HAL( 1631): [RequestManager.cpp]acquire(): Acquired ID : 3854504  [2748 / 28]    HINT : AMS_APP_HOME    list : 
04-19 14:47:27.883 I/SemDvfsHyPerManager( 7327): acquire hyper - APP_START_HOME/7327@23, type = -999
04-19 14:47:27.884 D/ActivityManagerPerformance( 2748): AMP_acquire() HOME
04-19 14:47:27.884 V/WindowManager( 2748): Collecting in transition 2481: ActivityRecord{101403755 u0 com.sec.android.app.launcher/.activities.LauncherActivity t8}, caller=com.android.server.wm.TransitionController.collect:7 com.android.server.wm.ActivityRecord.setVisibility:132 com.android.server.wm.TaskFragment.resumeTopActivity:1662 com.android.server.wm.ActivityStartController.startExistingRecents:206 com.android.server.wm.WindowOrganizerController.applyHierarchyOp:29 
04-19 14:47:27.884 D/WindowManager( 2748): prepareSync <SYNC_STATE_WAITING_FOR_DRAW>, mPrepareSyncSeqId=0, win=Window{4906084 u0 com.sec.android.app.launcher/com.sec.android.app.launcher.activities.LauncherActivity}
04-19 14:47:27.884 V/WindowManager( 2748): Setting visibility of Window{1a0b6d7 u0 com.sec.android.app.launcher/com.sec.android.app.launcher.activities.LauncherActivity}: true, caller=com.android.server.wm.WindowContainer.sendAppVisibilityToClients:19 com.android.server.wm.WindowToken.setClientVisible:48 com.android.server.wm.ActivityRecord.setVisibility:486 com.android.server.wm.TaskFragment.resumeTopActivity:1662 com.android.server.wm.ActivityStartController.startExistingRecents:206 
04-19 14:47:27.885 V/WindowManager( 2748): Setting visibility of Window{4906084 u0 com.sec.android.app.launcher/com.sec.android.app.launcher.activities.LauncherActivity}: true, caller=com.android.server.wm.WindowContainer.sendAppVisibilityToClients:19 com.android.server.wm.WindowToken.setClientVisible:48 com.android.server.wm.ActivityRecord.setVisibility:486 com.android.server.wm.TaskFragment.resumeTopActivity:1662 com.android.server.wm.ActivityStartController.startExistingRecents:206 
04-19 14:47:27.885 I/VRI[LauncherActivity]@605627e( 4661): handleAppVisibility mAppVisible = false visible = true
04-19 14:47:27.885 V/WindowManager( 2748): rotationForOrientation(orient=SCREEN_ORIENTATION_NOSENSOR (5), last=ROTATION_0 (0)); user=ROTATION_0 (0) USER_ROTATION_LOCKED
04-19 14:47:27.885 D/WindowManager( 2748): rotationForOrientation, orientationSource=ActivityRecord{101403755 u0 com.sec.android.app.launcher/.activities.LauncherActivity t8}
04-19 14:47:27.885 V/WindowManager( 2748): Computed rotation=ROTATION_0 (0) for display id=0 based on lastOrientation=SCREEN_ORIENTATION_NOSENSOR (5) and oldRotation=ROTATION_0 (0), caller=com.android.server.wm.DisplayRotation.updateOrientation:79 com.android.server.wm.DisplayContent.updateOrientation:41 com.android.server.wm.DisplayContent.updateOrientationAndComputeConfig:48 com.android.server.wm.RootWindowContainer.ensureVisibilityAndConfig:7 com.android.server.wm.TaskFragment.resumeTopActivity:1724 com.android.server.wm.ActivityStartController.startExistingRecents:206 
04-19 14:47:27.885 I/VRI[LauncherActivity]@f2a31f0(24038): handleAppVisibility mAppVisible = false visible = true
04-19 14:47:27.886 D/WindowManagerServiceExt( 2748): updateTaskbarTargetIfNeeded: reset
04-19 14:47:27.886 D/VRI[LauncherActivity]@f2a31f0(24038): visibilityChanged oldVisibility=false newVisibility=true
04-19 14:47:27.886 I/SemDvfsHyPerManager( 2748): acquire hyper - AMS_APP_LAUNCH/2748@20, type = -999
04-19 14:47:27.886 I/HYPER-HAL( 1631): [RequestManager.cpp]acquire(): Acquired ID : 27014948  [7327 / 23]    HINT : APP_START    list : [KERNEL_APP_START_NOTIFY / 0] [TIMEOUT / 1500] 
04-19 14:47:27.886 D/BLASTSyncEngine( 2748): SyncGroup 2481: Set ready true, caller=com.android.server.wm.BLASTSyncEngine.setReady:32 com.android.server.wm.Transition.applyReady:54 com.android.server.wm.WindowOrganizerController.applyTransaction:175 com.android.server.wm.WindowOrganizerController.applyTransaction:16 com.android.server.wm.WindowOrganizerController$$ExternalSyntheticLambda5.onCollectStarted:27 com.android.server.wm.TransitionController.startCollectOrQueue:97 
04-19 14:47:27.886 D/ActivityTaskManager( 2748): scheduleTopResumedActivityChanged, onTop=false, r=ActivityRecord{226069200 u0 com.whatsapp/.Conversation t40882}, caller=com.android.server.wm.ActivityTaskSupervisor.scheduleTopResumedActivityStateLossIfNeeded:19 com.android.server.wm.ActivityTaskSupervisor.endDeferResume:21 com.android.server.wm.WindowOrganizerController.applyTransaction:186 com.android.server.wm.WindowOrganizerController.applyTransaction:16 com.android.server.wm.WindowOrganizerController$$ExternalSyntheticLambda5.onCollectStarted:27 com.android.server.wm.TransitionController.startCollectOrQueue:97 
04-19 14:47:27.886 I/SurfaceFlinger( 1741): [Display 0 name="Built-in Screen"#49] setFrameRateCategory: High
04-19 14:47:27.886 I/SurfaceFlinger( 1741): [Surface(name=RemoteWallpaperAnim:1:1)/@0x517cc51 - animation-leash of remote_wallpaper#26229] attach to parent LayerHierarchy{RequestedLayerState{OneHanded:0:14#4 parentId=3} 4 children}
04-19 14:47:27.886 I/HoneySpace.GestureMotionDetector( 4661): onScroll, ACTION_DRAG
04-19 14:47:27.886 D/SurfaceComposerClient( 2748): setCornerRadius ## ea2b130 com.whatsapp/com.whatsapp.Conversation#26211 cornerRadius=0.000000
04-19 14:47:27.886 D/FreeformController( 2748): beginPostLayoutPolicyLw: forceHideRequester changed, old=null, new=Window{f96f521 u0 RecentsTransitionOverlay}
04-19 14:47:27.886 I/HoneySpace.OtherActivityInputConsumer( 4661): motionEvent = ActionDrag(event=MotionEvent { action=ACTION_MOVE, actionButton=0, id[0]=0, x[0]=618.0703, y[0]=2287.5928, toolType[0]=TOOL_TYPE_FINGER, buttonState=0, classification=NONE, metaState=0, flags=0x0, edgeFlags=0x0, pointerCount=1, historySize=2, eventTime=87184995, downTime=87184937, deviceId=6, source=0x1002, displayId=0, eventId=184429553 }, distanceX=-12.6328125, distanceY=-44.40918)
04-19 14:47:27.886 I/HoneySpace.OtherActivityInputConsumer( 4661): collect ActionDrag(event=MotionEvent { action=ACTION_MOVE, actionButton=0, id[0]=0, x[0]=618.0703, y[0]=2287.5928, toolType[0]=TOOL_TYPE_FINGER, buttonState=0, classification=NONE, metaState=0, flags=0x0, edgeFlags=0x0, pointerCount=1, historySize=2, eventTime=87184995, downTime=87184937, deviceId=6, source=0x1002, displayId=0, eventId=184429553 }, distanceX=-12.6328125, distanceY=-44.40918)
04-19 14:47:27.886 I/HoneySpace.AnimationSession( 4661): doAction(169343257) called with: event = TaskMoveAnimation(motionEvent=MotionEvent { action=ACTION_MOVE, actionButton=0, id[0]=0, x[0]=618.0703, y[0]=2287.5928, toolType[0]=TOOL_TYPE_FINGER, buttonState=0, classification=NONE, metaState=0, flags=0x0, edgeFlags=0x0, pointerCount=1, historySize=2, eventTime=87184995, downTime=87184937, deviceId=6, source=0x1002, displayId=0, eventId=184429553 })
04-19 14:47:27.886 I/HoneySpace.AnimationSession( 4661): gesture taskPosition Rect(-3, 14 - 1058, 2309)
04-19 14:47:27.886 I/HoneySpace.AnimationSession( 4661): collect taskPosition LeashTask(targetView=null, cornerRadius=105.99622, targetRect=Rect(-3, 14 - 1058, 2309), animationProgress=0.0, fullScreenProgress=0.042701155, canHidden=false, springRectCallback=com.honeyspace.gesture.session.d@1434d66)
04-19 14:47:27.886 I/HoneySpace.MultiStateCallback( 4661): [208723422] Adding [STATE_GESTURE_MOVE_START (524288)] to [STATE_GESTURE_START, STATE_START_RECENTS_TRANSITION (5)]
04-19 14:47:27.886 I/HoneySpace.RecentsAnimationManager( 4661): move return
04-19 14:47:27.887 D/FreeformController( 2748): setBlockToAddForceHideFreeformTasks: blockToAddForceHide=true, Caller=com.android.server.wm.DisplayPolicy.finishPostLayoutPolicyLw:127
04-19 14:47:27.887 D/SurfaceComposerClient( 2748): setCornerRadius ## 4906084 com.sec.android.app.launcher/com.sec.android.app.launcher.activities.LauncherActivity#134 cornerRadius=0.000000
04-19 14:47:27.887 D/SurfaceComposerClient( 2748): setCornerRadius ## ea2b130 com.whatsapp/com.whatsapp.Conversation#26211 cornerRadius=0.000000
04-19 14:47:27.887 D/BLASTSyncEngine( 2748): SyncGroup 2481:  Unfinished container: ActivityRecord{101403755 u0 com.sec.android.app.launcher/.activities.LauncherActivity t8} mSyncState=2
04-19 14:47:27.887 I/VRI[LauncherActivity]@605627e( 4661): stopped(false) old = true
04-19 14:47:27.888 I/HoneySpace.Launcher( 4661): !@Boot_EBS_D: Launcher.onStart()
04-19 14:47:27.888 I/ShellTransitions( 3944): startTransition done, active=android.os.BinderProxy@d64e2b@-1
04-19 14:47:27.888 V/ShellRecents( 3944): [122851976] RecentsController.setTransition: id=android.os.BinderProxy@d64e2b
04-19 14:47:27.889 I/HoneySpace.Launcher( 4661): !@Boot_EBS_D: Launcher.onResume()
04-19 14:47:27.889 D/WindowManagerShell( 3944): onKeepClearAreasChanged: restricted={}, unrestricted={}
04-19 14:47:27.889 I/HoneySpace.Launcher( 4661): updateLauncherShowing false -> true
04-19 14:47:27.889 E/HandwritingModeController( 2748): Cannot get requestId: Handwriting was not initialized.
04-19 14:47:27.890 I/HoneySpace.ShellTransitionManager( 4661): myHomeResumed
04-19 14:47:27.890 I/HoneySpace.ResumeTimer( 4661): last resume updated : 87185004
04-19 14:47:27.890 I/HoneySpace.DeJankUtils( 4661): postAfterTraversal is called H6.B1@79eb843, immediate : true detail : startWidgetListening
04-19 14:47:27.890 I/SearchHoneyPot( 4661): onViewCreated: onResume
04-19 14:47:27.890 I/HoneySpace.PredictionDataSourceImpl( 4661): requestPredictionUpdate 0 true
04-19 14:47:27.890 I/SurfaceControl( 2748): apply, lowDebugName=startRemoteWallpaperAnimation_171631568, caller=android.view.SurfaceControl$Transaction.apply:3447 android.view.SurfaceControl$Transaction.apply:3397 com.android.server.wm.WindowAnimator.animate:307 com.android.server.wm.WindowAnimator$$ExternalSyntheticLambda1.doFrame:14 android.view.Choreographer$CallbackRecord.run:1899 android.view.Choreographer$CallbackRecord.run:1910 
04-19 14:47:27.890 I/HoneySpace.LiveIconSupplier( 4661): time tick - -1, CLOCK, 14:47 - 14:46, view: #874db7a, parent: IconViewContainer#efccf2b
04-19 14:47:27.891 D/ActivityTaskManager( 2748): scheduleTopResumedActivityChanged, onTop=true, r=ActivityRecord{101403755 u0 com.sec.android.app.launcher/.activities.LauncherActivity t8}, caller=com.android.server.wm.ActivityTaskSupervisor.scheduleTopResumedActivityStateIfNeeded:18 com.android.server.wm.ActivityTaskSupervisor.handleTopResumedStateReleased:44 com.android.server.wm.ActivityClientController.activityTopResumedStateLost:14 android.app.IActivityClientController$Stub.onTransact:716 com.android.server.wm.ActivityClientController.onTransact:1 android.os.Binder.execTransactInternal:1462 
04-19 14:47:27.891 I/HoneySpace.LiveIconSupplier( 4661): time tick - 10032, CLOCK, 14:47 - 14:46, view: #b53e8bd, parent: ApplistCellLayout#2d1deb2
04-19 14:47:27.891 I/HoneySpace.Memory-Monitor( 4661): updateMaxHeap isHighScreenSize=false
04-19 14:47:27.891 I/HoneySpace.Memory-Monitor( 4661): PROPERTY_HOME_MEMORY_CACHE_LEVEL: -1
04-19 14:47:27.891 I/HoneySpace.Memory-Monitor( 4661): updateGraphicResourceCache curMemoryCacheLevel=1
04-19 14:47:27.891 I/ActivityManager( 2748): Changes in 10150 5 to 2, 184 to 255
04-19 14:47:27.891 D/SGM:GameManager( 2748): identifyForegroundApp. com.whatsapp, mCurrentUserId: 0, callerUserId: 0
04-19 14:47:27.891 D/SGM:SemGameManager( 2748): isForegroundGame(), ret=false
04-19 14:47:27.891 I/HoneySpace.PredictionDataSourceImpl( 4661): requestPredictionUpdate 1 true
04-19 14:47:27.891 D/NetworkPolicy( 2748): already checked 10150
04-19 14:47:27.891 D/SurfaceComposerClient( 2748): setCornerRadius ## 4906084 com.sec.android.app.launcher/com.sec.android.app.launcher.activities.LauncherActivity#134 cornerRadius=0.000000
04-19 14:47:27.891 D/SurfaceComposerClient( 2748): setCornerRadius ## ea2b130 com.whatsapp/com.whatsapp.Conversation#26211 cornerRadius=0.000000
04-19 14:47:27.892 D/BLASTSyncEngine( 2748): SyncGroup 2481:  Unfinished container: ActivityRecord{101403755 u0 com.sec.android.app.launcher/.activities.LauncherActivity t8} mSyncState=2
04-19 14:47:27.892 D/BackgroundInstallControlService( 2748): Package event received: 0
04-19 14:47:27.893 I/HYPER-HAL( 1631): [RequestManager.cpp]acquire(): Acquired ID : 70429011  [1634 / 10233]    HINT :      list : [TID_LOW_LATENCY / 1] [TID / 24236] [TID / 24239] [TID / 24038] [TID / 24242] 
04-19 14:47:27.893 D/SGM:GameManager( 2748): identifyForegroundApp. com.whatsapp, mCurrentUserId: 0, callerUserId: 0
04-19 14:47:27.893 D/SGM:SemGameManager( 2748): isForegroundGame(), ret=false
04-19 14:47:27.893 D/NetworkPolicy( 2748): already checked 10150
04-19 14:47:27.894 D/PkgPredictorService-SecIpmManagerServiceImpl( 2748): onForegroundActivitiesChanged pid:4661 uid:10150
04-19 14:47:27.894 I/SAMSUNGWALLET(16411): [Hint_ProcessStatusChange] fg Change, pid : 4661 , isNotify : true , isForeground : true , fg list : [4661, 4574]
04-19 14:47:27.894 I/LauncherActivityInfo( 4661): Trying to load live icon for com.sec.android.app.clockpackage
04-19 14:47:27.894 I/SAMSUNGWALLET[US](16411): [ProcessStatusChange] fg Change, pid : 4661 , isNotify : true , isForeground : true , fg list : []
04-19 14:47:27.894 I/SAMSUNGWALLET(16411): [Hint_ProcessStatusChange] fg Change, pid : 4661 , isNotify : false , isForeground : true , fg list : [4661, 4574]
04-19 14:47:27.894 I/HoneySpace.Memory-Monitor( 4661): cancelTrimIfNeeded
04-19 14:47:27.894 I/SAMSUNGWALLET[US](16411): [ProcessStatusChange] fg Change, pid : 4661 , isNotify : false , isForeground : true , fg list : []
04-19 14:47:27.895 I/SAMSUNGWALLET(16411): [Hint_ProcessStatusChange] fg Change, pid : 4661 , isNotify : false , isForeground : true , fg list : [4661, 4574]
04-19 14:47:27.895 I/SAMSUNGWALLET[US](16411): [ProcessStatusChange] fg Change, pid : 4661 , isNotify : false , isForeground : true , fg list : []
04-19 14:47:27.895 I/HoneySpace.RecentTasks( 4661): onRecentTasksChanged
04-19 14:47:27.895 D/AnalyticsContainerHandler( 2748): handleMessage : { when=0 what=1 target=com.android.server.knox.KnoxAnalyticsContainer$AnalyticsHandler }
04-19 14:47:27.896 D/AnalyticsContainerHandler( 2748): handleMessage : { when=0 what=2 target=com.android.server.knox.KnoxAnalyticsContainer$AnalyticsHandler }
04-19 14:47:27.896 V/PkgPredictorService-SecIpmManagerServiceImpl( 2748): discard foreground app:com.sec.android.app.launcher 1|true
04-19 14:47:27.897 I/HoneySpace.SPayHandler( 4661): updateSpayHandler, show = true, defaultPage = true
04-19 14:47:27.897 I/CameraService( 2135): onUidStateChanged: uid=10261, procState is changed. (5 -> 3)
04-19 14:47:27.898 I/SAMSUNGWALLET(16411): [Hint_PayHintService] onReceive() action=android.intent.action.CLOSE_SYSTEM_DIALOGS
04-19 14:47:27.898 I/SAMSUNGWALLET(16411): [Hint_PayHintService] onReceive() action=com.sec.android.app.launcher.intent.action.UPDATE_SPAY_HANDLER
04-19 14:47:27.898 I/SAMSUNGWALLET(16411): [Hint_PayHintService] home change, s home : true , default : true , gesture : true , s result : true , prev : true
04-19 14:47:27.898 E/id.app.launcher( 4661): Invalid resource ID 0x00000000.
04-19 14:47:27.898 E/AppIconSolution( 4661): app icon package doesn't have 'liveicon_from_theme', pkg : com.sec.android.app.clockpackage
04-19 14:47:27.898 E/AppIconSolution( 4661): Using cached contents available for com.einsindrei.Astronaut.appicon
04-19 14:47:27.898 V/OsAgent ( 6455): broadcastSystemEvent - 7
04-19 14:47:27.898 V/OsAgent ( 6455): broadcastSystemEvent - 7
04-19 14:47:27.898 V/OsAgent ( 6455): broadcastSystemEvent - 7
04-19 14:47:27.899 E/AppIconSolution( 4661): Using cached contents available for com.einsindrei.Astronaut.appicon
04-19 14:47:27.899 E/id.app.launcher( 4661): Invalid resource ID 0x00000000.
04-19 14:47:27.899 E/AppIconSolution( 4661): app icon package doesn't have 'liveicon_from_theme', pkg : com.sec.android.app.clockpackage
04-19 14:47:27.899 E/AppIconSolution( 4661): Using cached contents available for com.einsindrei.Astronaut.appicon
04-19 14:47:27.900 V/Configuration( 2748): Updating configuration, locales updated from [] to [en_US]
04-19 14:47:27.900 I/[CE_SDK_11.1.5000]_ContextAdapterImpl( 7220): unbindService - 
04-19 14:47:27.900 I/[CE_SDK_11.1.5000]_ContextAdapterImpl( 7220): unbindServiceImpl - connected
04-19 14:47:27.901 V/Configuration( 2748): Updating configuration, locales updated from [] to [en_US]
04-19 14:47:27.901 D/EnterpriseDeviceManagerService( 2748): isMdmAdminPresentInternal() : MDM Admin Found - com.samsung.knox.securefolder
04-19 14:47:27.901 D/SGM:FgCheckThread( 2748): noteResumeComponent(), received pkgName: com.sec.android.app.launcher, userId: 0
04-19 14:47:27.901 I/SAMSUNGWALLET(16411): [Hint_SimpleHintProcessMonitor] isHomePackageRunning topPkgName = com.whatsapp, topClsName = com.whatsapp.Conversation, return false , se : false
04-19 14:47:27.901 I/CocktailBarManagerServiceContainer( 2748): handleMessage: entry what = 5
04-19 14:47:27.902 I/ActivityManager( 2748): Killing 519:com.samsung.android.app.dressroom/1000 (adj 975): empty #33
04-19 14:47:27.902 D/DeviceReportingSecurityChecker( 2748): getStatus
04-19 14:47:27.902 D/DeviceReportingSecurityChecker( 2748): mIsICDStatus is true
04-19 14:47:27.902 D/DeviceReportingSecurityChecker( 2748): mIsSim is true
04-19 14:47:27.902 D/DeviceReportingSecurityChecker( 2748): mIsEchoAppSignature is true
04-19 14:47:27.902 D/DeviceReportingSecurityChecker( 2748): security check passed
04-19 14:47:27.902 D/DeviceReportingSecurityChecker( 2748): mIsICDStatus === true mIsSim == true mIsMyAccountSignature== false mIsEchoAppSignature== true mIsSprintHubSignature== false
04-19 14:47:27.902 D/AppStateBroadcaster( 2748): TMO killProcesses
04-19 14:47:27.902 I/SDHMS:k ( 7327): handleResumeComponent : put = com.sec.android.app.launcher, userid = 0 instanceid =204262497
04-19 14:47:27.902 I/SAMSUNGWALLET[US](16411): [ProcessMonitor] App went to background.
04-19 14:47:27.902 I/VSyncReactor( 1741): Current= 60, Period= 60, Distance= 0
04-19 14:47:27.902 I/SurfaceFlinger( 1741): RequestedLayer [RecentsTransitionOverlay$_4661#143] hidden!! flag  from(1) --> to(0)
04-19 14:47:27.902 I/SurfaceFlinger( 1741): [LayerHierarchy{RequestedLayerState{RemoteWallpaperAnim:1:1#7 parentId=26229 z=1} 1 children}] reparent to LayerHierarchy{RequestedLayerState{Surface(name=RemoteWallpaperAnim:1:1)/@0x517cc51 - animation-leash of remote_wallpaper#26229 parentId=4 z=1} 1 children}
04-19 14:47:27.903 I/HoneySpace.GestureMotionDetector( 4661): onScroll, ACTION_DRAG
04-19 14:47:27.903 I/HoneySpace.SearcleInputConsumer( 4661): cancelSearcle
04-19 14:47:27.903 I/SAMSUNGWALLET(16411): [Hint_PayHintService] Hint Status - already invisible, skip hide : Home Package Not Running
04-19 14:47:27.903 D/LauncherProxyService( 3944): cancelSearcle
04-19 14:47:27.903 I/HoneySpace.OtherActivityInputConsumer( 4661): motionEvent = ActionDrag(event=MotionEvent { action=ACTION_MOVE, actionButton=0, id[0]=0, x[0]=618.5928, y[0]=2273.7432, toolType[0]=TOOL_TYPE_FINGER, buttonState=0, classification=NONE, metaState=0, flags=0x0, edgeFlags=0x0, pointerCount=1, historySize=2, eventTime=87185012, downTime=87184937, deviceId=6, source=0x1002, displayId=0, eventId=923008623 }, distanceX=-12.110352, distanceY=-58.25879)
04-19 14:47:27.903 I/HoneySpace.OtherActivityInputConsumer( 4661): collect ActionDrag(event=MotionEvent { action=ACTION_MOVE, actionButton=0, id[0]=0, x[0]=618.5928, y[0]=2273.7432, toolType[0]=TOOL_TYPE_FINGER, buttonState=0, classification=NONE, metaState=0, flags=0x0, edgeFlags=0x0, pointerCount=1, historySize=2, eventTime=87185012, downTime=87184937, deviceId=6, source=0x1002, displayId=0, eventId=923008623 }, distanceX=-12.110352, distanceY=-58.25879)
04-19 14:47:27.903 I/HoneySpace.AnimationSession( 4661): doAction(169343257) called with: event = TaskMoveAnimation(motionEvent=MotionEvent { action=ACTION_MOVE, actionButton=0, id[0]=0, x[0]=618.5928, y[0]=2273.7432, toolType[0]=TOOL_TYPE_FINGER, buttonState=0, classification=NONE, metaState=0, flags=0x0, edgeFlags=0x0, pointerCount=1, historySize=2, eventTime=87185012, downTime=87184937, deviceId=6, source=0x1002, displayId=0, eventId=923008623 })
04-19 14:47:27.903 I/HoneySpace.AnimationSession( 4661): gesture taskPosition Rect(0, 19 - 1056, 2299)
04-19 14:47:27.903 I/HoneySpace.AnimationSession( 4661): collect taskPosition LeashTask(targetView=null, cornerRadius=105.38752, targetRect=Rect(0, 19 - 1056, 2299), animationProgress=0.0, fullScreenProgress=0.05601812, canHidden=false, springRectCallback=com.honeyspace.gesture.session.d@afdc16)
04-19 14:47:27.903 I/HoneySpace.RecentsAnimationManager( 4661): move return
04-19 14:47:27.903 I/HoneySpace.DeJankUtils( 4661): traversals callback's received
04-19 14:47:27.903 I/HoneySpace.DeJankUtils( 4661): doActionRunnable is called H6.B1@79eb843, immediate = true, detail : startWidgetListening
04-19 14:47:27.904 I/ActivityManager( 2748): Changes in 10093 5 to 6, 184 to 128
04-19 14:47:27.904 I/WindowManager( 2748): Relayout Window{4906084 u0 com.sec.android.app.launcher/com.sec.android.app.launcher.activities.LauncherActivity}: viewVisibility=0 req=1080x2340 ty=1 d0
04-19 14:47:27.904 I/CameraService( 2135): onUidStateChanged: uid=10093, procState is changed. (5 -> 6)
04-19 14:47:27.905 I/SurfaceFlinger( 1741): id=26230 createSurf, flag=44004, com.sec.android.app.launcher/com.sec.android.app.launcher.activities.LauncherActivity$_4661#26230
04-19 14:47:27.905 D/WindowManager( 2748): makeSurface duration=1 name=com.sec.android.app.launcher/com.sec.android.app.launcher.activities.LauncherActivity$_4661
04-19 14:47:27.905 D/SurfaceComposerClient( 2748): setCornerRadius ## 4906084 com.sec.android.app.launcher/com.sec.android.app.launcher.activities.LauncherActivity#134 cornerRadius=0.000000
04-19 14:47:27.905 D/SurfaceComposerClient( 2748): setCornerRadius ## ea2b130 com.whatsapp/com.whatsapp.Conversation#26211 cornerRadius=0.000000
04-19 14:47:27.905 D/SurfaceComposerClient( 2748): setCornerRadius ## 4906084 com.sec.android.app.launcher/com.sec.android.app.launcher.activities.LauncherActivity#134 cornerRadius=0.000000
04-19 14:47:27.905 D/SurfaceComposerClient( 2748): setCornerRadius ## ea2b130 com.whatsapp/com.whatsapp.Conversation#26211 cornerRadius=0.000000
04-19 14:47:27.905 D/BLASTSyncEngine( 2748): SyncGroup 2481:  Unfinished container: ActivityRecord{101403755 u0 com.sec.android.app.launcher/.activities.LauncherActivity t8} mSyncState=2
04-19 14:47:27.906 I/WindowManager( 2748): Relayout Window{1a0b6d7 u0 com.sec.android.app.launcher/com.sec.android.app.launcher.activities.LauncherActivity}: viewVisibility=0 req=1080x2340 ty=4 d0
04-19 14:47:27.906 I/WindowManager( 2748): Relayout hash=4906084, pid=4661, syncId=-1: mAttrs={(0,0)(fillxfill) sim={adjust=nothing forwardNavigation} layoutInDisplayCutoutMode=always ty=BASE_APPLICATION fmt=TRANSPARENT wanim=0x1030306
04-19 14:47:27.906 I/WindowManager( 2748):   fl=81910100
04-19 14:47:27.906 I/WindowManager( 2748):   pfl=10008840
04-19 14:47:27.906 I/WindowManager( 2748):   bhv=2
04-19 14:47:27.906 I/WindowManager( 2748):   fitSides=0
04-19 14:47:27.906 I/WindowManager( 2748):   frameRateBoostOnTouch=true
04-19 14:47:27.906 I/WindowManager( 2748):   dvrrWindowFrameRateHint=true screenDimDuration=200000 naviIconColor=0}
04-19 14:47:27.906 I/SurfaceFlinger( 1741): id=26231 createSurf, flag=44004, com.sec.android.app.launcher/com.sec.android.app.launcher.activities.LauncherActivity$_24038#26231
04-19 14:47:27.906 D/WindowManager( 2748): makeSurface duration=0 name=com.sec.android.app.launcher/com.sec.android.app.launcher.activities.LauncherActivity$_24038
04-19 14:47:27.906 I/SSS:AugmentedAutofillService( 7220): AugmentedAutofillService: onConnected()
04-19 14:47:27.906 V/WindowManager( 2748): Collecting in transition 2481: WallpaperWindowToken{d11f2f0 showWhenLocked=false}_<system>, caller=com.android.server.wm.TransitionController.collect:7 com.android.server.wm.WallpaperWindowToken.setVisibility:55 com.android.server.wm.WallpaperController.adjustWallpaperWindows:857 com.android.server.wm.RootWindowContainer.applySurfaceChangesTransaction$1:141 com.android.server.wm.RootWindowContainer.performSurfacePlacementNoTrace:59 
04-19 14:47:27.906 I/InsetsController( 4661): onStateChanged: host=com.sec.android.app.launcher/com.sec.android.app.launcher.activities.LauncherActivity, from=android.view.ViewRootImpl.onInsetsStateChanged:3026, state=InsetsState: {mDisplayFrame=Rect(0, 0 - 1080, 2340), mDisplayCutout=DisplayCutout{insets=Rect(0, 91 - 0, 0) waterfall=Insets{left=0, top=0, right=0, bottom=0} boundingRect={Bounds=[Rect(0, 0 - 0, 0), Rect(511, 0 - 569, 91), Rect(0, 0 - 0, 0), Rect(0, 0 - 0, 0)]} cutoutPathParserInfo={CutoutPathParserInfo{displayWidth=1080 displayHeight=2340 physicalDisplayWidth=1080 physicalDisplayHeight=2340 density={3.0} cutoutSpec={M 0,0 H -9.666666666666667 V 30.33333333333333 H 9.666666666666667 V 0 H 0 Z @dp} rotation={0} scale={1.0} physicalPixelDisplaySizeRatio={1.0}}} sideOverrides={}}, mRoundedCorners=RoundedCorners{[RoundedCorner{position=TopLeft, radius=108, center=Point(108, 108)}, RoundedCorner{position=TopRight, radius=108, center=Point(972, 108)}, RoundedCorner{position=BottomRight, radius=108, center=Point(972, 2232)}, RoundedCorner{position=BottomLeft, radius=108, center=Point(108, 2232)}]}  mRoundedCornerFrame=Rect(0, 0 - 1080, 2340), mPrivacyIndicatorBounds=PrivacyIndicatorBounds {static bounds=Rect(948, 0 - 1080, 91) rotation=0}, mDisplayShape=DisplayShape{ spec=1406003047 displayWidth=1080 displayHeight=2340 physicalPixelDisplaySizeRatio=1.0 rotation=0 offsetX=0 offsetY=0 scale=1.0}, mSources= { InsetsSource: {3 mType=ime mFrame=[0,1314][1080,2340] mVisible=true mFlags= mSideHint=BOTTOM mBoundingRects=null}, InsetsSource: {27 mType=displayCutout mFrame=[0,0][1080,91] mVisible=true mFlags= mSideHint=TOP mBoundingRects=null}, InsetsSource: {ec30001 mType=navigationBars mFrame=[0,2295][1080,2340] mVisible=true mFlags=SUPPRESS_SCRIM mSideHint=BOTTOM mBoundingRects=null}, InsetsSource: {ec30004 mType=systemGestures mFrame=[0,0][90,2340] mVisible=true mFlags= mSideHint=LEFT mBoundingRects=null}, InsetsSource: {ec30005 mType=mandatorySystemGestures mFrame=[0,2244][1080,2340] mVisible=true mFlags= mSideHint=BOTTOM mBoundingRects=null}, InsetsSource: {ec30006 mType=tappableElement mFrame=[0,0][0,0] mVisible=true mFlags= mSideHint=NONE mBoundingRects=null}, InsetsSource: {ec30024 mType=systemGestures mFrame=[990,0][1080,2340] mVisible=true mFlags= mSideHint=RIGHT mBoundingRects=null}, InsetsSource: {43d50000 mType=statusBars mFrame=[0,0][1080,91] mVisible=true mFlags= mSideHint=TOP mBoundingRects=null}, InsetsSource: {43d50005 mType=mandatorySystemGestures mFrame=[0,0][1080,127] mVisible=true mFlags= mSideHint=TOP mBoundingRects=null}, InsetsSource: {43d50006 mType=tappableElement mFrame=[0,0][1080,91] mVisible=true mFlags= mSideHint=TOP mBoundingRects=null} }
