04-19 21:42:55.070 30058 30058 I [-0400]oneconnect[1.8.45.24_01][MAIN_UI]: PluginBixbyContextManager.initialize - 
04-19 21:42:55.071 30058 30170 I [-0400]oneconnect[1.8.45.24_01][MAIN_UI]: LaunchDarklySDK.log - Creating LaunchDarkly client. Version: 5.6.0
04-19 21:42:55.083 30058 30159 I [-0400]oneconnect[1.8.45.24_01][MAIN_UI]: ServerDebugModePreference.getMetaServerPos - 1
04-19 21:42:55.083 30058 30159 I [-0400]oneconnect[1.8.45.24_01][MAIN_UI]: ServerDebugModePreference.getCatalogServerPos - 2
04-19 21:42:55.085 30058 30170 I [-0400]oneconnect[1.8.45.24_01][MAIN_UI]: AppInitializerHelper.launchDarklyManager - end
04-19 21:42:55.092 30058 30158 I [-0400]oneconnect[1.8.45.24_01][MAIN_UI]: Auth@AuthTokenAllowedManager.isAllowed - chinaNalSecurity: true, ppAgree: true
04-19 21:42:55.093 30117 30161 I apsb    : #getRobinAvailability
04-19 21:42:55.093 30117 30161 I aprr    : logRobinKitAvailabilityCheckStart
04-19 21:42:55.098 30058 30182 I [-0400]oneconnect[1.8.45.24_01][MAIN_UI]: Auth@AuthTokenAllowedManager.isAllowed - chinaNalSecurity: true, ppAgree: true
04-19 21:42:55.099 30058 30158 I [-0400]oneconnect[1.8.45.24_01][MAIN_UI]: DnsConfigHelper.setDnsConfig - server env=PRODUCTION, region=DEFAULT
04-19 21:42:55.101 30058 30160 I [-0400]oneconnect[1.8.45.24_01][MAIN_UI]: SmartClientConfigurationManager.updateClientDeviceId - clientDeviceId: ($)de2bfb7f
04-19 21:42:55.102 30058 30158 I [-0400]oneconnect[1.8.45.24_01][MAIN_UI]: LaunchSettings.isFirstLaunchWithVideo - 
04-19 21:42:55.102 30058 30169 I [-0400]oneconnect[1.8.45.24_01][MAIN_UI]: LaunchSettings.isFirstLaunchWithVideo - 
04-19 21:42:55.108 30058 30190 W [-0400]oneconnect[1.8.45.24_01][MAIN_UI]: CryptoManager.decryptString - key is not loaded
04-19 21:42:55.108 30058 30158 W [-0400]oneconnect[1.8.45.24_01][MAIN_UI]: CryptoManager.decryptString - key is not loaded
04-19 21:42:55.111 30117 30162 I aqaq    : #getOobeStatus: OptedOut [CONTEXT ratelimit_period="10 SECONDS" ]
04-19 21:42:55.111 30117 30162 I aprx    : Robin should not be enabled without onboarding. User oobe status not canUseRobin
04-19 21:42:55.111 30117 30162 I aprn    : Robin not available. Onboarding not completed
04-19 21:42:55.112 30117 30162 I aprr    : (REDACTED) logRobinKitAvailabilityCheckEnd robinKitApi: %s, robinKitApiStatus: %s
04-19 21:42:55.112 30117 30162 I apsl    : (REDACTED) RobinKitStreamZLoggingUtils: E2E_LATENCY: %s, apiName: %s, status: %s, latencyMilestone: %s, versionName: %s, isInvocationBeforeProcessStarted: %s, isLoggedFromAccountScoped: %s
04-19 21:42:55.115 30058 30190 I [-0400]oneconnect[1.8.45.24_01][MAIN_UI]: CryptoManager.loadKey - key loaded
04-19 21:42:55.115  2748  3693 D ConnectivityService: Rematched networks [computed 0ms] [applied 1ms] [issued 1]
04-19 21:42:55.115  2748  3693 D ConnectivityService: NetworkReassignment : no changes
04-19 21:42:55.116  2748  3693 D ConnectivityService: Rematched networks [computed 0ms] [applied 0ms] [issued 1]
04-19 21:42:55.116 30117 30145 I ebwp    : (REDACTED) AppFlow %s is about to be transmitted
04-19 21:42:55.117  1244  1244 W keymint_tee: [WRN]begin req PARAMS: A32, BM32, PD1, 
04-19 21:42:55.117  2748  3693 D ConnectivityService: NetworkReassignment : no changes
04-19 21:42:55.118 30058 30167 I [-0400]oneconnect[1.8.45.24_01][MAIN_UI]: Auth@AuthTokenAllowedManager.isAllowed - chinaNalSecurity: true, ppAgree: true
04-19 21:42:55.119  1244  1244 D keymint_swd: keymint_swd keymint [WRN] (km_add_tag:528) skip: non repetable tag already exists with different value: 268435458
04-19 21:42:55.119  1244  1244 D keymint_swd: keymint_swd keymint [WRN] (swd_run_cb:267) swd_begin() returns 0
04-19 21:42:55.119  1244  1244 D android.hardware.security.keymint-service: begin: ret 0
04-19 21:42:55.119  1243 25556 I keystore2: system/security/keystore2/src/security_level.rs:466 - In create_operation. Success to create IKeystoreOperation. 10328, None
04-19 21:42:55.120 30058 30159 I [-0400]oneconnect[1.8.45.24_01][MAIN_UI]: AppInitializerHelper.serverInfo - IsTestMode=false Iot=PROD Meta=PROD Catalog=PROD Plugin=PROD SmartKit=PRODUCTION WWST=false Country=0
04-19 21:42:55.121  1244  1244 D keymint_swd: keymint_swd keymint [WRN] (swd_run_cb:267) swd_update() returns 0
04-19 21:42:55.121  1244  1244 D android.hardware.security.keymint-service: update: ret 0
04-19 21:42:55.121 30058 30058 I [-0400]oneconnect[1.8.45.24_01][MAIN_UI]: PreferenceWrapper.testMode - false
04-19 21:42:55.121  1244  1244 D keymint_swd: keymint_swd keymint [WRN] (swd_run_cb:267) swd_finish() returns 0
04-19 21:42:55.121  1244  1244 D android.hardware.security.keymint-service: finish: ret 0
04-19 21:42:55.122 30058 30158 I [-0400]oneconnect[1.8.45.24_01][MAIN_UI]: CryptoManager.initializeKey - key already loaded
04-19 21:42:55.123 30058 30190 I [-0400]oneconnect[1.8.45.24_01][MAIN_UI]: TokenRepository.getAccessTokenSuspend -  - ($)
04-19 21:42:55.123 30058 30190 I [-0400]oneconnect[1.8.45.24_01][MAIN_UI]: Auth@RestClientAccessTokenManager.initialize - Set Access Token Success
04-19 21:42:55.123  1244  1244 W keymint_tee: [WRN]begin req PARAMS: A32, BM32, PD1, 
04-19 21:42:55.125  1244  1244 D keymint_swd: keymint_swd keymint [WRN] (km_add_tag:528) skip: non repetable tag already exists with different value: 268435458
04-19 21:42:55.125  1244  1244 D keymint_swd: keymint_swd keymint [WRN] (swd_run_cb:267) swd_begin() returns 0
04-19 21:42:55.125  1244  1244 D android.hardware.security.keymint-service: begin: ret 0
04-19 21:42:55.125  1243 25556 I keystore2: system/security/keystore2/src/security_level.rs:466 - In create_operation. Success to create IKeystoreOperation. 10328, None
04-19 21:42:55.126 30058 30184 I [-0400]oneconnect[1.8.45.24_01][MAIN_UI]: Auth@AuthTokenAllowedManager.isAllowed - chinaNalSecurity: true, ppAgree: true
04-19 21:42:55.128  1244  1244 D keymint_swd: keymint_swd keymint [WRN] (swd_run_cb:267) swd_update() returns 0
04-19 21:42:55.128  1244  1244 D android.hardware.security.keymint-service: update: ret 0
04-19 21:42:55.128  7220 12941 I NowBrief$RobinKitDataSource: DefaultDispatcher-worker-7] [RobinKit] requestRobinKit response = # com.google.android.apps.search.assistant.surfaces.voice.robin.robinkit.proto.RobinAvailabilityResponse@1a1e055
04-19 21:42:55.128  7220 12941 I NowBrief$RobinKitDataSource: not_available {
04-19 21:42:55.128  7220 12941 I NowBrief$RobinKitDataSource:   code: 3
04-19 21:42:55.128  7220 12941 I NowBrief$RobinKitDataSource: }
04-19 21:42:55.129  7220 12941 I NowBrief$RobinKitRepositoryImpl: DefaultDispatcher-worker-7] [RobinKit] isRobinKitSupported: false
04-19 21:42:55.129  7220   441 I IPCThreadState: oneway function results for code 2 on binder at 0xb400007633dc05c0 will be dropped but finished with status UNKNOWN_TRANSACTION
04-19 21:42:55.129  1244  1244 D keymint_swd: keymint_swd keymint [WRN] (swd_run_cb:267) swd_finish() returns 0
04-19 21:42:55.129  1244  1244 D android.hardware.security.keymint-service: finish: ret 0
04-19 21:42:55.131 30058 30158 I [-0400]oneconnect[1.8.45.24_01][MAIN_UI]: TokenRepository.getAccessTokenSuspend -  - ($)
04-19 21:42:55.132 30117 30179 I ahqf    : User not OptedIn. Skipping Eligibility Checks.
04-19 21:42:55.133  7220 12941 I NowBrief$GenerateNanoBananaNudgeUseCase: DefaultDispatcher-worker-7] [NanoBanana] can't start, robin kit is not supported
04-19 21:42:55.133  7220 12941 I NowBrief$AiSuggestionRanker[BriefDocumentBuilder]: DefaultDispatcher-worker-7] [Ranking], show evening brief!
04-19 21:42:55.134  1244  1244 W keymint_tee: [WRN]begin req PARAMS: A32, BM32, PD1, 
04-19 21:42:55.135  2748  5513 D CompatChangeReporter: Compat change id reported: 151861875; UID 10112; state: ENABLED
04-19 21:42:55.136  2748  3762 D BackgroundInstallControlService: Package event received: 0
04-19 21:42:55.137  1244  1244 D keymint_swd: keymint_swd keymint [WRN] (km_add_tag:528) skip: non repetable tag already exists with different value: 268435458
04-19 21:42:55.137  1244  1244 D keymint_swd: keymint_swd keymint [WRN] (swd_run_cb:267) swd_begin() returns 0
04-19 21:42:55.137  1244  1244 D android.hardware.security.keymint-service: begin: ret 0
04-19 21:42:55.138  1243 25556 I keystore2: system/security/keystore2/src/security_level.rs:466 - In create_operation. Success to create IKeystoreOperation. 10328, None
04-19 21:42:55.141  1244  1244 D keymint_swd: keymint_swd keymint [WRN] (swd_run_cb:267) swd_update() returns 0
04-19 21:42:55.141  1244  1244 D android.hardware.security.keymint-service: update: ret 0
04-19 21:42:55.142  1244  1244 D keymint_swd: keymint_swd keymint [WRN] (swd_run_cb:267) swd_finish() returns 0
04-19 21:42:55.142  1244  1244 D android.hardware.security.keymint-service: finish: ret 0
04-19 21:42:55.142 30058 30197 I [-0400]oneconnect[1.8.45.24_01][MAIN_UI]: TokenRepository.getAccessTokenSuspend -  - ($)
04-19 21:42:55.143  1244  1244 W keymint_tee: [WRN]begin req PARAMS: A32, BM32, PD1, 
04-19 21:42:55.145  1244  1244 D keymint_swd: keymint_swd keymint [WRN] (km_add_tag:528) skip: non repetable tag already exists with different value: 268435458
04-19 21:42:55.145  1244  1244 D keymint_swd: keymint_swd keymint [WRN] (swd_run_cb:267) swd_begin() returns 0
04-19 21:42:55.145  1244  1244 D android.hardware.security.keymint-service: begin: ret 0
04-19 21:42:55.146  1243 25556 I keystore2: system/security/keystore2/src/security_level.rs:466 - In create_operation. Success to create IKeystoreOperation. 10328, None
04-19 21:42:55.147  1244  1244 D keymint_swd: keymint_swd keymint [WRN] (swd_run_cb:267) swd_update() returns 0
04-19 21:42:55.147  1244  1244 D android.hardware.security.keymint-service: update: ret 0
04-19 21:42:55.148  1244  1244 D keymint_swd: keymint_swd keymint [WRN] (swd_run_cb:267) swd_finish() returns 0
04-19 21:42:55.148  1244  1244 D android.hardware.security.keymint-service: finish: ret 0
04-19 21:42:55.149 30058 30058 I [-0400]oneconnect[1.8.45.24_01][MAIN_UI]: DomainRepo@LocationDataSource.init - 
04-19 21:42:55.151 30058 30193 I [-0400]oneconnect[1.8.45.24_01][MAIN_UI]: TokenRepository.getAccessTokenSuspend -  - ($)
04-19 21:42:55.153  1542  1542 D Zygote  : Forked child process 30202
04-19 21:42:55.154  2748  3048 D DeviceReportingSecurityChecker: getStatus
04-19 21:42:55.154  2748  3048 D DeviceReportingSecurityChecker: mIsICDStatus is true
04-19 21:42:55.154  2748  3048 D DeviceReportingSecurityChecker: mIsSim is true
04-19 21:42:55.154  2748  3048 D DeviceReportingSecurityChecker: mIsEchoAppSignature is true
04-19 21:42:55.154  2748  3048 D DeviceReportingSecurityChecker: security check passed
04-19 21:42:55.154  2748  3048 D DeviceReportingSecurityChecker: mIsICDStatus === true mIsSim == true mIsMyAccountSignature== false mIsEchoAppSignature== true mIsSprintHubSignature== false
04-19 21:42:55.155  2748  3048 I ActivityManager: Start proc 30202:com.android.providers.calendar/u0a112 for content provider {com.android.providers.calendar/com.android.providers.calendar.CalendarProvider2}
04-19 21:42:55.155  2748  3048 I ActivityManager: ProcessObserver broadcast disabled
04-19 21:42:55.178  4730  4748 I FacsCacheGmsModule: (REDACTED) Receiving API connection to FACS API from package '%s'...
04-19 21:42:55.179  4730  4748 I FacsCacheGmsModule: API connection successful!
04-19 21:42:55.181  5578  5578 D BoundBrokerSvc: onBind: Intent { act=com.google.android.gms.facs.internal.service.START dat=chimera-action:/... xflg=0x4 cmp=com.google.android.gms/.chimera.GmsInternalApiService }
04-19 21:42:55.181  5578  5578 D BoundBrokerSvc: Loading bound service for intent: Intent { act=com.google.android.gms.facs.internal.service.START dat=chimera-action:/... xflg=0x4 cmp=com.google.android.gms/.chimera.GmsInternalApiService }
04-19 21:42:55.181  4730  4748 I FacsCacheGmsModule: (REDACTED) Receiving API connection to FACS API from package '%s'...
04-19 21:42:55.183  4730  4748 I FacsCacheGmsModule: API connection successful!
04-19 21:42:55.183  5578  8246 I FacsCacheGmsModule: Receiving API connection to internal FACS API...
04-19 21:42:55.183  4730  4748 I FacsCacheGmsModule: (REDACTED) Receiving API connection to FACS API from package '%s'...
04-19 21:42:55.184  5578  8246 I FacsCacheGmsModule: API connection successful!
04-19 21:42:55.184  4730  4748 I FacsCacheGmsModule: API connection successful!
04-19 21:42:55.184  5578  8246 I FacsCacheGmsModule: Receiving API connection to internal FACS API...
04-19 21:42:55.184  4730  4748 I FacsCacheGmsModule: (REDACTED) Receiving API connection to FACS API from package '%s'...
04-19 21:42:55.184  5578  8246 I FacsCacheGmsModule: API connection successful!
04-19 21:42:55.185  4730  4748 I FacsCacheGmsModule: API connection successful!
04-19 21:42:55.185 30202 30202 I viders.calendar: Using CollectorTypeCMC GC.
04-19 21:42:55.185  4730 16081 I FacsCacheGmsModule: (REDACTED) Receiving API connection to FACS API from package '%s'...
04-19 21:42:55.185  4730 16081 I FacsCacheGmsModule: API connection successful!
04-19 21:42:55.186  5578  8246 I FacsCacheGmsModule: Receiving API connection to internal FACS API...
04-19 21:42:55.186 30058 30190 I [-0400]oneconnect[1.8.45.24_01][MAIN_UI]: DomainRepo@LocationDataSource.init - emit, size=1
04-19 21:42:55.186  4730  4748 I FacsCacheGmsModule: (REDACTED) Received 'readDeviceLevelSettings' request from package '%s'...
04-19 21:42:55.186  4730  4748 I FacsCacheGmsModule: Operation 'readDeviceLevelSettings' dispatched!
04-19 21:42:55.186 30058 30190 I [-0400]oneconnect[1.8.45.24_01][MAIN_UI]: DomainRepo@LocationDataSource.init - emit, (LocationItem(id='Location(($)e48060ca)', name='($)-M(7)', order=0, ownerId='', permission=0, groupType=public, isPersonal=false, wallpaper='0', permissions=[WRITE_LINKED_PLACES, READ_SCENES, READ_INSTALLED_APPS, UNKNOWN, READ_RULES, WRITE_SCENES, UNKNOWN, READ_ROOMS, WRITE_INSTALLED_APPS, WRITE_GRANT_LOCATION_SHARE, UNKNOWN, WRITE_LOCATIONS, WRITE_LOCATIONS_GEO_COORDINATES, WRITE_ROOMS, UNKNOWN, READ_LINKED_PLACES, WRITE_LOCATIONS_CURRENT_MODE, READ_LOCATIONS_CURRENT_MODE, WRITE_DEVICES, READ_MODES, UNKNOWN, WRITE_RULES, DELETE_LOCATIONS], locationGroupId=null, isMfu=false, isNew=true, deviceVacancies=300, deviceCount=0, deviceLimit=300, temperatureScale=FAHRENHEIT, countryCode=USA, timeZoneId=null), LocationItemExtraData(isAccessLevelChanged=false, hasNewDevice=false, isGeoplaceRestricted=false))
04-19 21:42:55.187  5578  8246 I FacsCacheGmsModule: API connection successful!
04-19 21:42:55.187  4730  4748 I FacsCacheGmsModule: (REDACTED) Received 'readDeviceLevelSettings' request from package '%s'...
04-19 21:42:55.187  4730  4748 I FacsCacheGmsModule: Operation 'readDeviceLevelSettings' dispatched!
04-19 21:42:55.187  5578  8246 I FacsCacheGmsModule: Receiving API connection to internal FACS API...
04-19 21:42:55.187  4730  4748 I FacsCacheGmsModule: (REDACTED) Received 'readDeviceLevelSettings' request from package '%s'...
04-19 21:42:55.187  5578  8246 I FacsCacheGmsModule: API connection successful!
04-19 21:42:55.187  4730  4748 I FacsCacheGmsModule: Operation 'readDeviceLevelSettings' dispatched!
04-19 21:42:55.188  4730  4748 I FacsCacheGmsModule: (REDACTED) Received 'readDeviceLevelSettings' request from package '%s'...
04-19 21:42:55.188  5578  8246 I FacsCacheGmsModule: Receiving API connection to internal FACS API...
04-19 21:42:55.188  4730  4748 I FacsCacheGmsModule: Operation 'readDeviceLevelSettings' dispatched!
04-19 21:42:55.188  4730 29055 I FacsCacheGmsModule: (REDACTED) Executing operation '%s'...
04-19 21:42:55.188  4730  4748 I FacsCacheGmsModule: (REDACTED) Received 'readDeviceLevelSettings' request from package '%s'...
04-19 21:42:55.188  4730  4748 I FacsCacheGmsModule: Operation 'readDeviceLevelSettings' dispatched!
04-19 21:42:55.189  4730  4748 I FacsCacheGmsModule: (REDACTED) Receiving API connection to FACS API from package '%s'...
04-19 21:42:55.189  4730  4748 I FacsCacheGmsModule: API connection successful!
04-19 21:42:55.189  4730 29055 I FacsCacheGmsModule: (REDACTED) Operation '%s' successful!
04-19 21:42:55.190  4730  4748 I FacsCacheGmsModule: (REDACTED) Received 'readDeviceLevelSettings' request from package '%s'...
04-19 21:42:55.190  5578  8246 I FacsCacheGmsModule: API connection successful!
04-19 21:42:55.190  4730 29055 I FacsCacheGmsModule: (REDACTED) Executing operation '%s'...
04-19 21:42:55.190  5578  8246 I FacsCacheGmsModule: Receiving API connection to internal FACS API...
04-19 21:42:55.190  4730 29055 I FacsCacheGmsModule: (REDACTED) Operation '%s' successful!
04-19 21:42:55.191  5578  8246 I FacsCacheGmsModule: API connection successful!
04-19 21:42:55.191 30202 30202 D nativeloader: Load libframework-connectivity-tiramisu-jni.so using APEX ns com_android_tethering for caller /apex/com.android.tethering/javalib/framework-connectivity-t.jar: ok
04-19 21:42:55.191  4730 29055 I FacsCacheGmsModule: (REDACTED) Executing operation '%s'...
04-19 21:42:55.191  4730  4748 I FacsCacheGmsModule: Operation 'readDeviceLevelSettings' dispatched!
04-19 21:42:55.191  4730  4748 I FacsCacheGmsModule: (REDACTED) Receiving API connection to FACS API from package '%s'...
04-19 21:42:55.192  5578 18313 I FacsCacheGmsModule: Receiving API connection to internal FACS API...
04-19 21:42:55.191  4730 29055 I FacsCacheGmsModule: (REDACTED) Operation '%s' successful!
04-19 21:42:55.192  4730  4748 I FacsCacheGmsModule: API connection successful!
04-19 21:42:55.192  4730  4748 I FacsCacheGmsModule: (REDACTED) Receiving API connection to FACS API from package '%s'...
04-19 21:42:55.192  5578 18313 I FacsCacheGmsModule: API connection successful!
04-19 21:42:55.192  5578 30094 I GmsCoreXrpcWrapper: (REDACTED) Returning a channel provider with trafficStatsTag=%d trafficStatsUid=%d
04-19 21:42:55.192  5578 18313 I FacsCacheGmsModule: Receiving API connection to internal FACS API...
04-19 21:42:55.193  4730  4748 I FacsCacheGmsModule: API connection successful!
04-19 21:42:55.193  5578 30101 I GmsCoreXrpcWrapper: (REDACTED) Returning a channel provider with trafficStatsTag=%d trafficStatsUid=%d
04-19 21:42:55.193  5578 18313 I FacsCacheGmsModule: API connection successful!
04-19 21:42:55.194  4730  4748 I FacsCacheGmsModule: (REDACTED) Received 'readDeviceLevelSettings' request from package '%s'...
04-19 21:42:55.194  4730  4748 I FacsCacheGmsModule: Operation 'readDeviceLevelSettings' dispatched!
04-19 21:42:55.194  4730 29055 I FacsCacheGmsModule: (REDACTED) Executing operation '%s'...
04-19 21:42:55.194 30202 30202 D ActivityThread: setConscryptValidator
04-19 21:42:55.194 30202 30202 D ActivityThread: setConscryptValidator - put
04-19 21:42:55.194  4730  4748 I FacsCacheGmsModule: (REDACTED) Received 'readDeviceLevelSettings' request from package '%s'...
04-19 21:42:55.194  4730  4748 I FacsCacheGmsModule: Operation 'readDeviceLevelSettings' dispatched!
04-19 21:42:55.195  4730  4748 I FacsCacheGmsModule: (REDACTED) Receiving API connection to FACS API from package '%s'...
04-19 21:42:55.195  4730 29055 I FacsCacheGmsModule: (REDACTED) Operation '%s' successful!
04-19 21:42:55.194  5578 29384 I GmsCoreXrpcWrapper: (REDACTED) Returning a channel provider with trafficStatsTag=%d trafficStatsUid=%d
04-19 21:42:55.195  4730 29055 I FacsCacheGmsModule: (REDACTED) Executing operation '%s'...
04-19 21:42:55.196  5578 30103 I GmsCoreXrpcWrapper: (REDACTED) Returning a channel provider with trafficStatsTag=%d trafficStatsUid=%d
04-19 21:42:55.196  4730  4748 I FacsCacheGmsModule: API connection successful!
04-19 21:42:55.196  5578 18313 I FacsCacheGmsModule: Receiving API connection to internal FACS API...
04-19 21:42:55.196  4730  4748 I FacsCacheGmsModule: (REDACTED) Received 'readDeviceLevelSettings' request from package '%s'...
04-19 21:42:55.196  4730  4748 I FacsCacheGmsModule: Operation 'readDeviceLevelSettings' dispatched!
04-19 21:42:55.197  4730 29055 I FacsCacheGmsModule: (REDACTED) Operation '%s' successful!
04-19 21:42:55.197  5578 18313 I FacsCacheGmsModule: API connection successful!
04-19 21:42:55.197  4730  4748 I FacsCacheGmsModule: (REDACTED) Receiving API connection to FACS API from package '%s'...
04-19 21:42:55.198  5578 30106 I GmsCoreXrpcWrapper: (REDACTED) Returning a channel provider with trafficStatsTag=%d trafficStatsUid=%d
04-19 21:42:55.198  5578 18313 I FacsCacheGmsModule: Receiving API connection to internal FACS API...
04-19 21:42:55.198  5578 18313 I FacsCacheGmsModule: API connection successful!
04-19 21:42:55.198  4730 29055 I FacsCacheGmsModule: (REDACTED) Executing operation '%s'...
04-19 21:42:55.199  4730  4748 I FacsCacheGmsModule: API connection successful!
04-19 21:42:55.199  4730 29055 I FacsCacheGmsModule: (REDACTED) Operation '%s' successful!
04-19 21:42:55.199  5578 30093 I GmsCoreXrpcWrapper: (REDACTED) Returning a channel provider with trafficStatsTag=%d trafficStatsUid=%d
04-19 21:42:55.200  4730  4748 I FacsCacheGmsModule: (REDACTED) Received 'readDeviceLevelSettings' request from package '%s'...
04-19 21:42:55.200  4730 29055 I FacsCacheGmsModule: (REDACTED) Executing operation '%s'...
04-19 21:42:55.201  4730  4748 I FacsCacheGmsModule: Operation 'readDeviceLevelSettings' dispatched!
04-19 21:42:55.201  4730 29055 I FacsCacheGmsModule: (REDACTED) Operation '%s' successful!
04-19 21:42:55.201  4730 29055 I FacsCacheGmsModule: (REDACTED) Executing operation '%s'...
04-19 21:42:55.201  4730 29055 I FacsCacheGmsModule: (REDACTED) Operation '%s' successful!
04-19 21:42:55.201  4730 29055 I FacsCacheGmsModule: (REDACTED) Executing operation '%s'...
04-19 21:42:55.201  4730 29055 I FacsCacheGmsModule: (REDACTED) Operation '%s' successful!
04-19 21:42:55.201  4730 29055 I FacsCacheGmsModule: (REDACTED) Executing operation '%s'...
04-19 21:42:55.202  4730 29055 I FacsCacheGmsModule: (REDACTED) Operation '%s' successful!
04-19 21:42:55.202  5578 29373 I GmsCoreXrpcWrapper: (REDACTED) Returning a channel provider with trafficStatsTag=%d trafficStatsUid=%d
04-19 21:42:55.202  5578 30099 I GmsCoreXrpcWrapper: (REDACTED) Returning a channel provider with trafficStatsTag=%d trafficStatsUid=%d
04-19 21:42:55.203  6455  6467 V OsAgent : broadcastSystemEvent - 7
04-19 21:42:55.203  5578 30111 I GmsCoreXrpcWrapper: (REDACTED) Returning a channel provider with trafficStatsTag=%d trafficStatsUid=%d
04-19 21:42:55.203  5578 30095 I GmsCoreXrpcWrapper: (REDACTED) Returning a channel provider with trafficStatsTag=%d trafficStatsUid=%d
04-19 21:42:55.209  4730  4748 W Auth    : [ClearToken] Failed to delete an intermediate token as owning package is missing. [CONTEXT service_id=343 ]
04-19 21:42:55.215 30202 30202 D nativeloader: Configuring clns-shared-9 for other apk /system/priv-app/SamsungCalendarProvider/SamsungCalendarProvider.apk. target_sdk_version=35, uses_libraries=, library_path=/system/priv-app/SamsungCalendarProvider/lib/arm64:/system/lib64:/system_ext/lib64, permitted_path=/data:/mnt/expand:/data/user/0/com.android.providers.calendar:/system/priv-app/SamsungCalendarProvider:/system/lib64:/system_ext/lib64
04-19 21:42:55.216 30202 30202 D CompatChangeReporter: Compat change id reported: 202956589; UID 10112; state: ENABLED
04-19 21:42:55.225 30202 30202 V GraphicsEnvironment: Currently set values for:
04-19 21:42:55.225 30202 30202 V GraphicsEnvironment:   angle_gl_driver_selection_pkgs=[]
04-19 21:42:55.225 30202 30202 V GraphicsEnvironment:   angle_gl_driver_selection_values=[]
04-19 21:42:55.225 30202 30202 V GraphicsEnvironment: com.android.providers.calendar is not listed in per-application setting
04-19 21:42:55.225 30202 30202 V GraphicsEnvironment: ANGLE allowlist from config: 
04-19 21:42:55.225 30202 30202 V GraphicsEnvironment: com.android.providers.calendar is not listed in ANGLE allowlist or settings, returning default
04-19 21:42:55.230 30202 30202 I TasksProvider: TaskProvider Constructor
04-19 21:42:55.232 30058 30058 I [-0400]oneconnect[1.8.45.24_01][MAIN_UI]: D2dPiper@D2dPiperLifecycleManager.init - 
04-19 21:42:55.242 30202 30202 I CalendarProvider$CalendarProvider2: CalendarProvider Started.
04-19 21:42:55.244 30202 30202 E ashmem  : Pinning is deprecated since Android Q. Please use trim or other methods.
04-19 21:42:55.250 30058 30058 I [-0400]oneconnect[1.8.45.24_01][MAIN_UI]: PreferenceWrapper.isSamsungHealthSupport - true
04-19 21:42:55.250 30058 30058 I [-0400]oneconnect[1.8.45.24_01][MAIN_UI]: DataLayerLifecycleManager.subscribeIdleState - 
04-19 21:42:55.250 30058 30058 I [-0400]oneconnect[1.8.45.24_01][MAIN_UI]: HomeMonitorLifecycleManager.subscribeIdleState - 
04-19 21:42:55.255  1609  5265 I vendor.qti.bluetooth@1.1-ibs_handler: ProcessIbsCmd: Received IBS_WAKE_IND: 0xFD
04-19 21:42:55.255  1609  5265 D vendor.qti.bluetooth@1.1-ibs_handler: SerialClockVote: vote for UART CLK ON
04-19 21:42:55.255  1609  5265 D vendor.qti.bluetooth@1.1-wake_lock: Acquire wakelock is acquired 
04-19 21:42:55.255  1609  5265 I vendor.qti.bluetooth@1.1-ibs_handler: ProcessIbsCmd: Writing IBS_WAKE_ACK
04-19 21:42:55.259  1147  1147 D io_stats: !@   8,0 r 33909515 632359928 w 5745430 95588436 d 696610 75893340 f 389072 527996 iot 6031720 0 th 0 0 0 pt 0 inp 0 1 111890.064
04-19 21:42:55.259 30202 30202 I CalendarProvider$CalendarProvider2: registerIntentFilter
04-19 21:42:55.259 30202 30202 I CalendarProvider$CalendarProvider2: Created a.a@c9f4f2b(com.android.providers.calendar.CalendarProvider2@35ff88)
04-19 21:42:55.260  1147  1147 D io_stats: !@ Read_top(KB): roid.oneconnect(30058) 87452 sung.android.ce(29940) 33964 martsuggestions(7220) 21124
04-19 21:42:55.260  1147  1147 D io_stats: !@ Write_top(KB): kworker/u16:2(9242) 10440 f2fs_ckpt-254:6(1284) 1228 .gms.persistent(4730) 132
04-19 21:42:55.260 30202 30202 I CalendarProvider$CalendarProvider2: startContactBirthdaySync
04-19 21:42:55.261 30202 30202 I CalendarProvider$CalendarProvider2: Success to Start CalendarProvider.
04-19 21:42:55.261 30202 30224 I CalendarProvider$CalendarProvider2: Run PostInitializeThread
04-19 21:42:55.261 30202 30202 I CalendarProvider$ShadowCalendarProvider: ShadowCalendarProvider started.
04-19 21:42:55.263 30058 30191 I [-0400]oneconnect[1.8.45.24_01][MAIN_UI]: FavoriteSyncStatusManager.recomputeStatus - status : true
04-19 21:42:55.263  4249  5273 I ScanController: onScanResult to scannerId: 12- eventType=0x1a, addressType=1, address=XX:XX:XX:XX:71:20, primaryPhy=1, secondaryPhy=0, advertisingSid=0xff, txPower=127, rssi=-65, periodicAdvInt=0x0
04-19 21:42:55.264 30058 30058 I [-0400]oneconnect[1.8.45.24_01][MAIN_UI]: DashboardRepo@OnAirMessageDataProcessor.init - 
04-19 21:42:55.264 30058 30192 I [-0400]oneconnect[1.8.45.24_01][MAIN_UI]: DashboardRepo@OnAirMessageDataProcessor.init - isStorySummaryHomeCareSupported=true
04-19 21:42:55.264 30058 30192 I [-0400]oneconnect[1.8.45.24_01][MAIN_UI]: DashboardRepo@OnAirMessageDataProcessor.loadFromDb - 
04-19 21:42:55.265  2748  7495 I ActivityManager: Changes in 10112 19 to 5, 0 to 144
04-19 21:42:55.265  2748  3762 D BackgroundInstallControlService: Package event received: 0
04-19 21:42:55.267 30058 30058 I [-0400]oneconnect[1.8.45.24_01][MAIN_UI]: DomainLayer@DomainLayerMainLifecycleManager.subscribeIdleState - 
04-19 21:42:55.268 30058 30058 I [-0400]oneconnect[1.8.45.24_01][MAIN_UI]: MainProcessLifecycleManager.subscribeIdleState - 
04-19 21:42:55.268 30058 30058 I [-0400]oneconnect[1.8.45.24_01][MAIN_UI]: PluginProcessLifecycleManager.subscribeIdleState - 
04-19 21:42:55.269 30058 30058 I [-0400]oneconnect[1.8.45.24_01][MAIN_UI]: DeepResearchLifecycleManager.subscribeIdleState - 
04-19 21:42:55.271 30058 30192 I [-0400]oneconnect[1.8.45.24_01][MAIN_UI]: LocalHub@LocalHubUiLifecycleHelper.uiLifecycleFlow - mainUiForegroundState: false | pluginForegroundState: false
04-19 21:42:55.272 30058 30167 I [-0400]oneconnect[1.8.45.24_01][MAIN_UI]: LocalHub@LocalHubWifiRssiHelper.wifiRssiFlow - Is wifi rssi above threshold: false
04-19 21:42:55.273 30058 30159 I [-0400]oneconnect[1.8.45.24_01][MAIN_UI]: LocalHub@LocalHubUiLifecycleHelper.uiLifecycleFlow - mainUiForegroundState: false | pluginForegroundState: false
04-19 21:42:55.275 30058 30058 I [-0400]oneconnect[1.8.45.24_01][MAIN_UI]: MainUiInitializeHelper.init - 
04-19 21:42:55.275 30058 30169 I [-0400]oneconnect[1.8.45.24_01][MAIN_UI]: DomainLayer@SummaryDataOperation.cacheSummaryTickers - Load SummaryTicker
04-19 21:42:55.275 30058 30158 I [-0400]oneconnect[1.8.45.24_01][MAIN_UI]: DeviceControlUiInteractor.cacheCardItems - Load CardItem
04-19 21:42:55.275 30058 30197 W [-0400]oneconnect[1.8.45.24_01][MAIN_UI]: Repo@DeviceDataSource.getDeviceItemsFlow - not initialized. wait until initialized
04-19 21:42:55.276 30058 30058 I [-0400]oneconnect[1.8.45.24_01][MAIN_UI]: MainUiInitializeHelper.doOnRegisteredHelper - 
04-19 21:42:55.276 30202 30224 I CalendarProvider$CalendarAlarmManager: rescheduleMissedAlarms
04-19 21:42:55.276 30058 30201 I [-0400]oneconnect[1.8.45.24_01][MAIN_UI]: RecommendationDb.onOpen - db.version = 26
04-19 21:42:55.276 30058 30058 I [-0400]oneconnect[1.8.45.24_01][MAIN_UI]: UiLifecycleObserver.appForegroundState - BACKGROUNDED
04-19 21:42:55.276 30058 30058 I [-0400]oneconnect[1.8.45.24_01][MAIN_UI]: DataLayerLifecycleManager.removeCaller - before : [], updated : []
04-19 21:42:55.276 30058 30058 I [-0400]oneconnect[1.8.45.24_01][MAIN_UI]: DomainLayer@DomainLayerMainLifecycleManager.removeCaller - before : [], updated : []
04-19 21:42:55.276 30058 30160 I [-0400]oneconnect[1.8.45.24_01][MAIN_UI]: Repo@DataSourceLifecycleManager.initialize - 
04-19 21:42:55.276 30058 30160 I [-0400]oneconnect[1.8.45.24_01][MAIN_UI]: Repo@DeviceDataSource.initialize - 
04-19 21:42:55.276 30058 30160 I [-0400]oneconnect[1.8.45.24_01][MAIN_UI]: DomainRepo@ServiceDataSource.initialize - start
04-19 21:42:55.276 30058 30058 I [-0400]oneconnect[1.8.45.24_01][MAIN_UI]: MainProcessLifecycleManager.removeCaller - before : [], updated : []
04-19 21:42:55.276 30058 30160 I [-0400]oneconnect[1.8.45.24_01][MAIN_UI]: DomainLayer@SceneDataSource.initialize - 
04-19 21:42:55.277 30058 30058 I [-0400]oneconnect[1.8.45.24_01][MAIN_UI]: HomeMonitorLifecycleManager.removeCaller - before : [], updated : []
04-19 21:42:55.277 30058 30058 I [-0400]oneconnect[1.8.45.24_01][MAIN_UI]: DeepResearchLifecycleManager.removeCaller - before : [], updated : []
04-19 21:42:55.277 30058 30160 I [-0400]oneconnect[1.8.45.24_01][MAIN_UI]: DomainRepo@RoomDataSource.initialize - 
04-19 21:42:55.278 30058 30158 I [-0400]oneconnect[1.8.45.24_01][MAIN_UI]: DeviceControlUiInteractor.cacheCardItems - currentLocationId : Location(($)e48060ca)
04-19 21:42:55.278 30058 30158 I [-0400]oneconnect[1.8.45.24_01][MAIN_UI]: DeviceControlUiInteractor.cacheCardItems - Load start
04-19 21:42:55.278 30058 30194 I [-0400]oneconnect[1.8.45.24_01][MAIN_UI]: DomainLayer@SummaryDataOperation.cacheSummaryTickers - currentLocationId : ($)e48060ca
04-19 21:42:55.278 30058 30160 I [-0400]oneconnect[1.8.45.24_01][MAIN_UI]: DomainRepo@SummaryCacheDataSource.initialize - start
04-19 21:42:55.279 30058 30160 I [-0400]oneconnect[1.8.45.24_01][MAIN_UI]: BixbyHintsDataSource.isBixbyAvailable - false, false, 1.0
04-19 21:42:55.279 30058 30160 I [-0400]oneconnect[1.8.45.24_01][MAIN_UI]: BixbyHintsDataSource.initialize - bixbyLocaleSaved:, isEnabled:false
04-19 21:42:55.279 30058 30160 I [-0400]oneconnect[1.8.45.24_01][MAIN_UI]: BixbyHintsDataSource.initialize - end
04-19 21:42:55.279 30058 30193 I [-0400]oneconnect[1.8.45.24_01][MAIN_UI]: DomainRepo@SummaryCacheDataSource.initializeSummaryCategorySettings - 
04-19 21:42:55.280 30058 30192 I [-0400]oneconnect[1.8.45.24_01][MAIN_UI]: HomeUiInteractor.cacheFavoriteCardItems - Load FavoriteCardItems
04-19 21:42:55.280 30058 30192 I [-0400]oneconnect[1.8.45.24_01][MAIN_UI]: HomeUiInteractor.cacheFavoriteCardItems - currentLocationId : ($)e48060ca
04-19 21:42:55.280 30058 30192 I [-0400]oneconnect[1.8.45.24_01][MAIN_UI]: HomeUiInteractor.cacheFavoriteTabUiItems - Load FavoriteTabUiItem
04-19 21:42:55.282  7220 12941 I NowBrief$CalendarDataSource: DefaultDispatcher-worker-7] calendar cursor count = 0
04-19 21:42:55.285 30058 30191 I [-0400]oneconnect[1.8.45.24_01][MAIN_UI]: DomainRepo@SummaryCacheDataSource.initializeSummaryCategorySettings.collect - 
04-19 21:42:55.285 30058 30191 I [-0400]oneconnect[1.8.45.24_01][MAIN_UI]: DomainRepo@SummaryCacheDataSource.getCacheSummaryCategorySettingsFlow - SummarySettingItem(locationId=($)e48060ca, category=Main, order=-1, isEnabled=true, selectItems=[], hidden=false)
04-19 21:42:55.285 30058 30191 I [-0400]oneconnect[1.8.45.24_01][MAIN_UI]: DomainRepo@SummaryCacheDataSource.getCacheSummaryCategorySettingsFlow - SummarySettingItem(locationId=($)e48060ca, category=Intrusion, order=-1, isEnabled=true, selectItems=[], hidden=false)
04-19 21:42:55.285 30058 30191 I [-0400]oneconnect[1.8.45.24_01][MAIN_UI]: DomainRepo@SummaryCacheDataSource.getCacheSummaryCategorySettingsFlow - SummarySettingItem(locationId=($)e48060ca, category=Smoke, order=-1, isEnabled=true, selectItems=[], hidden=false)
04-19 21:42:55.285 30058 30191 I [-0400]oneconnect[1.8.45.24_01][MAIN_UI]: DomainRepo@SummaryCacheDataSource.getCacheSummaryCategorySettingsFlow - SummarySettingItem(locationId=($)e48060ca, category=Moisture, order=-1, isEnabled=true, selectItems=[], hidden=false)
04-19 21:42:55.285 30058 30191 I [-0400]oneconnect[1.8.45.24_01][MAIN_UI]: DomainRepo@SummaryCacheDataSource.getCacheSummaryCategorySettingsFlow - SummarySettingItem(locationId=($)e48060ca, category=DoorLock, order=-1, isEnabled=true, selectItems=[], hidden=false)
04-19 21:42:55.286 30058 30191 I [-0400]oneconnect[1.8.45.24_01][MAIN_UI]: DomainRepo@SummaryCacheDataSource.getCacheSummaryCategorySettingsFlow - SummarySettingItem(locationId=($)e48060ca, category=Opened, order=-1, isEnabled=true, selectItems=[], hidden=false)
04-19 21:42:55.286 30058 30191 I [-0400]oneconnect[1.8.45.24_01][MAIN_UI]: DomainRepo@SummaryCacheDataSource.getCacheSummaryCategorySettingsFlow - SummarySettingItem(locationId=($)e48060ca, category=HomeCare, order=-1, isEnabled=true, selectItems=[], hidden=false)
04-19 21:42:55.286 30058 30191 I [-0400]oneconnect[1.8.45.24_01][MAIN_UI]: DomainRepo@SummaryCacheDataSource.getCacheSummaryCategorySettingsFlow - SummarySettingItem(locationId=($)e48060ca, category=Offline, order=-1, isEnabled=true, selectItems=[], hidden=false)
04-19 21:42:55.286  2748  3762 D BackgroundInstallControlService: Package event received: 0
04-19 21:42:55.286 30058 30191 I [-0400]oneconnect[1.8.45.24_01][MAIN_UI]: DomainRepo@SummaryCacheDataSource.getCacheSummaryCategorySettingsFlow - SummarySettingItem(locationId=($)e48060ca, category=LowBattery, order=-1, isEnabled=true, selectItems=[], hidden=false)
04-19 21:42:55.286 30058 30191 I [-0400]oneconnect[1.8.45.24_01][MAIN_UI]: DomainRepo@SummaryCacheDataSource.getCacheSummaryCategorySettingsFlow - SummarySettingItem(locationId=($)e48060ca, category=PLCM, order=-1, isEnabled=true, selectItems=[], hidden=false)
04-19 21:42:55.286 30058 30191 I [-0400]oneconnect[1.8.45.24_01][MAIN_UI]: DomainRepo@SummaryCacheDataSource.getCacheSummaryCategorySettingsFlow - SummarySettingItem(locationId=($)e48060ca, category=Washer, order=-1, isEnabled=true, selectItems=[], hidden=false)
04-19 21:42:55.286 30058 30191 I [-0400]oneconnect[1.8.45.24_01][MAIN_UI]: DomainRepo@SummaryCacheDataSource.getCacheSummaryCategorySettingsFlow - SummarySettingItem(locationId=($)e48060ca, category=Dryer, order=-1, isEnabled=true, selectItems=[], hidden=false)
04-19 21:42:55.286 30058 30191 I [-0400]oneconnect[1.8.45.24_01][MAIN_UI]: DomainRepo@SummaryCacheDataSource.getCacheSummaryCategorySettingsFlow - SummarySettingItem(locationId=($)e48060ca, category=DishWasher, order=-1, isEnabled=true, selectItems=[], hidden=false)
04-19 21:42:55.286 30058 30191 I [-0400]oneconnect[1.8.45.24_01][MAIN_UI]: DomainRepo@SummaryCacheDataSource.getCacheSummaryCategorySettingsFlow - SummarySettingItem(locationId=($)e48060ca, category=AirDresser, order=-1, isEnabled=true, selectItems=[], hidden=false)
04-19 21:42:55.286 30058 30191 I [-0400]oneconnect[1.8.45.24_01][MAIN_UI]: DomainRepo@SummaryCacheDataSource.getCacheSummaryCategorySettingsFlow - SummarySettingItem(locationId=($)e48060ca, category=ShoeDresser, order=-1, isEnabled=true, selectItems=[], hidden=false)
04-19 21:42:55.286 30058 30191 I [-0400]oneconnect[1.8.45.24_01][MAIN_UI]: DomainRepo@SummaryCacheDataSource.getCacheSummaryCategorySettingsFlow - SummarySettingItem(locationId=($)e48060ca, category=Weather, order=-1, isEnabled=true, selectItems=[], hidden=false)
04-19 21:42:55.286 30058 30191 I [-0400]oneconnect[1.8.45.24_01][MAIN_UI]: DomainRepo@SummaryCacheDataSource.getCacheSummaryCategorySettingsFlow - SummarySettingItem(locationId=($)e48060ca, category=OutDoorAirQuality, order=-1, isEnabled=true, selectItems=[], hidden=false)
04-19 21:42:55.286 30058 30191 I [-0400]oneconnect[1.8.45.24_01][MAIN_UI]: DomainRepo@SummaryCacheDataSource.getCacheSummaryCategorySettingsFlow - SummarySettingItem(locationId=($)e48060ca, category=Media, order=-1, isEnabled=true, selectItems=[], hidden=false)
04-19 21:42:55.286 30058 30190 I [-0400]oneconnect[1.8.45.24_01][MAIN_UI]: DomainLayer@LocationOperation.currentLocationIdFlow - onEach, locationId=Location(($)e48060ca)}
04-19 21:42:55.286 30058 30191 I [-0400]oneconnect[1.8.45.24_01][MAIN_UI]: DomainRepo@SummaryCacheDataSource.getCacheSummaryCategorySettingsFlow - SummarySettingItem(locationId=($)e48060ca, category=Temperature, order=-1, isEnabled=true, selectItems=[], hidden=false)
04-19 21:42:55.286 30058 30191 I [-0400]oneconnect[1.8.45.24_01][MAIN_UI]: DomainRepo@SummaryCacheDataSource.getCacheSummaryCategorySettingsFlow - SummarySettingItem(locationId=($)e48060ca, category=Humidity, order=-1, isEnabled=true, selectItems=[], hidden=false)
04-19 21:42:55.286 30058 30193 I [-0400]oneconnect[1.8.45.24_01][MAIN_UI]: DomainLayer@LocationOperation.locationsFlow - onEach, LocationDomainItem(id='Location(($)e48060ca)', name='($)-M(7)', wallpaper='0', order=0, isDefault=false, isPersonal=false, isOwner=true, isEnabled=true, ownerId='', isPermissionChanged=false, permissions=[WRITE_LINKED_PLACES, READ_SCENES, READ_INSTALLED_APPS, UNKNOWN, READ_RULES, WRITE_SCENES, UNKNOWN, READ_ROOMS, WRITE_INSTALLED_APPS, WRITE_GRANT_LOCATION_SHARE, UNKNOWN, WRITE_LOCATIONS, WRITE_LOCATIONS_GEO_COORDINATES, WRITE_ROOMS, UNKNOWN, READ_LINKED_PLACES, WRITE_LOCATIONS_CURRENT_MODE, READ_LOCATIONS_CURRENT_MODE, WRITE_DEVICES, READ_MODES, UNKNOWN, WRITE_RULES, DELETE_LOCATIONS], isMfu=false, hasNewDevice=false, isNew=true, deviceVacancies=300, deviceCount=0, deviceLimit=300, temperatureScale=FAHRENHEIT, countryCode=USA, timeZoneId=null)
04-19 21:42:55.286 30058 30191 I [-0400]oneconnect[1.8.45.24_01][MAIN_UI]: DomainRepo@SummaryCacheDataSource.getCacheSummaryCategorySettingsFlow - SummarySettingItem(locationId=($)e48060ca, category=AirQuality, order=-1, isEnabled=true, selectItems=[], hidden=false)
04-19 21:42:55.286 30058 30191 I [-0400]oneconnect[1.8.45.24_01][MAIN_UI]: DomainRepo@SummaryCacheDataSource.getCacheSummaryCategorySettingsFlow - SummarySettingItem(locationId=($)e48060ca, category=SleepEnvironment, order=-1, isEnabled=true, selectItems=[], hidden=false)
04-19 21:42:55.286 30058 30191 I [-0400]oneconnect[1.8.45.24_01][MAIN_UI]: DomainRepo@SummaryCacheDataSource.getCacheSummaryCategorySettingsFlow - SummarySettingItem(locationId=($)e48060ca, category=Energy, order=-1, isEnabled=true, selectItems=[], hidden=false)
04-19 21:42:55.286 30058 30191 I [-0400]oneconnect[1.8.45.24_01][MAIN_UI]: DomainRepo@SummaryCacheDataSource.getCacheSummaryCategorySettingsFlow - SummarySettingItem(locationId=($)e48060ca, category=Hub, order=-1, isEnabled=true, selectItems=[], hidden=false)
04-19 21:42:55.286 30058 30191 I [-0400]oneconnect[1.8.45.24_01][MAIN_UI]: DomainRepo@SummaryCacheDataSource.getCacheSummaryCategorySettingsFlow - SummarySettingItem(locationId=($)e48060ca, category=Lights, order=-1, isEnabled=true, selectItems=[], hidden=false)
04-19 21:42:55.286 30058 30191 I [-0400]oneconnect[1.8.45.24_01][MAIN_UI]: DomainRepo@SummaryCacheDataSource.getCacheSummaryCategorySettingsFlow - SummarySettingItem(locationId=($)e48060ca, category=Blind, order=-1, isEnabled=true, selectItems=[], hidden=false)
04-19 21:42:55.286 30058 30191 I [-0400]oneconnect[1.8.45.24_01][MAIN_UI]: DomainRepo@SummaryCacheDataSource.getCacheSummaryCategorySettingsFlow - SummarySettingItem(locationId=($)e48060ca, category=Insight, order=-1, isEnabled=true, selectItems=[], hidden=false)
04-19 21:42:55.286 30058 30191 I [-0400]oneconnect[1.8.45.24_01][MAIN_UI]: DomainRepo@SummaryCacheDataSource.getCacheSummaryCategorySettingsFlow - SummarySettingItem(locationId=($)e48060ca, category=Broadcast, order=-1, isEnabled=true, selectItems=[], hidden=false)
04-19 21:42:55.286 30058 30191 I [-0400]oneconnect[1.8.45.24_01][MAIN_UI]: DomainRepo@SummaryCacheDataSource.getCacheSummaryCategorySettingsFlow - SummarySettingItem(locationId=($)e48060ca, category=Absence, order=-1, isEnabled=false, selectItems=[], hidden=false)
04-19 21:42:55.286 30058 30190 I [-0400]oneconnect[1.8.45.24_01][MAIN_UI]: DomainLayer@LocationOperation.currentLocationFlow - onEach, LocationDomainItem(id='Location(($)e48060ca)', name='($)-M(7)', wallpaper='0', order=0, isDefault=false, isPersonal=false, isOwner=true, isEnabled=true, ownerId='', isPermissionChanged=false, permissions=[WRITE_LINKED_PLACES, READ_SCENES, READ_INSTALLED_APPS, UNKNOWN, READ_RULES, WRITE_SCENES, UNKNOWN, READ_ROOMS, WRITE_INSTALLED_APPS, WRITE_GRANT_LOCATION_SHARE, UNKNOWN, WRITE_LOCATIONS, WRITE_LOCATIONS_GEO_COORDINATES, WRITE_ROOMS, UNKNOWN, READ_LINKED_PLACES, WRITE_LOCATIONS_CURRENT_MODE, READ_LOCATIONS_CURRENT_MODE, WRITE_DEVICES, READ_MODES, UNKNOWN, WRITE_RULES, DELETE_LOCATIONS], isMfu=false, hasNewDevice=false, isNew=true, deviceVacancies=300, deviceCount=0, deviceLimit=300, temperatureScale=FAHRENHEIT, countryCode=USA, timeZoneId=null)
04-19 21:42:55.286 30058 30191 I [-0400]oneconnect[1.8.45.24_01][MAIN_UI]: DomainLayer@SummaryDataOperation.cacheSummaryTickers - main setting is on
04-19 21:42:55.287 30058 30195 I [-0400]oneconnect[1.8.45.24_01][MAIN_UI]: SmpInitializer.initialize - 
04-19 21:42:55.287 30058 30160 I [-0400]oneconnect[1.8.45.24_01][MAIN_UI]: DomainLayer@SummarySettingsOperation.getLocationSummaryAccessLevelFlow - currentUserDataStore : ($)e6c5d001
04-19 21:42:55.287 30058 30195 I [-0400]oneconnect[1.8.45.24_01][MAIN_UI]: SmpInitializer.initialize - register SmpActivityLifecycleCallbacks
04-19 21:42:55.287 30058 30190 I [-0400]oneconnect[1.8.45.24_01][MAIN_UI]: LocationTimezoneLifecycleManager.getZoneId - zoneId = null
04-19 21:42:55.289 30058 30058 I [-0400]oneconnect[1.8.45.24_01][MAIN_UI]: BixbyScreenHandler.CurrentScreenManager - init
04-19 21:42:55.289 30058 30058 I [-0400]oneconnect[1.8.45.24_01][MAIN_UI]: BixbyInitializeHelper.doOnRegisteredHelper - 
04-19 21:42:55.289 30058 30058 I [-0400]oneconnect[1.8.45.24_01][MAIN_UI]: BixbyInitializeHelper.initBixby - 
04-19 21:42:55.289 30058 30058 I CapsuleProvider_1.1.6: releasing initialize wait lock.
04-19 21:42:55.290 30058 30058 I Sbixby_1.1.6: initialized
04-19 21:42:55.290 30058 30058 I [-0400]oneconnect[1.8.45.24_01][MAIN_UI]: BixbyScreenHandler.updateAppState - 
04-19 21:42:55.290 30058 30058 I [-0400]oneconnect[1.8.45.24_01][MAIN_UI]: AppUiModeInitializer.initialize - 
04-19 21:42:55.290 30058 30058 I [-0400]oneconnect[1.8.45.24_01][MAIN_UI]: ScreenModeHelper.initialize - 
04-19 21:42:55.298 30058 30195 I [-0400]oneconnect[1.8.45.24_01][MAIN_UI]: WidgetInitializeHelper.initialize - 
04-19 21:42:55.298 30058 30058 I SamsungAnalyticsLogger: initialize
04-19 21:42:55.298 30058 30058 I [-0400]oneconnect[1.8.45.24_01][MAIN_UI]: QcApplication.onCreate - ***********************************
04-19 21:42:55.298 30058 30189 I SamsungAnalytics605069: Tracker start:6.05.069
04-19 21:42:55.298  4730  4748 W Auth    : [ClearToken] Failed to delete an intermediate token as owning package is missing. [CONTEXT service_id=343 ]
04-19 21:42:55.299  2748  5513 I ActivityManager: Changes in 10328 8 to 8, 0 to 128
04-19 21:42:55.300  1542  1542 D Zygote  : Forked child process 30229
04-19 21:42:55.301  2748  2772 D PackageManager: setEnabledSetting : userId = 0 packageName = com.samsung.android.oneconnect cmp = com.samsung.android.oneconnect.ui.widget.providers.MultiControlWidgetProvider newState = 1 callingPackage = com.samsung.android.oneconnect
04-19 21:42:55.301  2748  2772 D ApplicationPolicy: getApplicationStateEnabled : pkg = com.samsung.android.oneconnect userId : 0
04-19 21:42:55.301  2748  2772 D ApplicationPolicy: getApplicationComponentState : pkg = com.samsung.android.oneconnect userId : 0
04-19 21:42:55.301  2748  3048 D DeviceReportingSecurityChecker: getStatus
04-19 21:42:55.301  2748  3048 D DeviceReportingSecurityChecker: mIsICDStatus is true
04-19 21:42:55.301  2748  3048 D DeviceReportingSecurityChecker: mIsSim is true
04-19 21:42:55.301  2748  3048 D DeviceReportingSecurityChecker: mIsEchoAppSignature is true
04-19 21:42:55.301  2748  3048 D DeviceReportingSecurityChecker: security check passed
04-19 21:42:55.301  2748  3048 D DeviceReportingSecurityChecker: mIsICDStatus === true mIsSim == true mIsMyAccountSignature== false mIsEchoAppSignature== true mIsSprintHubSignature== false
04-19 21:42:55.302  2748  3048 I ActivityManager: Start proc 30229:com.samsung.android.app.reminder/u0a337 for content provider {com.samsung.android.app.reminder/com.samsung.android.app.reminder.data.provider.ReminderProvider}
04-19 21:42:55.302  2748  3048 I ActivityManager: ProcessObserver broadcast disabled
04-19 21:42:55.305  1609  5265 I vendor.qti.bluetooth@1.1-ibs_handler: ProcessIbsCmd: Received IBS_SLEEP_IND: 0xFE
04-19 21:42:55.305  1609  5265 D vendor.qti.bluetooth@1.1-ibs_handler: SerialClockVote: vote for UART CLK OFF
04-19 21:42:55.306  2748  5513 I ActivityManager: Changes in 10328 8 to 8, 128 to 0
04-19 21:42:55.310 30058 30228 I [-0400]oneconnect[1.8.45.24_01][MAIN_UI]: PrivacyPolicyRepository.isPpAgreed - ppAgreed=true
04-19 21:42:55.312 30058 30159 I [-0400]oneconnect[1.8.45.24_01][MAIN_UI]: PrivacyPolicyRepository.isPpAgreedSuspend - ppAgreed=true
04-19 21:42:55.314 30058 30159 I [-0400]oneconnect[1.8.45.24_01][MAIN_UI]: SmpInitializer.smpInit - 
04-19 21:42:55.314 30058 30190 I [-0400]oneconnect[1.8.45.24_01][MAIN_UI]: DomainLayer@SummarySettingsOperation.getLocationSummaryAccessLevelFlow - getLocationUserItemsFlow : 1
04-19 21:42:55.314 30058 30195 I [-0400]oneconnect[1.8.45.24_01][MAIN_UI]: WidgetInitializeHelper.isAiHomeWidgetDisableNeeded - model name = SM-S921U
04-19 21:42:55.314 30058 30195 I [-0400]oneconnect[1.8.45.24_01][MAIN_UI]: WidgetInitializeHelper.isAiHomeWidgetDisableNeeded - oneUi version = 80000
04-19 21:42:55.314 30058 30195 I [-0400]oneconnect[1.8.45.24_01][MAIN_UI]: WidgetInitializeHelper.enableAiHomeWidgetComponent - 
04-19 21:42:55.315 30058 30158 I [-0400]oneconnect[1.8.45.24_01][MAIN_UI]: DashboardRepo@DashboardUiDb.onOpen - db opened, ver:53
04-19 21:42:55.316  2748  5513 D PackageManager: setEnabledSetting : userId = 0 packageName = com.samsung.android.oneconnect cmp = com.samsung.android.oneconnect.ui.widget.aihomewidget.provider.AiHomeWidgetProvider newState = 1 callingPackage = com.samsung.android.oneconnect
04-19 21:42:55.316  2748  5513 D ApplicationPolicy: getApplicationStateEnabled : pkg = com.samsung.android.oneconnect userId : 0
04-19 21:42:55.316  2748  5513 D ApplicationPolicy: getApplicationComponentState : pkg = com.samsung.android.oneconnect userId : 0
04-19 21:42:55.317 30058 30159 I SmpLog  : [SMP] init. D:false O:DEVICE_BASED S:true M:true P:FCM_PRIMARY_MODE A:a
04-19 21:42:55.317 30058 30195 I [-0400]oneconnect[1.8.45.24_01][MAIN_UI]: WidgetInitializeHelper.checkTvWidgetComponent - OneUI is 7x
04-19 21:42:55.318  2748  2772 D PackageManager: setEnabledSetting : userId = 0 packageName = com.samsung.android.oneconnect cmp = com.samsung.android.oneconnect.ui.widget.devices.home.singledevicecontrol.tv.oneui7x.provider.TvControlHomeWidgetProvider newState = 1 callingPackage = com.samsung.android.oneconnect
04-19 21:42:55.318  2748  2772 D ApplicationPolicy: getApplicationStateEnabled : pkg = com.samsung.android.oneconnect userId : 0
04-19 21:42:55.318 30058 30228 I [-0400]oneconnect[1.8.45.24_01][MAIN_UI]: PrivacyPolicyRepository.isPpAgreed - ppAgreed=true
04-19 21:42:55.318  2748  2772 D ApplicationPolicy: getApplicationComponentState : pkg = com.samsung.android.oneconnect userId : 0
04-19 21:42:55.318 30058 30195 I [-0400]oneconnect[1.8.45.24_01][MAIN_UI]: WidgetInitializeHelper.checkMultiControlGlanceWidgetComponent - enable glance widget
04-19 21:42:55.318  2748  2772 D PackageManager: setEnabledSetting : userId = 0 packageName = com.samsung.android.oneconnect cmp = com.samsung.android.oneconnect.ui.widget.providers.MultiControlGlanceWidgetProvider newState = 1 callingPackage = com.samsung.android.oneconnect
04-19 21:42:55.318  2748  2772 D ApplicationPolicy: getApplicationStateEnabled : pkg = com.samsung.android.oneconnect userId : 0
04-19 21:42:55.318  2748  2772 D ApplicationPolicy: getApplicationComponentState : pkg = com.samsung.android.oneconnect userId : 0
04-19 21:42:55.319 30058 30197 I [-0400]oneconnect[1.8.45.24_01][MAIN_UI]: DomainLayer@SummaryDataOperation.cacheSummaryTickers - Load done
04-19 21:42:55.319 30058 30193 I [-0400]oneconnect[1.8.45.24_01][MAIN_UI]: HomeUiInteractor.cacheFavoriteTabUiItems - Load done
04-19 21:42:55.319 30058 30193 I [-0400]oneconnect[1.8.45.24_01][MAIN_UI]: HomeUiInteractor.cacheFavoriteCardItems - Load done
04-19 21:42:55.320 30058 30158 I [-0400]oneconnect[1.8.45.24_01][MAIN_UI]: DeviceControlUiInteractor.cacheCardItems - Load done
04-19 21:42:55.320 30058 30158 I [-0400]oneconnect[1.8.45.24_01][MAIN_UI]: DeviceControlUiInteractor.cacheCardItems - Load done
04-19 21:42:55.321 30058 30058 I [-0400]oneconnect[1.8.45.24_01][MAIN_UI]: QcApplication.onTrimMemory - ************** lvl=40 elapsed=9ms
