04-19 21:25:57.784  2206  3578 I OplusHansManager : uid=10052, pkg=cloud.vitalpbx.connect can transition from M to F
04-19 21:25:57.784  2206  3578 I OplusHansManager : uid=10052, pkg=cloud.vitalpbx.connect F enter(), M stay=1
04-19 21:25:57.794  2206  3578 I OplusHansManager : freeze uid: 10052 cloud.vitalpbx.connect pids: [5807, 7123] IsolatedUid: [99033] scene: LcdOff
04-19 21:25:57.796  5629 30566 D IHansComunication: HansComunication::addUid-- 10052, persistent--0
04-19 21:25:57.796  5629 30566 D IHansComunication: HANS sendMessageToKernel: threadId = 528677321904, netLinkSetup = 1, type = PKG, targetUid = 10052, pkgCmd = ADD_ONE_UID
04-19 21:25:58.170  1028  5640 E TetherController: property_get sys.radio.data.modem_share_flag return 0, 1!
04-19 21:25:58.797  5629 30566 D IHansComunication: HANS sendMessageToKernel: threadId = 528677321904, netLinkSetup = 1, type = FROZEN_TRANS, targetUid = 10052, pkgCmd = PKG_CMD_MAX
04-19 21:25:59.181  2206  3578 I OplusHansManager : uid=10370, pkg=com.google.android.apps.magazines can transition from M to F
04-19 21:25:59.181  2206  3578 I OplusHansManager : uid=10370, pkg=com.google.android.apps.magazines F enter(), M stay=10
04-19 21:25:59.186  2206  3578 I OplusHansManager : freeze uid: 10370 com.google.android.apps.magazines pids: [31159] scene: LcdOff
04-19 21:25:59.188  5629 30566 D IHansComunication: HansComunication::addUid-- 10370, persistent--0
04-19 21:25:59.188  5629 30566 D IHansComunication: HANS sendMessageToKernel: threadId = 528677321904, netLinkSetup = 1, type = PKG, targetUid = 10370, pkgCmd = ADD_ONE_UID
04-19 21:25:59.191  2206  3578 I OplusHansManager : uid=10405, pkg=com.experian.android can transition from M to F
04-19 21:25:59.192  2206  3578 I OplusHansManager : uid=10405, pkg=com.experian.android F enter(), M stay=10
04-19 21:25:59.196  2206  3578 I OplusHansManager : freeze uid: 10405 com.experian.android pids: [31302, 31131] scene: LcdOff
04-19 21:25:59.197  5629 30566 D IHansComunication: HansComunication::addUid-- 10405, persistent--0
04-19 21:25:59.197  5629 30566 D IHansComunication: HANS sendMessageToKernel: threadId = 528677321904, netLinkSetup = 1, type = PKG, targetUid = 10405, pkgCmd = ADD_ONE_UID
04-19 21:25:59.656  1693  1801 V ListServiceUtils: checkInListByUid module:media-bindermonitor package:mediaserver cost 6504us return 1
04-19 21:25:59.656  1693  1801 E ListServiceUtils: checkInListByUid module:media-bindermonitor package:mediaserver cost 6504us return 1
04-19 21:25:59.657  1693  1801 D OplusBinderMonitor: mediaserver BinderMonitor is enabled
04-19 21:25:59.881  1217  1217 D vendor.oplus.hardware.charger@1.0-service: getPsyUsbType type: USB, ret_value = 3
04-19 21:25:59.881  1217  1217 D vendor.oplus.hardware.charger@1.0-service: getPsyUsbType type: USB is usb charging.
04-19 21:25:59.890  6528  6528 E VendorNfcService: changeNfcStateByWirelessCharge: feature WIRELESS_CHARGING = true; mIsWirelessCharging: false; mIsReverseChargingSwitchOpen: false; mNfcWorkMode: 0; isOverSeaRegion() = true
04-19 21:25:59.893  2206  2287 I OplusHansManager : unfreeze uid: 10370 com.google.android.apps.magazines pids: [31159] reason: Broadcast scene: LcdOff
04-19 21:25:59.893  2206  3578 I OplusHansManager : uid=10370, pkg=com.google.android.apps.magazines, transition from F to Middle, reason=Broadcast
04-19 21:25:59.894  2206  3578 I OplusHansManager : uid=10370, pkg=com.google.android.apps.magazines F exit(), F stay=0, reason=Broadcast
04-19 21:25:59.897  2206  2287 I OplusHansManager : unfreeze uid: 10405 com.experian.android pids: [31302, 31131] reason: Broadcast scene: LcdOff
04-19 21:25:59.897  2206  3578 I OplusHansManager : uid=10405, pkg=com.experian.android, transition from F to Middle, reason=Broadcast
04-19 21:25:59.897  2206  3578 I OplusHansManager : uid=10405, pkg=com.experian.android F exit(), F stay=0, reason=Broadcast
04-19 21:25:59.897  6676  8668 E Battery : ChargeProtectionUtils: mCanlendarTmp.isEmpty()!
04-19 21:26:00.188  5629 30566 D IHansComunication: HANS sendMessageToKernel: threadId = 528677321904, netLinkSetup = 1, type = FROZEN_TRANS, targetUid = 10370, pkgCmd = PKG_CMD_MAX
04-19 21:26:00.197  5629 30566 D IHansComunication: HANS sendMessageToKernel: threadId = 528677321904, netLinkSetup = 1, type = FROZEN_TRANS, targetUid = 10405, pkgCmd = PKG_CMD_MAX
04-19 21:26:00.384  4906  4987 I Finsky  : [4327] Received Heterodyne sync response. StatusCode=200
04-19 21:26:00.402  4906  4989 E Finsky  : [4328] Failed to register with Phenotype for experiment package com.google.android.finsky.stable.
04-19 21:26:00.402  4906  4989 E Finsky  : java.util.concurrent.ExecutionException: com.google.android.libraries.phenotype.client.api.PhenotypeRuntimeException: 29504: 29504: Could not find valid auth token for all requested accounts
04-19 21:26:00.402  4906  4989 E Finsky  : 	at blur.h(PG:21)
04-19 21:26:00.402  4906  4989 E Finsky  : 	at bluz.r(PG:73)
04-19 21:26:00.402  4906  4989 E Finsky  : 	at ajlr.doInBackground(PG:126)
04-19 21:26:00.402  4906  4989 E Finsky  : 	at ajlt.f(PG:4)
04-19 21:26:00.402  4906  4989 E Finsky  : 	at ajlu.call(PG:3)
04-19 21:26:00.402  4906  4989 E Finsky  : 	at blxz.a(PG:3)
04-19 21:26:00.402  4906  4989 E Finsky  : 	at blxe.run(PG:19)
04-19 21:26:00.402  4906  4989 E Finsky  : 	at blya.run(PG:5)
04-19 21:26:00.402  4906  4989 E Finsky  : 	at blxr.run(PG:3)
04-19 21:26:00.402  4906  4989 E Finsky  : 	at blxs.run(PG:64)
04-19 21:26:00.402  4906  4989 E Finsky  : 	at java.util.concurrent.ThreadPoolExecutor.runWorker(ThreadPoolExecutor.java:1154)
04-19 21:26:00.402  4906  4989 E Finsky  : 	at java.util.concurrent.ThreadPoolExecutor$Worker.run(ThreadPoolExecutor.java:652)
04-19 21:26:00.402  4906  4989 E Finsky  : 	at bmxb.run(PG:57)
04-19 21:26:00.402  4906  4989 E Finsky  : 	at java.lang.Thread.run(Thread.java:1564)
04-19 21:26:00.402  4906  4989 E Finsky  : Caused by: com.google.android.libraries.phenotype.client.api.PhenotypeRuntimeException: 29504: 29504: Could not find valid auth token for all requested accounts
04-19 21:26:00.402  4906  4989 E Finsky  : 	at bhon.call(PG:285)
04-19 21:26:00.402  4906  4989 E Finsky  : 	at blvo.call(PG:21)
04-19 21:26:00.402  4906  4989 E Finsky  : 	at blxz.a(PG:3)
04-19 21:26:00.402  4906  4989 E Finsky  : 	at blxe.run(PG:19)
04-19 21:26:00.402  4906  4989 E Finsky  : 	at blya.run(PG:5)
04-19 21:26:00.402  4906  4989 E Finsky  : 	... 4 more
04-19 21:26:00.402  4906  4989 E Finsky  : Caused by: com.google.android.gms.phenotype.core.common.PhenotypeRuntimeException: 29504: Could not find valid auth token for all requested accounts
04-19 21:26:00.402  4906  4989 E Finsky  : 	at beer.m(PG:140)
04-19 21:26:00.402  4906  4989 E Finsky  : 	at beed.a(PG:185)
04-19 21:26:00.402  4906  4989 E Finsky  : 	at bhon.call(PG:265)
04-19 21:26:00.402  4906  4989 E Finsky  : 	... 8 more
04-19 21:26:00.402  4906  4989 I Finsky  : [4328] Triggered update for experiment package com.google.android.finsky.regular.
04-19 21:26:00.429  4906  4987 I Finsky  : [4327] Sending Heterodyne sync request for package com.google.android.finsky.regular
04-19 21:26:00.430  4906  4987 I System.out: begin to call ****** send due to user permission
04-19 21:26:00.431  4906  4987 I System.out: [apache]:check permission begin!
04-19 21:26:00.431  4906  4987 I System.out: [apache]:not MMS!
04-19 21:26:00.431  4906  4987 I System.out: [apache]:not MMS!
04-19 21:26:00.431  4906  4987 I System.out: isEmailSend:POST
04-19 21:26:00.431  4906  4987 I System.out: getAllHeaders:POST
04-19 21:26:00.431  4906  4987 I System.out: test:Authorization:Bearer ya29.m.CrQCAQ6ebQOkp2Ndpn4wdULhjBQdrVsAoJdJisbpq2zzAO2jFj8wLIctxSHd6-PiE-eE7Dfaxd7oNTqP8RtHZSNx6OASUuFpyZLBqsDm-AzUSKMv8PPPvZPgJdGX88tC2Z-octs4diMIMmezFHXx6X7-qSLkjhEOr6JM8pI-TVlMipujf_75OT3I4IqPv3MVXAJ65ORsfFXd-enNrzVvGlhNv2bnsOFV19KJvGxRkZeu207uIfAY4HOsTdJcThooLfSkV7hR16jOq4wYRFeP-rp0Ov713nWOkU5xCCd7e5V3pAscrmmIsLlKdqAp4NdVCYf1dTvivZZOrmIM9IdYQg7JJ548QQ47oBSSYJLDCU9bOizUoUjQuxK3FeFYhet2-pqhDRcXWxFD-sBykmFcyxB2UsiJ4u4SDQgBEgYKAQMQsEMY5CYaIJOUcnbA2W-Mt1FYAiCoyDsZulhdHroDpTLYDbXPqGqqIgIIASorYUNnWUtBVTBTQVJjU0ZRSEdYMk1pbDJVYnd1VzV3WVBGb3VlWl9ySVdKdzAA+ya29.m.CrQCAQ6ebQNqCFHcUbXuoo2J4q1qyawPmdJTdB0h_DySeMfSyCHimzC2jFLbM5p7EMnJZxhO0_9di8VP9jZnrctWe5mtKexJVzmxKb5INFH6HGZ7wVFzXNG01bnOEOZrDZKdsJbpOXyQNi1SU6E_bX6Dau9fdNy_F7qflEVRoyZTg4lENt9Y7Em1BJFU1XPLXxAHqI_VAfobBIdWbbAPjwRe0GKMJO_w5fMkJfFWlepSJFHjkWJYJWoKnKnUXyRdwWd79jHGNTZ3A_xqRDtIYR_80072K2IyqeLGlacyJPD1FEodHXsz9ozu5zigFHywy9xDxoXMV7hmeu8xRqBiRigyfO0gewNmFSCeTtxrHjp-8nTUbuWCV6iR98ULBC0RjoTjkJNiGz8CegFPqc3btm4ql1zLvwwSDQgBEgYKAQMQskMY5iYaIFq7otGxFYXIiUKIGDkfuIEZx2IuMrf0JJgC7hQ6Px0hIgIIASorYUNnWUtBWDRTQVJFU0ZRSEdYMk1pX2x4Mkk1N09MMnZjenVZeHV2Z011QTAA+ya29.m.CrQCAQ6ebQNqdfnlWLCcrdfljNUx6fjwC5LnhZIMLB58oYl4Z3Yd2vOV122oXZ7R079qnr7SnBPABbmQjri3fBlLcaq9K4foA3QeVcPRDIa8cRRmHhYwR_V3czI1ldQ4zTDyAVTe3t6E6acDRUV0ZbHU8e8iH5uUAhXlAfTItxikTC5SDy_aAMmfITkID5e7snl5HaeBc2lVlFy2WY72QUHcoA7umZSh1x_Cy23k7qt-j_AAuKc4uiejHuiz-8bWq70fBrKqtBK1hEEezg44rkrvsioyIxSLvHK6ygjOk42csXvg1QNaLXd0LeioTiIfSmm15VXBy5b4oJlkzQwmCJU9tHrtPjf24O8hq9MUJ5uX3wTBCxuZ0YZpppiEkGZEPqAFLGzrd76UGDadf7HEWYfnCPN0Ny0SDQgBEgYKAQMQtUMY6SYaIGgH-EliCENIjMgM4VBmaPuCN4JPVivjPHmAu_k7xfgPIgIIASorYUNnWUtBY0FTQVJJU0ZRSEdYMk1pbTJJQUFTOGplQ3o3MG1tMnlOOXJmQTAA+ya29.m.CrQCAQ6ebQMFmkn2J4cFrnwBi1PXWrbkw7LbZesh9REpCqqlF9Vj9DrmJeg8ydSwaIcf4R5Z-IU8CKwh_XtKd05vS95xYIeGHzLWV7_gvc_nkGnAFgbfOUX4EawNsS6wleEoJAwKPAXU9OmrRoRHonG7gqIORHO_KaUoMnR7hiMu9vHIZk5NkVcUovk0dVfn8qbqeUW8uv1zlIaVxq7D1uEE5V1cECZ7KTSbNQelvHhlkkJV9ZmB08Oh06s7NkVNe83rXycH4ArSkTsKZOMdtdxgOefOb4yKt-_psyLsvZNofdThUL5XVR_b4fWAvum9s4lCTFlwq0laT7UZ2A-FL_h59iXxOYlQTPzeK3t6X7iZn-QzcYZQZ3X8usqYisSBJoF-Vz_Io4z5ZmZGPLVR_AUqlRIEobYSDQgBEgYKAQMQtkMY6iYaIAPyCDa-rFSxwmOAq-5KqndqqFN1XaZ8twNKrxm-DF9gIgIIASorYUNnWUtBUzBTQVJJU0ZRSEdYMk1pOWhiUnBkUmJTQThUN0FGYTdPWkRGQTAA+ya29.m.CrQCAQ6ebQMm0PRc7l928_sraI5x-Y1h-bEYd3r1vaX-Iq5eURqVbhHbdennGCsmv1Uh-fU0RghumIgdEyqfhLG0C7CNTozhhOuU0lE8CStUKot9hQpvZlja8oa6ktv2qr1FLeAuh_hopZiJjjbBYMK065iuPNx7Wqwpeh4FmcyHhd7i0TTM2YshViHVHPGOdFnofC2qIaMGs-CUpC7xodhIhkHMeqO-6r3rXCJ1YXGvSdd1qObHPMMG3lvXczv7Df6O6SJv642sqEC6VPzMqModZSOAGPu4i5fY_zyxzrbTFouDUZGDRxC525ugI6nLNm9ddGoRgm0Zw5p2BmuhgVgOST4zCGeea-XD_OmmNb8xRE0PR9WFcau4JyWaGMwQCi18t_sBSNd1pstQDMEkMxq64PW6VqYSDQgBEgYKAQMQskMY5iYaINYPg2xL1BwcFStrpLPb2yOSKhek0o2UOdCAn3SUMFWqIgIIASorYUNnWUtBWndTQVE0U0ZRSEdYMk1pUkJVQ2hlaHdBSjdpd2tITjNtYWZFZzAA+ya29.m.CrQCAQ6ebQO1UOoTQN8hfJGAPsD9aEbOqTiBhQgX6AIJXg6shQjZQ8_NURSHzurlUdjfPE4ux8Y9CXqz4Y9pc91jUHaqKjkDJ4PcxA7OED-CCBYrxzBSMv_OjatfMwqszlINrK2xbRAG8EF5w-sjVPLZ73ENWP0xe6TRs152jR0ZBpRMwpbzgcHKGSty-HLMyycW5nycWCK9vwA1GMHsXsVbgElMbVNp8JHWIEAGXP4ZGtVpOnfYXrnfusE98TkAd1-JFIgma7H1g2OkpEWywuE4WkgWXAx0mUuR3aIBn9Q4-DvO5BbhQzptuJEmEchtiA1lrdOoqdXOSHy9RqX9blNBPz9B6qr5Fog4KUs_rQArwcdr8-fdMnYhoo24nL2v3V_vG41u2_nuxXnNwNXwfDuDSlcQ1cQSDQgBEgYKAQMQuEMY7CYaIB52pFnhOhZs2sEIcP1cIR6IuJYGKfubA-yyyyIpjTw9IgIIASorYUNnWUtBVGdTQVJJU0ZRSEdYMk1pRDdVakZnSFdERDg4amZndUpzblItdzAA+ya29.m.CrQCAQ6ebQNcjqEfN8-4J97aIryZ1kD-C-jlLVTGNWPp_aFgCv-pZPQjFk3ojqWGndFthgtIWQYtuXTFJxKNuSCDLvo81ESZFq2FCE8rtQX3rMmMzUG7HsFhASt_Jyz5y01EwgSzzkzs5-yl0jetnsZoIlT_abTOo8rTSYE2rEltOoKicKKM14f_eZLKLppsJm8kYpaTDXplbUdz6bXOJKCyhGU2HB_9N_LFudwx-Pkix_epKoIH7WxyEMgDW4NMplRsAa6sQieRMAixT9a6JUAZjMLOHQi8Ant6Fv9iYVliCHrWe9NfBRB68ZXocSMg3FpNVVgSJy-_XIT0VCYgVo9Pvbga6rMU6T7M8qp_cS0izJK-jHSabv_GqwZ_tMuTnUBxezBt2kOd8iHPoSHzBR7fXvctQOMSDQgBEgYKAQMQsEMY5CYaIJcNBKM_oUHG3p-d-oIVMB41fsmMyk9xpoawO33gdoxSIgIIASorYUNnWUtBWnNTQVJNU0ZRSEdYMk1pUXdZV0pxN0VmY3JYRlFid2JtczNlQTAA+ya29.m.CrQCAQ6ebQPBrxuruyEinyLiOUud1Ca6v5xRJekpt2IyoBbdqrBpjkdXat1vefXE46nJYVwo05DLcTT9v4O7ozFo2zsLz7Tw2QHpjSJQUgo59SUr-sJR-IBkRzMFMrg_5f
04-19 21:26:00.431  4906  4987 I System.out: httpHeader:Content-Type: application/x-protobuf
04-19 21:26:00.431  4906  4987 I System.out: [apache]:not Email!
04-19 21:26:00.522  3744  3795 D NetworkEvent: OplusNetworkEventCbProxy invoke.....onDnsEvent argslen:8
04-19 21:26:02.477  7662 13506 D ScreenStatusProducer: Current queue status: isIdle = true, isPolling = true
04-19 21:26:03.189  1028  5640 E TetherController: property_get sys.radio.data.modem_share_flag return 0, 1!
04-19 21:26:03.281  2206  3948 W ActivityManager: Unable to start service Intent { cmp=com.nearme.statistics.rom/.service.ReceiverService (has extras) } U=0: not found
04-19 21:26:03.642  1028  5640 E netd    : dispachCmd:oplusGetRtt
04-19 21:26:03.642  1028  5640 E netd    : handleGetRttCmd: netId = 102, uid = 10551
04-19 21:26:03.644  1028  5640 E netd    : dispachCmd cmd:oplusGetRtt  result:0
04-19 21:26:05.021  1217  1217 D vendor.oplus.hardware.charger@1.0-service: getPsyUsbType type: USB, ret_value = 3
04-19 21:26:05.021  1217  1217 D vendor.oplus.hardware.charger@1.0-service: getPsyUsbType type: USB is usb charging.
04-19 21:26:06.963  1217  1217 D vendor.oplus.hardware.charger@1.0-service: getPsyUsbType type: USB, ret_value = 3
04-19 21:26:06.963  1217  1217 D vendor.oplus.hardware.charger@1.0-service: getPsyUsbType type: USB is usb charging.
04-19 21:26:08.210  1028  5640 E TetherController: property_get sys.radio.data.modem_share_flag return 0, 1!
04-19 21:26:09.192  2206  7958 W ActivityManager: Unable to start service Intent { cmp=com.nearme.statistics.rom/.service.ReceiverService (has extras) } U=0: not found
04-19 21:26:09.684  1028  5640 E netd    : dispachCmd:oplusGetRtt
04-19 21:26:09.684  1028  5640 E netd    : handleGetRttCmd: netId = 102, uid = 10551
04-19 21:26:09.688  1028  5640 E netd    : dispachCmd cmd:oplusGetRtt  result:0
04-19 21:26:09.913  2206  3578 I OplusHansManager : uid=10370, pkg=com.google.android.apps.magazines can transition from M to F
04-19 21:26:09.913  2206  3578 I OplusHansManager : uid=10370, pkg=com.google.android.apps.magazines F enter(), M stay=10
04-19 21:26:09.918  2206  3578 I OplusHansManager : freeze uid: 10370 com.google.android.apps.magazines pids: [31159] scene: LcdOff
04-19 21:26:09.920  5629 30566 D IHansComunication: HansComunication::addUid-- 10370, persistent--0
04-19 21:26:09.920  5629 30566 D IHansComunication: HANS sendMessageToKernel: threadId = 528677321904, netLinkSetup = 1, type = PKG, targetUid = 10370, pkgCmd = ADD_ONE_UID
04-19 21:26:09.923  2206  3578 I OplusHansManager : uid=10405, pkg=com.experian.android can transition from M to F
04-19 21:26:09.923  2206  3578 I OplusHansManager : uid=10405, pkg=com.experian.android F enter(), M stay=10
04-19 21:26:09.927  2206  3578 I OplusHansManager : freeze uid: 10405 com.experian.android pids: [31302, 31131] scene: LcdOff
04-19 21:26:09.928  5629 30566 D IHansComunication: HansComunication::addUid-- 10405, persistent--0
04-19 21:26:09.928  5629 30566 D IHansComunication: HANS sendMessageToKernel: threadId = 528677321904, netLinkSetup = 1, type = PKG, targetUid = 10405, pkgCmd = ADD_ONE_UID
04-19 21:26:10.144  1217  1217 D vendor.oplus.hardware.charger@1.0-service: getPsyUsbType type: USB, ret_value = 3
04-19 21:26:10.144  1217  1217 D vendor.oplus.hardware.charger@1.0-service: getPsyUsbType type: USB is usb charging.
04-19 21:26:10.157  6528  6528 E VendorNfcService: changeNfcStateByWirelessCharge: feature WIRELESS_CHARGING = true; mIsWirelessCharging: false; mIsReverseChargingSwitchOpen: false; mNfcWorkMode: 0; isOverSeaRegion() = true
04-19 21:26:10.158  6676  8668 E Battery : ChargeProtectionUtils: mCanlendarTmp.isEmpty()!
04-19 21:26:10.158  2206  2287 I OplusHansManager : unfreeze uid: 10370 com.google.android.apps.magazines pids: [31159] reason: Broadcast scene: LcdOff
04-19 21:26:10.160  2206  3578 I OplusHansManager : uid=10370, pkg=com.google.android.apps.magazines, transition from F to Middle, reason=Broadcast
04-19 21:26:10.160  2206  3578 I OplusHansManager : uid=10370, pkg=com.google.android.apps.magazines F exit(), F stay=0, reason=Broadcast
04-19 21:26:10.163  2206  2287 I OplusHansManager : unfreeze uid: 10405 com.experian.android pids: [31302, 31131] reason: Broadcast scene: LcdOff
04-19 21:26:10.164  2206  3578 I OplusHansManager : uid=10405, pkg=com.experian.android, transition from F to Middle, reason=Broadcast
04-19 21:26:10.164  2206  3578 I OplusHansManager : uid=10405, pkg=com.experian.android F exit(), F stay=0, reason=Broadcast
04-19 21:26:10.184  3620  3641 W .codeaurora.ims: Reducing the number of considered missed Gc histogram windows from 2310 to 100
04-19 21:26:10.200  2206  2372 D ProcessCpuTrackerExtImpl: mContext is already set, return now! 
04-19 21:26:10.920  5629 30566 D IHansComunication: HANS sendMessageToKernel: threadId = 528677321904, netLinkSetup = 1, type = FROZEN_TRANS, targetUid = 10370, pkgCmd = PKG_CMD_MAX
04-19 21:26:10.928  5629 30566 D IHansComunication: HANS sendMessageToKernel: threadId = 528677321904, netLinkSetup = 1, type = FROZEN_TRANS, targetUid = 10405, pkgCmd = PKG_CMD_MAX
04-19 21:26:13.236  1028  5640 E TetherController: property_get sys.radio.data.modem_share_flag return 0, 1!
04-19 21:26:15.099  2206  3948 W ActivityManager: Unable to start service Intent { cmp=com.nearme.statistics.rom/.service.ReceiverService (has extras) } U=0: not found
04-19 21:26:15.421  7025  7104 E dftq$a  : (REDACTED) %s: GDD Sync failed for corpus: %s, configuration: %s
04-19 21:26:15.421  7025  7104 E dftq$a  : dfgd: refresh failed [GDD_FAIL_IN_SYNC_RUNNER_PRIVATE]
04-19 21:26:15.421  7025  7104 E dftq$a  : 	at dfgb.a(PG:28)
04-19 21:26:15.421  7025  7104 E dftq$a  : 	at dfzf.apply(PG:330)
04-19 21:26:15.421  7025  7104 E dftq$a  : 	at erkp.apply(PG:17)
04-19 21:26:15.421  7025  7104 E dftq$a  : 	at fbgx.c(PG:3)
04-19 21:26:15.421  7025  7104 E dftq$a  : 	at fbgz.run(PG:139)
04-19 21:26:15.421  7025  7104 E dftq$a  : 	at ctyi.run(PG:5)
04-19 21:26:15.421  7025  7104 E dftq$a  : 	at faei.run(PG:46)
04-19 21:26:15.421  7025  7104 E dftq$a  : 	at ctxu.run(PG:81)
04-19 21:26:15.421  7025  7104 E dftq$a  : 	at java.lang.Thread.run(Thread.java:1564)
04-19 21:26:15.421  7025  7104 E dftq$a  : 	at ctzm.run(PG:63)
04-19 21:26:15.421  7025  7104 E dftq$a  : Caused by: cwkv: Geller batch sync rpc call failed: DEADLINE_EXCEEDED: CallOptions deadline exceeded after 59.810310937s. Name resolution delay 0.188911198 seconds. [closed=[], open=[[connecting_and_lb_delay=59811416176ns, was_still_waiting]]]
04-19 21:26:15.421  7025  7104 E dftq$a  : 	at cwku.d(PG:30)
04-19 21:26:15.421  7025  7104 E dftq$a  : 	at cwjv.apply(PG:321)
04-19 21:26:15.421  7025  7104 E dftq$a  : 	at erku.apply(PG:17)
04-19 21:26:15.421  7025  7104 E dftq$a  : 	at fbgy.c(PG:3)
04-19 21:26:15.421  7025  7104 E dftq$a  : 	... 6 more
04-19 21:26:15.421  7025  7104 E dftq$a  : Caused by: fqoo: DEADLINE_EXCEEDED: CallOptions deadline exceeded after 59.810310937s. Name resolution delay 0.188911198 seconds. [closed=[], open=[[connecting_and_lb_delay=59811416176ns, was_still_waiting]]]
04-19 21:26:15.421  7025  7104 E dftq$a  : 	at frja.c(PG:41)
04-19 21:26:15.421  7025  7104 E dftq$a  : 	at fqyf.run(PG:69)
04-19 21:26:15.421  7025  7104 E dftq$a  : 	at fqwe.k(PG:14)
04-19 21:26:15.421  7025  7104 E dftq$a  : 	at fqwe.c(PG:7)
04-19 21:26:15.421  7025  7104 E dftq$a  : 	at fqvf.l(PG:1)
04-19 21:26:15.421  7025  7104 E dftq$a  : 	at fqvc.a(PG:28)
04-19 21:26:15.421  7025  7104 E dftq$a  : 	at fqvv.run(PG:7)
04-19 21:26:15.421  7025  7104 E dftq$a  : 	at frcn.run(PG:12)
04-19 21:26:15.421  7025  7104 E dftq$a  : 	at java.util.concurrent.ThreadPoolExecutor.runWorker(ThreadPoolExecutor.java:1154)
04-19 21:26:15.421  7025  7104 E dftq$a  : 	at java.util.concurrent.ThreadPoolExecutor$Worker.run(ThreadPoolExecutor.java:652)
04-19 21:26:15.421  7025  7104 E dftq$a  : 	at java.lang.Thread.run(Thread.java:1564)
04-19 21:26:15.424  7025  7730 I cwku    : (REDACTED) Starting batch sync for corpora: %s
04-19 21:26:15.429  7025  5168 I cwoh    : The GellerConfig is not present, returning null.
04-19 21:26:15.429  7025  5168 I cwoh    : (REDACTED) The GellerConfig is not present, defaulting isUploadEnabled for corpus %s to true.
04-19 21:26:15.430  7025  5168 I cwku    : (REDACTED) The syncToken for corpus %s is %s and the syncRequestReason is %s
04-19 21:26:15.438  7025  7107 D WM-SystemJobScheduler: Scheduling work ID 5076ec80-a92e-470f-b3d7-8693a85251ecJob ID 71046
04-19 21:26:15.442  7025  7107 I WM-GreedyScheduler: Ignoring schedule request in a secondary process
04-19 21:26:15.534  3744  3795 D NetworkEvent: OplusNetworkEventCbProxy invoke.....onDnsEvent argslen:8
04-19 21:26:15.712  1028  5640 E netd    : dispachCmd:oplusGetRtt
04-19 21:26:15.712  1028  5640 E netd    : handleGetRttCmd: netId = 102, uid = 10551
04-19 21:26:15.714  1028  5640 E netd    : dispachCmd cmd:oplusGetRtt  result:0
04-19 21:26:16.014  1217  1217 D vendor.oplus.hardware.charger@1.0-service: getPsyUsbType type: USB, ret_value = 3
04-19 21:26:16.014  1217  1217 D vendor.oplus.hardware.charger@1.0-service: getPsyUsbType type: USB is usb charging.
04-19 21:26:17.197 31131  4857 E FA      : Name must consist of letters, digits or _ (underscores). Type, name: event, Error Occurred
04-19 21:26:17.198 31131  4857 E FA      : Invalid public event name. Event will not be logged (FE): Error Occurred
04-19 21:26:17.231 23114 14717 W OplusExSystemServiceHelper: checkOplusExSystemService intent getComponent is null
04-19 21:26:17.237 23114 23114 D BoundBrokerSvc: onBind: Intent { act=com.google.android.gms.measurement.START pkg=com.google.android.gms }
04-19 21:26:17.237 23114 23114 D BoundBrokerSvc: Loading bound service for intent: Intent { act=com.google.android.gms.measurement.START pkg=com.google.android.gms }
04-19 21:26:17.263 31131 31454 W GoogleTagManager: Event does not have parameter "screen_name" and no default value was defined. Returning "undefined".
04-19 21:26:17.265 31131 31454 W GoogleTagManager: UniversalAnalyticsTag has been decommissioned.
04-19 21:26:17.272 23114  5169 D AdvertisingIdClient: AdvertisingIdClient already created.
04-19 21:26:17.274 23114  5169 I AdvertisingIdClient: shouldSendLog 70949835
04-19 21:26:17.274 23114  5169 I AdvertisingIdClient: GetInfoInternal elapse 2ms
04-19 21:26:18.254  1028  5640 E TetherController: property_get sys.radio.data.modem_share_flag return 0, 1!
04-19 21:26:18.766  2206  2281 D ProcessCpuTrackerExtImpl: mContext is already set, return now! 
04-19 21:26:20.180  2206  3578 I OplusHansManager : uid=10370, pkg=com.google.android.apps.magazines can transition from M to F
04-19 21:26:20.180  2206  3578 I OplusHansManager : uid=10370, pkg=com.google.android.apps.magazines F enter(), M stay=10
04-19 21:26:20.184  2206  3578 I OplusHansManager : freeze uid: 10370 com.google.android.apps.magazines pids: [31159] scene: LcdOff
04-19 21:26:20.187  5629 30566 D IHansComunication: HansComunication::addUid-- 10370, persistent--0
04-19 21:26:20.187  5629 30566 D IHansComunication: HANS sendMessageToKernel: threadId = 528677321904, netLinkSetup = 1, type = PKG, targetUid = 10370, pkgCmd = ADD_ONE_UID
04-19 21:26:20.191  2206  3578 I OplusHansManager : uid=10405, pkg=com.experian.android can transition from M to F
04-19 21:26:20.191  2206  3578 I OplusHansManager : uid=10405, pkg=com.experian.android F enter(), M stay=10
04-19 21:26:20.196  2206  3578 I OplusHansManager : freeze uid: 10405 com.experian.android pids: [31302, 31131] scene: LcdOff
04-19 21:26:20.196  5629 30566 D IHansComunication: HansComunication::addUid-- 10405, persistent--0
04-19 21:26:20.196  5629 30566 D IHansComunication: HANS sendMessageToKernel: threadId = 528677321904, netLinkSetup = 1, type = PKG, targetUid = 10405, pkgCmd = ADD_ONE_UID
04-19 21:26:21.000  2206  2975 W ActivityManager: Unable to start service Intent { cmp=com.nearme.statistics.rom/.service.ReceiverService (has extras) } U=0: not found
04-19 21:26:21.130  1217  1217 D vendor.oplus.hardware.charger@1.0-service: getPsyUsbType type: USB, ret_value = 3
04-19 21:26:21.130  1217  1217 D vendor.oplus.hardware.charger@1.0-service: getPsyUsbType type: USB is usb charging.
04-19 21:26:21.138  6528  6528 E VendorNfcService: changeNfcStateByWirelessCharge: feature WIRELESS_CHARGING = true; mIsWirelessCharging: false; mIsReverseChargingSwitchOpen: false; mNfcWorkMode: 0; isOverSeaRegion() = true
04-19 21:26:21.141  2206  2287 I OplusHansManager : unfreeze uid: 10370 com.google.android.apps.magazines pids: [31159] reason: Broadcast scene: LcdOff
04-19 21:26:21.140  6676  8668 E Battery : ChargeProtectionUtils: mCanlendarTmp.isEmpty()!
04-19 21:26:21.142  2206  3578 I OplusHansManager : uid=10370, pkg=com.google.android.apps.magazines, transition from F to Middle, reason=Broadcast
04-19 21:26:21.142  2206  3578 I OplusHansManager : uid=10370, pkg=com.google.android.apps.magazines F exit(), F stay=0, reason=Broadcast
04-19 21:26:21.146  2206  2287 I OplusHansManager : unfreeze uid: 10405 com.experian.android pids: [31302, 31131] reason: Broadcast scene: LcdOff
04-19 21:26:21.147  2206  3578 I OplusHansManager : uid=10405, pkg=com.experian.android, transition from F to Middle, reason=Broadcast
04-19 21:26:21.147  2206  3578 I OplusHansManager : uid=10405, pkg=com.experian.android F exit(), F stay=0, reason=Broadcast
04-19 21:26:21.187  5629 30566 D IHansComunication: HANS sendMessageToKernel: threadId = 528677321904, netLinkSetup = 1, type = FROZEN_TRANS, targetUid = 10370, pkgCmd = PKG_CMD_MAX
04-19 21:26:21.197  5629 30566 D IHansComunication: HANS sendMessageToKernel: threadId = 528677321904, netLinkSetup = 1, type = FROZEN_TRANS, targetUid = 10405, pkgCmd = PKG_CMD_MAX
04-19 21:26:21.736  1028  5640 E netd    : dispachCmd:oplusGetRtt
04-19 21:26:21.736  1028  5640 E netd    : handleGetRttCmd: netId = 102, uid = 10551
04-19 21:26:21.738  1028  5640 E netd    : dispachCmd cmd:oplusGetRtt  result:0
04-19 21:26:23.277  1028  5640 E TetherController: property_get sys.radio.data.modem_share_flag return 0, 1!
04-19 21:26:24.655 23014 29922 I FusedLocation: (REDACTED) location delivery to %s blocked - too close
04-19 21:26:24.656  3926  3926 D com.tmobile.mytmobile.echolocate.location.provider.FusedLocationProvider: Location_SDK: initLocationCallback : onLocationResult LocationResult[Location[fused 41.36****,-74.13**** hAcc=100.0 et=+19h52m34s648ms alt=215.00001525878906 vAcc=100.0]]
04-19 21:26:24.660 23014 29922 I FusedLocation: (REDACTED) location delivery to %s blocked - too close
04-19 21:26:24.663  2206  7958 D LocationManagerService: incoming location from: fused
04-19 21:26:24.664  2206  7958 D LocationManagerService: incoming location from: fused
04-19 21:26:24.671   799  3098 I android.system.suspend@1.0-service: mSuspendCounter=1 first holding wakelock name=PowerManagerService.WakeLocks
04-19 21:26:24.677  2206  3948 D CompatibilityChangeReporter: Compat change id reported: 171306433; UID 10217; state: ENABLED
04-19 21:26:24.677  2206  3948 D CompatibilityChangeReporter: Compat change id reported: 218533173; UID 10217; state: ENABLED
04-19 21:26:24.712 23014 23014 D BoundBrokerSvc: onRebind: Intent { act=com.google.android.gms.auth.aang.events.services.START dat=chimera-action:/... cmp=com.google.android.gms/.chimera.PersistentApiService }
04-19 21:26:24.725 23114 23114 D BoundBrokerSvc: onBind: Intent { act=com.google.android.gms.onboardingconsent.api.ConsentManagerApiService.START dat=chimera-action:/... cmp=com.google.android.gms/.chimera.GmsApiService }
04-19 21:26:24.725 23114 23114 D BoundBrokerSvc: Loading bound service for intent: Intent { act=com.google.android.gms.onboardingconsent.api.ConsentManagerApiService.START dat=chimera-action:/... cmp=com.google.android.gms/.chimera.GmsApiService }
04-19 21:26:24.739 23014  5150 I TFLite-in-PlayServices: Created interpreter.
04-19 21:26:24.746 23014  5150 I SemanticLocation: (REDACTED) [Inferrer] %s%s
04-19 21:26:24.746  3926  3983 W Settings: Setting data_roaming has moved from android.provider.Settings.System to android.provider.Settings.Global, returning read-only value.
04-19 21:26:24.749 23114 28907 W ConsentManagerApiServic: Consent Manager API is not enabled. [CONTEXT service_id=460 ]
04-19 21:26:24.758  3682  4419 D PhoneInterfaceManager: [PhoneIntfMgr] QueryTelephonyChecker-getDataNetworkTypeForSubscriber: packageName = com.tmobile.echolocate, isGrant = true
04-19 21:26:24.783 23014  5150 I TFLite-in-PlayServices: Created interpreter.
04-19 21:26:24.790 23014  5150 I TFLite-in-PlayServices: Created interpreter.
04-19 21:26:24.796 23014  5150 I SemanticLocation: (REDACTED) [Inferrer] %s%s
04-19 21:26:24.823   799  3098 I android.system.suspend@1.0-service: mSuspendCounter=0 last release wakelock name=PowerManagerService.WakeLocks
04-19 21:26:24.823   799  3098 I android.system.suspend@1.0-service: mAutosuspendEnabled=1
04-19 21:26:24.834 23014  5235 I NetworkScheduler: (REDACTED) Error inserting %s
04-19 21:26:24.897 23014  5150 I TFLite-in-PlayServices: Created interpreter.
04-19 21:26:24.904 23014  5150 I TFLite-in-PlayServices: Created interpreter.
04-19 21:26:24.910 23014  5150 I SemanticLocation: (REDACTED) [Inferrer] %s%s
04-19 21:26:25.009 23014  5150 I TFLite-in-PlayServices: Created interpreter.
04-19 21:26:25.016 23014  5150 I TFLite-in-PlayServices: Created interpreter.
04-19 21:26:25.021 23014  5150 I SemanticLocation: (REDACTED) [Inferrer] %s%s
04-19 21:26:25.048 23014  5150 W SemanticLocation: [AddAdditionalPlaceDetailsUtil] Failed to fetch place info for fprint from place index. [CONTEXT service_id=173 ]
04-19 21:26:25.048 23014  5150 W SemanticLocation: [AddAdditionalPlaceDetailsUtil] Failed to fetch place info for fprint from place index. [CONTEXT service_id=173 ]
04-19 21:26:25.722 23014 23014 D BoundBrokerSvc: onRebind: Intent { act=com.google.android.gms.libs.gmscorelogger.service.START dat=chimera-action:/... cmp=com.google.android.gms/.chimera.PersistentDirectBootAwareApiService }
04-19 21:26:26.900  2206  7958 W ActivityManager: Unable to start service Intent { cmp=com.nearme.statistics.rom/.service.ReceiverService (has extras) } U=0: not found
04-19 21:26:27.048  1217  1217 D vendor.oplus.hardware.charger@1.0-service: getPsyUsbType type: USB, ret_value = 3
04-19 21:26:27.048  1217  1217 D vendor.oplus.hardware.charger@1.0-service: getPsyUsbType type: USB is usb charging.
04-19 21:26:27.056  6528  6528 E VendorNfcService: changeNfcStateByWirelessCharge: feature WIRELESS_CHARGING = true; mIsWirelessCharging: false; mIsReverseChargingSwitchOpen: false; mNfcWorkMode: 0; isOverSeaRegion() = true
04-19 21:26:27.058  6676  8668 E Battery : ChargeProtectionUtils: mCanlendarTmp.isEmpty()!
04-19 21:26:27.313 23114 23114 D BoundBrokerSvc: onUnbind: Intent { act=com.google.android.gms.measurement.START pkg=com.google.android.gms }
04-19 21:26:27.762  1028  5640 E netd    : dispachCmd:oplusGetRtt
04-19 21:26:27.762  1028  5640 E netd    : handleGetRttCmd: netId = 102, uid = 10551
04-19 21:26:27.764  1028  5640 E netd    : dispachCmd cmd:oplusGetRtt  result:0
04-19 21:26:27.820  2206  3843 I OplusHansManager : notify state machine event=SM_EVENT_LCD_OFF_UNIFIED_FREEZE to uids=[10370, 10405]
04-19 21:26:28.292  1028  5640 E TetherController: property_get sys.radio.data.modem_share_flag return 0, 1!
04-19 21:26:29.781 23114 23114 D BoundBrokerSvc: onUnbind: Intent { act=com.google.android.gms.onboardingconsent.api.ConsentManagerApiService.START dat=chimera-action:/... cmp=com.google.android.gms/.chimera.GmsApiService }
04-19 21:26:31.161  2206  3578 I OplusHansManager : uid=10370, pkg=com.google.android.apps.magazines can transition from M to F
04-19 21:26:31.161  2206  3578 I OplusHansManager : uid=10370, pkg=com.google.android.apps.magazines F enter(), M stay=10
04-19 21:26:31.166  2206  3578 I OplusHansManager : freeze uid: 10370 com.google.android.apps.magazines pids: [31159] scene: LcdOff
04-19 21:26:31.168  5629 30566 D IHansComunication: HansComunication::addUid-- 10370, persistent--0
04-19 21:26:31.168  5629 30566 D IHansComunication: HANS sendMessageToKernel: threadId = 528677321904, netLinkSetup = 1, type = PKG, targetUid = 10370, pkgCmd = ADD_ONE_UID
04-19 21:26:31.173  2206  3578 I OplusHansManager : uid=10405, pkg=com.experian.android can transition from M to F
04-19 21:26:31.173  2206  3578 I OplusHansManager : uid=10405, pkg=com.experian.android F enter(), M stay=10
04-19 21:26:31.178  2206  3578 I OplusHansManager : freeze uid: 10405 com.experian.android pids: [31302, 31131] scene: LcdOff
04-19 21:26:31.178  5629 30566 D IHansComunication: HansComunication::addUid-- 10405, persistent--0
04-19 21:26:31.178  5629 30566 D IHansComunication: HANS sendMessageToKernel: threadId = 528677321904, netLinkSetup = 1, type = PKG, targetUid = 10405, pkgCmd = ADD_ONE_UID
04-19 21:26:31.898  1217  1217 D vendor.oplus.hardware.charger@1.0-service: getPsyUsbType type: USB, ret_value = 3
04-19 21:26:31.898  1217  1217 D vendor.oplus.hardware.charger@1.0-service: getPsyUsbType type: USB is usb charging.
04-19 21:26:31.906  6676  8668 E Battery : ChargeProtectionUtils: mCanlendarTmp.isEmpty()!
04-19 21:26:31.907  6528  6528 E VendorNfcService: changeNfcStateByWirelessCharge: feature WIRELESS_CHARGING = true; mIsWirelessCharging: false; mIsReverseChargingSwitchOpen: false; mNfcWorkMode: 0; isOverSeaRegion() = true
04-19 21:26:31.911  2206  2287 I OplusHansManager : unfreeze uid: 10370 com.google.android.apps.magazines pids: [31159] reason: Broadcast scene: LcdOff
04-19 21:26:31.912  2206  3578 I OplusHansManager : uid=10370, pkg=com.google.android.apps.magazines, transition from F to Middle, reason=Broadcast
04-19 21:26:31.912  2206  3578 I OplusHansManager : uid=10370, pkg=com.google.android.apps.magazines F exit(), F stay=0, reason=Broadcast
04-19 21:26:31.915  2206  2287 I OplusHansManager : unfreeze uid: 10405 com.experian.android pids: [31302, 31131] reason: Broadcast scene: LcdOff
04-19 21:26:31.917  2206  3578 I OplusHansManager : uid=10405, pkg=com.experian.android, transition from F to Middle, reason=Broadcast
04-19 21:26:31.917  2206  3578 I OplusHansManager : uid=10405, pkg=com.experian.android F exit(), F stay=0, reason=Broadcast
04-19 21:26:32.168  5629 30566 D IHansComunication: HANS sendMessageToKernel: threadId = 528677321904, netLinkSetup = 1, type = FROZEN_TRANS, targetUid = 10370, pkgCmd = PKG_CMD_MAX
04-19 21:26:32.178  5629 30566 D IHansComunication: HANS sendMessageToKernel: threadId = 528677321904, netLinkSetup = 1, type = FROZEN_TRANS, targetUid = 10405, pkgCmd = PKG_CMD_MAX
04-19 21:26:32.477  7662 13506 D ScreenStatusProducer: Current queue status: isIdle = true, isPolling = true
04-19 21:26:32.816  2206  4343 W ActivityManager: Unable to start service Intent { cmp=com.nearme.statistics.rom/.service.ReceiverService (has extras) } U=0: not found
04-19 21:26:33.310  1028  5640 E TetherController: property_get sys.radio.data.modem_share_flag return 0, 1!
04-19 21:26:33.808  1028  5640 E netd    : dispachCmd:oplusGetRtt
04-19 21:26:33.808  1028  5640 E netd    : handleGetRttCmd: netId = 102, uid = 10551
04-19 21:26:33.810  1028  5640 E netd    : dispachCmd cmd:oplusGetRtt  result:0
04-19 21:26:37.013  1217  1217 D vendor.oplus.hardware.charger@1.0-service: getPsyUsbType type: USB, ret_value = 3
04-19 21:26:37.013  1217  1217 D vendor.oplus.hardware.charger@1.0-service: getPsyUsbType type: USB is usb charging.
04-19 21:26:37.021  6676  8668 E Battery : ChargeProtectionUtils: mCanlendarTmp.isEmpty()!
04-19 21:26:37.021  6528  6528 E VendorNfcService: changeNfcStateByWirelessCharge: feature WIRELESS_CHARGING = true; mIsWirelessCharging: false; mIsReverseChargingSwitchOpen: false; mNfcWorkMode: 0; isOverSeaRegion() = true
04-19 21:26:38.327  1028  5640 E TetherController: property_get sys.radio.data.modem_share_flag return 0, 1!
04-19 21:26:38.713  2206  7958 W ActivityManager: Unable to start service Intent { cmp=com.nearme.statistics.rom/.service.ReceiverService (has extras) } U=0: not found
04-19 21:26:39.683   799   806 I android.system.suspend@1.0-service: mSuspendCounter=1 first holding wakelock name=PowerManagerService.WakeLocks
04-19 21:26:39.692 23014  5150 I AlarmManager: setExactAndAllowWhileIdle [name: GCM_HB_ALARM type: 2 triggerAtMillis: 72649692]
04-19 21:26:39.705 23014  5248 I AlarmManager: setExactAndAllowWhileIdle [name: FcmRetry type: 2 triggerAtMillis: 71689704]
04-19 21:26:39.710 23014  5261 I AlarmManager: setExactAndAllowWhileIdle [name: GCM_HB_ALARM type: 2 triggerAtMillis: 72649710]
04-19 21:26:39.711  2206  2287 D CompatibilityChangeReporter: Compat change id reported: 177438394; UID 10230; state: DISABLED
04-19 21:26:39.711  2206  2287 D CompatibilityChangeReporter: Compat change id reported: 135772972; UID 10230; state: DISABLED
04-19 21:26:39.712  2206  2287 D CompatibilityChangeReporter: Compat change id reported: 135754954; UID 10230; state: ENABLED
04-19 21:26:39.712  2206  2282 D CompatibilityChangeReporter: Compat change id reported: 143937733; UID 10230; state: ENABLED
04-19 21:26:39.735 23014 23014 D BoundBrokerSvc: onUnbind: Intent { act=com.google.android.gms.auth.aang.events.services.START dat=chimera-action:/... cmp=com.google.android.gms/.chimera.PersistentApiService }
04-19 21:26:39.736  1029  1029 D Zygote  : Forked child process 5263
04-19 21:26:39.738  2206  2282 I ActivityManager: Start proc 5263:com.google.android.gm/u0a230 for broadcast {com.google.android.gm/com.google.firebase.iid.FirebaseInstanceIdReceiver}
04-19 21:26:39.739  2206  2282 D OplusUIFirst_FB: com.google.android.gm proc start: 10230 5263 false com.google.android.gm
04-19 21:26:39.739  2206  2282 D OplusUIFirst_FB: com.google.android.gm start process: []
04-19 21:26:39.739  2206  2282 D OplusUIFirst_FB: List of ThreadOp: size=0 []
04-19 21:26:39.758  5263  5263 E ogle.android.gm: Unknown bits set in runtime_flags: 0x40000000
04-19 21:26:39.758  5263  5263 I ogle.android.gm: Using CollectorTypeCC GC.
04-19 21:26:39.765  5263  5263 D nativeloader: Load libframework-connectivity-tiramisu-jni.so using APEX ns com_android_tethering for caller /apex/com.android.tethering/javalib/framework-connectivity-t.jar: ok
04-19 21:26:39.767  5263  5263 W libc    : Access denied finding property "persist.vendor.sys.activitylog"
04-19 21:26:39.768  2551  2573 I adbd    : jdwp connection from 5263
04-19 21:26:39.768  5263  5263 I OneTrace: Mark active for pid=5263? true
04-19 21:26:39.768  5263  5263 D cutils-dev: otrace_set_tracing_enabled? true
04-19 21:26:39.776  5263  5279 D cutils-dev: properties changed in otrace_seq_number_changed!
04-19 21:26:39.780  5263  5279 V ActivityThread: scheduleReceiver info = ActivityInfo{ced5651 com.google.firebase.iid.FirebaseInstanceIdReceiver} intent = Intent { act=com.google.android.c2dm.intent.RECEIVE flg=0x1080010 pkg=com.google.android.gm cmp=com.google.android.gm/com.google.firebase.iid.FirebaseInstanceIdReceiver (has extras) } sync = true hasCode = 68953153
04-19 21:26:39.785  5263  5263 D CompatibilityChangeReporter: Compat change id reported: 171979766; UID 10230; state: ENABLED
04-19 21:26:39.785  5263  5263 I oplus.android.OplusFrameworkFactoryImpl: get feature:IOplusAutoResolutionFeature
04-19 21:26:39.785  5263  5263 I oplus.android.OplusFrameworkFactoryImpl: getOplusAutoResolutionFeature
04-19 21:26:39.800  5263  5263 I OplusFeatureCache: Milliseconds spent on init(): 15
04-19 21:26:39.801  5263  5263 D CompactWindowAppManager: initCompactApplicationInfo CompactMode: , NormalMode: 
04-19 21:26:39.805  5263  5263 D OplusViewDebugManager: for com.google.android.gm, enable view debug
04-19 21:26:39.812  5263  5263 W libc    : Access denied finding property "ro.odm.prev.product.name"
04-19 21:26:39.815  5263  5263 D LoadedApk: mApplicationInfo overrideDisplayId:null
04-19 21:26:39.822  1028  5640 E netd    : dispachCmd:oplusGetRtt
04-19 21:26:39.822  1028  5640 E netd    : handleGetRttCmd: netId = 102, uid = 10551
04-19 21:26:39.824  1028  5640 E netd    : dispachCmd cmd:oplusGetRtt  result:0
04-19 21:26:39.828  5263  5263 D nativeloader: Configuring clns-4 for other apk /system/framework/org.apache.http.legacy.jar. target_sdk_version=36, uses_libraries=ALL, library_path=/data/app/~~AauZLUmpXv32FGt0t_fqJw==/com.google.android.gm-_NOjCNcPJCakVJ9oUHh7jQ==/lib/arm64:/data/app/~~AauZLUmpXv32FGt0t_fqJw==/com.google.android.gm-_NOjCNcPJCakVJ9oUHh7jQ==/base.apk!/lib/arm64-v8a:/data/app/~~AauZLUmpXv32FGt0t_fqJw==/com.google.android.gm-_NOjCNcPJCakVJ9oUHh7jQ==/split_config.arm64_v8a.apk!/lib/arm64-v8a:/data/app/~~AauZLUmpXv32FGt0t_fqJw==/com.google.android.gm-_NOjCNcPJCakVJ9oUHh7jQ==/split_config.en.apk!/lib/arm64-v8a:/data/app/~~AauZLUmpXv32FGt0t_fqJw==/com.google.android.gm-_NOjCNcPJCakVJ9oUHh7jQ==/split_config.xxhdpi.apk!/lib/arm64-v8a, permitted_path=/data:/mnt/expand:/data/user/0/com.google.android.gm
04-19 21:26:39.828  5263  5263 D nativeloader: Extending system_exposed_libraries: libbinauralrenderer_wrapper.qti.so:libhoaeffects.qti.so:libSloganJni.oplus.so:libsuperNight.oplus.so:libupdateprof.qti.so:libQOC.qti.so:libthermalclient.qti.so:libdiag_system.qti.so:libqape.qti.so:liblistenjni.qti.so
04-19 21:26:39.836  5263  5263 D nativeloader: Configuring clns-5 for other apk /system_ext/framework/androidx.window.extensions.jar. target_sdk_version=36, uses_libraries=ALL, library_path=/data/app/~~AauZLUmpXv32FGt0t_fqJw==/com.google.android.gm-_NOjCNcPJCakVJ9oUHh7jQ==/lib/arm64:/data/app/~~AauZLUmpXv32FGt0t_fqJw==/com.google.android.gm-_NOjCNcPJCakVJ9oUHh7jQ==/base.apk!/lib/arm64-v8a:/data/app/~~AauZLUmpXv32FGt0t_fqJw==/com.google.android.gm-_NOjCNcPJCakVJ9oUHh7jQ==/split_config.arm64_v8a.apk!/lib/arm64-v8a:/data/app/~~AauZLUmpXv32FGt0t_fqJw==/com.google.android.gm-_NOjCNcPJCakVJ9oUHh7jQ==/split_config.en.apk!/lib/arm64-v8a:/data/app/~~AauZLUmpXv32FGt0t_fqJw==/com.google.android.gm-_NOjCNcPJCakVJ9oUHh7jQ==/split_config.xxhdpi.apk!/lib/arm64-v8a, permitted_path=/data:/mnt/expand:/data/user/0/com.google.android.gm
04-19 21:26:39.836  5263  5263 D nativeloader: Extending system_exposed_libraries: libbinauralrenderer_wrapper.qti.so:libhoaeffects.qti.so:libSloganJni.oplus.so:libsuperNight.oplus.so:libupdateprof.qti.so:libQOC.qti.so:libthermalclient.qti.so:libdiag_system.qti.so:libqape.qti.so:liblistenjni.qti.so
04-19 21:26:39.841  5263  5263 D nativeloader: Configuring clns-6 for other apk /system_ext/framework/androidx.window.sidecar.jar. target_sdk_version=36, uses_libraries=ALL, library_path=/data/app/~~AauZLUmpXv32FGt0t_fqJw==/com.google.android.gm-_NOjCNcPJCakVJ9oUHh7jQ==/lib/arm64:/data/app/~~AauZLUmpXv32FGt0t_fqJw==/com.google.android.gm-_NOjCNcPJCakVJ9oUHh7jQ==/base.apk!/lib/arm64-v8a:/data/app/~~AauZLUmpXv32FGt0t_fqJw==/com.google.android.gm-_NOjCNcPJCakVJ9oUHh7jQ==/split_config.arm64_v8a.apk!/lib/arm64-v8a:/data/app/~~AauZLUmpXv32FGt0t_fqJw==/com.google.android.gm-_NOjCNcPJCakVJ9oUHh7jQ==/split_config.en.apk!/lib/arm64-v8a:/data/app/~~AauZLUmpXv32FGt0t_fqJw==/com.google.android.gm-_NOjCNcPJCakVJ9oUHh7jQ==/split_config.xxhdpi.apk!/lib/arm64-v8a, permitted_path=/data:/mnt/expand:/data/user/0/com.google.android.gm
04-19 21:26:39.841  5263  5263 D nativeloader: Extending system_exposed_libraries: libbinauralrenderer_wrapper.qti.so:libhoaeffects.qti.so:libSloganJni.oplus.so:libsuperNight.oplus.so:libupdateprof.qti.so:libQOC.qti.so:libthermalclient.qti.so:libdiag_system.qti.so:libqape.qti.so:liblistenjni.qti.so
04-19 21:26:39.960  3687  4258 I Athena  : CommonAction: 21,2710,118,4063,5631,28,327,360,2037,2803,846,1680
04-19 21:26:39.979  5263  5263 W ogle.android.gm: Failed to find entry 'classes.dex': Entry not found
04-19 21:26:39.982  5263  5263 W ogle.android.gm: Failed to find entry 'classes.dex': Entry not found
04-19 21:26:39.983  5263  5263 W ogle.android.gm: Failed to find entry 'classes.dex': Entry not found
04-19 21:26:39.984  5263  5263 D nativeloader: Configuring clns-7 for other apk /data/app/~~AauZLUmpXv32FGt0t_fqJw==/com.google.android.gm-_NOjCNcPJCakVJ9oUHh7jQ==/base.apk:/data/app/~~AauZLUmpXv32FGt0t_fqJw==/com.google.android.gm-_NOjCNcPJCakVJ9oUHh7jQ==/split_config.arm64_v8a.apk:/data/app/~~AauZLUmpXv32FGt0t_fqJw==/com.google.android.gm-_NOjCNcPJCakVJ9oUHh7jQ==/split_config.en.apk:/data/app/~~AauZLUmpXv32FGt0t_fqJw==/com.google.android.gm-_NOjCNcPJCakVJ9oUHh7jQ==/split_config.xxhdpi.apk. target_sdk_version=36, uses_libraries=libOpenCL.so:libcdsprpc.so, library_path=/data/app/~~AauZLUmpXv32FGt0t_fqJw==/com.google.android.gm-_NOjCNcPJCakVJ9oUHh7jQ==/lib/arm64:/data/app/~~AauZLUmpXv32FGt0t_fqJw==/com.google.android.gm-_NOjCNcPJCakVJ9oUHh7jQ==/base.apk!/lib/arm64-v8a:/data/app/~~AauZLUmpXv32FGt0t_fqJw==/com.google.android.gm-_NOjCNcPJCakVJ9oUHh7jQ==/split_config.arm64_v8a.apk!/lib/arm64-v8a:/data/app/~~AauZLUmpXv32FGt0t_fqJw==/com.google.android.gm-_NOjCNcPJCakVJ9oUHh7jQ==/split_config.en.apk!/lib/arm64-v8a:/data/app/~~AauZLUmpXv32FGt0t_fqJw==/com.google
04-19 21:26:40.014  5263  5263 D nativeloader: Load libframework-connectivity-jni.so using APEX ns com_android_tethering for caller /apex/com.android.tethering/javalib/framework-connectivity.jar: ok
04-19 21:26:40.020  5263  5263 V GraphicsEnvironment: ANGLE Developer option for 'com.google.android.gm' set to: 'default'
04-19 21:26:40.021  5263  5263 V GraphicsEnvironment: ANGLE GameManagerService for com.google.android.gm: false
04-19 21:26:40.021  5263  5263 V GraphicsEnvironment: App is not on the allowlist for updatable production driver.
04-19 21:26:40.025  5263  5263 D NetworkSecurityConfig: Using Network Security Config from resource network_security_config debugBuild: false
04-19 21:26:40.026  5263  5263 D NetworkSecurityConfig: Using Network Security Config from resource network_security_config debugBuild: false
04-19 21:26:40.064  3687  4258 I Athena  : CommonAction: 22,2712,116,4059,5631,28,327,360,2035,2808,856,1675,1.4074193,22
04-19 21:26:40.128  5263  5263 W AndroidLoggerBackend: AndroidLoggerBackend configured with enableAndroidLogger:false; no logs will be emitted.
04-19 21:26:40.250  5263  5263 D CompatibilityChangeReporter: Compat change id reported: 183155436; UID 10230; state: ENABLED
04-19 21:26:40.261  2206  2975 D CompatibilityChangeReporter: Compat change id reported: 161145287; UID 10230; state: DISABLED
04-19 21:26:40.272  3687  4258 I Athena  : CommonAction: 24,2716,121,4050,5631,29,327,360,2028,2807,845,1684,2.9480646,22
04-19 21:26:40.302  5263  5263 W otb     : MailAppProvider: updating account cache with accounts: true
04-19 21:26:40.303  5263  5263 W otb     : MailAppProvider: updating account cache with accounts: true
04-19 21:26:40.303  5263  5263 W otb     : MailAppProvider: updating account cache with accounts: true
04-19 21:26:40.303  5263  5263 W otb     : MailAppProvider: updating account cache with accounts: true
04-19 21:26:40.303  5263  5263 W otb     : MailAppProvider: updating account cache with accounts: true
04-19 21:26:40.303  5263  5263 W otb     : MailAppProvider: updating account cache with accounts: true
04-19 21:26:40.303  5263  5263 W otb     : MailAppProvider: updating account cache with accounts: true
04-19 21:26:40.303  5263  5263 W otb     : MailAppProvider: updating account cache with accounts: true
04-19 21:26:40.303  5263  5263 W otb     : MailAppProvider: updating account cache with accounts: true
04-19 21:26:40.303  5263  5263 W otb     : MailAppProvider: updating account cache with accounts: true
04-19 21:26:40.303  5263  5263 W otb     : MailAppProvider: updating account cache with accounts: true
04-19 21:26:40.303  5263  5263 W otb     : MailAppProvider: updating account cache with accounts: true
04-19 21:26:40.303  5263  5263 W otb     : MailAppProvider: updating account cache with accounts: true
04-19 21:26:40.303  5263  5263 W otb     : MailAppProvider: updating account cache with accounts: true
04-19 21:26:40.313 23114 28907 W OplusExSystemServiceHelper: checkOplusExSystemService intent getComponent is null
04-19 21:26:40.314 23114 23114 D BoundBrokerSvc: onBind: Intent { act=com.google.android.mobstore.service.START pkg=com.google.android.gms }
04-19 21:26:40.314 23114 23114 D BoundBrokerSvc: Loading bound service for intent: Intent { act=com.google.android.mobstore.service.START pkg=com.google.android.gms }
04-19 21:26:40.331  5263  5297 D nativeloader: Load /data/app/~~AauZLUmpXv32FGt0t_fqJw==/com.google.android.gm-_NOjCNcPJCakVJ9oUHh7jQ==/split_config.arm64_v8a.apk!/lib/arm64-v8a/libnative_crash_handler_jni.so using class loader ns clns-7 (caller=/data/app/~~AauZLUmpXv32FGt0t_fqJw==/com.google.android.gm-_NOjCNcPJCakVJ9oUHh7jQ==/base.apk!classes2.dex): ok
04-19 21:26:40.332  5263  5263 D nativeloader: Load libSchedAssistJni.so using system ns (caller=/system/framework/oplus-framework.jar): ok
04-19 21:26:40.332  5263  5263 D ExtensionsLoader: createInstance(64bit) : createExtendedFactory
04-19 21:26:40.333  5263  5263 D ExtensionsLoader: Opened libSchedAssistExtImpl.so
04-19 21:26:40.333  5263  5263 E SchedAssist: ofbOpen failed with error=No such file or directory
04-19 21:26:40.333  5263  5263 E SchedAssist: sysOpen failed with error=No such file or directory
04-19 21:26:40.333  5263  5263 E SchedAssist: sharedImFd failed with error=Permission denied
04-19 21:26:40.336  5263  5263 D OplusGraphicsEvent: OplusGraphicsEventListener create now!
04-19 21:26:40.337  5263  5263 D OplusGraphicsEvent: addEventListener success!
04-19 21:26:40.358 23014 23014 D BoundBrokerSvc: onRebind: Intent { act=com.google.android.gms.common.telemetry.service.START dat=chimera-action:/... cmp=com.google.android.gms/.chimera.PersistentApiService }
04-19 21:26:40.368  2206  4343 W PackageManager: package unknown uid 10230 pid 5263 call SetEnabledSetting(com.google.android.gm component = com.google.android.libraries.communications.conference.ui.intents.ChitChatGatewayActivity, 1, 0)
04-19 21:26:40.369  5263  5263 D OplusActivityManager: get AMS extension: android.os.BinderProxy@f46f7f7
04-19 21:26:40.390  5263  5280 W OplusExSystemServiceHelper: checkOplusExSystemService intent getComponent is null
04-19 21:26:40.398 23014 23248 W OplusExSystemServiceHelper: checkOplusExSystemService intent getComponent is null
04-19 21:26:40.440  5263  5294 D CompatibilityChangeReporter: Compat change id reported: 160794467; UID 10230; state: ENABLED
