04-19 21:42:55.325  1704  1748 E HeatmapThread: ECT Thread time in milliseconds: 1776649375
04-19 21:42:55.326 30058 30159 I [-0400]oneconnect[1.8.45.24_01][MAIN_UI]: SmpInitializer.smpInit - onSuccess
04-19 21:42:55.326  1704  1748 D HeatmapThread: !@ batteryplugType : 2
04-19 21:42:55.326  1704  1748 D HeatmapThread: !@ batteryLevel : 67  batteryTemperature : 343 
04-19 21:42:55.326  1704  1748 D HeatmapThread: !@ Heatmap currtime: 29610822
04-19 21:42:55.326  1704  1748 D HeatmapThread: !@ Heatmap prevtime: 29610808
04-19 21:42:55.326  1704  1748 D HeatmapThread: !@ Heatmap plugstarttime: 29610797
04-19 21:42:55.326  1704  1748 D HeatmapThread: !@ Heatmap prevv_dsoh_update_time: 29610626
04-19 21:42:55.326  1704  1748 E HeatmapThread: !@ CAM New BSOH: 99
04-19 21:42:55.333  2748  5513 D TrafficStateDatabaseController: onDnsEvent():  objTrafficStats.size= 123, mInsertList= true
04-19 21:42:55.340  2748  3855 D NetdEventListenerService: DNS Requested by 129, 10259(com.google.android.gms,...), SUCCESS, 24ms
04-19 21:42:55.342 30058 30193 I [-0400]oneconnect[1.8.45.24_01][MAIN_UI]: DashboardRepo@OnAirMessageDataProcessor.loadFromDb - syncOnAirMessage
04-19 21:42:55.342 30058 30235 I SmpLog  : [SMP] Test mode: false, v:3.3.15.0, com.samsung.android.oneconnect
04-19 21:42:55.342 30058 30193 I [-0400]oneconnect[1.8.45.24_01][MAIN_UI]: DomainRepo@OnAirMessageDataSource.syncOnAirMessage - emit, HomeProfile(homeProfileItem=HomeProfileItem(id='($)e48060ca', locationId='($)e48060ca', type=PROFILE_SURVEY, retention=MessageRetention(type=TIME, value=2w), createdTime=2025-06-18T17:00:49.122-04:00, dismissedTime=null, messageUid='908daf4b-06e5-477f-b0c7-dc848b60649b'))
04-19 21:42:55.343 30058 30235 I SmpLog  : [SMP] ptype:fcm, token:...CiB6I (142), D:false, O:DEVICE_BASED, S:false, M:true, P:FCM_PRIMARY_MODE
04-19 21:42:55.344 30229 30229 I id.app.reminder: Using CollectorTypeCMC GC.
04-19 21:42:55.345 30058 30193 I [-0400]oneconnect[1.8.45.24_01][MAIN_UI]: DashboardRepo@OnAirMessageDataProcessor.loadFromDb - syncFeedback
04-19 21:42:55.349 30058 30193 I [-0400]oneconnect[1.8.45.24_01][MAIN_UI]: DashboardRepo@OnAirMessageDataProcessor.loadFromDb - syncSurveyItems
04-19 21:42:55.349 30058 30235 I SmpLog  : [SMP] SEND BR : smp init success
04-19 21:42:55.352  2748  3047 I ActivityManager: Changes in 10328 8 to 8, 0 to 128
04-19 21:42:55.353 30058 30193 I [-0400]oneconnect[1.8.45.24_01][MAIN_UI]: SmpEventReceiver.handleIntent - Intent { act=com.samsung.android.sdk.smp.smpInitResult flg=0x10 xflg=0x4 pkg=com.samsung.android.oneconnect cmp=com.samsung.android.oneconnect/.notification.smp.SmpEventReceiver (has extras) }
04-19 21:42:55.353 30058 30193 I [-0400]oneconnect[1.8.45.24_01][MAIN_UI]: SmpEventReceiver.handleIntent - SMP_INIT_RESULT_ACTION
04-19 21:42:55.353 30058 30193 I [-0400]oneconnect[1.8.45.24_01][MAIN_UI]: SmpEventReceiver.handleSmpInitResult - Success
04-19 21:42:55.353  2748  5513 I ActivityManager: Changes in 10328 8 to 8, 128 to 0
04-19 21:42:55.360  6455  6467 V OsAgent : broadcastSystemEvent - 7
04-19 21:42:55.362  2748  3770 D SemWifiTrafficPoller: getSoftApTotalTrafficInBytes:26085750
04-19 21:42:55.362 30058 30058 I [-0400]oneconnect[1.8.45.24_01][MAIN_UI]: QcApplication.onTrimMemory - ************** lvl=40 elapsed=0ms
04-19 21:42:55.362  2748  3783 I SemWifiServiceDetector: Service det. resumed: T / T / 10101
04-19 21:42:55.365 30058 30193 I [-0400]oneconnect[1.8.45.24_01][MAIN_UI]: DashboardRepo@OnAirMessageDataProcessor.loadFromDb - syncOrder
04-19 21:42:55.372 29443 29452 W soft.appmanager: userfaultfd: MOVE ioctl seems unsupported: Connection timed out
04-19 21:42:55.388  4730  4748 W Auth    : [ClearToken] Failed to delete an intermediate token as owning package is missing. [CONTEXT service_id=343 ]
04-19 21:42:55.394 29443 29454 W System  : A resource failed to call close. 
04-19 21:42:55.417 30229 30229 I DeviceSearchProvider: onCreate
04-19 21:42:55.417  5578  8196 I cn_CronetUrlRequestContext: destroyNativeStreamLocked org.chromium.net.impl.CronetBidirectionalStream@356565e
04-19 21:42:55.419  4730 16081 I FacsCacheGmsModule: (REDACTED) Received 'writeDeviceLevelSettings' request from package '%s'...
04-19 21:42:55.420  4730 16081 I FacsCacheGmsModule: Operation 'writeDeviceLevelSettings' dispatched!
04-19 21:42:55.420  4730 26911 I FacsCacheGmsModule: (REDACTED) Executing operation '%s'...
04-19 21:42:55.422  4730 26911 I FacsCacheGmsModule: (REDACTED) Operation '%s' successful!
04-19 21:42:55.435  5578 30249 I DCU_IntentOperation: handleUdcSettingChanged: Udc flag is enabled [CONTEXT service_id=135 ]
04-19 21:42:55.439  2748  8227 W ActivityManager: Unable to start service Intent { act=com.google.android.gms.lockbox.service.START xflg=0x4 pkg=com.google.android.gms } U=0: not found
04-19 21:42:55.439  2748  8227 W ActivityManager: Unbind failed: could not find connection for android.os.BinderProxy@a9cc3f9
04-19 21:42:55.439  5578  5721 W GmsClient: unable to connect to service: com.google.android.gms.lockbox.service.START on com.google.android.gms
04-19 21:42:55.453  5578  8196 I cn_CronetUrlRequestContext: destroyNativeStreamLocked org.chromium.net.impl.CronetBidirectionalStream@1dcf340
04-19 21:42:55.453  4730 16081 I FacsCacheGmsModule: (REDACTED) Received 'writeDeviceLevelSettings' request from package '%s'...
04-19 21:42:55.453  4730 16081 I FacsCacheGmsModule: Operation 'writeDeviceLevelSettings' dispatched!
04-19 21:42:55.454  4730 26911 I FacsCacheGmsModule: (REDACTED) Executing operation '%s'...
04-19 21:42:55.456  4730 26911 I FacsCacheGmsModule: (REDACTED) Operation '%s' successful!
04-19 21:42:55.457  1609  4662 D vendor.qti.bluetooth@1.1-wake_lock: Release wakelock is released 
04-19 21:42:55.458  5578 30252 I DCU_IntentOperation: handleUdcSettingChanged: Udc flag is enabled [CONTEXT service_id=135 ]
04-19 21:42:55.463 30229 30229 I [scsettingv2std][2.0.32.0]: onCreate: 
04-19 21:42:55.469  4730  4748 W Auth    : [ClearToken] Failed to delete an intermediate token as owning package is missing. [CONTEXT service_id=343 ]
04-19 21:42:55.470 30229 30229 I SettingSearchProvider: onCreate isSupported = true
04-19 21:42:55.471 30229 30229 I SettingSearchProvider: secQueryGetFingerprint : 1270303000en_US
04-19 21:42:55.473 30229 30229 I CapsuleProvider_1.0.25: onCreate
04-19 21:42:55.491 30229 30229 W Reminder$ReminderApp: [onCreate] ReminderApplication: 12.7.03.3
04-19 21:42:55.491 30229 30258 I SamsungAnalytics605079: Tracker start:6.05.079
04-19 21:42:55.492 30229 30245 I Reminder$ReminderProvider: query uri [content://com.samsung.android.app.reminder/open/reminder_time_view] from com.samsung.android.smartsuggestions
04-19 21:42:55.492 30229 30256 E ashmem  : Pinning is deprecated since Android Q. Please use trim or other methods.
04-19 21:42:55.494 30229 30245 I Reminder$ReminderProviderUtils: [getIdSelection] uri match failed: ((remind_time >= 1776571200000 AND remind_time < 1776657600000) OR (start_time >= 1776571200000 AND start_time < 1776657600000)) AND visible = 1 AND is_deleted_for_cloud = 0 AND is_deleted_for_gear = 0 AND is_deleted_for_group_share = 0 AND item_status != 2
04-19 21:42:55.496 30229 30261 I Reminder$Bixby2.0: [BixbyService] initialize Bixby2.0
04-19 21:42:55.497  2748  3813 I ActivityManager: Changes in 10337 19 to 5, 0 to 144
04-19 21:42:55.497  2748  3762 D BackgroundInstallControlService: Package event received: 0
04-19 21:42:55.499 30229 30261 I CapsuleProvider_1.0.25: releasing initialize wait lock.
04-19 21:42:55.500 30229 30261 I b_1.0.25: initialized
04-19 21:42:55.505 30229 30261 I Reminder$DeviceIdHelper: initOAID
04-19 21:42:55.506 30229 30261 I Reminder$DeviceIdHelper: it is not china mcc or deviceidservice is not installed
04-19 21:42:55.519 30229 30261 I FirebaseApp: Device unlocked: initializing all Firebase APIs for app [DEFAULT]
04-19 21:42:55.523  5578  8196 I cn_CronetUrlRequestContext: destroyNativeStreamLocked org.chromium.net.impl.CronetBidirectionalStream@6702b82
04-19 21:42:55.524  4730 16081 I FacsCacheGmsModule: (REDACTED) Received 'writeDeviceLevelSettings' request from package '%s'...
04-19 21:42:55.524  4730 16081 I FacsCacheGmsModule: Operation 'writeDeviceLevelSettings' dispatched!
04-19 21:42:55.524  4730 30070 I FacsCacheGmsModule: (REDACTED) Executing operation '%s'...
04-19 21:42:55.526  4730 30070 I FacsCacheGmsModule: (REDACTED) Operation '%s' successful!
04-19 21:42:55.529  5578 30250 I DCU_IntentOperation: handleUdcSettingChanged: Udc flag is enabled [CONTEXT service_id=135 ]
04-19 21:42:55.537  7220 12941 I NowBrief$ReminderDataSource: DefaultDispatcher-worker-7] reminder cursor count = 1
04-19 21:42:55.542  7220 12941 I NowBrief$TaskDataSource: DefaultDispatcher-worker-7] task cursor count = 0
04-19 21:42:55.543 30229 30261 W Reminder$DeleteOldCompletedUtils: deleteOldCompletedReminders not proceed com.samsung.android.app.reminder.application.ReminderApp@7e0540e
04-19 21:42:55.543  7220 12941 I NowBrief$Event:ScheduleDataSource: DefaultDispatcher-worker-7] visibleScheduleDocument scheduleData total : 1, without anniversary : 1, filter current time : 0
04-19 21:42:55.544 30229 30261 I Reminder$TemplateKeywords: initTemplateKeyword language: en
04-19 21:42:55.547 30229 30261 I Reminder$ContextEngine: [registerObserver] Throttle: 1776603602320
04-19 21:42:55.548  7220 12941 I NowBrief$CalendarDataSource: DefaultDispatcher-worker-7] calendar cursor count = 0
04-19 21:42:55.548 30229 30245 I Reminder$ReminderProvider: query uri [content://com.samsung.android.app.reminder/open/reminder_time_view] from com.samsung.android.smartsuggestions
04-19 21:42:55.548 30229 30245 I Reminder$ReminderProviderUtils: [getIdSelection] uri match failed: ((remind_time >= 1776657600000 AND remind_time < 1776744000000) OR (start_time >= 1776657600000 AND start_time < 1776744000000)) AND visible = 1 AND is_deleted_for_cloud = 0 AND is_deleted_for_gear = 0 AND is_deleted_for_group_share = 0 AND item_status != 2
04-19 21:42:55.549  7220 12941 I NowBrief$ReminderDataSource: DefaultDispatcher-worker-7] reminder cursor count = 0
04-19 21:42:55.551  7220 12941 I NowBrief$TaskDataSource: DefaultDispatcher-worker-7] task cursor count = 0
04-19 21:42:55.552  7220 12941 I NowBrief$Event:ScheduleDataSource: DefaultDispatcher-worker-7] visibleScheduleDocument scheduleData total : 0, without anniversary : 0, filter current time : 0
04-19 21:42:55.557  5578 30216 W gle.android.gms: Long monitor contention with owner lowpool[1764] (30100) at hmfi hmgh.b(hmfc, java.util.Set)(:com.google.android.gms@261332035@26.13.32 (260400-895912391):34) waiters=3 in hmfi hmgh.b(hmfc, java.util.Set) for 353ms
04-19 21:42:55.561  4730  4748 W Auth    : [ClearToken] Failed to delete an intermediate token as owning package is missing. [CONTEXT service_id=343 ]
04-19 21:42:55.564  2748  3762 D BackgroundInstallControlService: Package event received: 0
04-19 21:42:55.580  1542  1542 D Zygote  : Forked child process 30271
04-19 21:42:55.581  2748  3048 D DeviceReportingSecurityChecker: getStatus
04-19 21:42:55.581  2748  3048 D DeviceReportingSecurityChecker: mIsICDStatus is true
04-19 21:42:55.581  2748  3048 D DeviceReportingSecurityChecker: mIsSim is true
04-19 21:42:55.581  2748  3048 D DeviceReportingSecurityChecker: mIsEchoAppSignature is true
04-19 21:42:55.581  2748  3048 D DeviceReportingSecurityChecker: security check passed
04-19 21:42:55.581  2748  3048 D DeviceReportingSecurityChecker: mIsICDStatus === true mIsSim == true mIsMyAccountSignature== false mIsEchoAppSignature== true mIsSprintHubSignature== false
04-19 21:42:55.582  2748  3048 I ActivityManager: Start proc 30271:com.sec.android.app.clockpackage/u0a321 for content provider {com.sec.android.app.clockpackage/com.sec.android.app.clockpackage.alarm.model.AlarmProvider}
04-19 21:42:55.582  2748  3048 I ActivityManager: ProcessObserver broadcast disabled
04-19 21:42:55.607  5578 30096 W gle.android.gms: Long monitor contention with owner lowpool[1764] (30100) at hmfi hmgh.b(hmfc, java.util.Set)(:com.google.android.gms@261332035@26.13.32 (260400-895912391):34) waiters=4 in hmfi hmgh.b(hmfc, java.util.Set) for 403ms
04-19 21:42:55.607  4730  4748 W Auth    : [ClearToken] Failed to delete an intermediate token as owning package is missing. [CONTEXT service_id=343 ]
04-19 21:42:55.613 30271 30271 I pp.clockpackage: Using CollectorTypeCMC GC.
04-19 21:42:55.619  5578  8196 I cn_CronetUrlRequestContext: destroyNativeStreamLocked org.chromium.net.impl.CronetBidirectionalStream@9a626cf
04-19 21:42:55.620  4730 16081 I FacsCacheGmsModule: (REDACTED) Received 'writeDeviceLevelSettings' request from package '%s'...
04-19 21:42:55.620  4730 16081 I FacsCacheGmsModule: Operation 'writeDeviceLevelSettings' dispatched!
04-19 21:42:55.620  4730 26911 I FacsCacheGmsModule: (REDACTED) Executing operation '%s'...
04-19 21:42:55.622  4730 26911 I FacsCacheGmsModule: (REDACTED) Operation '%s' successful!
04-19 21:42:55.630  6455  6467 V OsAgent : broadcastSystemEvent - 7
04-19 21:42:55.631  5578 30250 I DCU_IntentOperation: handleUdcSettingChanged: Udc flag is enabled [CONTEXT service_id=135 ]
04-19 21:42:55.631 18130 18130 E chromium: [ERROR:chrome/browser/commerce/merchant_viewer/merchant_viewer_data_manager.cc:103] Clearing 0 merchants.
04-19 21:42:55.670  5578  8196 I cn_CronetUrlRequestContext: destroyNativeStreamLocked org.chromium.net.impl.CronetBidirectionalStream@c129978
04-19 21:42:55.670  4730 16081 I FacsCacheGmsModule: (REDACTED) Received 'writeDeviceLevelSettings' request from package '%s'...
04-19 21:42:55.670  4730 16081 I FacsCacheGmsModule: Operation 'writeDeviceLevelSettings' dispatched!
04-19 21:42:55.671  4730 30070 I FacsCacheGmsModule: (REDACTED) Executing operation '%s'...
04-19 21:42:55.672  5578 30218 W gle.android.gms: Long monitor contention with owner lowpool[1764] (30100) at hmfi hmgh.b(hmfc, java.util.Set)(:com.google.android.gms@261332035@26.13.32 (260400-895912391):34) waiters=5 in hmfi hmgh.b(hmfc, java.util.Set) for 467ms
04-19 21:42:55.673  4730 30070 I FacsCacheGmsModule: (REDACTED) Operation '%s' successful!
04-19 21:42:55.676  5578 30250 I DCU_IntentOperation: handleUdcSettingChanged: Udc flag is enabled [CONTEXT service_id=135 ]
04-19 21:42:55.677  4730 16081 W Auth    : [ClearToken] Failed to delete an intermediate token as owning package is missing. [CONTEXT service_id=343 ]
04-19 21:42:55.733  5578 30105 W gle.android.gms: Long monitor contention with owner lowpool[1764] (30100) at hmfi hmgh.b(hmfc, java.util.Set)(:com.google.android.gms@261332035@26.13.32 (260400-895912391):34) waiters=6 in hmfi hmgh.b(hmfc, java.util.Set) for 528ms
04-19 21:42:55.734  4730 16081 W Auth    : [ClearToken] Failed to delete an intermediate token as owning package is missing. [CONTEXT service_id=343 ]
04-19 21:42:55.743  5578  8196 I cn_CronetUrlRequestContext: destroyNativeStreamLocked org.chromium.net.impl.CronetBidirectionalStream@98ef769
04-19 21:42:55.743  4730  4748 I FacsCacheGmsModule: (REDACTED) Received 'writeDeviceLevelSettings' request from package '%s'...
04-19 21:42:55.743  4730  4748 I FacsCacheGmsModule: Operation 'writeDeviceLevelSettings' dispatched!
04-19 21:42:55.744  4730 30070 I FacsCacheGmsModule: (REDACTED) Executing operation '%s'...
04-19 21:42:55.746  4730 30070 I FacsCacheGmsModule: (REDACTED) Operation '%s' successful!
04-19 21:42:55.747 30271 30271 I StateUtils: isDirectBootMode On : true
04-19 21:42:55.750  5578 30252 I DCU_IntentOperation: handleUdcSettingChanged: Udc flag is enabled [CONTEXT service_id=135 ]
04-19 21:42:55.781 30271 30271 I StateUtils: isDirectBootMode On : true
04-19 21:42:55.797 30271 30271 E ashmem  : Pinning is deprecated since Android Q. Please use trim or other methods.
04-19 21:42:55.801  5578 30219 W gle.android.gms: Long monitor contention with owner lowpool[1764] (30100) at hmfi hmgh.b(hmfc, java.util.Set)(:com.google.android.gms@261332035@26.13.32 (260400-895912391):34) waiters=7 in hmfi hmgh.b(hmfc, java.util.Set) for 596ms
04-19 21:42:55.801  5578  8196 I cn_CronetUrlRequestContext: destroyNativeStreamLocked org.chromium.net.impl.CronetBidirectionalStream@1378b76
04-19 21:42:55.802  4730 16081 W Auth    : [ClearToken] Failed to delete an intermediate token as owning package is missing. [CONTEXT service_id=343 ]
04-19 21:42:55.802  4730  4748 I FacsCacheGmsModule: (REDACTED) Received 'writeDeviceLevelSettings' request from package '%s'...
04-19 21:42:55.802  4730  4748 I FacsCacheGmsModule: Operation 'writeDeviceLevelSettings' dispatched!
04-19 21:42:55.803  4730 29397 I FacsCacheGmsModule: (REDACTED) Executing operation '%s'...
04-19 21:42:55.807  4730 29397 I FacsCacheGmsModule: (REDACTED) Operation '%s' successful!
04-19 21:42:55.808  5578 30250 I DCU_IntentOperation: handleUdcSettingChanged: Udc flag is enabled [CONTEXT service_id=135 ]
04-19 21:42:55.821 30271 30271 I ClockSettingsSearchProvider: onCreate()
04-19 21:42:55.821 30271 30271 I ClockSettingsSearchProvider: secQueryGetFingerprint()
04-19 21:42:55.835 30271 30271 I CapsuleProvider_1.0.26: onCreate
04-19 21:42:55.847 29905 29905 I wpa_supplicant: nl80211: Vendor event: wiphy=0 vendor_id=0x1374 subcmd=182
04-19 21:42:55.848  1625  3894 I WifiHAL : event received NL80211_CMD_VENDOR, vendor_id = 0x1374, subcmd = 0xb6
04-19 21:42:55.848  2242  3896 D LOWI-9.0.1.74: [LOWI-Scan] wait_event:Wait done with Cmd 103
04-19 21:42:55.848  2212  2212 I cnss-daemon: nl80211 response handler invoked
04-19 21:42:55.849  2212  2212 I cnss-daemon: nl80211_response_handler: cmd 103, vendorID 4980, subcmd 182  received
04-19 21:42:55.850  2242  3896 D LOWI-9.0.1.74: [LOWI-Scan] do_listen_events: Rcvd valid Netlink Cmd 0 Err 0
04-19 21:42:55.862  5578  8196 I cn_CronetUrlRequestContext: destroyNativeStreamLocked org.chromium.net.impl.CronetBidirectionalStream@13ed8f1
04-19 21:42:55.863  4730  4748 I FacsCacheGmsModule: (REDACTED) Received 'writeDeviceLevelSettings' request from package '%s'...
04-19 21:42:55.863  4730  4748 I FacsCacheGmsModule: Operation 'writeDeviceLevelSettings' dispatched!
04-19 21:42:55.863  4730 30070 I FacsCacheGmsModule: (REDACTED) Executing operation '%s'...
04-19 21:42:55.866  4730 30070 I FacsCacheGmsModule: (REDACTED) Operation '%s' successful!
04-19 21:42:55.870 30271 30271 I SamsungAnalytics605079: Tracker start:6.05.079
04-19 21:42:55.873  5578 30250 I DCU_IntentOperation: handleUdcSettingChanged: Udc flag is enabled [CONTEXT service_id=135 ]
04-19 21:42:55.875 30271 30283 I NotificationChannelUtils: createAllChannels
04-19 21:42:55.875  2748  3762 D BackgroundInstallControlService: Package event received: 0
04-19 21:42:55.876  2748  2772 I ActivityManager: Changes in 10321 19 to 5, 0 to 144
04-19 21:42:55.887 30271 30283 I CapsuleProvider_1.0.26: releasing initialize wait lock.
04-19 21:42:55.887 30271 30283 I a_1.0.26: initialized
04-19 21:42:55.887 30271 30283 I BixbyDeepLink: registerActionHandler()
04-19 21:42:55.890 30271 30282 I SamsungAnalytics605079: register setting status
04-19 21:42:55.892 30271 30283 I DIAGMON_SDK[605079]: DiagMonAgent type: 2
04-19 21:42:55.893 30271 30283 I DIAGMON_SDK[605079][clj47h9zhd] : generated SR object
04-19 21:42:55.894  2748  8227 I ActivityManager: Changes in 10054 19 to 5, 0 to 144
04-19 21:42:55.896 30271 30283 I [RoutineSdk3.0-3.0.0]: RoutineSdkImpl: setHandler - conditionHandler initialized
04-19 21:42:55.896 30271 30283 I [RoutineSdk3.0-3.0.0]: RoutineSdkImpl: setHandler - actionHandler initialized
04-19 21:42:55.897  2748  3762 D BackgroundInstallControlService: Package event received: 0
04-19 21:42:55.899  2748  3762 D BackgroundInstallControlService: Package event received: 0
04-19 21:42:55.900  5578 29368 W gle.android.gms: Long monitor contention with owner lowpool[1764] (30100) at hmfi hmgh.b(hmfc, java.util.Set)(:com.google.android.gms@261332035@26.13.32 (260400-895912391):34) waiters=8 in hmfi hmgh.b(hmfc, java.util.Set) for 695ms
04-19 21:42:55.901  4730 16081 W Auth    : [ClearToken] Failed to delete an intermediate token as owning package is missing. [CONTEXT service_id=343 ]
04-19 21:42:55.913 30271 30289 I AlarmAppSearchManager: getInstance com.sec.android.app.clockpackage.ClockPackageApplication@94304f5 : tf.g.invokeSuspend(Unknown Source:28)
04-19 21:42:55.935 30271 30271 I AlarmAppSearchManager: Schema set Successfully
04-19 21:42:55.966  5578  8196 I cn_CronetUrlRequestContext: destroyNativeStreamLocked org.chromium.net.impl.CronetBidirectionalStream@b21ac0d
04-19 21:42:55.967  4730 16081 I FacsCacheGmsModule: (REDACTED) Received 'writeDeviceLevelSettings' request from package '%s'...
04-19 21:42:55.967  4730 16081 I FacsCacheGmsModule: Operation 'writeDeviceLevelSettings' dispatched!
04-19 21:42:55.967  4730 30070 I FacsCacheGmsModule: (REDACTED) Executing operation '%s'...
04-19 21:42:55.970  4730 30070 I FacsCacheGmsModule: (REDACTED) Operation '%s' successful!
04-19 21:42:55.972  5578 30252 I DCU_IntentOperation: handleUdcSettingChanged: Udc flag is enabled [CONTEXT service_id=135 ]
04-19 21:42:55.973  5158 10616 E KnoxInfoImpl: ERROR | invalid request, isSupportMoveTo
04-19 21:42:55.974  5158 10616 W KnoxUtil_CP2: [P] ContactsProvider2.isCallerInfoBrowsingAllow(): isSecureFolderAllowed is false
04-19 21:42:55.975  5158 10616 V KnoxUtil_CP2: [P] isCallerInfoBrowsingAllow or Settings value returns false for personaId=150
04-19 21:42:55.975  5158 10616 D KnoxInfoImpl: put into cache
04-19 21:42:55.976  2748  8227 E AppIconSolution: Using cached contents available for com.einsindrei.Astronaut.appicon
04-19 21:42:56.003  2748  8227 E AppIconSolution: Using cached contents available for com.einsindrei.Astronaut.appicon
04-19 21:42:56.004  2748  8227 I AppIconSolution: start to load, pkg=com.samsung.knox.securefolder, bg=144-144, dr=648-648, forDefault=false, density=0
04-19 21:42:56.010  2748  8227 I AppIconSolution: scale down, pkg=com.samsung.knox.securefolder, dr=216-216, bg=144-144
04-19 21:42:56.011  2748  8227 I AppIconSolution: getIconScale, pkg=com.samsung.knox.securefolder, size=216, iconScale=IconScale[alpha=2, scale=0.58, isCrop=false]
04-19 21:42:56.011  2748  8227 I AppIconSolution: fromTheme2, pkg=com.samsung.knox.securefolder, bg=144-144, dr=216-216, tarScale=0.58, relScale=0.39396223, mask=false, isCropInTheme = false, isNight = true
04-19 21:42:56.013  5578  8196 I cn_CronetUrlRequestContext: destroyNativeStreamLocked org.chromium.net.impl.CronetBidirectionalStream@6bab435
04-19 21:42:56.014  4730 16081 I FacsCacheGmsModule: (REDACTED) Received 'writeDeviceLevelSettings' request from package '%s'...
04-19 21:42:56.014  4730 16081 I FacsCacheGmsModule: Operation 'writeDeviceLevelSettings' dispatched!
04-19 21:42:56.014  4730 26911 I FacsCacheGmsModule: (REDACTED) Executing operation '%s'...
04-19 21:42:56.014  5158 10616 I SemPersonaManager: START getContainerName packageName = null, className = null, userId = 150
04-19 21:42:56.015  5158 10616 I SemPersonaManager: END getContainerName packageName
04-19 21:42:56.015  5158 10616 I ContactsProvider: [P] queryCorpLookupIfNecessary - query for knox took 43 ms elapsed
04-19 21:42:56.016  4730 26911 I FacsCacheGmsModule: (REDACTED) Operation '%s' successful!
04-19 21:42:56.018  5578 30249 I DCU_IntentOperation: handleUdcSettingChanged: Udc flag is enabled [CONTEXT service_id=135 ]
04-19 21:42:56.019  5158 10616 E KnoxInfoImpl: ERROR | invalid request, isSupportMoveTo
04-19 21:42:56.019  5158 10616 W KnoxUtil_CP2: [P] ContactsProvider2.isCallerInfoBrowsingAllow(): isSecureFolderAllowed is false
04-19 21:42:56.020  5158 10616 V KnoxUtil_CP2: [P] isCallerInfoBrowsingAllow or Settings value returns false for personaId=150
04-19 21:42:56.020  5158 10616 I ContactsProvider: [P] queryCorpLookupIfNecessary - query for knox took 1 ms elapsed
04-19 21:42:56.022  5158 10616 E KnoxInfoImpl: ERROR | invalid request, isSupportMoveTo
04-19 21:42:56.023  5158 10616 W KnoxUtil_CP2: [P] ContactsProvider2.isCallerInfoBrowsingAllow(): isSecureFolderAllowed is false
04-19 21:42:56.023  5158 10616 V KnoxUtil_CP2: [P] isCallerInfoBrowsingAllow or Settings value returns false for personaId=150
04-19 21:42:56.023  5158 10616 I ContactsProvider: [P] queryCorpLookupIfNecessary - query for knox took 1 ms elapsed
04-19 21:42:56.025  7220 12941 I NowBrief$CallLogDataSource: DefaultDispatcher-worker-7] getMissedCallLog 0
04-19 21:42:56.025  2748  8227 I BatteryStatsService: semGetBatteryInfos()
04-19 21:42:56.025  2748  8227 I DeviceBatteryInfoService: semGetBatteryInfos()
04-19 21:42:56.025  2748  8227 I DeviceBatteryInfoService: Name : Izzy's S24 / BatteryLevel : 67 / Status : 2
04-19 21:42:56.025  2748  8227 I DeviceBatteryInfoService: Name : Izzy's Watch Ultra / BatteryLevel : 55 / Status : 3
04-19 21:42:56.025  2748  8227 I DeviceBatteryInfoService: Name : Izzy's Buds4 Pro / BatteryLevel : 96 / Status : 1
04-19 21:42:56.026  7220 12941 I NowBrief$DeviceBatteryDataSource: DefaultDispatcher-worker-7] getDeviceBatteryInfo: [DeviceBatteryInfo(address='00:00:00:00:00:00', name='Izzy's S24', type=2, level=67, status=2, extraBatteryLevelCradle=-1, extraBatteryLevelLeft=-1, extraBatteryLevelRight=-1), DeviceBatteryInfo(address='78:C1:1D:95:49:F7', name='Izzy's Watch Ultra', type=4, level=55, status=3, extraBatteryLevelCradle=0, extraBatteryLevelLeft=0, extraBatteryLevelRight=0), DeviceBatteryInfo(address='5C:D3:3D:1E:32:24', name='Izzy's Buds4 Pro', type=3, level=96, status=1, extraBatteryLevelCradle=-1, extraBatteryLevelLeft=96, extraBatteryLevelRight=-1)]
04-19 21:42:56.026  7220 12941 I NowBrief$GetWearableDeviceBatteryUseCase: DefaultDispatcher-worker-7] [Battery] getWearableBatteryCard, wearableDevices=[]
04-19 21:42:56.030  7220 12941 I NowBrief.ClockManagerDataSource: getNowViewInflater is true in ClockManager.
04-19 21:42:56.030  7220 12941 I NowBrief$NaverSportsAppSearchDataSource: DefaultDispatcher-worker-7] [SPORTS] loadingDocData
04-19 21:42:56.030  7220 12941 I NowBrief$NaverSportsAppSearchDataSource: DefaultDispatcher-worker-7] [SPORTS] loadingDocData docList = 0
04-19 21:42:56.035  7220 12941 I NowBrief$CalendarDataSource: DefaultDispatcher-worker-7] calendar cursor count = 0
04-19 21:42:56.036 30229 30245 I Reminder$ReminderProvider: query uri [content://com.samsung.android.app.reminder/open/reminder_time_view] from com.samsung.android.smartsuggestions
04-19 21:42:56.036 30229 30245 I Reminder$ReminderProviderUtils: [getIdSelection] uri match failed: ((remind_time >= 1776571200000 AND remind_time < 1776657600000) OR (start_time >= 1776571200000 AND start_time < 1776657600000)) AND visible = 1 AND is_deleted_for_cloud = 0 AND is_deleted_for_gear = 0 AND is_deleted_for_group_share = 0 AND item_status != 2
04-19 21:42:56.037  7220 12941 I NowBrief$ReminderDataSource: DefaultDispatcher-worker-7] reminder cursor count = 1
04-19 21:42:56.040  7220 12941 I NowBrief$TaskDataSource: DefaultDispatcher-worker-7] task cursor count = 0
04-19 21:42:56.040  7220 12941 I NowBrief$Event:ScheduleDataSource: DefaultDispatcher-worker-7] visibleScheduleDocument scheduleData total : 1, without anniversary : 1, filter current time : 0
04-19 21:42:56.046  7220 12941 I NowBrief$CalendarDataSource: DefaultDispatcher-worker-7] calendar cursor count = 0
04-19 21:42:56.047 30229 30245 I Reminder$ReminderProvider: query uri [content://com.samsung.android.app.reminder/open/reminder_time_view] from com.samsung.android.smartsuggestions
04-19 21:42:56.047 30229 30245 I Reminder$ReminderProviderUtils: [getIdSelection] uri match failed: ((remind_time >= 1776657600000 AND remind_time < 1776744000000) OR (start_time >= 1776657600000 AND start_time < 1776744000000)) AND visible = 1 AND is_deleted_for_cloud = 0 AND is_deleted_for_gear = 0 AND is_deleted_for_group_share = 0 AND item_status != 2
04-19 21:42:56.049  7220 12941 I NowBrief$ReminderDataSource: DefaultDispatcher-worker-7] reminder cursor count = 0
04-19 21:42:56.049  4730 30092 I NetworkScheduler.Stats: (REDACTED) Task %s/%s finished executing. cause:%s result: %s elapsed_millis: %s uptime_millis: %s exec_start_elapsed_seconds: %s
04-19 21:42:56.051  7220 12941 I NowBrief$TaskDataSource: DefaultDispatcher-worker-7] task cursor count = 0
04-19 21:42:56.052  7220 12941 I NowBrief$Event:ScheduleDataSource: DefaultDispatcher-worker-7] visibleScheduleDocument scheduleData total : 0, without anniversary : 0, filter current time : 0
04-19 21:42:56.054  7220 12941 I NowBrief$AiSuggestionRanker[BriefDocumentBuilder]: DefaultDispatcher-worker-7] [Commute] isSnowOrRainyWeather true isSnowWeather false
04-19 21:42:56.055  7220 12941 I NowBrief.NetworkUtils: getNetworkCapabilities: true
04-19 21:42:56.055  7220 12941 I NowBrief.NetworkUtils: NET_CAPABILITY_VALIDATED: true
04-19 21:42:56.055  7220 12941 I NowBrief.NetworkUtils: isNetworkAvailable: true
04-19 21:42:56.055  7220 12941 I NowBrief$Event:AiSuggestionRanker[BriefDocumentBuilder]: DefaultDispatcher-worker-7] [Commute] isNetworkAvailable - true
04-19 21:42:56.055  2748  8227 D LocationManagerService: gps provider getLastLocation from : 10124/com.samsung.android.smartsuggestions
04-19 21:42:56.057  3944  4257 D AppOpsPrivacyItemMonitor: showLocationSystemApps  AppOpItem(Op code=1, UID=1000, AttributionTag=SLocationService, Package name=android, Paused=false)false)false)
04-19 21:42:56.057  3944  4257 D AppOpsPrivacyItemMonitor: showLocationSystemApps  AppOpItem(Op code=1, UID=10093, AttributionTag=null, Package name=com.samsung.android.mcfds, Paused=false)false)
04-19 21:42:56.057  3944  4257 D AppOpsPrivacyItemMonitor: showLocationSystemApps  AppOpItem(Op code=1, UID=10124, AttributionTag=null, Package name=com.samsung.android.smartsuggestions, Paused=false)
04-19 21:42:56.057  3944  3944 D AiAgentEffect: onPrivacyItemsChanged privacyItems.size = 3
04-19 21:42:56.057  3944  3944 D AiAgentEffect: onPrivacyItemsChanged privacyItems isEmpty or found item is null
04-19 21:42:56.058 29940 29967 I [CE]_RequestHandler: logSdkApiStats - submit done for null, FVP_CONTEXT, 1010
04-19 21:42:56.059  4661  4866 I HoneySpace.StatusIconTracker: invokeEvent() called with: event = PrivacyInfo(visible=false)
04-19 21:42:56.062 29940 29967 I [CE]_RequestHandler: logSdkApiStats - submit done for null, FVP_CONTEXT, 1010
04-19 21:42:56.063  3944  3944 W View    : requestLayout() improperly called by com.android.systemui.qs.SecQSGradationDrawableView{ac0ea0d V.E...... ......ID 0,0-1080,354 #7f0a0a16 app:id/qs_gradation_view} during layout: running second layout pass
04-19 21:42:56.063  3944  3944 W View    : requestLayout() improperly called by android.widget.FrameLayout{e81cdc2 V.E...... ......I. 0,0-1080,2340 #2} during layout: running second layout pass
04-19 21:42:56.063  3944  3944 W View    : requestLayout() improperly called by android.widget.FrameLayout{1e7d3 V.E...... ......ID 0,163-1080,2295 #7f0a0a14 app:id/qs_frame} during layout: running second layout pass
04-19 21:42:56.063  3944  3944 W RefactorFlag: New code path expects SceneContainerFlag to be enabled.
04-19 21:42:56.065 29940 29967 I [CE]_RequestHandler: logSdkApiStats - submit done for null, FVP_CONTEXT, 1003
04-19 21:42:56.066  7220 12941 I NowBrief$GenerateCommutingToOfficeSuggestionUseCase: DefaultDispatcher-worker-7] validCommutePattern size : 0
04-19 21:42:56.066  7220 12941 I NowBrief$AiSuggestionRanker[BriefDocumentBuilder]: DefaultDispatcher-worker-7] glance before 3days
04-19 21:42:56.067  7220 12941 I NowBrief$AiSuggestionRanker[BriefDocumentBuilder]: DefaultDispatcher-worker-7] lockscreen setting before 3days
04-19 21:42:56.067  7220 12941 I NowBrief$Event:AiSuggestionRanker[BriefDocumentBuilder]: DefaultDispatcher-worker-7] [Ranking] check brief : 4
04-19 21:42:56.068  7220 12941 I NowBrief$AiSuggestionRanker[BriefDocumentBuilder]: DefaultDispatcher-worker-7] [Ranking] build with suggestionList.size : 4
04-19 21:42:56.070  7220 12941 I NowBrief$Event:RuleBaseRankingFilter: DefaultDispatcher-worker-7] [Ranking] filter, input.ids: (0)publish_health_mindfulness_suggestion_document,(1)publish_health_daily_activity_document_id_1,(2)WeeklyUsageReport,(3)WeeklyComportCareReport,(4)calendar_no_schedule,(5)music_data,(6)weatherempty,(7)weatheremptyalert,(8)youtube_nudge
04-19 21:42:56.070  7220 12941 I NowBrief$Event:RuleBaseRankingFilter: DefaultDispatcher-worker-7] [Ranking] filter, briefType: EVENING, contextLog: [FC63A109]
04-19 21:42:56.074  7220 12941 I NowBrief$Event:RuleBaseRankingFilter: DefaultDispatcher-worker-7] [Ranking] matchValidContext, publish_health_mindfulness_suggestion_document, docValidContexts: [BEFORE_SLEEP_PERIOD], validContexts: [BEFORE_SLEEP_PERIOD], validExitContexts: []
04-19 21:42:56.074  7220 12941 I NowBrief$Event:RuleBaseRankingFilter: DefaultDispatcher-worker-7] [Ranking] matchValidContext, publish_health_daily_activity_document_id_1, docValidContexts: [], validContexts: [], validExitContexts: []
04-19 21:42:56.074  7220 12941 I NowBrief$Event:RuleBaseRankingFilter: DefaultDispatcher-worker-7] [Ranking] matchValidContext, WeeklyUsageReport, docValidContexts: [], validContexts: [], validExitContexts: []
04-19 21:42:56.075  7220 12941 I NowBrief$Event:RuleBaseRankingFilter: DefaultDispatcher-worker-7] [Ranking] currentMaintainPhase: [EVENING_UNTIL_MORNING], PhoneWeeklyUsage maintainAt: []
04-19 21:42:56.078  7220 12941 I NowBrief$Event:RuleBaseRankingFilter: DefaultDispatcher-worker-7] [Ranking] timeFilterResult_2: NOT_MATCH - currentTime: 04-19 21:42:56, [04-19 10:00:00 ~ 04-19 12:00:00, 04-19 12:00:00 ~ 04-19 14:00:00, 04-19 14:00:00 ~ 04-19 18:00:00, 04-19 18:00:00 ~ 04-19 21:00:00], contextFilterResult: EMPTY, shouldMaintain: false -> skip WeeklyUsageReport
04-19 21:42:56.079  7220 12941 I NowBrief$Event:RuleBaseRankingFilter: DefaultDispatcher-worker-7] [Ranking] matchValidContext, WeeklyComportCareReport, docValidContexts: [], validContexts: [], validExitContexts: []
04-19 21:42:56.079  7220 12941 I NowBrief$Event:RuleBaseRankingFilter: DefaultDispatcher-worker-7] [Ranking] currentMaintainPhase: [EVENING_UNTIL_MORNING], PhoneWeeklyComfortCare maintainAt: []
04-19 21:42:56.079  7220 12941 I NowBrief$Event:RuleBaseRankingFilter: DefaultDispatcher-worker-7] [Ranking] timeFilterResult_2: NOT_MATCH - currentTime: 04-19 21:42:56, [04-19 14:00:00 ~ 04-19 18:00:00], contextFilterResult: EMPTY, shouldMaintain: false -> skip WeeklyComportCareReport
04-19 21:42:56.079  7220 12941 I NowBrief$Event:RuleBaseRankingFilter: DefaultDispatcher-worker-7] [Ranking] matchValidContext, calendar_no_schedule, docValidContexts: [], validContexts: [], validExitContexts: []
04-19 21:42:56.080  7220 12941 I NowBrief$Event:RuleBaseRankingFilter: DefaultDispatcher-worker-7] [Ranking] matchValidContext, music_data, docValidContexts: [], validContexts: [], validExitContexts: []
04-19 21:42:56.080  7220 12941 I NowBrief$Event:RuleBaseRankingFilter: DefaultDispatcher-worker-7] [Ranking] matchValidContext, weatherempty, docValidContexts: [], validContexts: [], validExitContexts: []
04-19 21:42:56.080  7220 12941 I NowBrief$Event:RuleBaseRankingFilter: DefaultDispatcher-worker-7] [Ranking] matchValidContext, weatheremptyalert, docValidContexts: [], validContexts: [], validExitContexts: []
04-19 21:42:56.080  7220 12941 I NowBrief$Event:RuleBaseRankingFilter: DefaultDispatcher-worker-7] [Ranking] matchValidContext, youtube_nudge, docValidContexts: [], validContexts: [], validExitContexts: []
04-19 21:42:56.096  7220 12941 I NowBrief$Event:RuleBaseRankingFilter: DefaultDispatcher-worker-7] [Ranking] filter, result: RankingFilterResult(filtered: (0)publish_health_mindfulness_suggestion_document,(1)publish_health_daily_activity_document_id_1,(2)calendar_no_schedule,(3)music_data,(4)weatherempty,(5)weatheremptyalert,(6)youtube_nudge, maintain: )
04-19 21:42:56.097  7220 12941 I NowBrief$Event:AiSuggestionRanker: DefaultDispatcher-worker-7] [Ranking] maintainList size: 0
04-19 21:42:56.097  7220 12941 I NowBrief$AiSuggestionRanker: DefaultDispatcher-worker-7] [Travel] getAirlineTravelTicketExist, list: publish_health_mindfulness_suggestion_document, publish_health_daily_activity_document_id_1, calendar_no_schedule, music_data, weatherempty, weatheremptyalert, youtube_nudge
04-19 21:42:56.098 29940 29967 I [CE]_RequestHandler: logSdkApiStats - submit done for null, FVP_CONTEXT, 1000
04-19 21:42:56.103  7220 12941 I NowBrief$AiSuggestionRanker: DefaultDispatcher-worker-7] [Travel] generateTravelResult, no travel ticket, generate default travel documents
04-19 21:42:56.103  7220 12941 I NowBrief$GetTravelTicketUseCase: DefaultDispatcher-worker-7] [Travel] GetTravelTicketUseCase, isBeingTravel = false, isJustStartedTravel = false, isJustEndTravel = false
04-19 21:42:56.103  7220 12941 I NowBrief$Event:GetTravelTicketUseCase: DefaultDispatcher-worker-7] [Travel] GetTravelTicketUseCase, Travel scenario is skipped. 
04-19 21:42:56.104  7220 12941 I NowBrief$GenerateTravelSuggestionUseCase: DefaultDispatcher-worker-7] [Travel] getTravelSuggestionDocuments, is airplane ticket
04-19 21:42:56.104  7220 12941 I NowBrief$Event:GenerateTravelSuggestionUseCase: DefaultDispatcher-worker-7] [Travel] getTravelSuggestionDocuments, travelType is null
04-19 21:42:56.104  7220 12941 I NowBrief$AiSuggestionRanker: DefaultDispatcher-worker-7] [Travel] generateTravelResult, travelTicketModel: null
04-19 21:42:56.104  7220 12941 I NowBrief$Event:RuleBaseRankingFilter: DefaultDispatcher-worker-7] [Ranking] filter, input.ids: 
04-19 21:42:56.104  7220 12941 I NowBrief$Event:RuleBaseRankingFilter: DefaultDispatcher-worker-7] [Ranking] filter, briefType: EVENING, contextLog: [FC63A109]
04-19 21:42:56.105  7220 12941 I NowBrief$Event:RuleBaseRankingFilter: DefaultDispatcher-worker-7] [Ranking] filter, result: RankingFilterResult(filtered: , maintain: )
04-19 21:42:56.106  7220 12941 I NowBrief$Event:AiSuggestionRanker: DefaultDispatcher-worker-7] [Ranking] Travel AiSuggestionTitleEntity(eventType=None, insightContextInternals=[], timeType=Evening)
04-19 21:42:56.110  7220 12093 I NowBrief$RuleBaseRankingScorer: DefaultDispatcher-worker-6] [Ranking]calculateScore, Final Result
04-19 21:42:56.110  7220 12093 I NowBrief$RuleBaseRankingScorer: DefaultDispatcher-worker-6] [RANKING] score, result[0]: id: weatheremptyalert, creationTimestampMillis: 1776571200000, documentTtlMillis: 86400000, schemaVersion: 0, appVersionCode: 0, appDomain.schemaType: ContextualInsightData:WeatherAsSevereDocument, appDomain.schemaVersion: 0 score: 0.75
04-19 21:42:56.110  7220 12093 I NowBrief$RuleBaseRankingScorer: DefaultDispatcher-worker-6] [RANKING] score, result[1]: id: weatherempty, creationTimestampMillis: 1776571200000, documentTtlMillis: 86400000, schemaVersion: 0, appVersionCode: 0, appDomain.schemaType: ContextualInsightData:WeatherAsTimeDocument, appDomain.schemaVersion: 0 score: 0.5
04-19 21:42:56.110  7220 12093 I NowBrief$RuleBaseRankingScorer: DefaultDispatcher-worker-6] [RANKING] score, result[2]: id: publish_health_mindfulness_suggestion_document, creationTimestampMillis: 1776648347898, documentTtlMillis: 7200000, schemaVersion: 10, appVersionCode: 0, appDomain.schemaType: ContextualInsightData:HealthMindfulnessSuggestion, appDomain.schemaVersion: 7 score: 0.3
04-19 21:42:56.110  7220 12093 I NowBrief$RuleBaseRankingScorer: DefaultDispatcher-worker-6] [RANKING] score, result[3]: id: publish_health_daily_activity_document_id_1, creationTimestampMillis: 1776636004369, documentTtlMillis: 21595732, schemaVersion: 10, appVersionCode: 0, appDomain.schemaType: ContextualInsightData:HealthDailyActivity, appDomain.schemaVersion: 7 score: 0.3
04-19 21:42:56.110  7220 12093 I NowBrief$RuleBaseRankingScorer: DefaultDispatcher-worker-6] [RANKING] score, result[4]: id: calendar_no_schedule, creationTimestampMillis: 1776571200000, documentTtlMillis: 86400000, schemaVersion: 0, appVersionCode: 0, appDomain.schemaType: ContextualInsightData:NoScheduleAppDomainDocument, appDomain.schemaVersion: 0 score: 0.3
04-19 21:42:56.110  7220 12093 I NowBrief$RuleBaseRankingScorer: DefaultDispatcher-worker-6] [RANKING] score, result[5]: id: music_data, creationTimestampMillis: 1776571200000, documentTtlMillis: 86400000, schemaVersion: 0, appVersionCode: 0, appDomain.schemaType: ContextualInsightData:SpotifyData, appDomain.schemaVersion: 0 score: 0.05
04-19 21:42:56.110  7220 12093 I NowBrief$RuleBaseRankingScorer: DefaultDispatcher-worker-6] [RANKING] score, result[6]: id: youtube_nudge, creationTimestampMillis: 1776571200000, documentTtlMillis: 86400000, schemaVersion: 0, appVersionCode: 0, appDomain.schemaType: ContextualInsightData:YoutubeNudge, appDomain.schemaVersion: 0 score: 0.0
04-19 21:42:56.110  7220 12093 I NowBrief$WidgetNowBarSelector: DefaultDispatcher-worker-6] updateCache, 4. check widgetDocument, latestNowBarSchemaType: null, latestWidgetSchemaType: null, 
04-19 21:42:56.113  7220 12093 I NowBrief.LiveIconUtil: getLiveIcon ApplicationInfo{40970af com.samsung.android.smartsuggestions} false false
04-19 21:42:56.117  7220 12093 I NowBrief.LiveIconUtil: getLiveIcon ApplicationInfo{40970af com.samsung.android.smartsuggestions} false false
04-19 21:42:56.117  7220 12093 I NowBrief.GenerateBriefUiEntityUseCase: eventTypeChanged: lastEventType: None, eventType: None
04-19 21:42:56.118  7220 12093 I NowBrief.BriefUiPolicyRepository: canShowNowBar briefShown false
04-19 21:42:56.119  7220 12093 I NowBrief$AiSuggestionRanker: DefaultDispatcher-worker-6] [Ranking] needUpdate result: 1000010, rankedDocuments.size: 7, time: 1 ms
04-19 21:42:56.119  7220 12093 I NowBrief$AiSuggestionRanker: DefaultDispatcher-worker-6] [Ranking], rank timeType: Evening, eventType: None, briefType : EVENING
04-19 21:42:56.119  7220 12093 I NowBrief$AiSuggestionUpdateWorkerManager: DefaultDispatcher-worker-6] enqueueWorker: rankTriggerType = ContextChanged
04-19 21:42:56.119  7220 12093 I NowBrief$Event:AiSuggestionRanker: DefaultDispatcher-worker-6] [Ranking] rankedDocuments[0]= id: weatheremptyalert, score: 0.75, isWidgetVisible: false, isNowBarVisible: false, creationTimestampMillis: 1776571200000, documentTtlMillis: 86400000, schemaType:ContextualInsightData:WeatherAsSevereDocument, rankingMeta: RankingMetaData(importantContexts=null, validContexts=null, importantTimeFrames=[TimeDurationData(startTimeMillis=1776571200000, endTimeMillis=1776657600000, dailyTime=null)], validTimeFrames=[TimeDurationData(startTimeMillis=1776571200000, endTimeMillis=1776657600000, dailyTime=null)])
04-19 21:42:56.119  7220 12093 I NowBrief$Event:AiSuggestionRanker: DefaultDispatcher-worker-6] [Ranking] rankedDocuments[1]= id: weatherempty, score: 0.5, isWidgetVisible: false, isNowBarVisible: false, creationTimestampMillis: 1776571200000, documentTtlMillis: 86400000, schemaType:ContextualInsightData:WeatherAsTimeDocument, rankingMeta: RankingMetaData(importantContexts=null, validContexts=null, importantTimeFrames=[TimeDurationData(startTimeMillis=1776592800000, endTimeMillis=1776610800000, dailyTime=null)], validTimeFrames=[TimeDurationData(startTimeMillis=1776571200000, endTimeMillis=1776657600000, dailyTime=null)])
04-19 21:42:56.119  7220 12093 I NowBrief$Event:AiSuggestionRanker: DefaultDispatcher-worker-6] [Ranking] rankedDocuments[2]= id: publish_health_mindfulness_suggestion_document, score: 0.3, isWidgetVisible: false, isNowBarVisible: false, creationTimestampMillis: 1776648347898, documentTtlMillis: 7200000, schemaType:ContextualInsightData:HealthMindfulnessSuggestion, rankingMeta: RankingMetaData(importantContexts=null, validContexts=[BEFORE_SLEEP_PERIOD], importantTimeFrames=null, validTimeFrames=null)
04-19 21:42:56.119  7220 12093 I NowBrief$Event:AiSuggestionRanker: DefaultDispatcher-worker-6] [Ranking] rankedDocuments[3]= id: publish_health_daily_activity_document_id_1, score: 0.3, isWidgetVisible: false, isNowBarVisible: false, creationTimestampMillis: 1776636004369, documentTtlMillis: 21595732, schemaType:ContextualInsightData:HealthDailyActivity, rankingMeta: RankingMetaData(importantContexts=null, validContexts=null, importantTimeFrames=null, validTimeFrames=null)
04-19 21:42:56.119  7220 12093 I NowBrief$Event:AiSuggestionRanker: DefaultDispatcher-worker-6] [Ranking] rankedDocuments[4]= id: calendar_no_schedule, score: 0.3, isWidgetVisible: false, isNowBarVisible: false, creationTimestampMillis: 1776571200000, documentTtlMillis: 86400000, schemaType:ContextualInsightData:NoScheduleAppDomainDocument, rankingMeta: RankingMetaData(importantContexts=null, validContexts=null, importantTimeFrames=null, validTimeFrames=null)
04-19 21:42:56.119  7220 12093 I NowBrief$Event:AiSuggestionRanker: DefaultDispatcher-worker-6] [Ranking] rankedDocuments[5]= id: music_data, score: 0.05, isWidgetVisible: false, isNowBarVisible: false, creationTimestampMillis: 1776571200000, documentTtlMillis: 86400000, schemaType:ContextualInsightData:SpotifyData, rankingMeta: null
04-19 21:42:56.119  7220 12093 I NowBrief$Event:AiSuggestionRanker: DefaultDispatcher-worker-6] [Ranking] rankedDocuments[6]= id: youtube_nudge, score: 0.0, isWidgetVisible: false, isNowBarVisible: false, creationTimestampMillis: 1776571200000, documentTtlMillis: 86400000, schemaType:ContextualInsightData:YoutubeNudge, rankingMeta: RankingMetaData(importantContexts=null, validContexts=null, importantTimeFrames=null, validTimeFrames=null)
04-19 21:42:56.120  7220  9239 I NowBrief$RankDispatcher: RankDispatcher] [Ranking] runRanker: handleMessage[163], ContextChanged completed
04-19 21:42:56.120  7220 30293 E ActivityThread: Failed to find provider info for issuetracker_provider
04-19 21:42:56.124  7220 30293 W IA_HELPER: IA Agent is not installed
04-19 21:42:56.124  7220 30293 I NowBrief$AiSuggestionRanker: DefaultDispatcher-worker-10] [Ranking] skip sendSALog, updateResult: 1000010
04-19 21:42:56.124  7220 30293 I NowBrief$Event:AppSearchRepositoryImpl: DefaultDispatcher-worker-10] [Ranking] onRankChanged[1] eventType:None, briefType:EVENING items:7
04-19 21:42:56.126  3944  3984 D AiBriefContentProvider: call( method:CLEAR_SUGGESTION_REMOTE_NOW_BAR, arg:null, extrasBundle:null )
04-19 21:42:56.127  3944  3984 D BriefManager: [BriefLog]_hideRemoteNowBar
04-19 21:42:56.128  7220 30293 I NowBrief.BriefUiUpdatePolicy: checkUpdateAvailability: state[AVAILABLE], needToUiUpdate[false]
04-19 21:42:56.128  7220 30293 I NowBrief.BriefUiUpdatePolicy: updatePendingData, false
04-19 21:42:56.128  7220 30293 I NowBrief.BriefUiUpdatePolicy: updateWeatherType [Shower]
04-19 21:42:56.128  3944  3944 I NowBarItemManager: onNowBarItemRemoved , AI_BRIEF_REMOTE_VIEW_KEY, NOTI | -1
04-19 21:42:56.128  3944  3944 I NowBarItemManager: onNowBarItemRemoved removedItem , AI_BRIEF_REMOTE_VIEW_KEY, NOTI | -1 was not existed data
04-19 21:42:56.129  3944  3944 D SystemUIService: SYSUI_RAM_OPTIMIZATION onTrimMemory=20
04-19 21:42:56.129  3944  3944 D CentralSurfaces: SYSUI_RAM_OPTIMIZATION onTrimMemory=20
04-19 21:42:56.130  3944  4337 D HWUI    : CacheManager::trimMemory(20)
04-19 21:42:56.135  7220 30293 I NowBrief.SuggestionUiManagerImpl: nowBrief enabled : true setupWizardComplete : true isMainUser : true
04-19 21:42:56.137  7220 28345 I SSS:TextClassifierDelegateFactory: getDefaultTextClassifier()
04-19 21:42:56.172  7220 28345 I SSS:TextClassifierDelegateFactory: getDefaultTextClassifier()
04-19 21:42:56.174  7220 28345 I SSS:TextClassifierDelegateFactory: getDefaultTextClassifier()
04-19 21:42:56.178  7220 12943 I NowBrief.ConvertDocumentToRefreshableDataUseCase: execute, refreshableData.size: 1
04-19 21:42:56.178  7220 12943 I NowBrief.SuggestionUiLocalRepositoryImpl: replaceAllData 15
04-19 21:42:56.178  7220 12943 I NowBrief.SuggestionUiLocalRepositoryImpl: setBriefType EVENING
04-19 21:42:56.178  7220 12943 I NowBrief$SuggestionUiLocalRepositoryImpl: DefaultDispatcher-worker-3] setRefreshableData, size: 1
04-19 21:42:56.179  2748  8227 D KNOX_MDM_SettingsProvider: isChangeAllowed() : name = onboarding_finish
04-19 21:42:56.179  2748  8227 D KNOX_MDM_SettingsProvider: edmUri: content://com.sec.knox.provider/RestrictionPolicy3
04-19 21:42:56.179  2748  8227 D KNOX_MDM_SettingsProvider: projectionArgs: isSettingsChangesAllowed
04-19 21:42:56.179  2748  8227 D KNOX_MDM_SettingsProvider: selectionArgs: false
04-19 21:42:56.179  2748  8227 D KNOX_MDM_SettingsProvider: selectionArgs: 10124
04-19 21:42:56.179  2748  8227 D SecContentProvider: query(), uri = 17 selection = isSettingsChangesAllowed
04-19 21:42:56.179  2748  8227 D SecContentProvider: called from com.samsung.android.smartsuggestions
04-19 21:42:56.179  2748  8227 D RestrictionPolicy: isSettingsChangesAllowedAsUser, userId 0 : true
04-19 21:42:56.179  2748  8227 D KNOX_MDM_SettingsProvider: ret = 1
04-19 21:42:56.182  4661  4832 I HoneySpace.AppsEdgeUiDelegatorWrapper: updateBriefIcon
04-19 21:42:56.182  4661  4832 I HoneySpace.AppsEdge.Repository: updateBriefIcon
04-19 21:42:56.190  7220  7220 I GWT:AppWidgetReceiver: [smartsuggestions] [appwidget-1.1.16] onReceive: action=com.samsung.android.smartsuggestions.feature.aisuggestion.ui.appwidget.ACTION_UPDATE this=com.samsung.android.smartsuggestions.feature.aisuggestion.ui.appwidget.AiSuggestionAppWidgetReceiver
04-19 21:42:56.219  2748  3784 I BatteryService_BatteryPropertiesRegistrar: [getProperty]id:6
04-19 21:42:56.219  2748  3784 I BatteryService_BatteryPropertiesRegistrar: [getProperty]prop.long:-9223372036854775808 ,prop.string:null
04-19 21:42:56.220  2748  3784 I BatteryService_BatteryPropertiesRegistrar: [getProperty]id:4
04-19 21:42:56.220  2748  3784 I BatteryService_BatteryPropertiesRegistrar: [getProperty]prop.long:-9223372036854775808 ,prop.string:null
04-19 21:42:56.221  2748  3784 I SemWifiIntelligentTrainingManager: Tr. cond. check: true / 1 (2) / true / 0 (1)
04-19 21:42:56.221  2748  3784 I BatteryService_BatteryPropertiesRegistrar: [getProperty]id:6
04-19 21:42:56.221  2748  3784 I BatteryService_BatteryPropertiesRegistrar: [getProperty]prop.long:-9223372036854775808 ,prop.string:null
04-19 21:42:56.221  2748  3784 I BatteryService_BatteryPropertiesRegistrar: [getProperty]id:4
