04-19 21:23:28.328  1704  1748 E HeatmapThread: !@Read Extended_heatmap from efs is: 8376 0 0 0 0 0 0 0 0 0 0 0 0 0 0 0 0 0 977 0 0 0 0 0 0 0 0 0 0 0 0 0 0 0 0 0 1195 0 0 0 0 0 0 0 0 0 0 0 0 0 0 0 0 0 1304 0 0 0 0 0 0 0 0 0 0 0 0 0 0 0 0 0 1396 0 0 0 0 0 0 0 0 0 0 0 0 0 0 0 0 0 1487 0 0 0 0 0 0 0 0 0 0 0 0 0 0 0 0 0 1392 0 0 0 0 0 0 0 0 0 0 0 0 0 0 0 0 0 1468 0 0 0 0 0 0 0 0 0 0 0 0 0 0 0 0 0 1487 0 0 0 0 0 0 0 0 0 0 0 0 0 0 0 0 0 1488 0 0 0 0 0 0 0 0 0 0 0 0 0 0 0 0 0 1330 0 0 0 0 0 0 0 0 0 0 0 0 0 0 0 0 0 5306 0 0 0 0 0 0 0 0 0 0 0 0 0 0 0 0 0 7030 0 0 0 0 0 0 0 0 0 0 0 0 0 0 0 0 0 16403 0 0 0 0 0 0 0 0 0 0 0 0 0 0 0 0 0 18992 0 0 0 0 0 0 0 0 0 0 0 0 0 0 0 0 0 21606 0 0 0 0 0 0 0 0 0 0 0 0 0 0 0 0 0 24903 0 0 0 0 0 0 0 0 0 0 0 0 0 0 0 0 0 30101 0 0 0 0 0 0 0 0 0 0 0 0 0 0 0 0 0 17524 0 0 0 0 0 0 0 0 0 0 0 0 0 0 0 0 0 19747 0 0 0 0 0 0 0 0 0 0 0 0 0 0 0 0 0 22119 0 0 0 0 0 0 0 0 0 0 0 0 0 0 0 0 0 23519 0 0 0 0 0 0 0 0 0 0 0 0 0 0 0 0 0 2841 0 0 0 0 0 0 0 0 0 0 0 0 0 0 0 0 0 2875 0 0 0 0 0 0 0 0 0 0 0 0 0 0 0 0 0 2355 0 0 0 0 0 0 0 0 5 1 1 2 1 0 1 0 0 178
04-19 21:23:28.329  1704  1748 E HeatmapThread: !@Write Extended Heatmap to efs is: 8376 0 0 0 0 0 0 0 0 0 0 0 0 0 0 0 0 0 977 0 0 0 0 0 0 0 0 0 0 0 0 0 0 0 0 0 1195 0 0 0 0 0 0 0 0 0 0 0 0 0 0 0 0 0 1304 0 0 0 0 0 0 0 0 0 0 0 0 0 0 0 0 0 1396 0 0 0 0 0 0 0 0 0 0 0 0 0 0 0 0 0 1487 0 0 0 0 0 0 0 0 0 0 0 0 0 0 0 0 0 1392 0 0 0 0 0 0 0 0 0 0 0 0 0 0 0 0 0 1468 0 0 0 0 0 0 0 0 0 0 0 0 0 0 0 0 0 1487 0 0 0 0 0 0 0 0 0 0 0 0 0 0 0 0 0 1488 0 0 0 0 0 0 0 0 0 0 0 0 0 0 0 0 0 1330 0 0 0 0 0 0 0 0 0 0 0 0 0 0 0 0 0 5306 0 0 0 0 0 0 0 0 0 0 0 0 0 0 0 0 0 7030 0 0 0 0 0 0 0 0 0 0 0 0 0 0 0 0 0 16403 0 0 0 0 0 0 0 0 0 0 0 0 0 0 0 0 0 18993 0 0 0 0 0 0 0 0 0 0 0 0 0 0 0 0 0 21606 0 0 0 0 0 0 0 0 0 0 0 0 0 0 0 0 0 24903 0 0 0 0 0 0 0 0 0 0 0 0 0 0 0 0 0 30101 0 0 0 0 0 0 0 0 0 0 0 0 0 0 0 0 0 17524 0 0 0 0 0 0 0 0 0 0 0 0 0 0 0 0 0 19747 0 0 0 0 0 0 0 0 0 0 0 0 0 0 0 0 0 22119 0 0 0 0 0 0 0 0 0 0 0 0 0 0 0 0 0 23519 0 0 0 0 0 0 0 0 0 0 0 0 0 0 0 0 0 2841 0 0 0 0 0 0 0 0 0 0 0 0 0 0 0 0 0 2875 0 0 0 0 0 0 0 0 0 0 0 0 0 0 0 0 0 2355 0 0 0 0 0 0 0 0 5 1 1 2 1 0 1 0 0 1783
04-19 21:23:28.329  1704  1748 E HeatmapThread: !@ CAM New BSOH: 99
04-19 21:23:28.451  1147  1147 D io_stats: !@   8,0 r 32971904 615978496 w 5475265 89774600 d 665891 70844096 f 375452 509048 iot 5893736 0 th 0 0 0 pt 0 inp 0 0 110723.256
04-19 21:23:28.850  1623 13851 I sensors-hal: handle_sns_client_event:375, [0][2879336] accel_sample [-0.047, -0.055,  9.710] 139057523322028
04-19 21:23:29.325  1704  1748 E HeatmapThread: ECT Thread time in milliseconds: 1776648209
04-19 21:23:29.328  1704  1748 D HeatmapThread: !@ batteryplugType : 2
04-19 21:23:29.328  1704  1748 D HeatmapThread: !@ batteryLevel : 68  batteryTemperature : 317 
04-19 21:23:29.329  1704  1748 D HeatmapThread: !@ Heatmap currtime: 29610803
04-19 21:23:29.329  1704  1748 D HeatmapThread: !@ Heatmap prevtime: 29610778
04-19 21:23:29.329  1704  1748 D HeatmapThread: !@ Heatmap plugstarttime: 29610797
04-19 21:23:29.329  1704  1748 D HeatmapThread: !@ Heatmap prevv_dsoh_update_time: 29610626
04-19 21:23:29.329  1704  1748 E HeatmapThread: !@ CAM New BSOH: 99
04-19 21:23:29.458  1609  5265 I vendor.qti.bluetooth@1.1-ibs_handler: ProcessIbsCmd: Received IBS_WAKE_IND: 0xFD
04-19 21:23:29.458  1609  5265 D vendor.qti.bluetooth@1.1-ibs_handler: SerialClockVote: vote for UART CLK ON
04-19 21:23:29.459  1609  5265 D vendor.qti.bluetooth@1.1-wake_lock: Acquire wakelock is acquired 
04-19 21:23:29.459  1609  5265 I vendor.qti.bluetooth@1.1-ibs_handler: ProcessIbsCmd: Writing IBS_WAKE_ACK
04-19 21:23:29.470  4249  5273 I ScanController: onScanResult to scannerId: 3- eventType=0x1a, addressType=1, address=XX:XX:XX:XX:64:48, primaryPhy=1, secondaryPhy=0, advertisingSid=0xff, txPower=127, rssi=-92, periodicAdvInt=0x0
04-19 21:23:29.510  1609  5265 I vendor.qti.bluetooth@1.1-ibs_handler: ProcessIbsCmd: Received IBS_SLEEP_IND: 0xFE
04-19 21:23:29.510  1609  5265 D vendor.qti.bluetooth@1.1-ibs_handler: SerialClockVote: vote for UART CLK OFF
04-19 21:23:29.524  2748  3770 D SemWifiTrafficPoller: getSoftApTotalTrafficInBytes:22610455
04-19 21:23:29.660  1609  4662 D vendor.qti.bluetooth@1.1-wake_lock: Release wakelock is released 
04-19 21:23:29.868  2748  5311 I SemWifiApDataUsage: handleMessage: 14
04-19 21:23:29.869  2748  5311 I SemWifiApEbpf: DATA_USAGE_STATS_START_POLL,mhs= true,upstream= 1,client size 1
04-19 21:23:29.870  2748  5311 D SemWifiApEbpf: getWifiApDataUsageForOverAllMhs():  overall data is22610455
04-19 21:23:29.870  2748  5311 I SemWifiApEbpf: updating the overall dataUsage , overall =22610455 , global = {mTotalDataBytes=22610455,mTotalDataIngressBytes=0,mTotalDataEgressBytes=0,mCellularBytes=992485,mCurrentDayAndSimCellularBytes=992485}
04-19 21:23:29.870  2748  5311 I SemWifiApTrafficPriority: handleDataUsageStats : 02:cb:75:b5:5e:b0 : alive=true,mBitratePerSecond=0 bps,mBitrateIngressPerSecond=0 bps,mBitrateEgressPerSecond=0 bps,mCellularBytes=992485,mWifiDataBytes=7217410,mTotalDataBytes=8209895,mTotalDataIngressBytes=5028445,mTotalDataEgressBytes=3181450,mRtBytes=0,mnRtBytes=8209895,ip=Not available.,mRtBitratePerSecond=0 bps,mNrtBitrateperSecond=0 bps,
04-19 21:23:29.871  2748  5311 D SemWifiApTrafficPriority: activeNetworkSpeed: 40 MbpswifiInfoSpeed: 433 Mbps
04-19 21:23:29.871  2748  5311 I SemWifiApTrafficPriority: Recalibration IntialState,mCurrSpeedEstimation: 40
04-19 21:23:29.871  2748  5311 D SemWifiApTrafficPriority: Log----> Interface Name: wlan0 totalStatsRxMegaBitRate: 0.00612,ebpfDatarate: 0.0 ,mCurrSpeedEstimation: 40 mGapiValue: 40.035 mEnablePriorityeBpfAPICalled false
04-19 21:23:29.871  2748  5311 D SemWifiApTrafficPriority: mCurrentNonGBRAllocated:0
04-19 21:23:29.871  2748  5311 I SemWifiApTrafficPriority: calculateRecalRestrictTimer,ebpfrate:0,currentNonGBRAllocated:0
04-19 21:23:30.203  2748  6359 D SemWifiUsabilityStatsMonitor: onWifiUsabilityStats - seqNum 1873, isSameBssidAndFreq true
04-19 21:23:30.204  4212  4212 I EPDG -- SIM1 [SMARTWIFI]: isProfiling, hash=9131731, started=true
04-19 21:23:30.204  4212  4212 I EPDG -- SIM1 [SMARTWIFI]: isProfiling, hash=9131731, started=true
04-19 21:23:30.205  2748  3785 E SemWifiLinkQualityMonitor: Too old or invalid TMI: currentTime=1776648210205 lastDateWindow=1776608552000
04-19 21:23:30.205  4212  4212 I EPDG -- SIM1 [SMARTWIFI]: Rssi : -23 highrange : -71 lowrange : -80 mIsRssiInHystersis : false
04-19 21:23:30.205  4212  4212 I EPDG -- SIM1 [SMARTWIFI]: Rssi : -23 highrange : -71 lowrange : -80 mIsRssiInHystersis : false
04-19 21:23:30.205  4212  4212 I EPDG -- SIM1 [SMARTWIFI]: getHandoverThresholdMet: value is: false
04-19 21:23:30.207  2748  3785 I SemWifiLinkQualityMonitor: Link stat: 754 / 11 / 1.00 (26) / 433 / -23.0 || 100.0 : 433.00 / 0.5 : 1.00 / 0.55 : 0.01 / G (G) || 2dda0c6f5805: 0.092 / 87.392 / N || N N / 0 0 / N 103.0 / N X 0 / 110725008 0 || 2026-04-19 10:22:32  / 0: 0 0 0 0 0 0 / 0: 0 0 0 0 0 0 / 0: 0 0 0 0 0 0
04-19 21:23:30.209  2748  3786 D InsDataManager: onOutageCountUpdate() - Outage Data: 0, LQ : N. Outage Triggered: false
04-19 21:23:30.209  2748  3786 D SemInsManager: {"bssid": "2dda0c6f5805","rssi": -23.0,"latency": 0.09154169943335644,"outage_count": 0,"lq_callback_triggered": false,"outage_log": "Link stat: 754 / 11 / 1.00 (26) / 433 / -23.0 || 100.0 : 433.00 / 0.5 : 1.00 / 0.55 : 0.01 / G (G) || 2dda0c6f5805: 0.092 / 87.392 / N || N N / 0 0 / N 103.0 / N X 0 / 110725008 0 || 2026-04-19 10:22:32  / 0: 0 0 0 0 0 0 / 0: 0 0 0 0 0 0 / 0: 0 0 0 0 0 0""Magnetic Sensor Events size": "0""Pressure Sensor Events size": "0"}
04-19 21:23:30.325  1704  1748 E HeatmapThread: ECT Thread time in milliseconds: 1776648210
04-19 21:23:30.327  1704  1748 D HeatmapThread: !@ batteryplugType : 2
04-19 21:23:30.328  1704  1748 D HeatmapThread: !@ batteryLevel : 68  batteryTemperature : 317 
04-19 21:23:30.328  1704  1748 D HeatmapThread: !@ Heatmap currtime: 29610803
04-19 21:23:30.328  1704  1748 D HeatmapThread: !@ Heatmap prevtime: 29610778
04-19 21:23:30.328  1704  1748 D HeatmapThread: !@ Heatmap plugstarttime: 29610797
04-19 21:23:30.328  1704  1748 D HeatmapThread: !@ Heatmap prevv_dsoh_update_time: 29610626
04-19 21:23:30.328  1704  1748 E HeatmapThread: !@ CAM New BSOH: 99
04-19 21:23:30.453  1147  1147 D io_stats: !@ Read_top(KB): le.watch7plugin(8471) 432 kworker/u16:5(27329) 28 kworker/u16:1(2763) 4
04-19 21:23:30.454  1147  1147 D io_stats: !@ Write_top(KB): kworker/u16:1(2763) 2260 le.watch7plugin(8471) 240 .gms.persistent(4730) 20
04-19 21:23:30.614  7327  7994 I SDHMS:x : SIOP:: AP:343 BAT:317 USB:295 CHG:340 PA:349 WIFI:356 CF:345 BLK:0 SUBBAT:0 LRPTHM:341 SKIN:333 SKINF:333 SKINB:330 LRP2:333 LRF2:333 LRB2:330 AP2:333 CHG2:330 WIFI2:331 RCV2:330 SPK2:303 FCAM:295 UPSPK:349 DNSPK:296 VAP02:347 VWIFI:364 AMB2:245 AVGCUR:192 AVGSYS:0 POWER:766
04-19 21:23:30.677  2748  8227 D TrafficStateDatabaseController: onDnsEvent():  objTrafficStats.size= 87, mInsertList= true
04-19 21:23:30.689  2748  3855 D NetdEventListenerService: DNS Requested by 129, 10271(com.android.chrome), 4(FAIL), isBlocked=true, 0ms
04-19 21:23:30.689  2748  5513 D TrafficStateDatabaseController: onDnsEvent():  objTrafficStats.size= 88, mInsertList= true
04-19 21:23:30.699  2748  3855 D NetdEventListenerService: DNS Requested by 129, 10271(com.android.chrome), 4(FAIL), isBlocked=true, 0ms
04-19 21:23:30.852  1623 13851 I sensors-hal: handle_sns_client_event:375, [0][2879370] accel_sample [-0.044, -0.055,  9.717] 139059526102132
04-19 21:23:31.105  2748  3762 D BackgroundInstallControlService: Package event received: 0
04-19 21:23:31.176  1623  3907 I sensors-hal: handle_sns_std_sensor_event:131, [SSC_LIGHT] A: 0(0),c:7,b:1275,m:13,cl:21,l:0,s:0,l0:864,l1:0,s0:0,s1:0,acl:1,opr:0.13,f(r):98,u(bl):100,if:0,wi:1,si:0,po:127(N:0)
04-19 21:23:31.176  1623 11186 I sensors-hal: handle_sns_std_sensor_event:409, [SSC_LIGHT] P: 0(0),c:7,b:1275,m:13,cl:21,l:0,s:0,l0:864,l1:0,s0:0,s1:0,acl:1,opr:0.13,f(r):98,u(bl):100,if:0,wi:1,si:0,po:127(N:0)
04-19 21:23:31.281  1741  1741 I SurfaceFlinger: SFWD update time=110726086535104
04-19 21:23:31.288  1609  5265 I vendor.qti.bluetooth@1.1-ibs_handler: ProcessIbsCmd: Received IBS_WAKE_IND: 0xFD
04-19 21:23:31.288  1609  5265 D vendor.qti.bluetooth@1.1-ibs_handler: SerialClockVote: vote for UART CLK ON
04-19 21:23:31.289  1609  5265 D vendor.qti.bluetooth@1.1-wake_lock: Acquire wakelock is acquired 
04-19 21:23:31.289  1609  5265 I vendor.qti.bluetooth@1.1-ibs_handler: ProcessIbsCmd: Writing IBS_WAKE_ACK
04-19 21:23:31.301  4249  5273 I ScanController: onScanResult to scannerId: 12- eventType=0x1a, addressType=1, address=XX:XX:XX:XX:71:20, primaryPhy=1, secondaryPhy=0, advertisingSid=0xff, txPower=127, rssi=-57, periodicAdvInt=0x0
04-19 21:23:31.325  1704  1748 E HeatmapThread: ECT Thread time in milliseconds: 1776648211
04-19 21:23:31.329  1704  1748 D HeatmapThread: !@ batteryplugType : 2
04-19 21:23:31.329  1704  1748 D HeatmapThread: !@ batteryLevel : 68  batteryTemperature : 317 
04-19 21:23:31.330  1704  1748 D HeatmapThread: !@ Heatmap currtime: 29610803
04-19 21:23:31.330  1704  1748 D HeatmapThread: !@ Heatmap prevtime: 29610778
04-19 21:23:31.330  1704  1748 D HeatmapThread: !@ Heatmap plugstarttime: 29610797
04-19 21:23:31.331  1704  1748 D HeatmapThread: !@ Heatmap prevv_dsoh_update_time: 29610626
04-19 21:23:31.331  1704  1748 E HeatmapThread: !@ CAM New BSOH: 99
04-19 21:23:31.336  1609  5265 I vendor.qti.bluetooth@1.1-ibs_handler: ProcessIbsCmd: Received IBS_SLEEP_IND: 0xFE
04-19 21:23:31.336  1609  5265 D vendor.qti.bluetooth@1.1-ibs_handler: SerialClockVote: vote for UART CLK OFF
04-19 21:23:31.485  2748  5333 I NSLocationMonitor: getGPSUsingApps() called
04-19 21:23:31.486  5352  5395 I NSLocationManager_FLP: getGPSUsingApps, No change
04-19 21:23:31.487  1609  4662 D vendor.qti.bluetooth@1.1-wake_lock: Release wakelock is released 
04-19 21:23:31.497  2748  5333 D FreecessHandler: freeze com.whatsapp(10406) result : 12
04-19 21:23:31.536  1658  1658 I seh_thermal_service: getTemperaturesWithType SehTemperatureType: 3
04-19 21:23:31.536  2748  5513 D [SS]BattFunctions: [sendRemainingChargingTimeChangedIntent]remainingChargingTime:9668 ,mLastRemainingChargingTime:9697
04-19 21:23:31.536  1650  1650 I sehhealth-service: updateLrpSysfs: write: 333
04-19 21:23:31.540  1650  1728 E BatteryDump: !@new_battery_dump : 3998,273,475,550,68,317,295,340,317,0,333,340,0,Charging,NO_CHARGING,Normal,Good,USB,1,Normal,0,0,9300,0x0,0x10000,0x0,0,0,0000,0000,00000000,0,0,0,0,562,3986,6771,990,0,
04-19 21:23:31.542  3944  3944 I AODBatteryManager: updateBatteryData: ACTION_BATTERY_CHANGED: false, isSleepModeChanged:false ,isRemainingTimeChanged: true, isUSBRestriction: false
04-19 21:23:31.542  3944  3944 I ChargingInfoManager: updateChargingInfo: newState = AOD ChargingInfo [mState=BATTERY_AND_REMAIN_TIME, mIsCharging=true, mIsPlugged=true, mIsFullyCharged=false, mIsBatteryProtectMode=false, mBetteryLevel=68, mBetteryProtectModeType0, mIsSlowChargingfalse], oldState = AOD ChargingInfo [mState=BATTERY_AND_REMAIN_TIME, mIsCharging=true, mIsPlugged=true, mIsFullyCharged=false, mIsBatteryProtectMode=false, mBetteryLevel=68, mBetteryProtectModeType0, mIsSlowChargingfalse]
04-19 21:23:31.542  3944  3944 D PowerUI : Remaining charging time : 9668
04-19 21:23:31.542  3944  3944 D PowerUI : Charging time is changed, check charging notification
04-19 21:23:31.544  3944  3944 D PowerUI.Notification: showChargingNotice - Battery Level : 68 -> 68, Charging Type : 11 -> 11, Charging Time : 9697 -> 9668, Maximum protection : false -> false, Maximum threshold : 80 -> 80
04-19 21:23:31.546  3944  3944 I NotificationManager: com.android.systemui: notify(2131364006, charging_state, Notification(channel=CHR shortcut=null contentView=null vibrate=null sound=null defaults=0 flags=ONGOING_EVENT|ONLY_ALERT_ONCE color=0x00000000 category=sys groupKey=CHARGING vis=PUBLIC semFlags=0x0 semPriority=0 semMissedCount=0)) as user
04-19 21:23:31.549  2748  5513 W PermissionService: getPermissionFlags: Unknown user -1
04-19 21:23:31.549  2748  5513 W PermissionService: getPermissionFlags: Unknown user -1
04-19 21:23:31.756  2748  2748 I Telecom : SamsungTelecomServiceImpl : isInManagedCall - callingPackage : android / callingUser : UserHandle{0} / hasCrossUserAccess : true
04-19 21:23:31.775  7369  7369 I NotificationListener: [Service]v6.1.9-eap02 Received new notification
04-19 21:23:31.777  7369  8437 I NotificationPipeline: Processing new notification: -1|com.android.systemui|2131364006|charging_state|10053
04-19 21:23:31.778  7369  8437 I Notification4Watch7_NB: NotificationChecker.checkIgnoreCase - onGoing
04-19 21:23:31.778  9528  9528 I BUPlugin_NotificationUtil: isDNDMode : false
04-19 21:23:31.779  7369  8437 W Notification4Watch7_NB: NotificationBridgeCallback.onNotificationPosted-Ignored package : [-1] com.android.systemui
04-19 21:23:31.779  9528  9528 I BUPlugin_Preferences: [manager.launch_activity.last_bt_address] << 5C:__:__:__:__:24 >>
04-19 21:23:31.780  9528  9528 I BUPlugin_Preferences: getLastLaunchDeviceId##:##:##:##:32:24
04-19 21:23:31.780  7369  8437 I NotificationPipeline: Discarding notification: -1|com.android.systemui|2131364006|charging_state|10053
04-19 21:23:31.781  4661 10091 I HoneySpace.NotificationListener: onNotificationPosted com.android.systemui: -1|com.android.systemui|2131364006|charging_state|10053: 0
04-19 21:23:31.781  4661 10091 I HoneySpace.NotificationListener: invalid notification: com.android.systemui UserHandle{-1}: canShowBadge is false
04-19 21:23:31.781  9528  9528 I BUPlugin_Preferences: [manager.launch_activity.last_bt_address] << 5C:__:__:__:__:24 >>
04-19 21:23:31.782  9528  9528 I BUPlugin_Preferences: [<< 5c:__:__:__:__:24 >>.preference_notification.exclude_filtered] null
04-19 21:23:31.783  9528  9528 I BUPlugin__NotificationListener: onNotificationPosted()::sbn.getPackageName() = com.android.systemui
04-19 21:23:31.783  9528  9528 I BUPlugin__NotificationListener: Ignoring ongoing notification
04-19 21:23:31.783  9528  9528 I BUPlugin__NotificationListener: Ignoring notification from com.android.systemui
04-19 21:23:31.801  3944  3944 D SubscreenNotificationListCoordinator: onAfterRenderList() isSubScreen = false, pluginLockMode = 0, doNotShowOnCover = false
04-19 21:23:31.805  3944  3944 I LockscreenNotificationIconsOnlyController: onNotificationInfoUpdated 0
04-19 21:23:31.806  3944  3944 I AODNotificationManager: updateNotification() 
04-19 21:23:31.874  2748  5311 I SemWifiApDataUsage: handleMessage: 14
04-19 21:23:31.874  2748  5311 I SemWifiApEbpf: DATA_USAGE_STATS_START_POLL,mhs= true,upstream= 1,client size 1
04-19 21:23:31.875  2748  5311 D SemWifiApEbpf: getWifiApDataUsageForOverAllMhs():  overall data is22610455
04-19 21:23:31.875  2748  5311 I SemWifiApEbpf: updating the overall dataUsage , overall =22610455 , global = {mTotalDataBytes=22610455,mTotalDataIngressBytes=0,mTotalDataEgressBytes=0,mCellularBytes=992485,mCurrentDayAndSimCellularBytes=992485}
04-19 21:23:31.876  2748  5311 I SemWifiApTrafficPriority: handleDataUsageStats : 02:cb:75:b5:5e:b0 : alive=true,mBitratePerSecond=0 bps,mBitrateIngressPerSecond=0 bps,mBitrateEgressPerSecond=0 bps,mCellularBytes=992485,mWifiDataBytes=7217410,mTotalDataBytes=8209895,mTotalDataIngressBytes=5028445,mTotalDataEgressBytes=3181450,mRtBytes=0,mnRtBytes=8209895,ip=Not available.,mRtBitratePerSecond=0 bps,mNrtBitrateperSecond=0 bps,
04-19 21:23:31.877  2748  5311 D SemWifiApTrafficPriority: activeNetworkSpeed: 40 MbpswifiInfoSpeed: 433 Mbps
04-19 21:23:31.877  2748  5311 I SemWifiApTrafficPriority: Recalibration mCurrSpeedEstimation: 40
04-19 21:23:31.877  2748  5311 D SemWifiApTrafficPriority: Log----> Interface Name: wlan0 totalStatsRxMegaBitRate: 0.00944,ebpfDatarate: 0.0 ,mCurrSpeedEstimation: 40 mGapiValue: 40.035 mEnablePriorityeBpfAPICalled false
04-19 21:23:31.877  2748  5311 D SemWifiApTrafficPriority: mCurrentNonGBRAllocated:0
04-19 21:23:31.877  2748  5311 I SemWifiApTrafficPriority: calculateRecalRestrictTimer,ebpfrate:0,currentNonGBRAllocated:0
04-19 21:23:31.896 29905 29905 I wpa_supplicant: Heartbeat 483
04-19 21:23:31.987  3944  3944 D Bubbles : onEntryUpdated : shouldBubbleUp=false ,key=-1|com.android.systemui|2131364006|charging_state|10053
04-19 21:23:31.987  2748  8227 W MediaSessionRecord: Ignoring call to destroyed session
04-19 21:23:31.987  3944  3944 I {OngoingActivityController}: onEntryUpdated and OA data is empty. So update latest task info
04-19 21:23:32.005  3944  3944 D SubscreenNotificationListCoordinator: onAfterRenderList() isSubScreen = false, pluginLockMode = 0, doNotShowOnCover = false
04-19 21:23:32.007  3944  3944 W RefactorFlag: New code path expects SceneContainerFlag to be enabled.
04-19 21:23:32.007  3944  3944 D ExpandableNotifRow: mMaxSmallHeight different before reInflateViews mMaxSmallHeight: 216 mTempSmallHeight:0 -1|com.android.systemui|2131364006|charging_state|10053
04-19 21:23:32.008  3944  3944 D ExpandableNotifRow: mMaxSmallHeight different before reInflateViews mMaxSmallHeight: 216 mTempSmallHeight:0 -1|com.android.systemui|2131364006|charging_state|10053
04-19 21:23:32.010  3944  3944 I LockscreenNotificationIconsOnlyController: onNotificationInfoUpdated 0
04-19 21:23:32.010  3944  3944 I AODNotificationManager: updateNotification() 
04-19 21:23:32.017  3944  4728 D LocalImageResolver: Couldn't use ImageDecoder for drawable, falling back to non-resized load.
04-19 21:23:32.019  3944  4728 D LocalImageResolver: Couldn't use ImageDecoder for drawable, falling back to non-resized load.
04-19 21:23:32.022  3944  3944 D LocalImageResolver: Couldn't use ImageDecoder for drawable, falling back to non-resized load.
04-19 21:23:32.033  3944  3944 W RefactorFlag: New code path expects SceneContainerFlag to be enabled.
04-19 21:23:32.038  3944  3944 D ExpandableNotifRow: mMaxSmallHeight different before reInflateViews mMaxSmallHeight: 216 mTempSmallHeight:0 -1|com.android.systemui|2131364006|charging_state|10053
04-19 21:23:32.038  3944  3944 D ExpandableNotifRow: mMaxSmallHeight different before reInflateViews mMaxSmallHeight: 216 mTempSmallHeight:0 -1|com.android.systemui|2131364006|charging_state|10053
04-19 21:23:32.038  3944  3944 D ExpandableNotifRow: mMaxSmallHeight different before reInflateViews mMaxSmallHeight: 216 mTempSmallHeight:0 -1|com.android.systemui|2131364006|charging_state|10053
04-19 21:23:32.038  3944  3944 D ExpandableNotifRow: mMaxSmallHeight different before reInflateViews mMaxSmallHeight: 216 mTempSmallHeight:0 -1|com.android.systemui|2131364006|charging_state|10053
04-19 21:23:32.043  3944  3944 D S.S.N.  : entryViewBound parent :-1|com.android.systemui|2131364006|charging_state|10053
04-19 21:23:32.044  3944  3944 D LocalImageResolver: Couldn't use ImageDecoder for drawable, falling back to non-resized load.
04-19 21:23:32.049  3944  3944 D SubscreenNotificationListCoordinator: onAfterRenderList() isSubScreen = false, pluginLockMode = 0, doNotShowOnCover = false
04-19 21:23:32.052  3944  3944 W RefactorFlag: New code path expects SceneContainerFlag to be enabled.
04-19 21:23:32.052  3944  3944 D ExpandableNotifRow: mMaxSmallHeight different before reInflateViews mMaxSmallHeight: 216 mTempSmallHeight:0 -1|com.android.systemui|2131364006|charging_state|10053
04-19 21:23:32.052  3944  3944 D ExpandableNotifRow: mMaxSmallHeight different before reInflateViews mMaxSmallHeight: 216 mTempSmallHeight:0 -1|com.android.systemui|2131364006|charging_state|10053
04-19 21:23:32.054  3944  3944 I LockscreenNotificationIconsOnlyController: onNotificationInfoUpdated 0
04-19 21:23:32.054  3944  3944 I AODNotificationManager: updateNotification() 
04-19 21:23:32.218 29905 29905 I wpa_supplicant: nl80211: Vendor event: wiphy=0 vendor_id=0x1374 subcmd=182
04-19 21:23:32.219  1625  3894 I WifiHAL : event received NL80211_CMD_VENDOR, vendor_id = 0x1374, subcmd = 0xb6
04-19 21:23:32.219  2242  3896 D LOWI-9.0.1.74: [LOWI-Scan] wait_event:Wait done with Cmd 103
04-19 21:23:32.219  2242  3896 D LOWI-9.0.1.74: [LOWI-Scan] do_listen_events: Rcvd valid Netlink Cmd 0 Err 0
04-19 21:23:32.219  2212  2212 I cnss-daemon: nl80211 response handler invoked
04-19 21:23:32.220  2212  2212 I cnss-daemon: nl80211_response_handler: cmd 103, vendorID 4980, subcmd 182  received
04-19 21:23:32.325  1704  1748 E HeatmapThread: ECT Thread time in milliseconds: 1776648212
04-19 21:23:32.328  1704  1748 D HeatmapThread: !@ batteryplugType : 2
04-19 21:23:32.328  1704  1748 D HeatmapThread: !@ batteryLevel : 68  batteryTemperature : 317 
04-19 21:23:32.329  1704  1748 D HeatmapThread: !@ Heatmap currtime: 29610803
04-19 21:23:32.329  1704  1748 D HeatmapThread: !@ Heatmap prevtime: 29610778
04-19 21:23:32.329  1704  1748 D HeatmapThread: !@ Heatmap plugstarttime: 29610797
04-19 21:23:32.329  1704  1748 D HeatmapThread: !@ Heatmap prevv_dsoh_update_time: 29610626
04-19 21:23:32.330  1704  1748 E HeatmapThread: !@ CAM New BSOH: 99
04-19 21:23:32.385  1623  1623 I sensors-hal: set_config:60, sample_period_ns is adjusted to 200000000 based on min/max delay_ns
04-19 21:23:32.385  1623  1623 I sensors-hal: batch:363, com.samsung.sensor.light_cct/1511, period=200000000, max_latency=0 request completed
04-19 21:23:32.386  1623  1623 I sensors-hal: activate:300, com.samsung.sensor.light_cct/1511 en=1
04-19 21:23:32.387  1623  1623 I sensors-hal: acquire_qsh_interface:139, acquire_qsh_interface with sensor_id 12 , conn_type 3 
04-19 21:23:32.387  1623  1623 I sensors-hal: worker:51, worker(0xb400007122ad6a30) is created with tid= 412
04-19 21:23:32.391  1589  1720 I minksocket: MinkIPC MESSAGE: ( 1589:1720 ) MinkIPC_QRTR_Service:351 minkipc = 0xb400007850842db0 sock = 19, client with node 1 port 709a went down
04-19 21:23:32.391  1589  1726 I minksocket: MinkIPC MESSAGE: ( 1589:1726 ) MinkIPC_QRTR_Service:351 minkipc = 0xb4000078508405d0 sock = 26, client with node 1 port 709a went down
04-19 21:23:32.393  1589  1720 I minksocket: MinkIPC MESSAGE: ( 1589:1720 ) MinkIPC_QRTR_Service:351 minkipc = 0xb400007850842db0 sock = 19, client with node 1 port 709b went down
04-19 21:23:32.394  1589  1726 I minksocket: MinkIPC MESSAGE: ( 1589:1726 ) MinkIPC_QRTR_Service:351 minkipc = 0xb4000078508405d0 sock = 26, client with node 1 port 709b went down
04-19 21:23:32.395  1589  1726 I minksocket: MinkIPC MESSAGE: ( 1589:1726 ) MinkIPC_QRTR_Service:351 minkipc = 0xb4000078508405d0 sock = 26, client with node 1 port 709c went down
04-19 21:23:32.395  1623  1623 I sensors-hal: qsh_qmi:31, qsh_qmi
04-19 21:23:32.395  1623  1623 I sensors-hal: register_cb:304, suid(low=3046173514946711665,high=5084824469409589910) is new. register callbacks
04-19 21:23:32.395  1623  1623 I sensors-hal: send_sync_sensor_request:508, send sync request
04-19 21:23:32.396  1589  1720 I minksocket: MinkIPC MESSAGE: ( 1589:1720 ) MinkIPC_QRTR_Service:351 minkipc = 0xb400007850842db0 sock = 19, client with node 1 port 709c went down
04-19 21:23:32.396  1623  1623 I sensors-hal: send_sync_sensor_request:518, send_sync_sensor_request before send_request for light_cct with SUID low=3046173514946711665 high=5084824469409589910
04-19 21:23:32.396  1623  1623 I sensors-hal: send_sync_sensor_request:537, wait for notification of response
04-19 21:23:32.397  1589  1720 I minksocket: MinkIPC MESSAGE: ( 1589:1720 ) MinkIPC_QRTR_Service:351 minkipc = 0xb400007850842db0 sock = 19, client with node 1 port 709d went down
04-19 21:23:32.397  1589  1726 I minksocket: MinkIPC MESSAGE: ( 1589:1726 ) MinkIPC_QRTR_Service:351 minkipc = 0xb4000078508405d0 sock = 26, client with node 1 port 709d went down
04-19 21:23:32.397  1623   413 I sensors-hal: qsh_conn_resp_cb:930, resp_value = 0 for light_cct 
04-19 21:23:32.398  1623  1623 I sensors-hal: send_sync_sensor_request:543, takes 1 ms to receive the response with 0
04-19 21:23:32.398  1623  1623 I sensors-hal: activate:330, com.samsung.sensor.light_cct/1511 en=1 completed
04-19 21:23:32.398  2748  3709 D SensorManager: registerListener :: 1511, STK33F11 Light Strm  Non-wakeup, 200000, 0, com.samsung.android.displaysolution.EyeComfortSolutionService$1@cae7b68
04-19 21:23:32.455  1147  1147 D io_stats: !@   8,0 r 32971904 615978496 w 5475269 89774616 d 665891 70844096 f 375452 509048 iot 5893752 0 th 0 0 0 pt 0 inp 0 0 110727.261
04-19 21:23:32.456  1623   413 I sensors-hal: qsh_conn_event_cb:857, SCHED_FIFO(10) for qmi_cbk
04-19 21:23:32.456  1623   413 I sensors-hal: handle_sns_std_sensor_event:90, light_cct: ts = 139061156206871 ns; value = [0, 0, 30, 33, 0, 1275, 21, 0, 864, 0]
04-19 21:23:32.457  2748  3709 V EyeComfortSolutionService: count : 2506 , bopr_value : 30.0, platform_value : 149.0 , app_weighting : 1.0 , cal_value : 1.3326775 , sum_value : 12606.72 , BOPR_MAX_VALUE : 21000
04-19 21:23:32.458  1623  1623 I sensors-hal: activate:300, com.samsung.sensor.light_cct/1511 en=0
04-19 21:23:32.458  1623  1623 I sensors-hal: send_sync_sensor_request:508, send sync request
04-19 21:23:32.458  1623  1623 I sensors-hal: send_sync_sensor_request:518, send_sync_sensor_request before send_request for light_cct with SUID low=3046173514946711665 high=5084824469409589910
04-19 21:23:32.458  1623  1623 I sensors-hal: send_sync_sensor_request:537, wait for notification of response
04-19 21:23:32.459  1623   413 I sensors-hal: qsh_conn_resp_cb:930, resp_value = 0 for light_cct 
04-19 21:23:32.459  1623  1623 I sensors-hal: send_sync_sensor_request:543, takes 0 ms to receive the response with 0
04-19 21:23:32.460  1623  1623 I sensors-hal: ~worker:65, worker(0xb400007122ad6a30) send sig to tid= 412
04-19 21:23:32.460  1623  1623 I sensors-hal: ~worker:74, worker(0xb400007122ad6a30) is destroyed, remaining task = 0, tid= 412
04-19 21:23:32.460  1623  1623 I sensors-hal: ~qsh_qmi:58, ~qsh_qmi
04-19 21:23:32.460  1623  1623 I sensors-hal: activate:330, com.samsung.sensor.light_cct/1511 en=0 completed
04-19 21:23:32.460  1589  1720 I minksocket: MinkIPC MESSAGE: ( 1589:1720 ) MinkIPC_QRTR_Service:351 minkipc = 0xb400007850842db0 sock = 19, client with node 1 port 709e went down
04-19 21:23:32.461  1589  1726 I minksocket: MinkIPC MESSAGE: ( 1589:1726 ) MinkIPC_QRTR_Service:351 minkipc = 0xb4000078508405d0 sock = 26, client with node 1 port 709e went down
04-19 21:23:32.461  2748  3709 D SensorManager: unregisterListener :: com.samsung.android.displaysolution.EyeComfortSolutionService$1@cae7b68
04-19 21:23:32.530  2748  3770 D SemWifiTrafficPoller: getSoftApTotalTrafficInBytes:22610455
04-19 21:23:32.855  1623 13851 I sensors-hal: handle_sns_client_event:375, [0][2879404] accel_sample [-0.048, -0.057,  9.713] 139061528881246
04-19 21:23:33.004  1609  5265 I vendor.qti.bluetooth@1.1-ibs_handler: ProcessIbsCmd: Received IBS_WAKE_IND: 0xFD
04-19 21:23:33.005  1609  5265 D vendor.qti.bluetooth@1.1-ibs_handler: SerialClockVote: vote for UART CLK ON
04-19 21:23:33.005  1609  5265 D vendor.qti.bluetooth@1.1-wake_lock: Acquire wakelock is acquired 
04-19 21:23:33.005  1609  5265 I vendor.qti.bluetooth@1.1-ibs_handler: ProcessIbsCmd: Writing IBS_WAKE_ACK
04-19 21:23:33.015  4249  5273 I ScanController: onScanResult to scannerId: 3- eventType=0x1a, addressType=1, address=XX:XX:XX:XX:64:48, primaryPhy=1, secondaryPhy=0, advertisingSid=0xff, txPower=127, rssi=-87, periodicAdvInt=0x0
04-19 21:23:33.059  1609  5265 I vendor.qti.bluetooth@1.1-ibs_handler: ProcessIbsCmd: Received IBS_SLEEP_IND: 0xFE
04-19 21:23:33.059  1609  5265 D vendor.qti.bluetooth@1.1-ibs_handler: SerialClockVote: vote for UART CLK OFF
04-19 21:23:33.209  1609  4662 D vendor.qti.bluetooth@1.1-wake_lock: Release wakelock is released 
04-19 21:23:33.220  2748  6359 D SemWifiUsabilityStatsMonitor: onWifiUsabilityStats - seqNum 1874, isSameBssidAndFreq true
04-19 21:23:33.220  4212  4212 I EPDG -- SIM1 [SMARTWIFI]: isProfiling, hash=9131731, started=true
04-19 21:23:33.221  4212  4212 I EPDG -- SIM1 [SMARTWIFI]: isProfiling, hash=9131731, started=true
04-19 21:23:33.222  2748  3785 E SemWifiLinkQualityMonitor: Too old or invalid TMI: currentTime=1776648213222 lastDateWindow=1776608552000
04-19 21:23:33.222  4212  4212 I EPDG -- SIM1 [SMARTWIFI]: Rssi : -24 highrange : -71 lowrange : -80 mIsRssiInHystersis : false
04-19 21:23:33.222  4212  4212 I EPDG -- SIM1 [SMARTWIFI]: Rssi : -24 highrange : -71 lowrange : -80 mIsRssiInHystersis : false
04-19 21:23:33.223  4212  4212 I EPDG -- SIM1 [SMARTWIFI]: getHandoverThresholdMet: value is: false
04-19 21:23:33.224  2748  3785 I SemWifiLinkQualityMonitor: Link stat: 551 / 7 / 1.00 (24) / 433 / -24.0 || 100.0 : 433.00 / 0.5 : 1.00 / 0.55 : 0.01 / G (G) || 2dda0c6f5805: 0.091 / 87.525 / N || N N / 0 0 / N 103.0 / N X 0 / 110728026 0 || 2026-04-19 10:22:32  / 0: 0 0 0 0 0 0 / 0: 0 0 0 0 0 0 / 0: 0 0 0 0 0 0
04-19 21:23:33.225  2748  3786 D InsDataManager: onOutageCountUpdate() - Outage Data: 0, LQ : N. Outage Triggered: false
04-19 21:23:33.225  2748  3786 D SemInsManager: {"bssid": "2dda0c6f5805","rssi": -24.0,"latency": 0.0914022211656025,"outage_count": 0,"lq_callback_triggered": false,"outage_log": "Link stat: 551 / 7 / 1.00 (24) / 433 / -24.0 || 100.0 : 433.00 / 0.5 : 1.00 / 0.55 : 0.01 / G (G) || 2dda0c6f5805: 0.091 / 87.525 / N || N N / 0 0 / N 103.0 / N X 0 / 110728026 0 || 2026-04-19 10:22:32  / 0: 0 0 0 0 0 0 / 0: 0 0 0 0 0 0 / 0: 0 0 0 0 0 0""Magnetic Sensor Events size": "0""Pressure Sensor Events size": "0"}
04-19 21:23:33.325  4212  4212 I EPDG -- SIM1 [EpdgIntfCont]: sendInterfaceMessage, not mobile, ignore
04-19 21:23:33.325  1704  1748 E HeatmapThread: ECT Thread time in milliseconds: 1776648213
04-19 21:23:33.325  4212  4212 I EPDG -- SIM1 [EpdgIntfCont]: sendInterfaceMessage, not mobile, ignore
04-19 21:23:33.325  4212  4212 I EPDG -- SIM0 [EpdgIntfCont]: sendInterfaceMessage, not mobile, ignore
04-19 21:23:33.325  4212  4212 I EPDG -- SIM0 [EpdgIntfCont]: sendInterfaceMessage, not mobile, ignore
04-19 21:23:33.325  4076 29942 D IpClient/wlan0: addressUpdated: fd8b:a628:3af0:c637:dc0b:ccff:fe0e:9e70/64 on ifindex 45 flags 0x00000100 scope 0
04-19 21:23:33.326  4076 29942 D IpClient/wlan0: addressUpdated: fd8b:a628:3af0:c637:90d7:389a:b73f:141b/64 on ifindex 45 flags 0x00000001 scope 0
04-19 21:23:33.326  4076 29942 W AlarmManager: Unrecognized alarm listener com.android.networkstack.android.net.ip.IpClientLinkObserver$Dhcp6PdPreferredPrefixAlarmListener@c9a69ab
04-19 21:23:33.327  4076 29942 D ApfFilter: (wlan0): Ignoring RA RA fe80::26f3:e3ff:fef5:b892 -> ff02::1 0s fd8b:a628:3af0:c637::/64 1800s/1800s RIO 1800s fd1d:23f5:8d:1::/64  which matches RA fe80::26f3:e3ff:fef5:b892 -> ff02::1 0s fd8b:a628:3af0:c637::/64 1800s/1800s RIO 1800s fd1d:23f5:8d:1::/64 
04-19 21:23:33.329  1704  1748 D HeatmapThread: !@ batteryplugType : 2
04-19 21:23:33.329  1704  1748 D HeatmapThread: !@ batteryLevel : 68  batteryTemperature : 317 
04-19 21:23:33.329  1704  1748 D HeatmapThread: !@ Heatmap currtime: 29610803
04-19 21:23:33.329  1704  1748 D HeatmapThread: !@ Heatmap prevtime: 29610778
04-19 21:23:33.329  1704  1748 D HeatmapThread: !@ Heatmap plugstarttime: 29610797
04-19 21:23:33.330  1704  1748 D HeatmapThread: !@ Heatmap prevv_dsoh_update_time: 29610626
04-19 21:23:33.330  1704  1748 E HeatmapThread: !@ CAM New BSOH: 99
04-19 21:23:33.662  2748  5333 I NSLocationMonitor: getGPSUsingApps() called
04-19 21:23:33.663  5352  5395 I NSLocationManager_FLP: getGPSUsingApps, No change
04-19 21:23:33.675  2748  5333 D FreecessHandler: freeze com.openai.chatgpt(10379) result : 2
04-19 21:23:33.879  2748  5311 I SemWifiApDataUsage: handleMessage: 14
04-19 21:23:33.879  2748  5311 I SemWifiApEbpf: DATA_USAGE_STATS_START_POLL,mhs= true,upstream= 1,client size 1
04-19 21:23:33.880  2748  5311 D SemWifiApEbpf: getWifiApDataUsageForOverAllMhs():  overall data is22610455
04-19 21:23:33.880  2748  5311 I SemWifiApEbpf: updating the overall dataUsage , overall =22610455 , global = {mTotalDataBytes=22610455,mTotalDataIngressBytes=0,mTotalDataEgressBytes=0,mCellularBytes=992485,mCurrentDayAndSimCellularBytes=992485}
04-19 21:23:33.881  2748  5311 I SemWifiApTrafficPriority: handleDataUsageStats : 02:cb:75:b5:5e:b0 : alive=true,mBitratePerSecond=0 bps,mBitrateIngressPerSecond=0 bps,mBitrateEgressPerSecond=0 bps,mCellularBytes=992485,mWifiDataBytes=7217410,mTotalDataBytes=8209895,mTotalDataIngressBytes=5028445,mTotalDataEgressBytes=3181450,mRtBytes=0,mnRtBytes=8209895,ip=Not available.,mRtBitratePerSecond=0 bps,mNrtBitrateperSecond=0 bps,
04-19 21:23:33.881  2748  5311 D SemWifiApTrafficPriority: activeNetworkSpeed: 40 MbpswifiInfoSpeed: 433 Mbps
04-19 21:23:33.882  2748  5311 I SemWifiApTrafficPriority: Recalibration mCurrSpeedEstimation: 40
04-19 21:23:33.882  2748  5311 D SemWifiApTrafficPriority: Log----> Interface Name: wlan0 totalStatsRxMegaBitRate: 0.010292,ebpfDatarate: 0.0 ,mCurrSpeedEstimation: 40 mGapiValue: 40.035 mEnablePriorityeBpfAPICalled false
04-19 21:23:33.882  2748  5311 D SemWifiApTrafficPriority: mCurrentNonGBRAllocated:0
04-19 21:23:33.882  2748  5311 I SemWifiApTrafficPriority: calculateRecalRestrictTimer,ebpfrate:0,currentNonGBRAllocated:0
04-19 21:23:33.999  4730 31631 I NearbyMediums: No BLE Fast/GATT advertisements found in the latest cycle.
04-19 21:23:33.999  4730 31631 I NearbyMediums: Current Tracked Scanning Clients are : {NearbyConnections.EnvironmentMonitor, NearbyConnections.TxAdvertisement}
04-19 21:23:34.325  1704  1748 E HeatmapThread: ECT Thread time in milliseconds: 1776648214
04-19 21:23:34.328  1704  1748 D HeatmapThread: !@ batteryplugType : 2
04-19 21:23:34.328  1704  1748 D HeatmapThread: !@ batteryLevel : 68  batteryTemperature : 317 
04-19 21:23:34.328  1704  1748 D HeatmapThread: !@ Heatmap currtime: 29610803
04-19 21:23:34.328  1704  1748 D HeatmapThread: !@ Heatmap prevtime: 29610778
04-19 21:23:34.328  1704  1748 D HeatmapThread: !@ Heatmap plugstarttime: 29610797
04-19 21:23:34.328  1704  1748 D HeatmapThread: !@ Heatmap prevv_dsoh_update_time: 29610626
04-19 21:23:34.329  1704  1748 E HeatmapThread: !@ CAM New BSOH: 99
04-19 21:23:34.428  2748  3771 D SemHostapdHalAidlImpl: ISehHostapd command: GET_STATION_INFO_SWLAN0 ALL
04-19 21:23:34.430 29094 29094 I hostapd : sehSendCommand 
04-19 21:23:34.430 29094 29094 I hostapd : doDriverCommand 
04-19 21:23:34.431 29094 29094 I hostapd : IHostapd iface swlan0
04-19 21:23:34.436 29094 29094 I wpa_sslib: Recv STA info 02:cb:75:b5:5e:b0
04-19 21:23:34.437 29094 29094 I wpa_sslib: rx_retry_pkts 2056
04-19 21:23:34.437 29094 29094 I wpa_sslib: rx_bcmc_pkts 170148
04-19 21:23:34.437 29094 29094 I wpa_sslib: tx_pkts_retried 0
04-19 21:23:34.437 29094 29094 I wpa_sslib: tx_pkts_retry_exhausted 0
04-19 21:23:34.438 29094 29094 I wpa_sslib: tx_pkts_fw_total 10413
04-19 21:23:34.438 29094 29094 I wpa_sslib: tx_pkts_fw_retries 1817
04-19 21:23:34.438 29094 29094 I wpa_sslib: tx_pkts_fw_retry_exhausted 10
04-19 21:23:34.438 29094 29094 I wpa_sslib: mcs_tx_pkts[0] 10
04-19 21:23:34.438 29094 29094 I wpa_sslib: mcs_tx_pkts[1] 34
04-19 21:23:34.438 29094 29094 I wpa_sslib: mcs_tx_pkts[2] 0
04-19 21:23:34.438 29094 29094 I wpa_sslib: mcs_tx_pkts[3] 0
04-19 21:23:34.438 29094 29094 I wpa_sslib: mcs_tx_pkts[4] 1
04-19 21:23:34.438 29094 29094 I wpa_sslib: mcs_tx_pkts[5] 105
04-19 21:23:34.438 29094 29094 I wpa_sslib: mcs_tx_pkts[6] 627
04-19 21:23:34.438 29094 29094 I wpa_sslib: mcs_tx_pkts[7] 749
04-19 21:23:34.438 29094 29094 I wpa_sslib: mcs_tx_pkts[8] 2089
04-19 21:23:34.438 29094 29094 I wpa_sslib: mcs_tx_pkts[9] 2346
04-19 21:23:34.438 29094 29094 I wpa_sslib: mcs_tx_pkts[10] 1591
04-19 21:23:34.438 29094 29094 I wpa_sslib: mcs_tx_pkts[11] 1054
04-19 21:23:34.438 29094 29094 I wpa_sslib: mcs_tx_pkts[12] 0
04-19 21:23:34.438 29094 29094 I wpa_sslib: mcs_tx_pkts[13] 0
04-19 21:23:34.438 29094 29094 I wpa_sslib: mcs_tx_pkts[14] 0
04-19 21:23:34.438 29094 29094 I wpa_sslib: mcs_tx_pkts[15] 0
04-19 21:23:34.438 29094 29094 I wpa_sslib: mcs_rx_pkts[0] 2
04-19 21:23:34.438 29094 29094 I wpa_sslib: mcs_rx_pkts[1] 0
04-19 21:23:34.439 29094 29094 I wpa_sslib: mcs_rx_pkts[2] 0
04-19 21:23:34.439 29094 29094 I wpa_sslib: mcs_rx_pkts[3] 1
04-19 21:23:34.439 29094 29094 I wpa_sslib: mcs_rx_pkts[4] 155
04-19 21:23:34.439 29094 29094 I wpa_sslib: mcs_rx_pkts[5] 675
04-19 21:23:34.439 29094 29094 I wpa_sslib: mcs_rx_pkts[6] 1359
04-19 21:23:34.439 29094 29094 I wpa_sslib: mcs_rx_pkts[7] 1779
04-19 21:23:34.439 29094 29094 I wpa_sslib: mcs_rx_pkts[8] 3689
04-19 21:23:34.439 29094 29094 I wpa_sslib: mcs_rx_pkts[9] 5001
04-19 21:23:34.439 29094 29094 I wpa_sslib: mcs_rx_pkts[10] 0
04-19 21:23:34.439 29094 29094 I wpa_sslib: mcs_rx_pkts[11] 0
04-19 21:23:34.439 29094 29094 I wpa_sslib: mcs_rx_pkts[12] 0
04-19 21:23:34.439 29094 29094 I wpa_sslib: mcs_rx_pkts[13] 0
04-19 21:23:34.439 29094 29094 I wpa_sslib: mcs_rx_pkts[14] 0
04-19 21:23:34.439 29094 29094 I wpa_sslib: mcs_rx_pkts[15] 0
04-19 21:23:34.439 29094 29094 I wpa_sslib: num_received_vendor_sta_info 1
04-19 21:23:34.439 29094 29094 I wpa_sslib: num_request_vendor_sta_info 1
04-19 21:23:34.443 29094 29094 I wpa_sslib: Recv STA info 02:cb:75:b5:5e:b0
04-19 21:23:34.443 29094 29094 I wpa_sslib: HT supported
04-19 21:23:34.443 29094 29094 I wpa_sslib: VHT supported
04-19 21:23:34.443 29094 29094 I wpa_sslib: tx_rate 1927
04-19 21:23:34.443 29094 29094 I wpa_sslib: bandwidth 20
04-19 21:23:34.443 29094 29094 I wpa_sslib: NSS/antenna 2
04-19 21:23:34.443 29094 29094 I wpa_sslib: data_rate 1927
04-19 21:23:34.443 29094 29094 I wpa_sslib: rssi -28 rx_lastpkt_rssi -28
04-19 21:23:34.443 29094 29094 I wpa_sslib: avg_rssi_per_chain[0] -29
04-19 21:23:34.443 29094 29094 I wpa_sslib: avg_rssi_per_chain[1] -33
04-19 21:23:34.443 29094 29094 E wpa_sslib: WMI_MAX_CHAINS reached
04-19 21:23:34.443 29094 29094 I wpa_sslib: avg_rssi -31
04-19 21:23:34.443 29094 29094 I wpa_sslib: tx_pkts_total 10413
04-19 21:23:34.443 29094 29094 I wpa_sslib: tx_pckts 10413
04-19 21:23:34.443 29094 29094 I wpa_sslib: tx_failures 10
04-19 21:23:34.443 29094 29094 I wpa_sslib: rx_pkts 13675
04-19 21:23:34.443 29094 29094 I wpa_sslib: num_received_nl80211_sta_info 1
04-19 21:23:34.443 29094 29094 I wpa_sslib: num_request_nl80211_sta_info 1
04-19 21:23:34.443 29094 29094 I wpa_sslib: cap 0000
04-19 21:23:34.443 29094 29094 I wpa_sslib: freq 2437
04-19 21:23:34.443 29094 29094 I wpa_sslib: dot11_mode 4
04-19 21:23:34.443 29094 29094 I wpa_sslib: supported_mode 3
04-19 21:23:34.443 29094 29094 I wpa_sslib: STA information completed
04-19 21:23:34.443 29094 29094 I wpa_sslib: All STAs information completed
04-19 21:23:34.443 29094 29094 I wpa_sslib: GETSTAINFO 02:cb:75:b5:5e:b0 Rx_Retry_Pkts=2056 Rx_BcMc_Pkts=170148 CAP=0000 02:cb:75 2437 20 -28 1927 3 2 0 0 3 -31 15=0,14=0,13=0,12=0,11=1054,10=1591,9=2346,8=2089,7=749,6=627,5=105,4=1,3=0,2=0,1=34,0=10 10413 10 0 15=0,14=0,13=0,12=0,11=0,10=0,9=5001,8=3689,7=1779,6=1359,5=675,4=155,3=1,2=0,1=0,0=2 13675 -1 2056
04-19 21:23:34.444 29094 29094 I hostapd : command is GET_STATION_INFO_SWLAN0 ALL,return value is =318
04-19 21:23:34.446  2748  5374 D SemWifiApTrafficPoller: received START_TPUT_LOG
04-19 21:23:34.456  1147  1147 D io_stats: !@   8,0 r 32971905 615978500 w 5475292 89776876 d 665891 70844096 f 375452 509049 iot 5893772 0 th 0 0 0 pt 0 inp 0 0 110729.262
04-19 21:23:34.457  1147  1147 D io_stats: !@ Read_top(KB): kworker/u16:4(27025) 4
04-19 21:23:34.457  1147  1147 D io_stats: !@ Write_top(KB): kworker/u16:4(27025) 2248 jbd2/sda9-8(1085) 8 vendor.samsung.(1650) 8
04-19 21:23:34.668  1609  5265 I vendor.qti.bluetooth@1.1-ibs_handler: ProcessIbsCmd: Received IBS_WAKE_IND: 0xFD
04-19 21:23:34.668  1609  5265 D vendor.qti.bluetooth@1.1-ibs_handler: SerialClockVote: vote for UART CLK ON
04-19 21:23:34.668  1609  5265 D vendor.qti.bluetooth@1.1-wake_lock: Acquire wakelock is acquired 
04-19 21:23:34.669  1609  5265 I vendor.qti.bluetooth@1.1-ibs_handler: ProcessIbsCmd: Writing IBS_WAKE_ACK
04-19 21:23:34.674  4249  5273 I ScanController: onScanResult to scannerId: 3- eventType=0x1a, addressType=1, address=XX:XX:XX:XX:64:48, primaryPhy=1, secondaryPhy=0, advertisingSid=0xff, txPower=127, rssi=-85, periodicAdvInt=0x0
04-19 21:23:34.720  1609  5265 I vendor.qti.bluetooth@1.1-ibs_handler: ProcessIbsCmd: Received IBS_SLEEP_IND: 0xFE
04-19 21:23:34.720  1609  5265 D vendor.qti.bluetooth@1.1-ibs_handler: SerialClockVote: vote for UART CLK OFF
04-19 21:23:34.733  1609  5265 I vendor.qti.bluetooth@1.1-ibs_handler: ProcessIbsCmd: Received IBS_WAKE_IND: 0xFD
04-19 21:23:34.734  1609  5265 D vendor.qti.bluetooth@1.1-ibs_handler: SerialClockVote: vote for UART CLK ON
04-19 21:23:34.734  1609  5265 I vendor.qti.bluetooth@1.1-ibs_handler: ProcessIbsCmd: Writing IBS_WAKE_ACK
04-19 21:23:34.737  4249  5273 I ScanController: onScanResult to scannerId: 12- eventType=0x1a, addressType=1, address=XX:XX:XX:XX:71:20, primaryPhy=1, secondaryPhy=0, advertisingSid=0xff, txPower=127, rssi=-66, periodicAdvInt=0x0
04-19 21:23:34.775  1609  5265 I vendor.qti.bluetooth@1.1-ibs_handler: ProcessIbsCmd: Received IBS_SLEEP_IND: 0xFE
04-19 21:23:34.775  1609  5265 D vendor.qti.bluetooth@1.1-ibs_handler: SerialClockVote: vote for UART CLK OFF
04-19 21:23:34.858  1623 13851 I sensors-hal: handle_sns_client_event:375, [0][2879438] accel_sample [-0.044, -0.059,  9.712] 139063531659319
04-19 21:23:34.926  1609  4662 D vendor.qti.bluetooth@1.1-wake_lock: Release wakelock is released 
04-19 21:23:35.178  7327  7327 I SDHMS:LOAD: type: LoadsFreqs, value: 1:0:0:672000:672000:672000:614400:729600:499200:231:231:231
04-19 21:23:35.325  1704  1748 E HeatmapThread: ECT Thread time in milliseconds: 1776648215
04-19 21:23:35.329  1704  1748 D HeatmapThread: !@ batteryplugType : 2
04-19 21:23:35.329  1704  1748 D HeatmapThread: !@ batteryLevel : 68  batteryTemperature : 317 
04-19 21:23:35.329  1704  1748 D HeatmapThread: !@ Heatmap currtime: 29610803
04-19 21:23:35.329  1704  1748 D HeatmapThread: !@ Heatmap prevtime: 29610778
04-19 21:23:35.329  1704  1748 D HeatmapThread: !@ Heatmap plugstarttime: 29610797
04-19 21:23:35.329  1704  1748 D HeatmapThread: !@ Heatmap prevv_dsoh_update_time: 29610626
04-19 21:23:35.329  1704  1748 E HeatmapThread: !@ CAM New BSOH: 99
04-19 21:23:35.537  2748  3770 D SemWifiTrafficPoller: getSoftApTotalTrafficInBytes:22610455
04-19 21:23:35.883  2748  5311 I SemWifiApDataUsage: handleMessage: 14
04-19 21:23:35.883  2748  5311 I SemWifiApEbpf: DATA_USAGE_STATS_START_POLL,mhs= true,upstream= 1,client size 1
04-19 21:23:35.884  2748  5311 D SemWifiApEbpf: getWifiApDataUsageForOverAllMhs():  overall data is22610545
04-19 21:23:35.884  2748  5311 I SemWifiApEbpf: updating the overall dataUsage , overall =22610545 , global = {mTotalDataBytes=22610455,mTotalDataIngressBytes=0,mTotalDataEgressBytes=0,mCellularBytes=992485,mCurrentDayAndSimCellularBytes=992485}
04-19 21:23:35.885  2748  5311 I SemWifiApTrafficPriority: handleDataUsageStats : 02:cb:75:b5:5e:b0 : alive=true,mBitratePerSecond=359 bps,mBitrateIngressPerSecond=359 bps,mBitrateEgressPerSecond=0 bps,mCellularBytes=992485,mWifiDataBytes=7217500,mTotalDataBytes=8209985,mTotalDataIngressBytes=5028535,mTotalDataEgressBytes=3181450,mRtBytes=0,mnRtBytes=8209985,ip=Not available.,mRtBitratePerSecond=0 bps,mNrtBitrateperSecond=359 bps,
04-19 21:23:35.887  2748  5311 D SemWifiApTrafficPriority: activeNetworkSpeed: 40 MbpswifiInfoSpeed: 433 Mbps
04-19 21:23:35.887  2748  5311 I SemWifiApTrafficPriority: Recalibration mCurrSpeedEstimation: 40
04-19 21:23:35.887  2748  5311 D SemWifiApTrafficPriority: Log----> Interface Name: wlan0 totalStatsRxMegaBitRate: 0.038928,ebpfDatarate: 0.0 ,mCurrSpeedEstimation: 40 mGapiValue: 40.035 mEnablePriorityeBpfAPICalled false
04-19 21:23:35.887  2748  5311 D SemWifiApTrafficPriority: mCurrentNonGBRAllocated:0
04-19 21:23:35.887  2748  5311 I SemWifiApTrafficPriority: calculateRecalRestrictTimer,ebpfrate:0,currentNonGBRAllocated:0
04-19 21:23:36.236  2748  6359 D SemWifiUsabilityStatsMonitor: onWifiUsabilityStats - seqNum 1875, isSameBssidAndFreq true
04-19 21:23:36.237  2748  3785 E SemWifiLinkQualityMonitor: Too old or invalid TMI: currentTime=1776648216237 lastDateWindow=1776608552000
04-19 21:23:36.239  2748  3785 I SemWifiLinkQualityMonitor: Link stat: 475 / 12 / 1.00 (25) / 433 / -24.0 || 100.0 : 433.00 / 0.5 : 1.00 / 0.55 : 0.03 / G (G) || 2dda0c6f5805: 0.092 / 86.635 / N || N N / 0 0 / N 103.0 / N X 0 / 110731041 0 || 2026-04-19 10:22:32  / 0: 0 0 0 0 0 0 / 0: 0 0 0 0 0 0 / 0: 0 0 0 0 0 0
04-19 21:23:36.241  2748  3786 D InsDataManager: onOutageCountUpdate() - Outage Data: 0, LQ : N. Outage Triggered: false
04-19 21:23:36.242  2748  3786 D SemInsManager: {"bssid": "2dda0c6f5805","rssi": -24.0,"latency": 0.09234184129011018,"outage_count": 0,"lq_callback_triggered": false,"outage_log": "Link stat: 475 / 12 / 1.00 (25) / 433 / -24.0 || 100.0 : 433.00 / 0.5 : 1.00 / 0.55 : 0.03 / G (G) || 2dda0c6f5805: 0.092 / 86.635 / N || N N / 0 0 / N 103.0 / N X 0 / 110731041 0 || 2026-04-19 10:22:32  / 0: 0 0 0 0 0 0 / 0: 0 0 0 0 0 0 / 0: 0 0 0 0 0 0""Magnetic Sensor Events size": "0""Pressure Sensor Events size": "0"}
04-19 21:23:36.325  1704  1748 E HeatmapThread: ECT Thread time in milliseconds: 1776648216
04-19 21:23:36.328  1704  1748 D HeatmapThread: !@ batteryplugType : 2
04-19 21:23:36.328  1704  1748 D HeatmapThread: !@ batteryLevel : 68  batteryTemperature : 317 
04-19 21:23:36.329  1704  1748 D HeatmapThread: !@ Heatmap currtime: 29610803
04-19 21:23:36.329  1704  1748 D HeatmapThread: !@ Heatmap prevtime: 29610778
04-19 21:23:36.329  1704  1748 D HeatmapThread: !@ Heatmap plugstarttime: 29610797
04-19 21:23:36.329  1704  1748 D HeatmapThread: !@ Heatmap prevv_dsoh_update_time: 29610626
04-19 21:23:36.329  1704  1748 E HeatmapThread: !@ CAM New BSOH: 99
04-19 21:23:36.457  1147  1147 D io_stats: !@   8,0 r 32971905 615978500 w 5475297 89776908 d 665891 70844096 f 375452 509049 iot 5893784 0 th 0 0 0 pt 0 inp 0 0 110731.263
04-19 21:23:36.861  1623 13851 I sensors-hal: handle_sns_client_event:375, [0][2879472] accel_sample [-0.046, -0.057,  9.713] 139065534436663
04-19 21:23:36.936  1623  3907 I sensors-hal: handle_sns_std_sensor_event:131, [SSC_LIGHT] A: 0(0),c:7,b:1275,m:13,cl:21,l:0,s:0,l0:864,l1:0,s0:0,s1:0,acl:1,opr:0.13,f(r):98,u(bl):100,if:0,wi:1,si:0,po:127(N:0)
04-19 21:23:36.936  1623 11186 I sensors-hal: handle_sns_std_sensor_event:409, [SSC_LIGHT] P: 0(0),c:7,b:1275,m:13,cl:21,l:0,s:0,l0:864,l1:0,s0:0,s1:0,acl:1,opr:0.13,f(r):98,u(bl):100,if:0,wi:1,si:0,po:127(N:0)
04-19 21:23:36.954  1623  3907 I sensors-hal: handle_sns_client_event:190, auto_rotation_debug_2 mode,255, type,1,0 acc,-0.038,-0.053,9.710, ar,0, ver,14, pedo,1,e,1,i,3
04-19 21:23:36.985  4730  4730 D BoundBrokerSvc: onRebind: Intent { act=com.google.android.gms.libs.gmscorelogger.service.START dat=chimera-action:/... xflg=0x4 cmp=com.google.android.gms/.chimera.PersistentDirectBootAwareApiService }
04-19 21:23:37.049  2134  2134 I CNSS    : /sys/wifi/max_chipset_log_size doesn't exist
04-19 21:23:37.218 29905 29905 I wpa_supplicant: nl80211: Vendor event: wiphy=0 vendor_id=0x1374 subcmd=182
04-19 21:23:37.219  2242  3896 D LOWI-9.0.1.74: [LOWI-Scan] wait_event:Wait done with Cmd 103
04-19 21:23:37.219  1625  3894 I WifiHAL : event received NL80211_CMD_VENDOR, vendor_id = 0x1374, subcmd = 0xb6
04-19 21:23:37.220  2242  3896 D LOWI-9.0.1.74: [LOWI-Scan] do_listen_events: Rcvd valid Netlink Cmd 0 Err 0
04-19 21:23:37.220  2212  2212 I cnss-daemon: nl80211 response handler invoked
04-19 21:23:37.220  2212  2212 I cnss-daemon: nl80211_response_handler: cmd 103, vendorID 4980, subcmd 182  received
04-19 21:23:37.325  1704  1748 E HeatmapThread: ECT Thread time in milliseconds: 1776648217
04-19 21:23:37.328  1704  1748 D HeatmapThread: !@ batteryplugType : 2
04-19 21:23:37.328  1704  1748 D HeatmapThread: !@ batteryLevel : 68  batteryTemperature : 317 
04-19 21:23:37.328  1704  1748 D HeatmapThread: !@ Heatmap currtime: 29610803
