04-19 21:24:00.329  1704  1748 D HeatmapThread: !@ Heatmap currtime: 29610804
04-19 21:24:00.329  1704  1748 D HeatmapThread: !@ Heatmap prevtime: 29610778
04-19 21:24:00.330  1704  1748 D HeatmapThread: !@ Heatmap plugstarttime: 29610797
04-19 21:24:00.330  1704  1748 D HeatmapThread: !@ Heatmap prevv_dsoh_update_time: 29610626
04-19 21:24:00.330  1704  1748 E HeatmapThread: !@ CAM New BSOH: 99
04-19 21:24:00.385  4212  4212 I EPDG -- SIM1 [SMARTWIFI]: isProfiling, hash=9131731, started=true
04-19 21:24:00.385  2748  6359 D SemWifiUsabilityStatsMonitor: onWifiUsabilityStats - seqNum 1883, isSameBssidAndFreq true
04-19 21:24:00.385  4212  4212 I EPDG -- SIM1 [SMARTWIFI]: isProfiling, hash=9131731, started=true
04-19 21:24:00.386  2748  3785 E SemWifiLinkQualityMonitor: Too old or invalid TMI: currentTime=1776648240386 lastDateWindow=1776608552000
04-19 21:24:00.386  4212  4212 I EPDG -- SIM1 [SMARTWIFI]: Rssi : -24 highrange : -71 lowrange : -80 mIsRssiInHystersis : false
04-19 21:24:00.386  4212  4212 I EPDG -- SIM1 [SMARTWIFI]: Rssi : -24 highrange : -71 lowrange : -80 mIsRssiInHystersis : false
04-19 21:24:00.386  4212  4212 I EPDG -- SIM1 [SMARTWIFI]: getHandoverThresholdMet: value is: false
04-19 21:24:00.387  2748  3785 I SemWifiLinkQualityMonitor: Link stat: 382 / 6 / 1.00 (15) / 433 / -24.0 || 100.0 : 433.00 / 0.5 : 1.00 / 0.55 : 0.02 / G (G) || 2dda0c6f5805: 0.092 / 87.313 / N || N N / 0 0 / N 103.0 / N X 0 / 110755190 0 || 2026-04-19 10:22:32  / 0: 0 0 0 0 0 0 / 0: 0 0 0 0 0 0 / 0: 0 0 0 0 0 0
04-19 21:24:00.388  2748  3786 D InsDataManager: onOutageCountUpdate() - Outage Data: 0, LQ : N. Outage Triggered: false
04-19 21:24:00.388  2748  3786 D SemInsManager: {"bssid": "2dda0c6f5805","rssi": -24.0,"latency": 0.09162468674757997,"outage_count": 0,"lq_callback_triggered": false,"outage_log": "Link stat: 382 / 6 / 1.00 (15) / 433 / -24.0 || 100.0 : 433.00 / 0.5 : 1.00 / 0.55 : 0.02 / G (G) || 2dda0c6f5805: 0.092 / 87.313 / N || N N / 0 0 / N 103.0 / N X 0 / 110755190 0 || 2026-04-19 10:22:32  / 0: 0 0 0 0 0 0 / 0: 0 0 0 0 0 0 / 0: 0 0 0 0 0 0""Magnetic Sensor Events size": "0""Pressure Sensor Events size": "0"}
04-19 21:24:00.696  7327  7994 I SDHMS:x : SIOP:: AP:341 BAT:316 USB:294 CHG:339 PA:347 WIFI:353 CF:343 BLK:0 SUBBAT:0 LRPTHM:339 SKIN:331 SKINF:331 SKINB:328 LRP2:331 LRF2:331 LRB2:328 AP2:331 CHG2:328 WIFI2:330 RCV2:329 SPK2:302 FCAM:295 UPSPK:347 DNSPK:295 VAP02:344 VWIFI:361 AMB2:245 AVGCUR:237 AVGSYS:0 POWER:946
04-19 21:24:00.771  1609  5265 I vendor.qti.bluetooth@1.1-ibs_handler: ProcessIbsCmd: Received IBS_WAKE_IND: 0xFD
04-19 21:24:00.771  1609  5265 D vendor.qti.bluetooth@1.1-ibs_handler: SerialClockVote: vote for UART CLK ON
04-19 21:24:00.771  1609  5265 D vendor.qti.bluetooth@1.1-wake_lock: Acquire wakelock is acquired 
04-19 21:24:00.772  1609  5265 I vendor.qti.bluetooth@1.1-ibs_handler: ProcessIbsCmd: Writing IBS_WAKE_ACK
04-19 21:24:00.782  4249  5273 I ScanController: onScanResult to scannerId: 3- eventType=0x1a, addressType=1, address=XX:XX:XX:XX:64:48, primaryPhy=1, secondaryPhy=0, advertisingSid=0xff, txPower=127, rssi=-89, periodicAdvInt=0x0
04-19 21:24:00.799  4249  5273 I ScanController: onScanResult to scannerId: 12- eventType=0x1a, addressType=1, address=XX:XX:XX:XX:71:20, primaryPhy=1, secondaryPhy=0, advertisingSid=0xff, txPower=127, rssi=-58, periodicAdvInt=0x0
04-19 21:24:00.839  1609  5265 I vendor.qti.bluetooth@1.1-ibs_handler: ProcessIbsCmd: Received IBS_SLEEP_IND: 0xFE
04-19 21:24:00.839  1609  5265 D vendor.qti.bluetooth@1.1-ibs_handler: SerialClockVote: vote for UART CLK OFF
04-19 21:24:00.894  1623 13851 I sensors-hal: handle_sns_client_event:375, [0][2879880] accel_sample [-0.051, -0.061,  9.713] 139089567693642
04-19 21:24:00.990  1609  4662 D vendor.qti.bluetooth@1.1-wake_lock: Release wakelock is released 
04-19 21:24:01.325  1704  1748 E HeatmapThread: ECT Thread time in milliseconds: 1776648241
04-19 21:24:01.328  1704  1748 D HeatmapThread: !@ batteryplugType : 2
04-19 21:24:01.328  1704  1748 D HeatmapThread: !@ batteryLevel : 68  batteryTemperature : 316 
04-19 21:24:01.328  1704  1748 D HeatmapThread: !@ Heatmap currtime: 29610804
04-19 21:24:01.328  1704  1748 D HeatmapThread: !@ Heatmap prevtime: 29610778
04-19 21:24:01.328  1704  1748 D HeatmapThread: !@ Heatmap plugstarttime: 29610797
04-19 21:24:01.328  1704  1748 D HeatmapThread: !@ Heatmap prevv_dsoh_update_time: 29610626
04-19 21:24:01.329  1704  1748 E HeatmapThread: !@ CAM New BSOH: 99
04-19 21:24:01.375  1741  1741 I SurfaceFlinger: SFWD update time=110756180265405
04-19 21:24:01.416  1623 11186 I sensors-hal: handle_sns_std_sensor_event:409, [SSC_LIGHT] P: 0(0),c:7,b:1275,m:13,cl:21,l:0,s:0,l0:896,l1:0,s0:0,s1:0,acl:1,opr:0.13,f(r):98,u(bl):100,if:0,wi:1,si:0,po:127(N:0)
04-19 21:24:01.416  1623  3907 I sensors-hal: handle_sns_std_sensor_event:131, [SSC_LIGHT] A: 0(0),c:7,b:1275,m:13,cl:21,l:0,s:0,l0:896,l1:0,s0:0,s1:0,acl:1,opr:0.13,f(r):98,u(bl):100,if:0,wi:1,si:0,po:127(N:0)
04-19 21:24:01.568  2748  5333 I NSLocationMonitor: getGPSUsingApps() called
04-19 21:24:01.569  5352  5395 I NSLocationManager_FLP: getGPSUsingApps, No change
04-19 21:24:01.580  2748  5333 D FreecessHandler: freeze com.whatsapp(10406) result : 12
04-19 21:24:01.899 29905 29905 I wpa_supplicant: Heartbeat 486
04-19 21:24:02.025  1658  1658 I seh_thermal_service: getTemperaturesWithType SehTemperatureType: 3
04-19 21:24:02.025  1650  1728 E BatteryDump: !@new_battery_dump : 4002,273,475,550,68,315,294,339,315,0,332,339,0,Charging,NO_CHARGING,Normal,Good,USB,1,Normal,0,0,9300,0x0,0x10000,0x0,0,0,0000,0000,00000000,0,0,0,0,562,3987,6775,990,0,
04-19 21:24:02.026  1650  1650 I sehhealth-service: updateLrpSysfs: write: 331
04-19 21:24:02.219 29905 29905 I wpa_supplicant: nl80211: Vendor event: wiphy=0 vendor_id=0x1374 subcmd=182
04-19 21:24:02.219  1625  3894 I WifiHAL : event received NL80211_CMD_VENDOR, vendor_id = 0x1374, subcmd = 0xb6
04-19 21:24:02.220  2242  3896 D LOWI-9.0.1.74: [LOWI-Scan] wait_event:Wait done with Cmd 103
04-19 21:24:02.220  2242  3896 D LOWI-9.0.1.74: [LOWI-Scan] do_listen_events: Rcvd valid Netlink Cmd 0 Err 0
04-19 21:24:02.222  2212  2212 I cnss-daemon: nl80211 response handler invoked
04-19 21:24:02.223  2212  2212 I cnss-daemon: nl80211_response_handler: cmd 103, vendorID 4980, subcmd 182  received
04-19 21:24:02.326  1704  1748 E HeatmapThread: ECT Thread time in milliseconds: 1776648242
04-19 21:24:02.330  1704  1748 D HeatmapThread: !@ batteryplugType : 2
04-19 21:24:02.330  1704  1748 D HeatmapThread: !@ batteryLevel : 68  batteryTemperature : 315 
04-19 21:24:02.330  1704  1748 D HeatmapThread: !@ Heatmap currtime: 29610804
04-19 21:24:02.331  1704  1748 D HeatmapThread: !@ Heatmap prevtime: 29610778
04-19 21:24:02.331  1704  1748 D HeatmapThread: !@ Heatmap plugstarttime: 29610797
04-19 21:24:02.331  1704  1748 D HeatmapThread: !@ Heatmap prevv_dsoh_update_time: 29610626
04-19 21:24:02.331  1704  1748 E HeatmapThread: !@ CAM New BSOH: 99
04-19 21:24:02.475  1147  1147 D io_stats: !@   8,0 r 32972148 615982624 w 5475502 89788676 d 665891 70844096 f 375500 509076 iot 5894024 0 th 0 0 0 pt 0 inp 0 0 110757.280
04-19 21:24:02.476  1147  1147 D io_stats: !@ Read_top(KB): .openai.chatgpt(11978) 280 .gms.persistent(4730) 12
04-19 21:24:02.476  1147  1147 D io_stats: !@ Write_top(KB): vendor.samsung.(1650) 8 .openai.chatgpt(11978) 8
04-19 21:24:02.584  2748  3770 D SemWifiTrafficPoller: getSoftApTotalTrafficInBytes:22610821
04-19 21:24:02.611  1609  5265 I vendor.qti.bluetooth@1.1-ibs_handler: ProcessIbsCmd: Received IBS_WAKE_IND: 0xFD
04-19 21:24:02.611  1609  5265 D vendor.qti.bluetooth@1.1-ibs_handler: SerialClockVote: vote for UART CLK ON
04-19 21:24:02.611  1609  5265 D vendor.qti.bluetooth@1.1-wake_lock: Acquire wakelock is acquired 
04-19 21:24:02.611  1609  5265 I vendor.qti.bluetooth@1.1-ibs_handler: ProcessIbsCmd: Writing IBS_WAKE_ACK
04-19 21:24:02.622  1623  1623 I sensors-hal: set_config:60, sample_period_ns is adjusted to 200000000 based on min/max delay_ns
04-19 21:24:02.623  1623  1623 I sensors-hal: batch:363, com.samsung.sensor.light_cct/1511, period=200000000, max_latency=0 request completed
04-19 21:24:02.623  1623  1623 I sensors-hal: activate:300, com.samsung.sensor.light_cct/1511 en=1
04-19 21:24:02.624  1623  1623 I sensors-hal: acquire_qsh_interface:139, acquire_qsh_interface with sensor_id 12 , conn_type 3 
04-19 21:24:02.624  1623  1623 I sensors-hal: worker:51, worker(0xb400007122ad6a30) is created with tid= 502
04-19 21:24:02.628  1589  1720 I minksocket: MinkIPC MESSAGE: ( 1589:1720 ) MinkIPC_QRTR_Service:351 minkipc = 0xb400007850842db0 sock = 19, client with node 1 port 70a9 went down
04-19 21:24:02.628  1589  1726 I minksocket: MinkIPC MESSAGE: ( 1589:1726 ) MinkIPC_QRTR_Service:351 minkipc = 0xb4000078508405d0 sock = 26, client with node 1 port 70a9 went down
04-19 21:24:02.630  1589  1720 I minksocket: MinkIPC MESSAGE: ( 1589:1720 ) MinkIPC_QRTR_Service:351 minkipc = 0xb400007850842db0 sock = 19, client with node 1 port 70aa went down
04-19 21:24:02.630  1589  1726 I minksocket: MinkIPC MESSAGE: ( 1589:1726 ) MinkIPC_QRTR_Service:351 minkipc = 0xb4000078508405d0 sock = 26, client with node 1 port 70aa went down
04-19 21:24:02.632  1589  1726 I minksocket: MinkIPC MESSAGE: ( 1589:1726 ) MinkIPC_QRTR_Service:351 minkipc = 0xb4000078508405d0 sock = 26, client with node 1 port 70ab went down
04-19 21:24:02.633  1589  1720 I minksocket: MinkIPC MESSAGE: ( 1589:1720 ) MinkIPC_QRTR_Service:351 minkipc = 0xb400007850842db0 sock = 19, client with node 1 port 70ab went down
04-19 21:24:02.633  1623  1623 I sensors-hal: qsh_qmi:31, qsh_qmi
04-19 21:24:02.633  1623  1623 I sensors-hal: register_cb:304, suid(low=3046173514946711665,high=5084824469409589910) is new. register callbacks
04-19 21:24:02.634  1623  1623 I sensors-hal: send_sync_sensor_request:508, send sync request
04-19 21:24:02.634  1589  1726 I minksocket: MinkIPC MESSAGE: ( 1589:1726 ) MinkIPC_QRTR_Service:351 minkipc = 0xb4000078508405d0 sock = 26, client with node 1 port 70ac went down
04-19 21:24:02.634  1623  1623 I sensors-hal: send_sync_sensor_request:518, send_sync_sensor_request before send_request for light_cct with SUID low=3046173514946711665 high=5084824469409589910
04-19 21:24:02.634  1623  1623 I sensors-hal: send_sync_sensor_request:537, wait for notification of response
04-19 21:24:02.634  1589  1720 I minksocket: MinkIPC MESSAGE: ( 1589:1720 ) MinkIPC_QRTR_Service:351 minkipc = 0xb400007850842db0 sock = 19, client with node 1 port 70ac went down
04-19 21:24:02.636  1623   503 I sensors-hal: qsh_conn_resp_cb:930, resp_value = 0 for light_cct 
04-19 21:24:02.636  1623  1623 I sensors-hal: send_sync_sensor_request:543, takes 1 ms to receive the response with 0
04-19 21:24:02.636  1623  1623 I sensors-hal: activate:330, com.samsung.sensor.light_cct/1511 en=1 completed
04-19 21:24:02.637  2748  3709 D SensorManager: registerListener :: 1511, STK33F11 Light Strm  Non-wakeup, 200000, 0, com.samsung.android.displaysolution.EyeComfortSolutionService$1@cae7b68
04-19 21:24:02.662  1609  5265 I vendor.qti.bluetooth@1.1-ibs_handler: ProcessIbsCmd: Received IBS_SLEEP_IND: 0xFE
04-19 21:24:02.662  1609  5265 D vendor.qti.bluetooth@1.1-ibs_handler: SerialClockVote: vote for UART CLK OFF
04-19 21:24:02.696  1623   503 I sensors-hal: qsh_conn_event_cb:857, SCHED_FIFO(10) for qmi_cbk
04-19 21:24:02.697  1623   503 I sensors-hal: handle_sns_std_sensor_event:90, light_cct: ts = 139091396202288 ns; value = [0, 0, 30, 33, 0, 1275, 21, 0, 864, 0]
04-19 21:24:02.698  2748  3709 V EyeComfortSolutionService: count : 2509 , bopr_value : 30.0, platform_value : 149.0 , app_weighting : 1.0 , cal_value : 1.3326775 , sum_value : 12610.719 , BOPR_MAX_VALUE : 21000
04-19 21:24:02.700  1623  1623 I sensors-hal: activate:300, com.samsung.sensor.light_cct/1511 en=0
04-19 21:24:02.700  1623  1623 I sensors-hal: send_sync_sensor_request:508, send sync request
04-19 21:24:02.700  1623  1623 I sensors-hal: send_sync_sensor_request:518, send_sync_sensor_request before send_request for light_cct with SUID low=3046173514946711665 high=5084824469409589910
04-19 21:24:02.700  1623  1623 I sensors-hal: send_sync_sensor_request:537, wait for notification of response
04-19 21:24:02.701  1623   503 I sensors-hal: qsh_conn_resp_cb:930, resp_value = 0 for light_cct 
04-19 21:24:02.701  1623  1623 I sensors-hal: send_sync_sensor_request:543, takes 1 ms to receive the response with 0
04-19 21:24:02.702  1623  1623 I sensors-hal: ~worker:65, worker(0xb400007122ad6a30) send sig to tid= 502
04-19 21:24:02.703  1623  1623 I sensors-hal: ~worker:74, worker(0xb400007122ad6a30) is destroyed, remaining task = 0, tid= 502
04-19 21:24:02.703  1623  1623 I sensors-hal: ~qsh_qmi:58, ~qsh_qmi
04-19 21:24:02.703  1623  1623 I sensors-hal: activate:330, com.samsung.sensor.light_cct/1511 en=0 completed
04-19 21:24:02.704  2748  3709 D SensorManager: unregisterListener :: com.samsung.android.displaysolution.EyeComfortSolutionService$1@cae7b68
04-19 21:24:02.704  1589  1720 I minksocket: MinkIPC MESSAGE: ( 1589:1720 ) MinkIPC_QRTR_Service:351 minkipc = 0xb400007850842db0 sock = 19, client with node 1 port 70ad went down
04-19 21:24:02.704  1589  1726 I minksocket: MinkIPC MESSAGE: ( 1589:1726 ) MinkIPC_QRTR_Service:351 minkipc = 0xb4000078508405d0 sock = 26, client with node 1 port 70ad went down
04-19 21:24:02.814  1609  4662 D vendor.qti.bluetooth@1.1-wake_lock: Release wakelock is released 
04-19 21:24:02.897  1623 13851 I sensors-hal: handle_sns_client_event:375, [0][2879914] accel_sample [-0.051, -0.055,  9.718] 139091570461090
04-19 21:24:02.931  2748  5311 I SemWifiApDataUsage: handleMessage: 14
04-19 21:24:02.931  2748  5311 I SemWifiApEbpf: DATA_USAGE_STATS_START_POLL,mhs= true,upstream= 1,client size 1
04-19 21:24:02.932  2748  5311 D SemWifiApEbpf: getWifiApDataUsageForOverAllMhs():  overall data is22610821
04-19 21:24:02.932  2748  5311 I SemWifiApEbpf: updating the overall dataUsage , overall =22610821 , global = {mTotalDataBytes=22610821,mTotalDataIngressBytes=0,mTotalDataEgressBytes=0,mCellularBytes=992485,mCurrentDayAndSimCellularBytes=992485}
04-19 21:24:02.932  2748  5311 I SemWifiApTrafficPriority: handleDataUsageStats : 02:cb:75:b5:5e:b0 : alive=true,mBitratePerSecond=0 bps,mBitrateIngressPerSecond=0 bps,mBitrateEgressPerSecond=0 bps,mCellularBytes=992485,mWifiDataBytes=7217776,mTotalDataBytes=8210261,mTotalDataIngressBytes=5028811,mTotalDataEgressBytes=3181450,mRtBytes=0,mnRtBytes=8210261,ip=Not available.,mRtBitratePerSecond=0 bps,mNrtBitrateperSecond=0 bps,
04-19 21:24:02.933  2748  5311 D SemWifiApTrafficPriority: activeNetworkSpeed: 40 MbpswifiInfoSpeed: 433 Mbps
04-19 21:24:02.933  2748  5311 D SemWifiApTrafficPriority: Log----> Interface Name: wlan0 totalStatsRxMegaBitRate: 0.0052912,ebpfDatarate: 0.0 ,mCurrSpeedEstimation: 40 mGapiValue: 40.035 mEnablePriorityeBpfAPICalled false
04-19 21:24:02.934  2748  5311 D SemWifiApTrafficPriority: mCurrentNonGBRAllocated:0
04-19 21:24:02.934  2748  5311 I SemWifiApTrafficPriority: calculateRecalRestrictTimer,ebpfrate:0,currentNonGBRAllocated:0
04-19 21:24:03.326  1704  1748 E HeatmapThread: ECT Thread time in milliseconds: 1776648243
04-19 21:24:03.330  1704  1748 D HeatmapThread: !@ batteryplugType : 2
04-19 21:24:03.330  1704  1748 D HeatmapThread: !@ batteryLevel : 68  batteryTemperature : 315 
04-19 21:24:03.331  1704  1748 D HeatmapThread: !@ Heatmap currtime: 29610804
04-19 21:24:03.331  1704  1748 D HeatmapThread: !@ Heatmap prevtime: 29610778
04-19 21:24:03.331  1704  1748 D HeatmapThread: !@ Heatmap plugstarttime: 29610797
04-19 21:24:03.332  1704  1748 D HeatmapThread: !@ Heatmap prevv_dsoh_update_time: 29610626
04-19 21:24:03.332  1704  1748 E HeatmapThread: !@ CAM New BSOH: 99
04-19 21:24:03.401  2748  6359 D SemWifiUsabilityStatsMonitor: onWifiUsabilityStats - seqNum 1884, isSameBssidAndFreq true
04-19 21:24:03.402  2748  3785 E SemWifiLinkQualityMonitor: Too old or invalid TMI: currentTime=1776648243402 lastDateWindow=1776608552000
04-19 21:24:03.405  2748  3785 I SemWifiLinkQualityMonitor: Link stat: 452 / 6 / 1.00 (14) / 433 / -24.0 || 100.0 : 433.00 / 0.5 : 1.00 / 0.55 : 0.01 / G (G) || 2dda0c6f5805: 0.091 / 87.485 / N || N N / 0 0 / N 103.0 / N X 0 / 110758206 0 || 2026-04-19 10:22:32  / 0: 0 0 0 0 0 0 / 0: 0 0 0 0 0 0 / 0: 0 0 0 0 0 0
04-19 21:24:03.406  2748  3786 D InsDataManager: onOutageCountUpdate() - Outage Data: 0, LQ : N. Outage Triggered: false
04-19 21:24:03.407  2748  3786 D SemInsManager: {"bssid": "2dda0c6f5805","rssi": -24.0,"latency": 0.09144436044283805,"outage_count": 0,"lq_callback_triggered": false,"outage_log": "Link stat: 452 / 6 / 1.00 (14) / 433 / -24.0 || 100.0 : 433.00 / 0.5 : 1.00 / 0.55 : 0.01 / G (G) || 2dda0c6f5805: 0.091 / 87.485 / N || N N / 0 0 / N 103.0 / N X 0 / 110758206 0 || 2026-04-19 10:22:32  / 0: 0 0 0 0 0 0 / 0: 0 0 0 0 0 0 / 0: 0 0 0 0 0 0""Magnetic Sensor Events size": "0""Pressure Sensor Events size": "0"}
04-19 21:24:03.505  2748  3820 I WifiConnectivityMonitor.NetworkStatsAnalyzer: pull out the line???
04-19 21:24:03.751  2748  5333 I NSLocationMonitor: getGPSUsingApps() called
04-19 21:24:03.751  5352  5395 I NSLocationManager_FLP: getGPSUsingApps, No change
04-19 21:24:03.765  2748  5333 D FreecessHandler: freeze com.openai.chatgpt(10379) result : 2
04-19 21:24:03.820  2748   507 D WifiConnectivityMonitor.DnsThread:  [|209]
04-19 21:24:03.821  2748  3820 D WifiConnectivityMonitor.NetworkStatsAnalyzer: DNS resultType : 0, responseTime : 209
04-19 21:24:03.822  2748  3816 D OpenNetworkQos[4.00]: updateBssidLatestDnsResultType - result: 0
04-19 21:24:03.822  2748  3816 D OpenNetworkQos[4.00]: updateBssidNoInternet: mBssidNoInternet = false
04-19 21:24:03.822  2748  3816 D OpenNetworkQos[4.00]: getOpenNetworkQosNoInternetStatus: false
04-19 21:24:03.823  2748  3816 D OpenNetworkQos[4.00]: getOpenNetworkQosScores: 30 30 0 
04-19 21:24:03.823  2748  3816 D KNOX_MDM_SettingsProvider: isChangeAllowed() : name = wifi_wcm_qos_sharing_score_summary
04-19 21:24:03.823  2748  3816 I WifiProfileShare: network QoS data was changed (internet), updateQoSData networkType: true, qosData: false
04-19 21:24:03.824  2748  5386 V WifiProfileShare.Caster: update wips network, size: 0
04-19 21:24:03.824  2748  5386 D WifiProfileShare: nearby scanning settings run
04-19 21:24:03.824  2748  5386 D WifiProfileShare: network score provider settings enabled
04-19 21:24:03.824  2748  5386 D OpenNetworkQos[4.00]: getOpenNetworkQosScores: 30 30 0 
04-19 21:24:03.824  2748  5386 D OpenNetworkQos[4.00]: getOpenNetworkQosNoInternetStatus: false
04-19 21:24:03.824  2748  5386 I WifiProfileShare.Caster: current network type: 0, score: [30, 30, 0]
04-19 21:24:03.825  2748  5386 V WifiProfileShare.Caster: captive portal configuration was set
04-19 21:24:03.825  2748  5386 V WifiProfileShare.Cache: update network score 8c:90:2d:**:**:6f
04-19 21:24:03.825  2748  5386 D WifiProfileShare.ScanMatcher: getMcfDataList size:1
04-19 21:24:03.828  2748  5386 E SemWifiApConfigStore: getWifiApConfiguration ssid
04-19 21:24:03.828  2748  5386 D SemSoftApConfiguration: isWifiApEnabledWithDualBand API:false
04-19 21:24:03.831  2748  5386 E SemWifiApConfigStore: getWifiApConfiguration ssid
04-19 21:24:03.832  2748  5386 I WifiProfileShare.Caster: qos data was updated , before:type:QOS, pBssid:4a:21:e3, qosData:f5 after:type:QOS, pBssid:4a:21:e3, qosData:f5
04-19 21:24:03.833  2748  5386 I [MCFSDK_android_1.3.7026]_4_McfCasterImpl: isNetworkEnabled - type : 1 ret : true
04-19 21:24:03.833  2748  5386 D WifiProfileShare.McfCast: -ME--- mIsNetworkEnabled :true
04-19 21:24:03.834  2748  5386 D WifiProfileShare.McfCast: updateQoSData ignored, same contents
04-19 21:24:03.834  2748  5386 D WifiProfileShare.MCF: success update QosData !
04-19 21:24:03.834  2748  5386 I [MCFSDK_android_1.3.7026]_4_McfCasterImpl: isNetworkEnabled - type : 1 ret : true
04-19 21:24:03.835  2748  5386 D WifiProfileShare.McfCast: -ME--- mIsNetworkEnabled :true
04-19 21:24:03.835  2748  5386 D WifiProfileShare.McfCast: -ME--- updatePasswordDate pwdData size:2
04-19 21:24:04.003  4730 31631 I NearbyMediums: No BLE Fast/GATT advertisements found in the latest cycle.
04-19 21:24:04.003  4730 31631 I NearbyMediums: Current Tracked Scanning Clients are : {NearbyConnections.EnvironmentMonitor, NearbyConnections.TxAdvertisement}
04-19 21:24:04.326  1704  1748 E HeatmapThread: ECT Thread time in milliseconds: 1776648244
04-19 21:24:04.330  1704  1748 D HeatmapThread: !@ batteryplugType : 2
04-19 21:24:04.330  1704  1748 D HeatmapThread: !@ batteryLevel : 68  batteryTemperature : 315 
04-19 21:24:04.331  1704  1748 D HeatmapThread: !@ Heatmap currtime: 29610804
04-19 21:24:04.331  1704  1748 D HeatmapThread: !@ Heatmap prevtime: 29610778
04-19 21:24:04.331  1704  1748 D HeatmapThread: !@ Heatmap plugstarttime: 29610797
04-19 21:24:04.331  1704  1748 D HeatmapThread: !@ Heatmap prevv_dsoh_update_time: 29610626
04-19 21:24:04.331  1704  1748 E HeatmapThread: !@ CAM New BSOH: 99
04-19 21:24:04.477  1147  1147 D io_stats: !@   8,0 r 32972151 615982636 w 5475526 89791112 d 665891 70844096 f 375500 509076 iot 5894036 0 th 0 0 0 pt 0 inp 0 0 110759.282
04-19 21:24:04.485  2748  3771 D SemHostapdHalAidlImpl: ISehHostapd command: GET_STATION_INFO_SWLAN0 ALL
04-19 21:24:04.486 29094 29094 I hostapd : sehSendCommand 
04-19 21:24:04.486 29094 29094 I hostapd : doDriverCommand 
04-19 21:24:04.487 29094 29094 I hostapd : IHostapd iface swlan0
04-19 21:24:04.491 29094 29094 I wpa_sslib: Recv STA info 02:cb:75:b5:5e:b0
04-19 21:24:04.491 29094 29094 I wpa_sslib: rx_retry_pkts 2056
04-19 21:24:04.491 29094 29094 I wpa_sslib: rx_bcmc_pkts 174888
04-19 21:24:04.491 29094 29094 I wpa_sslib: tx_pkts_retried 0
04-19 21:24:04.491 29094 29094 I wpa_sslib: tx_pkts_retry_exhausted 0
04-19 21:24:04.491 29094 29094 I wpa_sslib: tx_pkts_fw_total 10417
04-19 21:24:04.492 29094 29094 I wpa_sslib: tx_pkts_fw_retries 1817
04-19 21:24:04.492 29094 29094 I wpa_sslib: tx_pkts_fw_retry_exhausted 10
04-19 21:24:04.492 29094 29094 I wpa_sslib: mcs_tx_pkts[0] 10
04-19 21:24:04.492 29094 29094 I wpa_sslib: mcs_tx_pkts[1] 34
04-19 21:24:04.492 29094 29094 I wpa_sslib: mcs_tx_pkts[2] 0
04-19 21:24:04.492 29094 29094 I wpa_sslib: mcs_tx_pkts[3] 0
04-19 21:24:04.492 29094 29094 I wpa_sslib: mcs_tx_pkts[4] 1
04-19 21:24:04.492 29094 29094 I wpa_sslib: mcs_tx_pkts[5] 105
04-19 21:24:04.492 29094 29094 I wpa_sslib: mcs_tx_pkts[6] 627
04-19 21:24:04.492 29094 29094 I wpa_sslib: mcs_tx_pkts[7] 749
04-19 21:24:04.492 29094 29094 I wpa_sslib: mcs_tx_pkts[8] 2089
04-19 21:24:04.492 29094 29094 I wpa_sslib: mcs_tx_pkts[9] 2349
04-19 21:24:04.492 29094 29094 I wpa_sslib: mcs_tx_pkts[10] 1592
04-19 21:24:04.492 29094 29094 I wpa_sslib: mcs_tx_pkts[11] 1054
04-19 21:24:04.492 29094 29094 I wpa_sslib: mcs_tx_pkts[12] 0
04-19 21:24:04.492 29094 29094 I wpa_sslib: mcs_tx_pkts[13] 0
04-19 21:24:04.492 29094 29094 I wpa_sslib: mcs_tx_pkts[14] 0
04-19 21:24:04.492 29094 29094 I wpa_sslib: mcs_tx_pkts[15] 0
04-19 21:24:04.492 29094 29094 I wpa_sslib: mcs_rx_pkts[0] 2
04-19 21:24:04.492 29094 29094 I wpa_sslib: mcs_rx_pkts[1] 0
04-19 21:24:04.492 29094 29094 I wpa_sslib: mcs_rx_pkts[2] 0
04-19 21:24:04.492 29094 29094 I wpa_sslib: mcs_rx_pkts[3] 1
04-19 21:24:04.492 29094 29094 I wpa_sslib: mcs_rx_pkts[4] 155
04-19 21:24:04.492 29094 29094 I wpa_sslib: mcs_rx_pkts[5] 675
04-19 21:24:04.492 29094 29094 I wpa_sslib: mcs_rx_pkts[6] 1359
04-19 21:24:04.492 29094 29094 I wpa_sslib: mcs_rx_pkts[7] 1779
04-19 21:24:04.492 29094 29094 I wpa_sslib: mcs_rx_pkts[8] 3689
04-19 21:24:04.492 29094 29094 I wpa_sslib: mcs_rx_pkts[9] 5014
04-19 21:24:04.492 29094 29094 I wpa_sslib: mcs_rx_pkts[10] 0
04-19 21:24:04.492 29094 29094 I wpa_sslib: mcs_rx_pkts[11] 0
04-19 21:24:04.492 29094 29094 I wpa_sslib: mcs_rx_pkts[12] 0
04-19 21:24:04.492 29094 29094 I wpa_sslib: mcs_rx_pkts[13] 0
04-19 21:24:04.492 29094 29094 I wpa_sslib: mcs_rx_pkts[14] 0
04-19 21:24:04.492 29094 29094 I wpa_sslib: mcs_rx_pkts[15] 0
04-19 21:24:04.492 29094 29094 I wpa_sslib: num_received_vendor_sta_info 1
04-19 21:24:04.492 29094 29094 I wpa_sslib: num_request_vendor_sta_info 1
04-19 21:24:04.497 29094 29094 I wpa_sslib: Recv STA info 02:cb:75:b5:5e:b0
04-19 21:24:04.497 29094 29094 I wpa_sslib: HT supported
04-19 21:24:04.497 29094 29094 I wpa_sslib: VHT supported
04-19 21:24:04.497 29094 29094 I wpa_sslib: tx_rate 289
04-19 21:24:04.497 29094 29094 I wpa_sslib: bandwidth 20
04-19 21:24:04.497 29094 29094 I wpa_sslib: NSS/antenna 1
04-19 21:24:04.497 29094 29094 I wpa_sslib: data_rate 1927
04-19 21:24:04.497 29094 29094 I wpa_sslib: rssi -27 rx_lastpkt_rssi -27
04-19 21:24:04.497 29094 29094 I wpa_sslib: avg_rssi_per_chain[0] -28
04-19 21:24:04.497 29094 29094 I wpa_sslib: avg_rssi_per_chain[1] -32
04-19 21:24:04.497 29094 29094 E wpa_sslib: WMI_MAX_CHAINS reached
04-19 21:24:04.497 29094 29094 I wpa_sslib: avg_rssi -30
04-19 21:24:04.497 29094 29094 I wpa_sslib: tx_pkts_total 10417
04-19 21:24:04.497 29094 29094 I wpa_sslib: tx_pckts 10417
04-19 21:24:04.497 29094 29094 I wpa_sslib: tx_failures 10
04-19 21:24:04.497 29094 29094 I wpa_sslib: rx_pkts 13690
04-19 21:24:04.497 29094 29094 I wpa_sslib: num_received_nl80211_sta_info 1
04-19 21:24:04.497 29094 29094 I wpa_sslib: num_request_nl80211_sta_info 1
04-19 21:24:04.498 29094 29094 I wpa_sslib: cap 0000
04-19 21:24:04.498 29094 29094 I wpa_sslib: freq 2437
04-19 21:24:04.498 29094 29094 I wpa_sslib: dot11_mode 4
04-19 21:24:04.498 29094 29094 I wpa_sslib: supported_mode 3
04-19 21:24:04.498 29094 29094 I wpa_sslib: STA information completed
04-19 21:24:04.498 29094 29094 I wpa_sslib: All STAs information completed
04-19 21:24:04.498 29094 29094 I wpa_sslib: GETSTAINFO 02:cb:75:b5:5e:b0 Rx_Retry_Pkts=2056 Rx_BcMc_Pkts=174888 CAP=0000 02:cb:75 2437 20 -27 1927 3 1 0 0 3 -30 15=0,14=0,13=0,12=0,11=1054,10=1592,9=2349,8=2089,7=749,6=627,5=105,4=1,3=0,2=0,1=34,0=10 10417 10 0 15=0,14=0,13=0,12=0,11=0,10=0,9=5014,8=3689,7=1779,6=1359,5=675,4=155,3=1,2=0,1=0,0=2 13690 -1 2056
04-19 21:24:04.498 29094 29094 I hostapd : command is GET_STATION_INFO_SWLAN0 ALL,return value is =318
04-19 21:24:04.501  2748  5374 D SemWifiApTrafficPoller: received START_TPUT_LOG
04-19 21:24:04.529  1609  5265 I vendor.qti.bluetooth@1.1-ibs_handler: ProcessIbsCmd: Received IBS_WAKE_IND: 0xFD
04-19 21:24:04.529  1609  5265 D vendor.qti.bluetooth@1.1-ibs_handler: SerialClockVote: vote for UART CLK ON
04-19 21:24:04.529  1609  5265 D vendor.qti.bluetooth@1.1-wake_lock: Acquire wakelock is acquired 
04-19 21:24:04.529  1609  5265 I vendor.qti.bluetooth@1.1-ibs_handler: ProcessIbsCmd: Writing IBS_WAKE_ACK
04-19 21:24:04.539  4249  5273 I ScanController: onScanResult to scannerId: 12- eventType=0x1a, addressType=1, address=XX:XX:XX:XX:71:20, primaryPhy=1, secondaryPhy=0, advertisingSid=0xff, txPower=127, rssi=-56, periodicAdvInt=0x0
04-19 21:24:04.581  1609  5265 I vendor.qti.bluetooth@1.1-ibs_handler: ProcessIbsCmd: Received IBS_SLEEP_IND: 0xFE
04-19 21:24:04.581  1609  5265 D vendor.qti.bluetooth@1.1-ibs_handler: SerialClockVote: vote for UART CLK OFF
04-19 21:24:04.655  1609  5265 I vendor.qti.bluetooth@1.1-ibs_handler: ProcessIbsCmd: Received IBS_WAKE_IND: 0xFD
04-19 21:24:04.655  1609  5265 D vendor.qti.bluetooth@1.1-ibs_handler: SerialClockVote: vote for UART CLK ON
04-19 21:24:04.655  1609  5265 I vendor.qti.bluetooth@1.1-ibs_handler: ProcessIbsCmd: Writing IBS_WAKE_ACK
04-19 21:24:04.661  4249  5273 I ScanController: onScanResult to scannerId: 3- eventType=0x1a, addressType=1, address=XX:XX:XX:XX:64:48, primaryPhy=1, secondaryPhy=0, advertisingSid=0xff, txPower=127, rssi=-83, periodicAdvInt=0x0
04-19 21:24:04.699  1609  5265 I vendor.qti.bluetooth@1.1-ibs_handler: ProcessIbsCmd: Received IBS_SLEEP_IND: 0xFE
04-19 21:24:04.700  1609  5265 D vendor.qti.bluetooth@1.1-ibs_handler: SerialClockVote: vote for UART CLK OFF
04-19 21:24:04.851  1609  4662 D vendor.qti.bluetooth@1.1-wake_lock: Release wakelock is released 
04-19 21:24:04.899  1623 13851 I sensors-hal: handle_sns_client_event:375, [0][2879948] accel_sample [-0.047, -0.057,  9.717] 139093573227549
04-19 21:24:05.325  1704  1748 E HeatmapThread: ECT Thread time in milliseconds: 1776648245
04-19 21:24:05.328  1704  1748 D HeatmapThread: !@ batteryplugType : 2
04-19 21:24:05.329  1704  1748 D HeatmapThread: !@ batteryLevel : 68  batteryTemperature : 315 
04-19 21:24:05.329  1704  1748 D HeatmapThread: !@ Heatmap currtime: 29610804
04-19 21:24:05.330  1704  1748 D HeatmapThread: !@ Heatmap prevtime: 29610778
04-19 21:24:05.330  1704  1748 D HeatmapThread: !@ Heatmap plugstarttime: 29610797
04-19 21:24:05.330  1704  1748 D HeatmapThread: !@ Heatmap prevv_dsoh_update_time: 29610626
04-19 21:24:05.331  1704  1748 E HeatmapThread: !@ CAM New BSOH: 99
04-19 21:24:05.511  7327  7327 I SDHMS:LOAD: type: LoadsFreqs, value: 1:0:0:672000:672000:672000:614400:960000:499200:231:231:231
04-19 21:24:05.590  2748  3770 D SemWifiTrafficPoller: getSoftApTotalTrafficInBytes:22611057
04-19 21:24:05.787  2199  2484 D SemNativeCarrierFeature_vendor: getInstance
04-19 21:24:05.794  3918  5253 D Am      : Broadcasting: Intent { act=com.samsung.intent.action.LTE_BAND (has extras) }
04-19 21:24:05.807  4016  4016 I MobileCareController: Received LTE Band is 66, mLteBand is 66
04-19 21:24:05.809  4212  4251 I EPDG -- SIM1 IwlanNetworkService: requestNetworkRegistrationInfo for domain 2
04-19 21:24:05.809  4212  4707 I EPDG -- SIM1 IwlanNetworkService: Calling onRequestNetworkRegistrationInfoComplete.resultCode = 0, netState = NetworkRegistrationInfo{ domain=PS transportType=WLAN registrationState=HOME networkRegistrationState=HOME roamingType=NOT_ROAMING accessNetworkTechnology=IWLAN rejectCause=0 emergencyEnabled=false availableServices=[DATA] cellIdentity=null voiceSpecificInfo=null dataSpecificInfo=null nrState=**** rRplmn= isUsingCarrierAggregation=false isNonTerrestrialNetwork=TERRESTRIAL}
04-19 21:24:05.816  3918  5152 D Am      : Broadcast completed: result=0
04-19 21:24:05.823  4212  4251 I EPDG -- SIM1 IwlanNetworkService: requestNetworkRegistrationInfo for domain 2
04-19 21:24:05.823  4212  4707 I EPDG -- SIM1 IwlanNetworkService: Calling onRequestNetworkRegistrationInfoComplete.resultCode = 0, netState = NetworkRegistrationInfo{ domain=PS transportType=WLAN registrationState=HOME networkRegistrationState=HOME roamingType=NOT_ROAMING accessNetworkTechnology=IWLAN rejectCause=0 emergencyEnabled=false availableServices=[DATA] cellIdentity=null voiceSpecificInfo=null dataSpecificInfo=null nrState=**** rRplmn= isUsingCarrierAggregation=false isNonTerrestrialNetwork=TERRESTRIAL}
04-19 21:24:05.826  2748  3770 D SemCellularStateManager: onCellInfoChanged: cellInfoList Number of cell: 1
04-19 21:24:05.826  2748  3770 D SemCellularStateManager: onCellInfoChanged: Registered = true, mCellularCellId = 51
04-19 21:24:05.827  4016  4016 I TelephonyCallbackForPdnController<1>: onCellInfoChanged: xxxxx
04-19 21:24:05.827  4016  4016 I ImsCallSessionManager: onCellInfoChanged, phoneId: 1
04-19 21:24:05.828  4016  4156 I RegiMgr-Handler: handleMessage: EVENT_CELL_INFO_CHANGED
04-19 21:24:05.830  4016  4156 I RegiMgr<1>: updatePani RegisterTask[1][mProfile=TMobile LTE/WiFi, mRegistrationRat=18, mPdnType=11, mState=REGISTERED, mObject=UserAgent - :
04-19 21:24:05.830  4016  4156 I RegiMgr<1>:  total records=4567
04-19 21:24:05.830  4016  4156 I RegiMgr<1>:  rec[0]: time=04-19 21:14:29.193 processed=ReadyState org=RegisteredState dest=<null> what=34(0x22)
04-19 21:24:05.830  4016  4156 I RegiMgr<1>:  rec[1]: time=04-19 21:14:29.194 processed=RegisteredState org=RegisteredState dest=<null> what=2000(0x7d0)
04-19 21:24:05.830  4016  4156 I RegiMgr<1>:  rec[2]: time=04-19 21:14:34.292 processed=ReadyState org=RegisteredState dest=<null> what=34(0x22)
04-19 21:24:05.830  4016  4156 I RegiMgr<1>:  rec[3]: time=04-19 21:14:34.292 processed=RegisteredState org=RegisteredState dest=<null> what=2000(0x7d0)
04-19 21:24:05.830  4016  4156 I RegiMgr<1>:  rec[4]: time=04-19 21:16:05.050 processed=ReadyState org=RegisteredState dest=<null> what=34(0x22)
04-19 21:24:05.830  4016  4156 I RegiMgr<1>:  rec[5]: time=04-19 21:16:05.068 processed=RegisteredState org=RegisteredState dest=<null> what=2000(0x7d0)
04-19 21:24:05.830  4016  4156 I RegiMgr<1>:  rec[6]: time=04-19 21:16:42.978 processed=ReadyState org=RegisteredState dest=<null> what=34(0x22)
04-19 21:24:05.830  4016  4156 I RegiMgr<1>:  rec[7]: time=04-19 21:16:42.980 processed=RegisteredState org=RegisteredState dest=<null> what=2000(0x7d0)
04-19 21:24:05.830  4016  4156 I RegiMgr<1>:  rec[8]: time=04-19 21:17:15.604 processed=ReadyState org=RegisteredState dest=<null> what=34(0x22)
04-19 21:24:05.830  4016  4156 I RegiMgr<1>:  rec[9]: time=04-19 21:17:15.606 processed=RegisteredState org=RegisteredState dest=<null> what=2000(0x7d0)
04-19 21:24:05.830  4016  4156 I RegiMgr<1>:  rec[10]: time=04-19 21:18:05.081 processed=ReadyState org=RegisteredState dest=<null> what=34(0x22)
04-19 21:24:05.830  4016  4156 I RegiMgr<1>:  rec[11]: time=04-19 21:18:05.083 processed=RegisteredState org=RegisteredState dest=<null> what=2000(0x7d0)
04-19 21:24:05.830  4016  4156 I RegiMgr<1>:  rec[12]: time=04-19 21:18:27.915 processed=ReadyState org=RegisteredState dest=<null> what=34(0x22)
04-19 21:24:05.830  4016  4156 I RegiMgr<1>:  rec[13]: time=04-19 21:18:27.917 processed=RegisteredState org=RegisteredState dest=<null> what=2000(0x7d0)
04-19 21:24:05.830  4016  4156 I RegiMgr<1>:  rec[14]: time=04-19 21:20:30.854 processed=ReadyState org=RegisteredState dest=<null> what=34(0x22)
04-19 21:24:05.830  4016  4156 I RegiMgr<1>:  rec[15]: time=04-19 21:20:30.898 processed=RegisteredState org=RegisteredState dest=<null> what=2000(0x7d0)
04-19 21:24:05.830  4016  4156 I RegiMgr<1>:  rec[16]: time=04-19 21:22:22.802 processed=ReadyState org=RegisteredState dest=<null> what=34(0x22)
04-19 21:24:05.830  4016  4156 I RegiMgr<1>:  rec[17]: time=04-19 21:22:22.804 processed=RegisteredState org=RegisteredState dest=<null> what=2000(0x7d0)
04-19 21:24:05.830  4016  4156 I RegiMgr<1>:  rec[18]: time=04-19 21:23:06.956 processed=ReadyState org=RegisteredState dest=<null> what=34(0x22)
04-19 21:24:05.830  4016  4156 I RegiMgr<1>:  rec[19]: time=04-19 21:23:06.959 processed=RegisteredState org=RegisteredState dest=<null> what=2000(0x7d0)
04-19 21:24:05.830  4016  4156 I RegiMgr<1>: curState=RegisteredState
04-19 21:24:05.830  4016  4156 I RegiMgr<1>: , mReason=, mPcscfHostname=null, mDeregiReason=41]
04-19 21:24:05.831  4016  4156 I PaniGenerator<1>: generate: subId=2, network=18, pdn=11
04-19 21:24:05.833  4016  4156 I PaniGenerator<1>: generate: network=18, fallbackPlmn=310260
04-19 21:24:05.833  4016  4156 I PaniGenerator<1>: generateWiFiPani: Format for generating PANI - <PREFIX>;<COUNTRY>;<NODE_ID>
04-19 21:24:05.833  3918  3918 D SatelliteController: registerForSatelliteModemStateChanged: add Listeners for ModemState
04-19 21:24:05.833  3918  3918 E SatelliteController: registerForSatelliteModemStateChanged: mSatelliteSessionController is not initialized yet
04-19 21:24:05.834  4016  4156 I PaniGenerator<1>: generateWiFiPani: normalized PANI: IEEE-802.11;country=US;i-wlan-node-id=8c902dda0c6f
04-19 21:24:05.836  4016  4156 I PaniGenerator<1>: generate: network=20, fallbackPlmn=null
04-19 21:24:05.836  4016  4156 I PdnController<1>: getAllCellInfo mNeedCellLocationUpdate : false
04-19 21:24:05.836  4016  4156 I PaniGenerator: generate: change to NW PLMN(310260)
04-19 21:24:05.836  4016  4156 I PaniGenerator: NR Access Type FDD
04-19 21:24:05.837  3918  3918 V Configuration: Updating configuration, locales updated from [en_US] to []
04-19 21:24:05.837  3918  3918 D SatelliteController: registerForSatelliteModemStateChanged: add Listeners for ModemState
04-19 21:24:05.837  3918  3918 E SatelliteController: registerForSatelliteModemStateChanged: mSatelliteSessionController is not initialized yet
04-19 21:24:05.839  4016  4156 I UserAgent<1>: updatePani
04-19 21:24:05.839  4016  4156 I RegiMgr<1>: updatePani RegisterTask[1][mProfile=TMobile 3G, mRegistrationRat=18, mPdnType=0, mState=CONFIGURED, mObject=null, mReason=, mPcscfHostname=null, mDeregiReason=41]
04-19 21:24:05.840  4016  4363 I SECIMSJ : [2934]> 192
04-19 21:24:05.840  4016  4156 I PaniGenerator<1>: generate: subId=2, network=18, pdn=0
04-19 21:24:05.840  4016  4156 I PaniGenerator<1>: generate: network=18, fallbackPlmn=310260
04-19 21:24:05.840  4016  4156 I PaniGenerator<1>: generateWiFiPani: Format for generating PANI - <PREFIX>;<COUNTRY>;<NODE_ID>
04-19 21:24:05.841  4016  4375 I [IMS6.0]: IMS_onResponse()
04-19 21:24:05.841  4016  4375 I StackIF : processMessage 2
04-19 21:24:05.841  4016  4375 I StackIF : Processing Response
04-19 21:24:05.841  3918  4525 D SatelliteController: isCarrierRoamingNtnEligible: satellite access is not allowed
04-19 21:24:05.841  3918  4525 D SatelliteController: evaluateCarrierRoamingNtnEligibilityChange: isCarrierRoamingNtnEligible=false
04-19 21:24:05.841  4016  4156 I PaniGenerator<1>: generateWiFiPani: normalized PANI: IEEE-802.11;country=US;i-wlan-node-id=8c902dda0c6f
04-19 21:24:05.841  3918  4525 E SatelliteController: notifyNtnEligibility: mSatellitePhone is null
04-19 21:24:05.841  4016  4375 I SECIMSJ : [2934]< 600
04-19 21:24:05.841  4016  4375 I StackIF : processResponse: reqId 600
04-19 21:24:05.842  4016  4375 I StackIF : processResponse: handle 28085 result 0 reason 0
04-19 21:24:05.842  3918  4525 V SatelliteController: getWwanIsInService: return true
04-19 21:24:05.842  3918  4525 V SatelliteController: getWwanIsInService: return true
04-19 21:24:05.843  2748  2748 D SemWifiService: onServiceStateChanged : state - 0, dataNetworkType : 18
04-19 21:24:05.843  4016  4156 I PaniGenerator<1>: generate: network=20, fallbackPlmn=null
04-19 21:24:05.843  4016  4156 I PdnController<1>: getAllCellInfo mNeedCellLocationUpdate : false
04-19 21:24:05.843  4016  4156 I PaniGenerator: generate: change to NW PLMN(310260)
04-19 21:24:05.843  4016  4156 I PaniGenerator: NR Access Type FDD
04-19 21:24:05.843  3918  4525 V SatelliteController: getWwanIsInService: return true
04-19 21:24:05.843  2748  4072 D SLocation: CellLocationManager - onServiceStateChanged 0
04-19 21:24:05.843  3918  4525 D SatelliteController: updateLastNotifiedNtnModeAndNotify: subId=2 initialized=true lastNotifiedNtnMode=false lastNotifiedNtnModePhone=false currNtnMode=false
04-19 21:24:05.843  3918  4525 D SatelliteController: isInCarrierRoamingNbIotNtn: satellite is disabled
04-19 21:24:05.843  2748  6917 I LocationAccessPolicy: com.android.systemui is aware of fine but the app-ops permission is specifically denied.
04-19 21:24:05.843  2748  6917 I LocationAccessPolicy: checkLocationPermission - callingUid: 10053, callingPid: 3944, resultForFine: DENIED_SOFT
04-19 21:24:05.844  2748  6917 I LocationAccessPolicy: com.android.systemui is aware of coarse but the app-ops permission is specifically denied.
04-19 21:24:05.844  2748  6917 I LocationAccessPolicy: checkLocationPermission - callingUid: 10053, callingPid: 3944, resultForCoarse: DENIED_SOFT
04-19 21:24:05.844  3918  4525 V SatelliteController: getWwanIsInService: return true
04-19 21:24:05.844  3918  4525 D SatelliteController: determineAutoConnectSystemNotification: isNtn.first = false IsNotiToShow = true mIsAutoConnectNotificationShowing = false
04-19 21:24:05.844  2748  6917 I LocationAccessPolicy: com.android.systemui is aware of fine but the app-ops permission is specifically denied.
04-19 21:24:05.844  2748  6917 I LocationAccessPolicy: checkLocationPermission - callingUid: 10053, callingPid: 3944, resultForFine: DENIED_SOFT
04-19 21:24:05.844  2748  6917 I LocationAccessPolicy: com.android.systemui is aware of coarse but the app-ops permission is specifically denied.
04-19 21:24:05.844  2748  6917 I LocationAccessPolicy: checkLocationPermission - callingUid: 10053, callingPid: 3944, resultForCoarse: DENIED_SOFT
04-19 21:24:05.845  2748  6917 I LocationAccessPolicy: com.android.systemui is aware of fine but the app-ops permission is specifically denied.
04-19 21:24:05.845  2748  6917 I LocationAccessPolicy: checkLocationPermission - callingUid: 10053, callingPid: 3944, resultForFine: DENIED_SOFT
04-19 21:24:05.845  2748  6917 I LocationAccessPolicy: com.android.systemui is aware of coarse but the app-ops permission is specifically denied.
04-19 21:24:05.845  2748  6917 I LocationAccessPolicy: checkLocationPermission - callingUid: 10053, callingPid: 3944, resultForCoarse: DENIED_SOFT
04-19 21:24:05.845  3944  3944 D GlobalActionsDialogLite: Service changed before actions created
04-19 21:24:05.846  2748  6917 I LocationAccessPolicy: com.android.systemui is aware of fine but the app-ops permission is specifically denied.
04-19 21:24:05.846  2748  6917 I LocationAccessPolicy: checkLocationPermission - callingUid: 10053, callingPid: 3944, resultForFine: DENIED_SOFT
04-19 21:24:05.846  2748  6917 I LocationAccessPolicy: com.android.systemui is aware of coarse but the app-ops permission is specifically denied.
04-19 21:24:05.846  2748  6917 I LocationAccessPolicy: checkLocationPermission - callingUid: 10053, callingPid: 3944, resultForCoarse: DENIED_SOFT
04-19 21:24:05.846  2748  2748 D SemWifiApServiceImpl: onServiceStateChanged : 0dataNetworkType : 18,isUsingNonTerrestrialNetwork:false
04-19 21:24:05.846  2748  3706 W NSLocationMonitor: onServiceStateChanged, state=0 / channel=431090
04-19 21:24:05.846  2748  2748 D SemWifiApServiceImpl: serviceState.getNrFrequencyRange=0 / mPrev5GNewRadioState=0
04-19 21:24:05.846  2748  3706 I NSLocationMonitor: networkType[20]=NR / nrState=false
04-19 21:24:05.846  2748  3706 W NSLocationMonitor: onServiceStateChanged, state=0 / channel=431090
04-19 21:24:05.847  2748  3706 I NSLocationMonitor: networkType[20]=NR / nrState=false
04-19 21:24:05.847  2748  6917 I LocationAccessPolicy: checkLocationPermission - callingUid: 10485, callingPid: 8471, resultForFine: DENIED_HARD
04-19 21:24:05.847  2748  6917 I LocationAccessPolicy: checkLocationPermission - callingUid: 10485, callingPid: 8471, resultForCoarse: DENIED_HARD
04-19 21:24:05.848  2748  3770 V SemWifiBackOff.5G: checkAndSetup nrFrequencyRange=0 / prevNrFrequencyRange=0
04-19 21:24:05.848  2748  3770 V SemWifiBackOff.5G: restore back off mode, current: [NONE]
04-19 21:24:05.848  4212  5008 I EPDG -- SIM1 [NetController]: getVoPS, vopsSupportInfo=NrVopsSupportInfo :  mVopsSupport = 1 mEmcSupport = 1 mEmfSupport = 1
04-19 21:24:05.848  4212  5008 I EPDG -- SIM1 [NetController]: WWAN Voice Regi: 1 Roaming: 0
04-19 21:24:05.848  4212  5008 I EPDG -- SIM1 [NetController]: WWAN Data Regi: 0 Rat: 20 Roaming: false
04-19 21:24:05.849  4016  4156 I RegiMgr<1>: tryRegister:
04-19 21:24:05.849  4016  4156 I RegiMgr<1>: RegisterTask(s): TMobile LTE/WiFi (REGISTERED, rat = 18, service = [mmtel-video, mmtel-call-composer, smsip, mmtel, presence]), TMobile 3G (CONFIGURED)
04-19 21:24:05.849  4016  4156 I RcsPolicyMgr<1>: pendingRcsRegister: mActiveDataPhoneId = 1
04-19 21:24:05.849  4016  4156 I RcsPolicyMgr<1>: pendingRcsRegister: mActiveDataPhoneId = 1
04-19 21:24:05.849  4016  4156 I RegisterTask: isSuspended: mSuspended(false) mSuspendByIrat(false)
04-19 21:24:05.849  4016  4156 I RegiMgr<1>: [TMobile 3G|CONFIGURED] checkForTryRegister id: 287
04-19 21:24:05.849  5352  5455 W NetworkManager_FLP: updateServiceStateChanged, serviceState=0 / isRegistered=true / channel=431090 / networkTypeName=NR / nr=false
04-19 21:24:05.849  2748  6917 I LocationAccessPolicy: checkLocationPermission - callingUid: 10325, callingPid: 29226, resultForFine: DENIED_HARD
04-19 21:24:05.849  2748  6917 I LocationAccessPolicy: checkLocationPermission - callingUid: 10325, callingPid: 29226, resultForCoarse: DENIED_HARD
04-19 21:24:05.849  2748  6917 I LocationAccessPolicy: checkLocationPermission - callingUid: 10325, callingPid: 29226, resultForFine: DENIED_HARD
04-19 21:24:05.849  2748  6917 I LocationAccessPolicy: checkLocationPermission - callingUid: 10325, callingPid: 29226, resultForCoarse: DENIED_HARD
04-19 21:24:05.849  4016  4156 I PdnController: getDefaultNetworkBearer:  WIFI
04-19 21:24:05.850  2748  6917 I LocationAccessPolicy: checkLocationPermission - callingUid: 10076, callingPid: 30747, resultForFine: DENIED_HARD
04-19 21:24:05.850  2748  6917 I LocationAccessPolicy: checkLocationPermission - callingUid: 10076, callingPid: 30747, resultForCoarse: DENIED_HARD
04-19 21:24:05.850  4016  4156 I RegistrationRatDecider<1>: findBestNetwork: WIFI (ePDG connected)
04-19 21:24:05.850  4016  4156 I RegiGvnBase<1>: isReadyToDualRegister: slot 0's call state: 0
04-19 21:24:05.850  4016  4156 I RegiGvnBase<1>: isReadyToDualRegister : true
04-19 21:24:05.850  2748  6917 W ContextImpl: Calling a method in the system process without a qualified user: android.app.ContextImpl.sendBroadcastMultiplePermissions:1385 android.content.Context.sendBroadcastMultiplePermissions:2588 com.android.server.TelephonyRegistry.broadcastServiceStateChanged:63 com.android.server.TelephonyRegistry.notifyServiceStateForPhoneId:185 com.android.internal.telephony.ITelephonyRegistry$Stub.onTransact:667 
04-19 21:24:05.851  4016  4156 I RegiMgr<1>: [TMobile 3G|CONFIGURED] checkInitialRegistrationIsReady: APM ON [false], Roamimg [false]
04-19 21:24:05.852  4016  4156 I RcsPolicyMgr<1>: pendingRcsRegister: mActiveDataPhoneId = 1
04-19 21:24:05.852  4016  4156 I ImsProfile: carrierId : XAU isRttSupportByCallApp true
04-19 21:24:05.852  4016  4156 I ImsProfile: ttyType : 1
04-19 21:24:05.852  4016  4156 I RegiMgr-Utils<1>: getPriorityRegiedTask : isPriority  High? true
04-19 21:24:05.852  4212  5008 I EPDG -- SIM1 [EpdgSubscription]: getIsAirplaneMode: returning: false
04-19 21:24:05.852  4016  4156 I RegiMgr-Utils<1>: checkHigherPriorityRegiedTask != null
04-19 21:24:05.852  2748  6917 W ContextImpl: Calling a method in the system process without a qualified user: android.app.ContextImpl.sendBroadcastMultiplePermissions:1418 com.android.server.TelephonyRegistry.broadcastServiceStateChanged:92 com.android.server.TelephonyRegistry.notifyServiceStateForPhoneId:185 com.android.internal.telephony.ITelephonyRegistry$Stub.onTransact:667 android.os.Binder.execTransactInternal:1462 
04-19 21:24:05.853  2748  6917 W ContextImpl: Calling a method in the system process without a qualified user: android.app.ContextImpl.sendBroadcastMultiplePermissions:1418 com.android.server.TelephonyRegistry.broadcastServiceStateChanged:121 com.android.server.TelephonyRegistry.notifyServiceStateForPhoneId:185 com.android.internal.telephony.ITelephonyRegistry$Stub.onTransact:667 android.os.Binder.execTransactInternal:1462 
04-19 21:24:05.853  4016  4404 I VolteServiceModule: onServiceStateChanged({mVoiceRegState=0(IN_SERVICE), mDataRegState=0(IN_SERVICE), mChannelNumber=431090, duplexMode()=0, mCellBandwidths=[], mOperatorAlphaLong=T-Mobile, mOperatorAlphaShort=T-Mobile, isManualNetworkSelection=false(automatic), getRilVoiceRadioTechnology=20(NR_SA), getRilDataRadioTechnology=18(IWLAN), mCssIndicator=unsupported, mNetworkId=*1, mSystemId=*1, mCdmaRoamingIndicator=-1, mCdmaDefaultRoamingIndicator=-1, NonCellular=false, Snap=0, PsOnly=true, SprDisplayRoam=false, OptRadioTech=0, MsimSubmode=0, IsVoiceCallAvailable=true, mIsEmergencyOnly=false, isUsingCarrierAggregation=false, mArfcnRsrpBoost=0, mNetworkRegistrationInfos=[NetworkRegistrationInfo{ domain=PS transportType=WLAN registrationState=HOME networkRegistrationState=HOME roamingType=NOT_ROAMING accessNetworkTechnology=IWLAN rejectCause=0 emergencyEnabled=false availableServices=[DATA] cellIdentity=null voiceSpecificInfo=null dataSpecificInfo=null nrState=**** rRplmn= isUsingCarrierAggregation=false isNonTerrestrialNetwork=TERRESTRIAL}, NetworkRegistrationInfo{ domain=CS transportType=WWAN registrationState=HOME networkRegistrationState=HOME roamingType=NOT_ROAMING accessNetworkTechnology=NR rejectCause=0 emergencyEnabled=false availableServices=[VOICE,SMS,VIDEO] cellIdentity=CellIdentityNr:{ mPci = 51 mTac = 5****60 mNrArfcn = 431090 mBands = [1] mMcc = 310 mMnc = 260 mNci = 5*******56 mAlphaLong = T-Mobile mAlphaShort = T-Mobile mAdditionalPlmns = {} } voiceSpecificInfo=VoiceSpecificRegistrationInfo { mCssSupported=false mRoamingIndicator=0 mSystemIsInPrl=0 mDefaultRoamingIndicator=0} dataSpecificInfo=null nrState=**** rRplmn=310260 isUsingCarrierAggregation=false isNonTerrestrialNetwork=TERRESTRIAL}, NetworkRegistrationInfo{ domain=PS transportType=WWAN registrationState=HOME networkRegistrationState=HOME roamingType=NOT_ROAMING accessNetworkTechnology=NR rejectCause=0 emergencyEnabled=false availableServices=[DATA,MMS] cellIdentity=CellIdentityNr:{ mPci = 51 mTac = 5****60 mNrArfcn = 431090 mBands = [1] mMcc = 310 mMnc = 260 mNci = 5*******56 mAlphaLong = T-Mobile mAlphaShort = T-Mobile mAdditionalPlmns = {} } voiceSpecificInfo=null dataSpecificInfo=android.telephony.DataSpecificRegistrationInfo :{ maxDataCalls = 16 isDcNrRestricted = false isNrAvailable = false isEnDcAvailable = false mLteAttachResultType = 0 mLteAttachExtraInfo = 0 NrVopsSupportInfo :  mVopsSupport = 1 mEmcSupport = 1 mEmfSupport = 1 } nrState=**** rRplmn=310260 isUsingCarrierAggregation=false isNonTerrestrialNetwork=TERRESTRIAL}], mNrFrequencyRange=0, mOperatorAlphaLongRaw=T-Mobile, mOperatorAlphaShortRaw=T-Mobile, mIsDataRoamingFromRegistration=false, mIsIwlanPreferred=true, mIsUsingNonTerrestrialNetwork=false})
04-19 21:24:05.853  4016  4404 I VolteServiceModule: mIsLteEpsOnlyAttached(1):false
04-19 21:24:05.853  4212  4212 I EPDG -- SIM1 [SMARTCELLULAR]: onServiceStateChanged: 20
04-19 21:24:05.853  4212  4212 I EPDG -- SIM1 [SMARTWIFI]: onServiceStateChanged state=0
04-19 21:24:05.854  4212  5008 I EPDG -- SIM1 [NetController]: getIsRssiDisabledForProfiling: returning: false
