04-19 21:43:00.127  3944  3984 I AppIconSolution: start to load, pkg=com.samsung.android.smartsuggestions, bg=144-144, dr=216-216, forDefault=false, density=0
04-19 21:43:00.129  3944  3984 I AppIconSolution: getIconScale, pkg=com.samsung.android.smartsuggestions, size=216, iconScale=IconScale[alpha=2, scale=0.58, isCrop=false]
04-19 21:43:00.129  3944  3984 I AppIconSolution: fromTheme2, pkg=com.samsung.android.smartsuggestions, bg=144-144, dr=216-216, tarScale=0.58, relScale=0.39396223, mask=false, isCropInTheme = false, isNight = true
04-19 21:43:00.132  3944  3944 I NowBarItemManager: onNowBarItemUpdated updated updatedNowBarItem = , AI_BRIEF_KEY, AI_BRIEF | 7 oldNowBarItem = , AI_BRIEF_KEY, AI_BRIEF | 7
04-19 21:43:00.132  3944  3944 I NowBarItemManager: notifyForceUpdate
04-19 21:43:00.132  3944  3944 I NowBarCardViewModel: updateView skipped NowbarCardView invisible
04-19 21:43:00.326  1704  1748 E HeatmapThread: ECT Thread time in milliseconds: 1776649380
04-19 21:43:00.330  1704  1748 D HeatmapThread: !@ batteryplugType : 2
04-19 21:43:00.331  1704  1748 D HeatmapThread: !@ batteryLevel : 67  batteryTemperature : 343 
04-19 21:43:00.331  1704  1748 D HeatmapThread: !@ Heatmap currtime: 29610823
04-19 21:43:00.331  1704  1748 D HeatmapThread: !@ Heatmap prevtime: 29610808
04-19 21:43:00.331  1704  1748 D HeatmapThread: !@ Heatmap plugstarttime: 29610797
04-19 21:43:00.331  1704  1748 D HeatmapThread: !@ Heatmap prevv_dsoh_update_time: 29610626
04-19 21:43:00.331  1704  1748 E HeatmapThread: !@ CAM New BSOH: 99
04-19 21:43:00.369  1623  3907 I sensors-hal: handle_sns_client_event:159, auto_rotation_event_2 event,255, duration,252, ts,140229073409510, ts_diff,439563
04-19 21:43:00.369  1623  3907 I sensors-hal: handle_sns_client_event:164, auto_rotation_debug_2 acc,0.110,3.120,8.983, ar,0, ver,14, pedo,1,e,1,i,3
04-19 21:43:00.370  2748  3017 D WindowOrientationListener: onSensorChanged device orientation: -1
04-19 21:43:00.371  2748  3017 V WindowManager: Computed rotation=ROTATION_0 (0) for display id=0 based on lastOrientation=SCREEN_ORIENTATION_NOSENSOR (5) and oldRotation=ROTATION_0 (0), caller=com.android.server.wm.WindowManagerService.updateRotationUnchecked:72 com.android.server.wm.DisplayRotation$OrientationListener.onProposedRotationChanged:328 com.android.server.wm.WindowOrientationListener$OrientationSensorJudge.finalizeRotation:26 com.android.server.wm.WindowOrientationListener$OrientationSensorJudge.onSensorChanged:392 android.hardware.SystemSensorManager$SensorEventQueue.dispatchSensorEvent:1142 android.os.MessageQueue.nativePollOnce:-2 
04-19 21:43:00.372  3944  3944 D AppController: AppControlSensorListener.onSensorChanged, Rotation: -1
04-19 21:43:00.398  2748  6359 D SemWifiUsabilityStatsMonitor: onWifiUsabilityStats - seqNum 2261, isSameBssidAndFreq true
04-19 21:43:00.399  2748  3785 E SemWifiLinkQualityMonitor: Too old or invalid TMI: currentTime=1776649380399 lastDateWindow=1776608552000
04-19 21:43:00.400  2748  3786 D InsDataManager: onOutageCountUpdate() - Outage Data: 0, LQ : N. Outage Triggered: false
04-19 21:43:00.400  2748  3786 D SemInsManager: {"bssid": "2dda0c6f5805","rssi": -25.0,"latency": 0.0,"outage_count": 0,"lq_callback_triggered": false,"outage_log": "Unreliable statistics: -25.0 / 0 / 0 / 0 / 0 || 2dda0c6f5805: 0.000 / 0.000 / @ || N N / 0 0 / N 103.0 / N X 0 / 111895204 0 || 2026-04-19 10:22:32  / 0: 0 0 0 0 0 0 / 0: 0 0 0 0 0 0 / 0: 0 0 0 0 0 0""Magnetic Sensor Events size": "0""Pressure Sensor Events size": "0"}
04-19 21:43:00.602  2748  3044 I ActivityManager: Changes in 10117 5 to 15, 144 to 0
04-19 21:43:00.617  1623 13851 I sensors-hal: handle_sns_client_event:375, [0][2899334] accel_sample [-0.089, -0.053, 10.728] 140229290596021
04-19 21:43:00.789  1631 30310 I HYPER-HAL: [RequestManager.cpp]releaseLocked(): Released ID : 3758911
04-19 21:43:00.808 13409 13482 I ahby    : running Visit clean up
04-19 21:43:00.809 13409 13482 I ahby    : (REDACTED) Visit: %s expired!! Cleaning up.
04-19 21:43:00.848 29905 29905 I wpa_supplicant: nl80211: Vendor event: wiphy=0 vendor_id=0x1374 subcmd=182
04-19 21:43:00.848  1625  3894 I WifiHAL : event received NL80211_CMD_VENDOR, vendor_id = 0x1374, subcmd = 0xb6
04-19 21:43:00.848  2242  3896 D LOWI-9.0.1.74: [LOWI-Scan] wait_event:Wait done with Cmd 103
04-19 21:43:00.848  2242  3896 D LOWI-9.0.1.74: [LOWI-Scan] do_listen_events: Rcvd valid Netlink Cmd 0 Err 0
04-19 21:43:00.851  2212  2212 I cnss-daemon: nl80211 response handler invoked
04-19 21:43:00.851  2212  2212 I cnss-daemon: nl80211_response_handler: cmd 103, vendorID 4980, subcmd 182  received
04-19 21:43:00.932  1609  5265 I vendor.qti.bluetooth@1.1-ibs_handler: ProcessIbsCmd: Received IBS_WAKE_IND: 0xFD
04-19 21:43:00.932  1609  5265 D vendor.qti.bluetooth@1.1-ibs_handler: SerialClockVote: vote for UART CLK ON
04-19 21:43:00.932  1609  5265 D vendor.qti.bluetooth@1.1-wake_lock: Acquire wakelock is acquired 
04-19 21:43:00.932  1609  5265 I vendor.qti.bluetooth@1.1-ibs_handler: ProcessIbsCmd: Writing IBS_WAKE_ACK
04-19 21:43:00.939  4249  5273 I ScanController: onScanResult to scannerId: 3- eventType=0x1a, addressType=1, address=XX:XX:XX:XX:64:48, primaryPhy=1, secondaryPhy=0, advertisingSid=0xff, txPower=127, rssi=-90, periodicAdvInt=0x0
04-19 21:43:00.958  1623  3907 I sensors-hal: handle_sns_client_event:159, auto_rotation_event_2 event,0, duration,462, ts,140229662605916, ts_diff,570448
04-19 21:43:00.959  1623  3907 I sensors-hal: handle_sns_client_event:164, auto_rotation_debug_2 acc,-1.594,3.350,9.992, ar,0, ver,14, pedo,1,e,1,i,3
04-19 21:43:00.960  2748  3017 D WindowOrientationListener: onSensorChanged device orientation: 0
04-19 21:43:00.960  3944  3944 D AppController: AppControlSensorListener.onSensorChanged, Rotation: 0
04-19 21:43:00.962  2748  3017 V WindowManager: Computed rotation=ROTATION_0 (0) for display id=0 based on lastOrientation=SCREEN_ORIENTATION_NOSENSOR (5) and oldRotation=ROTATION_0 (0), caller=com.android.server.wm.WindowManagerService.updateRotationUnchecked:72 com.android.server.wm.DisplayRotation$OrientationListener.onProposedRotationChanged:328 com.android.server.wm.WindowOrientationListener$OrientationSensorJudge.finalizeRotation:26 com.android.server.wm.WindowOrientationListener$OrientationSensorJudge.onSensorChanged:392 android.hardware.SystemSensorManager$SensorEventQueue.dispatchSensorEvent:1142 android.os.MessageQueue.nativePollOnce:-2 
04-19 21:43:00.984  1609  5265 I vendor.qti.bluetooth@1.1-ibs_handler: ProcessIbsCmd: Received IBS_SLEEP_IND: 0xFE
04-19 21:43:00.984  1609  5265 D vendor.qti.bluetooth@1.1-ibs_handler: SerialClockVote: vote for UART CLK OFF
04-19 21:43:00.989  3918  4525 D SatelliteController: isInCarrierRoamingNbIotNtn: satellite is disabled
04-19 21:43:00.991  3918  4525 V SatelliteController: getWwanIsInService: return true
04-19 21:43:00.993  4212  4212 I EPDG -- SIM1 [SMARTCELLULAR]: onSignalStrengthsChanged: SignalStrength:{mCdma=Invalid,mGsm=Invalid,mWcdma=Invalid,mTdscdma=Invalid,mLte=Invalid,mNr=CellSignalStrengthNr:{ csiRsrp = 2147483647 csiRsrq = 2147483647 csiCqiTableIndex = 2147483647 csiCqiReport = [] ssRsrp = -108 ssRsrq = -12 ssSinr = 0 level = 1 parametersUseForLevel = 0 timingAdvance = 2147483647 },SignalBarInfo{ nrLevel=4 },rat=20,primary=CellSignalStrengthNr}
04-19 21:43:00.993  4212  5903 I EPDG -- SIM1 [SMARTCELLULAR]: lastNrRSRP is -110 currentNrRSRP is -108 lastNrRSRQ is -13 currentNrRSRQ is -12
04-19 21:43:01.005  1609  5265 I vendor.qti.bluetooth@1.1-ibs_handler: ProcessIbsCmd: Received IBS_WAKE_IND: 0xFD
04-19 21:43:01.005  1609  5265 D vendor.qti.bluetooth@1.1-ibs_handler: SerialClockVote: vote for UART CLK ON
04-19 21:43:01.005  1609  5265 I vendor.qti.bluetooth@1.1-ibs_handler: ProcessIbsCmd: Writing IBS_WAKE_ACK
04-19 21:43:01.009  4249  5273 I ScanController: onScanResult to scannerId: 12- eventType=0x1a, addressType=1, address=XX:XX:XX:XX:71:20, primaryPhy=1, secondaryPhy=0, advertisingSid=0xff, txPower=127, rssi=-68, periodicAdvInt=0x0
04-19 21:43:01.010  4661 12647 I HoneySpace.LiveIconSupplier: time tick - -1, CLOCK, 21:43 - 21:42, view: #874db7a, parent: IconViewContainer#efccf2b
04-19 21:43:01.012  4661 28357 I HoneySpace.LiveIconSupplier: time tick - 10032, CLOCK, 21:43 - 21:42, view: #b53e8bd, parent: ApplistCellLayout#2d1deb2
04-19 21:43:01.012  4661 12647 I LauncherActivityInfo: Trying to load live icon for com.sec.android.app.clockpackage
04-19 21:43:01.013  4661 12647 E AppIconSolution: Using cached contents available for com.einsindrei.Astronaut.appicon
04-19 21:43:01.013  4661 12647 E id.app.launcher: Invalid resource ID 0x00000000.
04-19 21:43:01.014  4661 12647 E AppIconSolution: app icon package doesn't have 'liveicon_from_theme', pkg : com.sec.android.app.clockpackage
04-19 21:43:01.014  4661 12647 E AppIconSolution: Using cached contents available for com.einsindrei.Astronaut.appicon
04-19 21:43:01.015  4661 12647 E AppIconSolution: Using cached contents available for com.einsindrei.Astronaut.appicon
04-19 21:43:01.015  4661 12647 E id.app.launcher: Invalid resource ID 0x00000000.
04-19 21:43:01.015  4661 12647 E AppIconSolution: app icon package doesn't have 'liveicon_from_theme', pkg : com.sec.android.app.clockpackage
04-19 21:43:01.015  4661 12647 E AppIconSolution: Using cached contents available for com.einsindrei.Astronaut.appicon
04-19 21:43:01.040  4661 12647 I ApplicationPackageManager: package : com.sec.android.app.clockpackage, useAppIconResources : false
04-19 21:43:01.041  4661 12647 I LiveIconUtil: getLiveIcon was called in ClockPackage
04-19 21:43:01.041  4661 12647 I LiveIconUtil: getLiveIcon res = com.sec.android.app.clockpackage
04-19 21:43:01.047  1609  5265 I vendor.qti.bluetooth@1.1-ibs_handler: ProcessIbsCmd: Received IBS_SLEEP_IND: 0xFE
04-19 21:43:01.048  1609  5265 D vendor.qti.bluetooth@1.1-ibs_handler: SerialClockVote: vote for UART CLK OFF
04-19 21:43:01.048  4661 12647 I LiveIconUtil: stdIconSize : 144 , targetIconSize : 174
04-19 21:43:01.048  4661 12647 I LiveIconUtil: iconDpi : 640 , mTargetIconDpi : 480
04-19 21:43:01.053  4661 12647 E AppIconSolution: Using cached contents available for com.einsindrei.Astronaut.appicon
04-19 21:43:01.053  4661 12647 E id.app.launcher: Invalid resource ID 0x00000000.
04-19 21:43:01.053  4661 12647 E AppIconSolution: app icon package doesn't have 'liveicon_from_theme', pkg : com.sec.android.app.clockpackage
04-19 21:43:01.055  4661 12647 I AppIconSolution: load= live icon for com.sec.android.app.clockpackage, from overlay = true
04-19 21:43:01.055  4661 12647 I LauncherActivityInfo: packageName: com.sec.android.app.clockpackage, useThemeIcon: true, height: 144, width: 144, density: 640
04-19 21:43:01.056  4661 12647 I HoneySpace.LiveIconSupplier: updateIcon - -1, CLOCK, true - 21:43, view: #874db7a, parent: IconViewContainer#efccf2b
04-19 21:43:01.056  4661 28357 I HoneySpace.LiveIconSupplier: updateIcon - 10032, CLOCK, true - 21:43, view: #b53e8bd, parent: ApplistCellLayout#2d1deb2
04-19 21:43:01.062  1741  1972 I VSyncReactor: Current= 60, Period= 60, Distance= 0
04-19 21:43:01.063  3944  4257 D AppOpsPrivacyItemMonitor: showLocationSystemApps  AppOpItem(Op code=1, UID=1000, AttributionTag=SLocationService, Package name=android, Paused=false)false)false)false)false)false)false)false)false)
04-19 21:43:01.064  3944  4257 D AppOpsPrivacyItemMonitor: showLocationSystemApps  AppOpItem(Op code=1, UID=10347, AttributionTag=null, Package name=com.tmobile.echolocate, Paused=false)false)false)false)false)false)
04-19 21:43:01.064  3944  4257 D AppOpsPrivacyItemMonitor: showLocationSystemApps  AppOpItem(Op code=1, UID=1002, AttributionTag=null, Package name=com.android.bluetooth, Paused=false)false)false)false)false)false)
04-19 21:43:01.064  3944  4257 D AppOpsPrivacyItemMonitor: showLocationSystemApps  AppOpItem(Op code=0, UID=1002, AttributionTag=null, Package name=com.android.bluetooth, Paused=false)false)false)false)false)false)
04-19 21:43:01.064  3944  4257 D AppOpsPrivacyItemMonitor: showLocationSystemApps  AppOpItem(Op code=1, UID=1001, AttributionTag=null, Package name=com.android.phone, Paused=false)false)false)false)false)false)
04-19 21:43:01.064  3944  3944 D AiAgentEffect: onPrivacyItemsChanged privacyItems.size = 5
04-19 21:43:01.064  3944  3944 D AiAgentEffect: onPrivacyItemsChanged privacyItems isEmpty or found item is null
04-19 21:43:01.068  4661  4866 I HoneySpace.StatusIconTracker: invokeEvent() called with: event = PrivacyInfo(visible=false)
04-19 21:43:01.079  1741  1972 I VSyncReactor: Current= 60, Period= 60, Distance= 60
04-19 21:43:01.082  3944  3944 W View    : requestLayout() improperly called by com.android.systemui.qs.SecQSGradationDrawableView{ac0ea0d V.E...... ......ID 0,0-1080,354 #7f0a0a16 app:id/qs_gradation_view} during layout: running second layout pass
04-19 21:43:01.082  3944  3944 W View    : requestLayout() improperly called by android.widget.FrameLayout{e81cdc2 V.E...... ......I. 0,0-1080,2340 #2} during layout: running second layout pass
04-19 21:43:01.082  3944  3944 W View    : requestLayout() improperly called by android.widget.FrameLayout{1e7d3 V.E...... ......ID 0,163-1080,2295 #7f0a0a14 app:id/qs_frame} during layout: running second layout pass
04-19 21:43:01.083  3944  3944 W RefactorFlag: New code path expects SceneContainerFlag to be enabled.
04-19 21:43:01.102  2748  8227 D [SS]BattFunctions: [sendRemainingChargingTimeChangedIntent]remainingChargingTime:9790 ,mLastRemainingChargingTime:9758
04-19 21:43:01.102  1658  1658 I seh_thermal_service: getTemperaturesWithType SehTemperatureType: 3
04-19 21:43:01.103  1650  1650 I sehhealth-service: updateLrpSysfs: write: 361
04-19 21:43:01.105  3944  3944 I AODBatteryManager: updateBatteryData: ACTION_BATTERY_CHANGED: false, isSleepModeChanged:false ,isRemainingTimeChanged: true, isUSBRestriction: false
04-19 21:43:01.106  1650  1728 E BatteryDump: !@new_battery_dump : 3982,207,475,550,67,345,304,398,345,0,358,398,0,Charging,NO_CHARGING,Normal,Good,USB,1,Normal,0,0,9300,0x0,0x10000,0x0,0,0,0000,0000,00000000,0,0,0,0,562,3980,6735,990,0,
04-19 21:43:01.106  3944  3944 I ChargingInfoManager: updateChargingInfo: newState = AOD ChargingInfo [mState=BATTERY_AND_REMAIN_TIME, mIsCharging=true, mIsPlugged=true, mIsFullyCharged=false, mIsBatteryProtectMode=false, mBetteryLevel=67, mBetteryProtectModeType0, mIsSlowChargingfalse], oldState = AOD ChargingInfo [mState=BATTERY_AND_REMAIN_TIME, mIsCharging=true, mIsPlugged=true, mIsFullyCharged=false, mIsBatteryProtectMode=false, mBetteryLevel=67, mBetteryProtectModeType0, mIsSlowChargingfalse]
04-19 21:43:01.106  3944  3944 D PowerUI : Remaining charging time : 9790
04-19 21:43:01.106  3944  3944 D PowerUI : Charging time is changed, check charging notification
04-19 21:43:01.107  3944  3944 D PowerUI.Notification: showChargingNotice - Battery Level : 67 -> 67, Charging Type : 11 -> 11, Charging Time : 9758 -> 9790, Maximum protection : false -> false, Maximum threshold : 80 -> 80
04-19 21:43:01.109  3944  3944 I NotificationManager: com.android.systemui: notify(2131364006, charging_state, Notification(channel=CHR shortcut=null contentView=null vibrate=null sound=null defaults=0 flags=ONGOING_EVENT|ONLY_ALERT_ONCE color=0x00000000 category=sys groupKey=CHARGING vis=PUBLIC semFlags=0x0 semPriority=0 semMissedCount=0)) as user
04-19 21:43:01.112  2748  8227 W PermissionService: getPermissionFlags: Unknown user -1
04-19 21:43:01.112  2748  8227 W PermissionService: getPermissionFlags: Unknown user -1
04-19 21:43:01.198  1609  4662 D vendor.qti.bluetooth@1.1-wake_lock: Release wakelock is released 
04-19 21:43:01.264  1147  1147 D io_stats: !@   8,0 r 33913916 632463280 w 5750850 95614540 d 696994 75919596 f 389298 528637 iot 6032756 0 th 0 0 0 pt 0 inp 0 0 111896.069
04-19 21:43:01.318  2748  2748 I Telecom : SamsungTelecomServiceImpl : isInManagedCall - callingPackage : android / callingUser : UserHandle{0} / hasCrossUserAccess : true
04-19 21:43:01.325  1704  1748 E HeatmapThread: ECT Thread time in milliseconds: 1776649381
04-19 21:43:01.330  1704  1748 D HeatmapThread: !@ batteryplugType : 2
04-19 21:43:01.331  1704  1748 D HeatmapThread: !@ batteryLevel : 67  batteryTemperature : 345 
04-19 21:43:01.331  1704  1748 D HeatmapThread: !@ Heatmap currtime: 29610823
04-19 21:43:01.331  1704  1748 D HeatmapThread: !@ Heatmap prevtime: 29610808
04-19 21:43:01.331  1704  1748 D HeatmapThread: !@ Heatmap plugstarttime: 29610797
04-19 21:43:01.331  1704  1748 D HeatmapThread: !@ Heatmap prevv_dsoh_update_time: 29610626
04-19 21:43:01.332  1704  1748 E HeatmapThread: !@ CAM New BSOH: 99
04-19 21:43:01.333  4661 10091 I HoneySpace.NotificationListener: onNotificationPosted com.android.systemui: -1|com.android.systemui|2131364006|charging_state|10053: 0
04-19 21:43:01.333  4661 10091 I HoneySpace.NotificationListener: invalid notification: com.android.systemui UserHandle{-1}: canShowBadge is false
04-19 21:43:01.336  7369  7369 I NotificationListener: [Service]v6.1.9-eap02 Received new notification
04-19 21:43:01.336  7369  8437 I NotificationPipeline: Processing new notification: -1|com.android.systemui|2131364006|charging_state|10053
04-19 21:43:01.338  7369  8437 I Notification4Watch7_NB: NotificationChecker.checkIgnoreCase - onGoing
04-19 21:43:01.338  9528  9528 I BUPlugin_NotificationUtil: isDNDMode : false
04-19 21:43:01.339  9528  9528 I BUPlugin_Preferences: [manager.launch_activity.last_bt_address] << 5C:__:__:__:__:24 >>
04-19 21:43:01.339  9528  9528 I BUPlugin_Preferences: getLastLaunchDeviceId##:##:##:##:32:24
04-19 21:43:01.339  7369  8437 W Notification4Watch7_NB: NotificationBridgeCallback.onNotificationPosted-Ignored package : [-1] com.android.systemui
04-19 21:43:01.339  9528  9528 I BUPlugin_Preferences: [manager.launch_activity.last_bt_address] << 5C:__:__:__:__:24 >>
04-19 21:43:01.339  9528  9528 I BUPlugin_Preferences: [<< 5c:__:__:__:__:24 >>.preference_notification.exclude_filtered] null
04-19 21:43:01.339  9528  9528 I BUPlugin__NotificationListener: onNotificationPosted()::sbn.getPackageName() = com.android.systemui
04-19 21:43:01.339  9528  9528 I BUPlugin__NotificationListener: Ignoring ongoing notification
04-19 21:43:01.339  9528  9528 I BUPlugin__NotificationListener: Ignoring notification from com.android.systemui
04-19 21:43:01.339  7369  8437 I NotificationPipeline: Discarding notification: -1|com.android.systemui|2131364006|charging_state|10053
04-19 21:43:01.340 28205 28205 I DWBr    : onTrimMemory(40)
04-19 21:43:01.340 28205 28205 E DWBn    : UsageDataManager MemoryTrimmable
04-19 21:43:01.344 28205 28205 I DWBn    : Retrieve CLEAR_CACHED_DATA
04-19 21:43:01.345 28205 28205 I DWBn    : No Request Data
04-19 21:43:01.345 28205 28205 E DWBg    : LocalPkgManager MemoryTrimmable
04-19 21:43:01.348  3944  3944 D SubscreenNotificationListCoordinator: onAfterRenderList() isSubScreen = false, pluginLockMode = 0, doNotShowOnCover = false
04-19 21:43:01.349  3944  3944 I LockscreenNotificationIconsOnlyController: onNotificationInfoUpdated 0
04-19 21:43:01.349  3944  3944 I AODNotificationManager: updateNotification() 
04-19 21:43:01.363  1741  1741 D SurfaceFlinger: GPIS:: requestGPISForClientComposition
04-19 21:43:01.369  1741  5225 D NativeSemDvfsManager: acquire:: timeout = 2000 mIsAcquired = 1  mTagName : SurfaceFlinger 
04-19 21:43:01.370  1631  1666 I HYPER-HAL: [RequestManager.cpp]acquire(): Acquired ID : 3758911  [1741 / 1000]    HINT : SF_GPU_MINLOCK    list : [TIMEOUT / 2000] 
04-19 21:43:01.371  2748  3770 D SemWifiTrafficPoller: getSoftApTotalTrafficInBytes:26085750
04-19 21:43:01.371  1741  5225 E NativeCustomFrequencyManager: [NativeCFMS] BpCustomFrequencyManager::acquire()
04-19 21:43:01.372  2748  3783 I SemWifiServiceDetector: Service det. suspended: T / T / 10101
04-19 21:43:01.534  3944  3944 D Bubbles : onEntryUpdated : shouldBubbleUp=false ,key=-1|com.android.systemui|2131364006|charging_state|10053
04-19 21:43:01.534  3944  3944 I {OngoingActivityController}: onEntryUpdated and OA data is empty. So update latest task info
04-19 21:43:01.535  2748  8227 W MediaSessionRecord: Ignoring call to destroyed session
04-19 21:43:01.548  3944  3944 D SubscreenNotificationListCoordinator: onAfterRenderList() isSubScreen = false, pluginLockMode = 0, doNotShowOnCover = false
04-19 21:43:01.549  3944  3944 W RefactorFlag: New code path expects SceneContainerFlag to be enabled.
04-19 21:43:01.549  3944  3944 D ExpandableNotifRow: mMaxSmallHeight different before reInflateViews mMaxSmallHeight: 216 mTempSmallHeight:0 -1|com.android.systemui|2131364006|charging_state|10053
04-19 21:43:01.549  3944  3944 D ExpandableNotifRow: mMaxSmallHeight different before reInflateViews mMaxSmallHeight: 216 mTempSmallHeight:0 -1|com.android.systemui|2131364006|charging_state|10053
04-19 21:43:01.551  3944  3944 I LockscreenNotificationIconsOnlyController: onNotificationInfoUpdated 0
04-19 21:43:01.551  3944  3944 I AODNotificationManager: updateNotification() 
04-19 21:43:01.556  3944  4728 D LocalImageResolver: Couldn't use ImageDecoder for drawable, falling back to non-resized load.
04-19 21:43:01.557  3944  4728 D LocalImageResolver: Couldn't use ImageDecoder for drawable, falling back to non-resized load.
04-19 21:43:01.560  3944  3944 D LocalImageResolver: Couldn't use ImageDecoder for drawable, falling back to non-resized load.
04-19 21:43:01.565  3944  3944 W RefactorFlag: New code path expects SceneContainerFlag to be enabled.
04-19 21:43:01.568  3944  3944 D ExpandableNotifRow: mMaxSmallHeight different before reInflateViews mMaxSmallHeight: 216 mTempSmallHeight:0 -1|com.android.systemui|2131364006|charging_state|10053
04-19 21:43:01.568  3944  3944 D ExpandableNotifRow: mMaxSmallHeight different before reInflateViews mMaxSmallHeight: 216 mTempSmallHeight:0 -1|com.android.systemui|2131364006|charging_state|10053
04-19 21:43:01.568  3944  3944 D ExpandableNotifRow: mMaxSmallHeight different before reInflateViews mMaxSmallHeight: 216 mTempSmallHeight:0 -1|com.android.systemui|2131364006|charging_state|10053
04-19 21:43:01.568  3944  3944 D ExpandableNotifRow: mMaxSmallHeight different before reInflateViews mMaxSmallHeight: 216 mTempSmallHeight:0 -1|com.android.systemui|2131364006|charging_state|10053
04-19 21:43:01.579  3944  3944 D S.S.N.  : entryViewBound parent :-1|com.android.systemui|2131364006|charging_state|10053
04-19 21:43:01.579  3944  3944 D LocalImageResolver: Couldn't use ImageDecoder for drawable, falling back to non-resized load.
04-19 21:43:01.583  3944  3944 D SubscreenNotificationListCoordinator: onAfterRenderList() isSubScreen = false, pluginLockMode = 0, doNotShowOnCover = false
04-19 21:43:01.584  3944  3944 W RefactorFlag: New code path expects SceneContainerFlag to be enabled.
04-19 21:43:01.584  3944  3944 D ExpandableNotifRow: mMaxSmallHeight different before reInflateViews mMaxSmallHeight: 216 mTempSmallHeight:0 -1|com.android.systemui|2131364006|charging_state|10053
04-19 21:43:01.584  3944  3944 D ExpandableNotifRow: mMaxSmallHeight different before reInflateViews mMaxSmallHeight: 216 mTempSmallHeight:0 -1|com.android.systemui|2131364006|charging_state|10053
04-19 21:43:01.585  3944  3944 I LockscreenNotificationIconsOnlyController: onNotificationInfoUpdated 0
04-19 21:43:01.585  3944  3944 I AODNotificationManager: updateNotification() 
04-19 21:43:01.678  2748  3571 D ActivityManager: freezing 29810 com.samsung.petservice
04-19 21:43:01.680  2748  3571 D ActivityManager: FCA:FCA recordedFileRss = 0, and changeinRss = 44860
04-19 21:43:01.684  5578  5578 D BoundBrokerSvc: onUnbind: Intent { act=com.google.android.gms.auth.blockstore.service.START dat=chimera-action:/... xflg=0x4 cmp=com.google.android.gms/.chimera.GmsApiService }
04-19 21:43:01.748  1623  1623 I sensors-hal: set_config:60, sample_period_ns is adjusted to 200000000 based on min/max delay_ns
04-19 21:43:01.749  1623  1623 I sensors-hal: batch:363, com.samsung.sensor.light_cct/1511, period=200000000, max_latency=0 request completed
04-19 21:43:01.749  1623  1623 I sensors-hal: activate:300, com.samsung.sensor.light_cct/1511 en=1
04-19 21:43:01.749  1623  1623 I sensors-hal: acquire_qsh_interface:139, acquire_qsh_interface with sensor_id 12 , conn_type 3 
04-19 21:43:01.750  1623  1623 I sensors-hal: worker:51, worker(0xb400007122ad8d10) is created with tid= 30322
04-19 21:43:01.753  1589  1720 I minksocket: MinkIPC MESSAGE: ( 1589:1720 ) MinkIPC_QRTR_Service:351 minkipc = 0xb400007850842db0 sock = 19, client with node 1 port 731a went down
04-19 21:43:01.753  1589  1726 I minksocket: MinkIPC MESSAGE: ( 1589:1726 ) MinkIPC_QRTR_Service:351 minkipc = 0xb4000078508405d0 sock = 26, client with node 1 port 731a went down
04-19 21:43:01.755  1589  1726 I minksocket: MinkIPC MESSAGE: ( 1589:1726 ) MinkIPC_QRTR_Service:351 minkipc = 0xb4000078508405d0 sock = 26, client with node 1 port 731b went down
04-19 21:43:01.754  1589  1720 I minksocket: MinkIPC MESSAGE: ( 1589:1720 ) MinkIPC_QRTR_Service:351 minkipc = 0xb400007850842db0 sock = 19, client with node 1 port 731b went down
04-19 21:43:01.756  1589  1726 I minksocket: MinkIPC MESSAGE: ( 1589:1726 ) MinkIPC_QRTR_Service:351 minkipc = 0xb4000078508405d0 sock = 26, client with node 1 port 731c went down
04-19 21:43:01.756  1623  1623 I sensors-hal: qsh_qmi:31, qsh_qmi
04-19 21:43:01.756  1623  1623 I sensors-hal: register_cb:304, suid(low=3046173514946711665,high=5084824469409589910) is new. register callbacks
04-19 21:43:01.756  1623  1623 I sensors-hal: send_sync_sensor_request:508, send sync request
04-19 21:43:01.756  1623  1623 I sensors-hal: send_sync_sensor_request:518, send_sync_sensor_request before send_request for light_cct with SUID low=3046173514946711665 high=5084824469409589910
04-19 21:43:01.756  1589  1720 I minksocket: MinkIPC MESSAGE: ( 1589:1720 ) MinkIPC_QRTR_Service:351 minkipc = 0xb400007850842db0 sock = 19, client with node 1 port 731c went down
04-19 21:43:01.756  1623  1623 I sensors-hal: send_sync_sensor_request:537, wait for notification of response
04-19 21:43:01.757  1589  1726 I minksocket: MinkIPC MESSAGE: ( 1589:1726 ) MinkIPC_QRTR_Service:351 minkipc = 0xb4000078508405d0 sock = 26, client with node 1 port 731d went down
04-19 21:43:01.757  1589  1720 I minksocket: MinkIPC MESSAGE: ( 1589:1720 ) MinkIPC_QRTR_Service:351 minkipc = 0xb400007850842db0 sock = 19, client with node 1 port 731d went down
04-19 21:43:01.758  1623 30323 I sensors-hal: qsh_conn_resp_cb:930, resp_value = 0 for light_cct 
04-19 21:43:01.758  1623  1623 I sensors-hal: send_sync_sensor_request:543, takes 1 ms to receive the response with 0
04-19 21:43:01.758  1623  1623 I sensors-hal: activate:330, com.samsung.sensor.light_cct/1511 en=1 completed
04-19 21:43:01.759  2748  3709 D SensorManager: registerListener :: 1511, STK33F11 Light Strm  Non-wakeup, 200000, 0, com.samsung.android.displaysolution.EyeComfortSolutionService$1@cae7b68
04-19 21:43:01.799  2748  3571 D ActivityManager: freezing 29918 com.samsung.storyservice
04-19 21:43:01.801  2748  3571 D ActivityManager: FCA:FCA recordedFileRss = 0, and changeinRss = 47036
04-19 21:43:01.801  2748  3571 D ActivityManager: freezing 29779 com.samsung.cmh
04-19 21:43:01.804  2748  3571 D ActivityManager: FCA:FCA recordedFileRss = 0, and changeinRss = 57308
04-19 21:43:01.805  2748  3571 D ActivityManager: freezing 29867 com.samsung.faceservice
04-19 21:43:01.807  2748  3571 D ActivityManager: FCA:FCA recordedFileRss = 0, and changeinRss = 48000
04-19 21:43:01.808  2748  3693 D InetDiagMessage: Destroyed 0 sockets, proto=IPPROTO_TCP, family=AF_INET, states=14
04-19 21:43:01.809  2748  3693 D InetDiagMessage: Destroyed 0 sockets, proto=IPPROTO_TCP, family=AF_INET6, states=14
04-19 21:43:01.810  2748  3693 D InetDiagMessage: Destroyed live tcp sockets for uids={5004} in 2ms
04-19 21:43:01.823  1623 11186 I sensors-hal: handle_sns_std_sensor_event:409, [SSC_LIGHT] P: 1(1),c:0,b:1275,m:13,cl:0,l:1,s:0,l0:352,l1:0,s0:0,s1:0,acl:1,opr:0.14,f(r):98,u(bl):100,if:0,wi:0,si:0,po:0(N:0)
04-19 21:43:01.823  1623 30323 I sensors-hal: qsh_conn_event_cb:857, SCHED_FIFO(10) for qmi_cbk
04-19 21:43:01.823  1623 30323 I sensors-hal: handle_sns_std_sensor_event:90, light_cct: ts = 140230523579823 ns; value = [1, 1, 35, 38, 0, 1275, 0, 0, 352, 0]
04-19 21:43:01.824  2748  3709 V EyeComfortSolutionService: count : 2622 , bopr_value : 35.0, platform_value : 149.0 , app_weighting : 1.0 , cal_value : 1.8707166 , sum_value : 12765.49 , BOPR_MAX_VALUE : 21000
04-19 21:43:01.824  1623  1623 I sensors-hal: activate:300, com.samsung.sensor.light_cct/1511 en=0
04-19 21:43:01.825  1623  1623 I sensors-hal: send_sync_sensor_request:508, send sync request
04-19 21:43:01.825  1623  1623 I sensors-hal: send_sync_sensor_request:518, send_sync_sensor_request before send_request for light_cct with SUID low=3046173514946711665 high=5084824469409589910
04-19 21:43:01.825  1623  1623 I sensors-hal: send_sync_sensor_request:537, wait for notification of response
04-19 21:43:01.825  1623 30323 I sensors-hal: qsh_conn_resp_cb:930, resp_value = 0 for light_cct 
04-19 21:43:01.826  1623  1623 I sensors-hal: send_sync_sensor_request:543, takes 0 ms to receive the response with 0
04-19 21:43:01.826  1623  1623 I sensors-hal: ~worker:65, worker(0xb400007122ad8d10) send sig to tid= 30322
04-19 21:43:01.826  1623  1623 I sensors-hal: ~worker:74, worker(0xb400007122ad8d10) is destroyed, remaining task = 0, tid= 30322
04-19 21:43:01.827  1589  1720 I minksocket: MinkIPC MESSAGE: ( 1589:1720 ) MinkIPC_QRTR_Service:351 minkipc = 0xb400007850842db0 sock = 19, client with node 1 port 731e went down
04-19 21:43:01.827  1623  1623 I sensors-hal: ~qsh_qmi:58, ~qsh_qmi
04-19 21:43:01.827  1623  1623 I sensors-hal: activate:330, com.samsung.sensor.light_cct/1511 en=0 completed
04-19 21:43:01.827  1589  1726 I minksocket: MinkIPC MESSAGE: ( 1589:1726 ) MinkIPC_QRTR_Service:351 minkipc = 0xb4000078508405d0 sock = 26, client with node 1 port 731e went down
04-19 21:43:01.827  2748  3709 D SensorManager: unregisterListener :: com.samsung.android.displaysolution.EyeComfortSolutionService$1@cae7b68
04-19 21:43:01.896  2748  3044 I ActivityManager: Changes in 10321 5 to 15, 144 to 0
04-19 21:43:01.949 30117 30200 V ClearcutMetricXmitter: Transmission is done.
04-19 21:43:02.052  2748  3044 I ActivityManager: Changes in 10337 5 to 15, 144 to 0
04-19 21:43:02.054  2748  3044 I ActivityManager: Changes in 10112 5 to 15, 144 to 0
04-19 21:43:02.055  2748  3044 I ActivityManager: Changes in 10054 5 to 15, 144 to 0
04-19 21:43:02.066 29905 29905 I wpa_supplicant: Heartbeat 600
04-19 21:43:02.147  3944  3944 D SystemUIService: SYSUI_RAM_OPTIMIZATION onTrimMemory=20
04-19 21:43:02.148  3944  3944 D CentralSurfaces: SYSUI_RAM_OPTIMIZATION onTrimMemory=20
04-19 21:43:02.148  3944  4337 D HWUI    : CacheManager::trimMemory(20)
04-19 21:43:02.326  1704  1748 E HeatmapThread: ECT Thread time in milliseconds: 1776649382
04-19 21:43:02.329  1704  1748 D HeatmapThread: !@ batteryplugType : 2
04-19 21:43:02.330  1704  1748 D HeatmapThread: !@ batteryLevel : 67  batteryTemperature : 345 
04-19 21:43:02.330  1704  1748 D HeatmapThread: !@ Heatmap currtime: 29610823
04-19 21:43:02.330  1704  1748 D HeatmapThread: !@ Heatmap prevtime: 29610808
04-19 21:43:02.330  1704  1748 D HeatmapThread: !@ Heatmap plugstarttime: 29610797
04-19 21:43:02.330  1704  1748 D HeatmapThread: !@ Heatmap prevv_dsoh_update_time: 29610626
04-19 21:43:02.330  1704  1748 E HeatmapThread: !@ CAM New BSOH: 99
04-19 21:43:02.357  3944  3944 D AiAgentEffect: onPrivacyItemsChanged privacyItems.size = 0
04-19 21:43:02.357  3944  3944 D AiAgentEffect: onPrivacyItemsChanged privacyItems isEmpty or found item is null
04-19 21:43:02.360  3944  3944 D AiAgentEffect: onPrivacyItemsChanged privacyItems.size = 0
04-19 21:43:02.360  3944  3944 D AiAgentEffect: onPrivacyItemsChanged privacyItems isEmpty or found item is null
04-19 21:43:02.360  4661  4866 I HoneySpace.StatusIconTracker: invokeEvent() called with: event = PrivacyInfo(visible=false)
04-19 21:43:02.361  3944  3944 D AiAgentEffect: onPrivacyItemsChanged privacyItems.size = 0
04-19 21:43:02.361  3944  3944 D AiAgentEffect: onPrivacyItemsChanged privacyItems isEmpty or found item is null
04-19 21:43:02.361  4661  4866 I HoneySpace.StatusIconTracker: invokeEvent() called with: event = PrivacyInfo(visible=false)
04-19 21:43:02.362  3944  3944 D AiAgentEffect: onPrivacyItemsChanged privacyItems.size = 0
04-19 21:43:02.362  3944  3944 D AiAgentEffect: onPrivacyItemsChanged privacyItems isEmpty or found item is null
04-19 21:43:02.362  4661  4866 I HoneySpace.StatusIconTracker: invokeEvent() called with: event = PrivacyInfo(visible=false)
04-19 21:43:02.363  3944  3944 D AiAgentEffect: onPrivacyItemsChanged privacyItems.size = 0
04-19 21:43:02.363  4661  4866 I HoneySpace.StatusIconTracker: invokeEvent() called with: event = PrivacyInfo(visible=false)
04-19 21:43:02.363  3944  3944 D AiAgentEffect: onPrivacyItemsChanged privacyItems isEmpty or found item is null
04-19 21:43:02.365  4661  4866 I HoneySpace.StatusIconTracker: invokeEvent() called with: event = PrivacyInfo(visible=false)
04-19 21:43:02.367  3944  3944 W View    : requestLayout() improperly called by com.android.systemui.qs.SecQSGradationDrawableView{ac0ea0d V.E...... ......ID 0,0-1080,354 #7f0a0a16 app:id/qs_gradation_view} during layout: running second layout pass
04-19 21:43:02.367  3944  3944 W View    : requestLayout() improperly called by android.widget.FrameLayout{e81cdc2 V.E...... ......I. 0,0-1080,2340 #2} during layout: running second layout pass
04-19 21:43:02.367  3944  3944 W View    : requestLayout() improperly called by android.widget.FrameLayout{1e7d3 V.E...... ......ID 0,163-1080,2295 #7f0a0a14 app:id/qs_frame} during layout: running second layout pass
04-19 21:43:02.368  3944  3944 W RefactorFlag: New code path expects SceneContainerFlag to be enabled.
04-19 21:43:02.380  1741  1741 D SurfaceFlinger: GPIS:: requestGPISForClientComposition
04-19 21:43:02.592  1609  5265 I vendor.qti.bluetooth@1.1-ibs_handler: ProcessIbsCmd: Received IBS_WAKE_IND: 0xFD
04-19 21:43:02.592  1609  5265 D vendor.qti.bluetooth@1.1-ibs_handler: SerialClockVote: vote for UART CLK ON
04-19 21:43:02.592  1609  5265 D vendor.qti.bluetooth@1.1-wake_lock: Acquire wakelock is acquired 
04-19 21:43:02.592  1609  5265 I vendor.qti.bluetooth@1.1-ibs_handler: ProcessIbsCmd: Writing IBS_WAKE_ACK
04-19 21:43:02.602  4249  5273 I ScanController: onScanResult to scannerId: 3- eventType=0x1a, addressType=1, address=XX:XX:XX:XX:64:48, primaryPhy=1, secondaryPhy=0, advertisingSid=0xff, txPower=127, rssi=-81, periodicAdvInt=0x0
04-19 21:43:02.620  1623 13851 I sensors-hal: handle_sns_client_event:375, [0][2899368] accel_sample [-2.742,  8.675,  3.124] 140231293747635
04-19 21:43:02.643  1609  5265 I vendor.qti.bluetooth@1.1-ibs_handler: ProcessIbsCmd: Received IBS_SLEEP_IND: 0xFE
04-19 21:43:02.643  1609  5265 D vendor.qti.bluetooth@1.1-ibs_handler: SerialClockVote: vote for UART CLK OFF
04-19 21:43:02.771  1609  5265 I vendor.qti.bluetooth@1.1-ibs_handler: ProcessIbsCmd: Received IBS_WAKE_IND: 0xFD
04-19 21:43:02.771  1609  5265 D vendor.qti.bluetooth@1.1-ibs_handler: SerialClockVote: vote for UART CLK ON
04-19 21:43:02.772  1609  5265 I vendor.qti.bluetooth@1.1-ibs_handler: ProcessIbsCmd: Writing IBS_WAKE_ACK
04-19 21:43:02.779  4249  5273 I ScanController: onScanResult to scannerId: 3- eventType=0x1a, addressType=1, address=XX:XX:XX:XX:64:48, primaryPhy=1, secondaryPhy=0, advertisingSid=0xff, txPower=127, rssi=-90, periodicAdvInt=0x0
04-19 21:43:02.785  2748  3598 D InputReader: Btn_touch(4): value=1 when=111897.588767
04-19 21:43:02.787  2748  3598 I InputReader: Touch event's action is 0x0 (id=6, t=0) [pCnt=1, s=0.8538 ] when=111897.588767
04-19 21:43:02.805  2748  3595 I InputDispatcher: Delivering touch to (3944): action: 0x4, f=0x0, d=0, '9705530', t=1 
04-19 21:43:02.805  2748  3595 I InputDispatcher: Delivering touch to (21098): action: 0x4, f=0x0, d=0, '4d69915', t=1 
04-19 21:43:02.806  2748  3595 I InputDispatcher: Delivering touch to (4661): action: 0x0, f=0x0, d=0, '4906084', t=1 
04-19 21:43:02.807  2748  3595 D PowerManagerService: [api] userActivityFromNative : touch displayId=0 eventTime=111897588
04-19 21:43:02.807  2748  3017 I GestureDetector: obtain mCurrentDownEvent. id: 426535981 caller: com.android.server.wm.SystemGesturesPointerEventListener.onPointerEvent:17 com.android.server.wm.PointerEventDispatcher.onInputEvent:51 android.view.InputEventReceiver.dispatchInputEvent:392 
04-19 21:43:02.807  2748  3017 I GestureDetector: obtain mCurrentDownEvent. id: 426535981 caller: com.android.server.wm.SystemPerformancePointerEventListener.onPointerEvent:13 com.android.server.wm.PointerEventDispatcher.onInputEvent:51 android.view.InputEventReceiver.dispatchInputEvent:392 
04-19 21:43:02.808  2748  3595 D PowerManagerService: UserActivityStateListenerState: 1
04-19 21:43:02.809  4661  4661 I VRI[LauncherActivity]@605627e: ViewPostIme pointer 0
04-19 21:43:02.809  2748  3017 I GestureDetector: obtain mCurrentMotionEventRaw. action: 2 id: 492862299
04-19 21:43:02.809  2748  3017 I GestureDetector: obtain mCurrentMotionEventRaw. action: 2 id: 492862299
04-19 21:43:02.809  4661  4661 I ContentsUI: suppressLayout. suppress=false
04-19 21:43:02.809  4661  4661 I GestureController: handleTouchForSwipeGesture: falsetrue A8.a@83b6588
04-19 21:43:02.811  3944  3944 D NavBarStateManager: NavBarStates(0) isBlockingGestureOnGame: false
04-19 21:43:02.816  1609  5265 I vendor.qti.bluetooth@1.1-ibs_handler: ProcessIbsCmd: Received IBS_SLEEP_IND: 0xFE
04-19 21:43:02.817  1609  5265 D vendor.qti.bluetooth@1.1-ibs_handler: SerialClockVote: vote for UART CLK OFF
04-19 21:43:02.820  4661  4661 I HoneySpace.AppsCardItemViewHolder: SecondaryLongClick of Connect
04-19 21:43:02.820  4661  4661 I VRI[LauncherActivity]@605627e: call setFrameRateCategory for touch hint category=high hint, reason=touch, vri=VRI[LauncherActivity]@605627e
04-19 21:43:02.823  4661  4661 I HoneySpace.GestureInputHandler: inputConsumers = [com.honeyspace.gesture.inputconsumer.InputConsumer$Companion$NO_OP$1@55f3794]
04-19 21:43:02.825  4661  4661 I HoneySpace.InputSession: inputConsumers = NO_OP
04-19 21:43:02.828  4661  4661 I HoneySpace.InputSession: open
04-19 21:43:02.829  1741  1741 I SurfaceFlinger: [com.sec.android.app.launcher/com.sec.android.app.launcher.activities.LauncherActivity$_4661#39437] setFrameRateCategory: HighHint
04-19 21:43:02.829  4661  4661 I ContentsUI: suppressLayout. suppress=false
04-19 21:43:02.829  4661  4661 I GestureController: handleTouchForSwipeGesture: invalid touch
04-19 21:43:02.829  4661  4661 I HoneySpace.AppsCardItemViewHolder: SecondaryLongClick of Connect
04-19 21:43:02.830  2748  8227 D CoreBackPreview: startBackNavigation currentTask=Task{9da53c8 #8 type=home I=com.sec.android.app.launcher/.activities.LauncherActivity}, topRunningActivity=ActivityRecord{101403755 u0 com.sec.android.app.launcher/.activities.LauncherActivity t8}, callbackInfo=OnBackInvokedCallbackInfo{mCallback=android.window.IOnBackInvokedCallback$Stub$Proxy@ed288eb, mPriority=0, mIsAnimationCallback=false, mOverrideBehavior=0}, currentFocus=Window{4906084 u0 com.sec.android.app.launcher/com.sec.android.app.launcher.activities.LauncherActivity}
04-19 21:43:02.832  3944  4211 D ShellBackPreview: Received backNavigationInfo:BackNavigationInfo{mType=TYPE_CALLBACK (4), mOnBackNavigationDone=android.os.RemoteCallback@7ba6edf, mOnBackInvokedCallback=android.window.IOnBackInvokedCallback$Stub$Proxy@7a3572c, mPrepareRemoteAnimation=false, mAnimationCallback=false, mCustomizeAnimationInfo=null}
04-19 21:43:02.846  4661  4661 I ContentsUI: suppressLayout. suppress=false
04-19 21:43:02.846  4661  4661 I GestureController: handleTouchForSwipeGesture: invalid touch
04-19 21:43:02.846  4661  4661 I HoneySpace.AppsCardItemViewHolder: SecondaryLongClick of Connect
04-19 21:43:02.859  2748  3598 D InputReader: Btn_touch(4): value=0 when=111897.664629
04-19 21:43:02.859  2748  3598 I InputReader: Touch event's action is 0x1 (id=6, t=0) [pCnt=1, s=] when=111897.664629
04-19 21:43:02.860  2748  3595 I InputDispatcher: Delivering touch to (4661): action: 0x1, f=0x0, d=0, '4906084', t=1 
04-19 21:43:02.860  4661  4661 I ContentsUI: suppressLayout. suppress=false
04-19 21:43:02.860  4661  4661 I GestureController: handleTouchForSwipeGesture: invalid touch
04-19 21:43:02.860  4661  4661 I HoneySpace.AppsCardItemViewHolder: SecondaryLongClick of Connect
04-19 21:43:02.861  4661  4661 I VRI[LauncherActivity]@605627e: ViewPostIme pointer 1
04-19 21:43:02.861  4661  4661 I ContentsUI: suppressLayout. suppress=false
04-19 21:43:02.861  3944  3944 D BackPanelController: updateArrowState: GONE -> CANCELLED
04-19 21:43:02.861  4661  4661 I GestureController: handleMotionEventUp: invalid gesture
04-19 21:43:02.861  3944  3944 D EdgeBackGestureHandler: cancelBack
04-19 21:43:02.862  3944  4211 D ShellBackPreview: Finishing gesture with event action: 1
04-19 21:43:02.862  3944  4211 D ShellBackPreview: onGestureFinished() mTriggerBack == false
04-19 21:43:02.862  3944  4211 D ShellBackPreview: Trigger back without dispatching to animator, info=BackNavigationInfo{mType=TYPE_CALLBACK (4), mOnBackNavigationDone=android.os.RemoteCallback@7ba6edf, mOnBackInvokedCallback=android.window.IOnBackInvokedCallback$Stub$Proxy@7a3572c, mPrepareRemoteAnimation=false, mAnimationCallback=false, mCustomizeAnimationInfo=null}
04-19 21:43:02.862  3944  4211 D ShellBackPreview: Skipping dispatching onBackCancelled. Start was never dispatched.
04-19 21:43:02.862  3944  4211 D ShellBackPreview: BackAnimationController: finishBackNavigation()
04-19 21:43:02.862  2748  8227 D CoreBackPreview: onBackNavigationDone backType=4, triggerBack=false
04-19 21:43:02.871  4661  4661 I HoneySpace.AppsCardItemViewHolder: SecondaryLongClick of Connect
04-19 21:43:02.874  4661  4661 I HoneySpace.GestureInputHandler: reset
04-19 21:43:02.874  4661  4661 I HoneySpace.InputSession: close
04-19 21:43:02.876  4661  4661 I HoneySpace.AppsCardItemViewHolder: click to go SUGGESTED_APPS 3
04-19 21:43:02.879  3944  3944 D BackPanelController: updateArrowState: CANCELLED -> GONE
04-19 21:43:02.884  4661  4661 I HoneySpace.CardFactory: Run to androidx.lifecycle.MutableLiveData@7312a2 ComponentInfo{com.connectcommunications.mobile/com.connectcommunications.mobile.MainActivity}}
04-19 21:43:02.893  4661  4661 I HoneySpace.ShellTransitionManager: startShellTransition com.honeyspace.sdk.transition.ShellTransition$Info@3294c69, forceStart: false
04-19 21:43:02.896  4661 27484 I SearchEngineHistory: History deleted
04-19 21:43:02.896  1741  1741 D SurfaceFlinger: GPIS:: requestGPISForClientComposition
04-19 21:43:02.896  4661  4661 I HoneySpace.ShellAnimationRunner: setDelegate, delegate-com.honeyspace.transition.delegate.AppLaunchAnimationDelegate@13b6ee, strong-false
04-19 21:43:02.896  4661  4661 I HoneySpace.ShellTransitionManager: open start
04-19 21:43:02.897  4661 26799 I ResultDataManager: Results: keys=SUGGESTED_APPS, SUGGESTED_TAG, SUGGESTED_DIRECTORY, HISTORY_KEYWORD
04-19 21:43:02.897  4661 11526 I HoneySpace.FloatingAnimator: playerCount : 1
04-19 21:43:02.897  4661 11526 I HoneySpace.FloatingAnimator: [Player:A(2.896)] create
04-19 21:43:02.897  4661 26799 I SearchEngine: query: reTriggered: [emit] 8 HISTORY_KEYWORD takes 1 contents=[5]
04-19 21:43:02.897  4661 27484 I HoneySpace.ContentsViewModel: observed com.honeyspace.search.ui.honeypot.presentation.content.ContentsViewModel@3f92a64
04-19 21:43:02.897  4661 27484 I HoneySpace.ContentsViewModel: result onUpdated: HISTORY_KEYWORD_
04-19 21:43:02.897  4661 27484 I HoneySpace.ContentsViewModel: result onRemoved: HISTORY_KEYWORD_
04-19 21:43:02.897  4661 27484 I HoneySpace.ContentsViewModel: result onAdded: HISTORY_KEYWORD_
04-19 21:43:02.897  4661 11526 I HoneySpace.TransitionUtils: getWindowTargetBounds: Rect(0, 0 - 1080, 2340)
04-19 21:43:02.898  2748  8227 D ActivityTaskManager: startActivityAsUser: callingPid=4661, callingUid=10150, caller=com.android.server.wm.ActivityTaskManagerService.startActivityAsUser:1 android.app.IActivityTaskManager$Stub.onTransact:1556 com.android.server.wm.ActivityTaskManagerService.onTransact:1 android.os.Binder.execTransactInternal:1457 android.os.Binder.execTransact:1401 <bottom of call stack> <bottom of call stack> 
04-19 21:43:02.898  4661 11526 I HoneySpace.FloatingAnimator: [Player:A(2.896)] setup. isLandscape:false, isTranslucent:false, screenSize[1080, 2340], isMultiTargets:false, useCurrentDrawable:true
04-19 21:43:02.899  2748  8227 I Pageboost: onAppLaunch : com.connectcommunications.mobile
04-19 21:43:02.899  1741  5225 D NativeSemDvfsManager: acquire:: timeout = 2000 mIsAcquired = 1  mTagName : SurfaceFlinger 
04-19 21:43:02.899  4661 27484 I ContentsUI: onUpdate: with 150 [A2.a@296abcd, A2.a@1dee144, A2.a@7c27f2b, A2.a@435978f]
04-19 21:43:02.899  4661 27484 I ContentsUI: before Latch : Normal
04-19 21:43:02.899  4661 27484 I ContentsUI: request post
04-19 21:43:02.899  4661 27484 I HoneySpace.ContentsViewModel: handleResults com.honeyspace.search.ui.honeypot.presentation.content.ContentsViewModel@3f92a64
04-19 21:43:02.899  1631  1666 I HYPER-HAL: [RequestManager.cpp]acquire(): Acquired ID : 3758911  [1741 / 1000]    HINT : SF_GPU_MINLOCK    list : [TIMEOUT / 2000] 
04-19 21:43:02.900  1741  5225 E NativeCustomFrequencyManager: [NativeCFMS] BpCustomFrequencyManager::acquire()
04-19 21:43:02.900  4661 11526 I HoneySpace.FloatingAnimator: remote targets are empty
04-19 21:43:02.900  4661 11526 I HoneySpace.AppLaunchAnimationDelegate: preload Player timer start! com.honeyspace.transition.anim.floating.FloatingAnimator$Player@1814625
04-19 21:43:02.900  2748  8227 D ActivityTaskManager: DesktopModeLaunchParamsModifier: task=null activity=null task null, skipping
04-19 21:43:02.900  2748  8227 D ActivityTaskManager: TaskLaunchParamsModifier:task=null activity=null display-from-option=0 display-id=0 task-display-area-windowing-mode=1 suggested-display-area=DefaultTaskDisplayArea_d0@170809279
04-19 21:43:02.901  2748  3919 I Pageboost: Record App IO : com.connectcommunications.mobile pid 0
04-19 21:43:02.909  2748  8227 W OptProp : Cannot read opt property android.window.PROPERTY_COMPAT_ALLOW_RESIZEABLE_ACTIVITY_OVERRIDES
04-19 21:43:02.909  2748  8227 W OptProp : Cannot read opt property android.window.PROPERTY_COMPAT_ALLOW_MIN_ASPECT_RATIO_OVERRIDE
04-19 21:43:02.910  2748  8227 D WindowManager: Transition is created, t=TransitionRecord{37db47b id=-1 type=OPEN flags=0x0}, caller=com.android.server.wm.Transition.<init>:182 com.android.server.wm.TransitionController.createAndStartCollecting:106 com.android.server.wm.ActivityStarter.executeRequest:3515 com.android.server.wm.ActivityStarter.execute:1752 com.android.server.wm.ActivityTaskManagerService.startActivityAsUser:95 
04-19 21:43:02.910  2748  8227 D BLASTSyncEngine: SyncGroup is created, id=3589, name=Transition-OPEN, caller=com.android.server.wm.BLASTSyncEngine$SyncGroup.<init>:52 com.android.server.wm.TransitionController.moveToCollecting:79 com.android.server.wm.TransitionController.createAndStartCollecting:109 com.android.server.wm.ActivityStarter.executeRequest:3515 com.android.server.wm.ActivityStarter.execute:1752 com.android.server.wm.ActivityTaskManagerService.startActivityAsUser:95 com.android.server.wm.ActivityTaskManagerService.startActivityAsUser:1 
04-19 21:43:02.910  2748  8227 W BLASTSyncEngine: setSyncMethod, id=3589, method=0, caller=com.android.server.wm.TransitionController.moveToCollecting:91 com.android.server.wm.TransitionController.createAndStartCollecting:109 com.android.server.wm.ActivityStarter.executeRequest:3515 
04-19 21:43:02.910  2748  8227 V WindowManager: Start collecting in Transition: TransitionRecord{37db47b id=3589 type=OPEN flags=0x0}, caller=com.android.server.wm.TransitionController.createAndStartCollecting:109 com.android.server.wm.ActivityStarter.executeRequest:3515 com.android.server.wm.ActivityStarter.execute:1752 com.android.server.wm.ActivityTaskManagerService.startActivityAsUser:95 com.android.server.wm.ActivityTaskManagerService.startActivityAsUser:1 
04-19 21:43:02.910  2748  8227 V WindowManager: Collecting in transition 3589: ActivityRecord{195396248 u0 com.connectcommunications.mobile/.MainActivity, caller=com.android.server.wm.TransitionController.collect:7 com.android.server.wm.ActivityStarter.startActivityUnchecked:98 com.android.server.wm.ActivityStarter.executeRequest:3559 com.android.server.wm.ActivityStarter.execute:1752 com.android.server.wm.ActivityTaskManagerService.startActivityAsUser:95 
04-19 21:43:02.910  2748  8227 D ActivityTaskManager: DesktopModeLaunchParamsModifier: task=null activity=ActivityRecord{195396248 u0 com.connectcommunications.mobile/.MainActivity t-1} task null, skipping
04-19 21:43:02.910  2748  8227 D ActivityTaskManager: TaskLaunchParamsModifier:task=null activity=ActivityRecord{195396248 u0 com.connectcommunications.mobile/.MainActivity t-1} display-from-option=0 display-id=0 task-display-area-windowing-mode=1 suggested-display-area=DefaultTaskDisplayArea_d0@170809279
04-19 21:43:02.911  2748  8227 D ActivityTaskManager: DesktopModeLaunchParamsModifier: task=null activity=ActivityRecord{195396248 u0 com.connectcommunications.mobile/.MainActivity t-1} task null, skipping
04-19 21:43:02.911  2748  8227 D ActivityTaskManager: TaskLaunchParamsModifier:task=null activity=ActivityRecord{195396248 u0 com.connectcommunications.mobile/.MainActivity t-1} display-from-option=0 display-id=0 task-display-area-windowing-mode=1 suggested-display-area=DefaultTaskDisplayArea_d0@170809279 inherit-from-source=fullscreen non-freeform-task-display-area display-area=DefaultTaskDisplayArea_d0@170809279 activity-requested-portrait freeform-size-mismatch=Rect(81, 608 - 999, 1778)
