---
pid: 26060
cwd: "C:\\dev\\projects\\Connect 2\\apps\\mobile\\android"
command: "adb -s RFCXC0CEZ6V logcat -v threadtime \"*:V\""
started_at: 2026-04-20T01:42:56.902Z
running_for_ms: 420599   
---
--------- beginning of main
04-19 21:42:53.325  1704  1748 E HeatmapThread: ECT Thread time in milliseconds: 1776649373
04-19 21:42:53.328  1704  1748 D HeatmapThread: !@ batteryplugType : 2
04-19 21:42:53.328  1704  1748 D HeatmapThread: !@ batteryLevel : 67  batteryTemperature : 343 
04-19 21:42:53.328  1704  1748 D HeatmapThread: !@ Heatmap currtime: 29610822
04-19 21:42:53.328  1704  1748 D HeatmapThread: !@ Heatmap prevtime: 29610808
04-19 21:42:53.328  1704  1748 D HeatmapThread: !@ Heatmap plugstarttime: 29610797
04-19 21:42:53.328  1704  1748 D HeatmapThread: !@ Heatmap prevv_dsoh_update_time: 29610626
04-19 21:42:53.328  1704  1748 E HeatmapThread: !@ CAM New BSOH: 99
04-19 21:42:53.342  2748  5333 I NSLocationMonitor: getGPSUsingApps() called
04-19 21:42:53.345  5352  5394 I NSLocationManager_FLP: getGPSUsingApps, No change
--------- beginning of system
04-19 21:42:53.357  2748  5333 D FreecessHandler: freeze com.google.android.gm(10278) result : 2
04-19 21:42:53.499  1609  5265 I vendor.qti.bluetooth@1.1-ibs_handler: ProcessIbsCmd: Received IBS_WAKE_IND: 0xFD
04-19 21:42:53.499  1609  5265 D vendor.qti.bluetooth@1.1-ibs_handler: SerialClockVote: vote for UART CLK ON
04-19 21:42:53.499  1609  5265 D vendor.qti.bluetooth@1.1-wake_lock: Acquire wakelock is acquired 
04-19 21:42:53.499  1609  5265 I vendor.qti.bluetooth@1.1-ibs_handler: ProcessIbsCmd: Writing IBS_WAKE_ACK
04-19 21:42:53.508  4249  5273 I ScanController: onScanResult to scannerId: 3- eventType=0x1a, addressType=1, address=XX:XX:XX:XX:64:48, primaryPhy=1, secondaryPhy=0, advertisingSid=0xff, txPower=127, rssi=-70, periodicAdvInt=0x0
04-19 21:42:53.511 32355 28762 I EasySetup[11.1.22.8] : IcControlService.isFoldDeviceFolded() - isFoldDevice: false, isNotFolded: false
04-19 21:42:53.511 32355 28762 I EasySetup[11.1.22.8] : IcControlService.isValidBudsScanResult - connectionStatus : 64, rssi : -70
04-19 21:42:53.511 32355 28762 I EasySetup[11.1.22.8] : IcControlService.receivedPacketData - isTablet: false, rssi: -70, manufacturer: 42, 09, 81, 02, 14, 15, 06, 21, 01, 49, 2e, 0c, 01, 67, 05, bc, bb, 8a, 00, 00, 00, 00, ed, 00, 00, 6c, 56, 22, 47, 74, 80, 65, 60, 65, 00, 05, 05
04-19 21:42:53.511 32355 28762 I EasySetup[11.1.22.8] : IcControlService.handleIcPacket - SKip Packet
04-19 21:42:53.550  1609  5265 I vendor.qti.bluetooth@1.1-ibs_handler: ProcessIbsCmd: Received IBS_SLEEP_IND: 0xFE
04-19 21:42:53.550  1609  5265 D vendor.qti.bluetooth@1.1-ibs_handler: SerialClockVote: vote for UART CLK OFF
04-19 21:42:53.701  1609  4662 D vendor.qti.bluetooth@1.1-wake_lock: Release wakelock is released 
04-19 21:42:53.827  7327  7994 I SDHMS:x : SIOP:: AP:408 BAT:343 USB:304 CHG:395 PA:403 WIFI:412 CF:387 BLK:0 SUBBAT:0 LRPTHM:378 SKIN:361 SKINF:361 SKINB:358 LRP2:361 LRF2:361 LRB2:358 AP2:361 CHG2:357 WIFI2:358 RCV2:357 SPK2:314 FCAM:304 UPSPK:386 DNSPK:303 VAP02:405 VWIFI:406 AMB2:232 AVGCUR:-51 AVGSYS:0 POWER:-202
04-19 21:42:53.838  2748  2748 D SemWifiP2pGoPowerSave: GopsReceiver : received : com.samsung.intent.action.CHECK_SIOP_LEVEL
04-19 21:42:53.838  2748  2748 I SemWifiP2pGoPowerSave: siop_level = 0
04-19 21:42:53.842  1623  1623 I sensors-hal: set_config:64, no need to adjust sample_period_ns due to reporting_mode = 2
04-19 21:42:53.842  1623  1623 I sensors-hal: send_sensor_config_request:645, dt=ambient_light: convert sample_period=200000000 to batch_period=200000
04-19 21:42:53.842  1623  1623 I sensors-hal: send_sync_sensor_request:508, send sync request
04-19 21:42:53.842  1623  1623 I sensors-hal: send_sync_sensor_request:518, send_sync_sensor_request before send_request for ambient_light with SUID low=3046173514946711665 high=5156882063447517846
04-19 21:42:53.842  1623  1623 I sensors-hal: send_sync_sensor_request:537, wait for notification of response
04-19 21:42:53.843  1623  3907 I sensors-hal: qsh_conn_resp_cb:930, resp_value = 0 for ambient_light 
04-19 21:42:53.843  1623  1623 I sensors-hal: send_sync_sensor_request:543, takes 1 ms to receive the response with 0
04-19 21:42:53.843  1623  1623 I sensors-hal: batch:363, android.sensor.light/51, period=200000000, max_latency=0 request completed
04-19 21:42:53.847  1623  1623 D SensorsFlicker: Als_common::setDelay, handle : 1 time : 10000000ns
04-19 21:42:53.848  1623  1623 D SensorsFlicker: Als_common::enable, handle : 1, mode : 1, en : 1
04-19 21:42:53.849  1623 30044 D SensorsFlicker: Als_common::sendCommand, send enable command
04-19 21:42:53.849  2748  7899 D SemContextService: lock : registerCallback
04-19 21:42:53.850  2748  7899 W CAE     : registerCallback(ContextAwareService.java:188) - [regi 01] Mutex is locked for TEST_FLAT_MOTION
04-19 21:42:53.850  2748  7899 W CAE     : registerCallback(ContextAwareService.java:195) - [regi 04]  com.samsung.android.contextaware.ContextAwareManager$CaListenerDelegate@d2a781
04-19 21:42:53.850  2748  7899 W CAE     : getListener(ListenerListManager.java:127) - [getListener1]  com.samsung.android.contextaware.ContextAwareManager$CaListenerDelegate@d2a781
04-19 21:42:53.850  2748  7899 W CAE     : getListener(ListenerListManager.java:128) - [getListener2]  com.samsung.android.contextaware.manager.ContextAwareService$Listener@9902768
04-19 21:42:53.850  2748  7899 V CAE     : start(ContextProvider.java:128)
04-19 21:42:53.851  2748  7899 V CAE     : clear(TestFlatMotionRunner.java:126)
04-19 21:42:53.851  2748  7899 V CAE     : enable(TestFlatMotionRunner.java:102)
04-19 21:42:53.851  2748  3660 D SensorService: setSContextDataLocked ints length 2 , byte length 4
04-19 21:42:53.851  2748  3660 D SensorService: setSContextDataLocked 17b1
04-19 21:42:53.852  1623  1623 I sensors-hal: inject_sensor_data:407, handle 1502 send inject
04-19 21:42:53.852  1623  1623 I sensors-hal: sendContextData:290, sensor hal 4, (0xb1, 0x17, 0x0, 0x0)
04-19 21:42:53.852  1623  1623 I sensors-hal: sendContextData:349, enable:177, handle:8, algo:26411008
04-19 21:42:53.852  1623  1623 I sensors-hal: is_restrict_mode:147, mode:normal
04-19 21:42:53.852  1623  1623 I sensors-hal: sendContextData:108, device_position 4
04-19 21:42:53.852  1623  1623 I sensors-hal: acquire_qsh_interface:139, acquire_qsh_interface with sensor_id 45 , conn_type 2 
04-19 21:42:53.852  1623  1623 I sensors-hal: acquire_qsh_interface:149, returning _shared_instance[SHARED_SENSORHUBS].conn
04-19 21:42:53.852  1623  1623 I sensors-hal: acquire_shared_instance:173, re-use existing connection for type 2 
04-19 21:42:53.852  1623  1623 I sensors-hal: register_cb:304, suid(low=11077485164857655296,high=1320970896291267344) is new. register callbacks
04-19 21:42:53.852  1623  1623 I sensors-hal: create_sensor_config_request:48, device_position create_sensor_config_request
04-19 21:42:53.852  1623  1623 I sensors-hal: send_sensor_config_request:645, dt=device_position: convert sample_period=0 to batch_period=0
04-19 21:42:53.852  1623  1623 I sensors-hal: send_sync_sensor_request:508, send sync request
04-19 21:42:53.852  1623  1623 I sensors-hal: send_sync_sensor_request:518, send_sync_sensor_request before send_request for device_position with SUID low=11077485164857655296 high=1320970896291267344
04-19 21:42:53.852  1623  1623 I sensors-hal: send_sync_sensor_request:537, wait for notification of response
04-19 21:42:53.853  1623  3658 I sensors-hal: qsh_conn_resp_cb:930, resp_value = 0 for device_position 
04-19 21:42:53.853  1623  1623 I sensors-hal: send_sync_sensor_request:543, takes 1 ms to receive the response with 0
04-19 21:42:53.854  2748  7899 D CAE     : getFaultDetectionResult(TestFlatMotionRunner.java:139) - true
04-19 21:42:53.855  2748  7899 I CAE     : notifyCmdProcessResultObserver(ContextProvider.java:627) - CheckResult = 0, Cause = Success
04-19 21:42:53.857  2748  7899 D CAE     : doCommendProcess(ContextAwareService.java:396) - complete notify the operation result.
04-19 21:42:53.857  2748  7899 I CAE     : displayUsedCountForService(ContextAwareService.java:460) - totalCnt = 1, serviceCount = 1, subCollectionCount = 0
04-19 21:42:53.858  2748  7899 D CAE     : showListenerList(ContextAwareService.java:325) - ===== Context Aware Service List =====
04-19 21:42:53.858  2748  7899 I CAE     : showListenerList(ContextAwareService.java:334) - Listener : com.samsung.android.contextaware.manager.ContextAwareService$Listener@9902768, Service : SLOCATION_RUNNER(1)
04-19 21:42:53.858  2748  7899 I CAE     : showListenerList(ContextAwareService.java:334) - Listener : com.samsung.android.contextaware.manager.ContextAwareService$Listener@9902768, Service : CH_LOC_TRIGGER(1)
04-19 21:42:53.858  2748  7899 I CAE     : showListenerList(ContextAwareService.java:334) - Listener : com.samsung.android.contextaware.manager.ContextAwareService$Listener@9902768, Service : FREE_FALL_DETECTION(1)
04-19 21:42:53.858  2748  7899 I CAE     : showListenerList(ContextAwareService.java:334) - Listener : com.samsung.android.contextaware.manager.ContextAwareService$Listener@9902768, Service : TEST_FLAT_MOTION(1)
04-19 21:42:53.858  2748  7899 I CAE     : showListenerList(ContextAwareService.java:334) - Listener : com.samsung.android.contextaware.manager.ContextAwareService$Listener@9902768, Service : SENSOR_STATUS_CHECK_RUNNER(1)
04-19 21:42:53.858  2748  7899 I CAE     : showListenerList(ContextAwareService.java:334) - Listener : com.samsung.android.contextaware.manager.ContextAwareService$Listener@9902768, Service : PEDOMETER_CURRENT_INFO(1)
04-19 21:42:53.858  2748  7899 I CAE     : showListenerList(ContextAwareService.java:334) - Listener : com.samsung.android.contextaware.manager.ContextAwareService$Listener@9902768, Service : ACTIVITY_TRACKER(1)
04-19 21:42:53.858  2748  7899 I CAE     : showListenerList(ContextAwareService.java:334) - Listener : com.samsung.android.contextaware.manager.ContextAwareService$Listener@9902768, Service : ACTIVITY_TRACKER_CURRENT_INFO(1)
04-19 21:42:53.858  2748  7899 I CAE     : showListenerList(ContextAwareService.java:334) - Listener : com.samsung.android.contextaware.manager.ContextAwareService$Listener@9902768, Service : ACTIVITY_TRACKER_INTERRUPT(1)
04-19 21:42:53.858  2748  7899 I CAE     : showListenerList(ContextAwareService.java:334) - Listener : com.samsung.android.contextaware.manager.ContextAwareService$Listener@9902768, Service : ACTIVITY_TRACKER_BATCH(1)
04-19 21:42:53.859  2748  7899 I CAE     : showListenerList(ContextAwareService.java:334) - Listener : com.samsung.android.contextaware.manager.ContextAwareService$Listener@9902768, Service : PEDOMETER(1)
04-19 21:42:53.859  2748  7899 W CAE     : registerCallback(ContextAwareService.java:209) - [regi 02] Mutex is unlocked for TEST_FLAT_MOTION
04-19 21:42:53.859  2748  7899 E SemContext.CaeProvider: setAttribute() : attribute is null!
04-19 21:42:53.859  2748  7899 D SemContextService: 	.registerCallback : 11, client= com.sec.android.sdhms
04-19 21:42:53.859  2748  7899 D SemContextService: unlock : registerCallback
04-19 21:42:53.860  2748  7899 E SensorService: BigData:Pakage) 5 already enabled. 
04-19 21:42:53.929  1623  3160 D SensorsFlicker: Als_common::readEvents, enabled : 1, data : 8.000000, 0.000000, 0.000000, 0.000000, 37.000000, 0.000000, 16384.000000
04-19 21:42:53.930  1623  1623 D SensorsFlicker: Als_common::setDelay, handle : 1 time : 10000000ns
04-19 21:42:53.932  1623  1623 D SensorsFlicker: Als_common::enable, handle : 1, mode : 1, en : 0
04-19 21:42:53.933  1623 30045 D SensorsFlicker: Als_common::sendCommand, send disable command
04-19 21:42:53.983  1623  3907 I sensors-hal: handle_sns_std_sensor_event:131, [SSC_LIGHT] A: 0(0),c:0,b:1275,m:13,cl:0,l:0,s:0,l0:128,l1:0,s0:0,s1:0,acl:1,opr:0.14,f(r):98,u(bl):100,if:0,wi:0,si:0,po:0(N:0)
04-19 21:42:53.985  1623  1623 I sensors-hal: set_config:64, no need to adjust sample_period_ns due to reporting_mode = 2
04-19 21:42:53.985  1623  1623 I sensors-hal: batch:363, android.sensor.light/51, period=200000000, max_latency=0 request completed
04-19 21:42:53.986  2748  5513 E SensorService: BigData:Pakage) 5 already disabled. 
04-19 21:42:53.986  1623  1623 I sensors-hal: set_config:64, no need to adjust sample_period_ns due to reporting_mode = 2
04-19 21:42:53.986  1623  1623 I sensors-hal: send_sensor_config_request:645, dt=ambient_light: convert sample_period=250000000 to batch_period=250000
04-19 21:42:53.986  1623  1623 I sensors-hal: send_sync_sensor_request:508, send sync request
04-19 21:42:53.986  1623  1623 I sensors-hal: send_sync_sensor_request:518, send_sync_sensor_request before send_request for ambient_light with SUID low=3046173514946711665 high=5156882063447517846
04-19 21:42:53.986  1623  1623 I sensors-hal: send_sync_sensor_request:537, wait for notification of response
04-19 21:42:53.987  1623  3907 I sensors-hal: qsh_conn_resp_cb:930, resp_value = 0 for ambient_light 
04-19 21:42:53.987  1623  1623 I sensors-hal: send_sync_sensor_request:543, takes 1 ms to receive the response with 0
04-19 21:42:53.987  1623  1623 I sensors-hal: batch:363, android.sensor.light/51, period=250000000, max_latency=0 request completed
04-19 21:42:54.044  1623  3658 I sensors-hal: qsh_conn_event_cb:857, SCHED_FIFO(10) for qmi_cbk
04-19 21:42:54.044  1623  3658 I sensors-hal: qsh_conn_event_cb:890, event[0] sensor:device_position  Wakeup, msg_id=1025, ts=2692377425532
04-19 21:42:54.044  1623  3658 I sensors-hal: handle_sns_client_event:78, device_position_event: msgid:1025
04-19 21:42:54.044  1623  3658 I sensors-hal: handle_sns_client_event:97, device_position_event: 3
04-19 21:42:54.048  2748  3656 D CAE     : onGetSensorHubData(SensorHubParserProvider.java:92) - onGetSensorHubData Event [event buffer len :4], AP_WAKEUP
04-19 21:42:54.048  2748  3656 I CAE     : parse(SensorHubParserProvider.java:188) - buffer size = 4
04-19 21:42:54.048  2748  3656 I CAE     : parse(SensorHubParserProvider.java:199) - 1, 1, 23, 3,
04-19 21:42:54.048  2748  3656 D CAE     : display(ContextProvider.java:375) - ================= TEST_FLAT_MOTION =================
04-19 21:42:54.048  2748  3656 I CAE     : display(ContextProvider.java:391) - Action=[3]
04-19 21:42:54.050  2748  3653 D SemContextService: Service.updateContext() : service = Device Position
04-19 21:42:54.052  2748  5513 D SemContextService: lock : unregisterCallback
04-19 21:42:54.052  2748  5513 D SemContextService: Service.removeListenerLocked() : listener = com.samsung.android.hardware.context.SemContextService$Listener@d7fbcbc, service = Device Position, used = 0
04-19 21:42:54.052  2748  5513 W CAE     : unregisterCallback(ContextAwareService.java:230) - [unregi 01] Mutex is locked for TEST_FLAT_MOTION
04-19 21:42:54.052  2748  5513 W CAE     : getListener(ListenerListManager.java:127) - [getListener1]  com.samsung.android.contextaware.ContextAwareManager$CaListenerDelegate@d2a781
04-19 21:42:54.052  2748  5513 W CAE     : getListener(ListenerListManager.java:128) - [getListener2]  com.samsung.android.contextaware.manager.ContextAwareService$Listener@9902768
04-19 21:42:54.052  2748  5513 V CAE     : stop(ContextProvider.java:155)
04-19 21:42:54.052  2748  5513 V CAE     : clear(TestFlatMotionRunner.java:126)
04-19 21:42:54.053  2748  5513 V CAE     : disable(TestFlatMotionRunner.java:115)
04-19 21:42:54.053  2748  3660 D SensorService: setSContextDataLocked ints length 2 , byte length 4
04-19 21:42:54.053  2748  3660 D SensorService: setSContextDataLocked 17b2
04-19 21:42:54.053  1623  1623 I sensors-hal: inject_sensor_data:407, handle 1502 send inject
04-19 21:42:54.053  1623  1623 I sensors-hal: sendContextData:290, sensor hal 4, (0xb2, 0x17, 0x0, 0x0)
04-19 21:42:54.053  1623  1623 I sensors-hal: sendContextData:349, enable:178, handle:8, algo:26411264
04-19 21:42:54.053  1623  1623 I sensors-hal: sendContextData:108, device_position 4
04-19 21:42:54.053  1623  1623 I sensors-hal: send_sync_sensor_request:508, send sync request
04-19 21:42:54.053  1623  1623 I sensors-hal: send_sync_sensor_request:518, send_sync_sensor_request before send_request for device_position with SUID low=11077485164857655296 high=1320970896291267344
04-19 21:42:54.054  1623  1623 I sensors-hal: send_sync_sensor_request:537, wait for notification of response
04-19 21:42:54.055  1623  3658 I sensors-hal: qsh_conn_resp_cb:930, resp_value = 0 for device_position 
04-19 21:42:54.055  1623  1623 I sensors-hal: send_sync_sensor_request:543, takes 1 ms to receive the response with 0
04-19 21:42:54.055  2748  5513 D CAE     : getFaultDetectionResult(TestFlatMotionRunner.java:139) - true
04-19 21:42:54.056  2748  5513 I CAE     : notifyCmdProcessResultObserver(ContextProvider.java:627) - CheckResult = 0, Cause = Success
04-19 21:42:54.059  2748  5513 D CAE     : doCommendProcess(ContextAwareService.java:396) - complete notify the operation result.
04-19 21:42:54.059  2748  5513 I CAE     : displayUsedCountForService(ContextAwareService.java:460) - totalCnt = 0, serviceCount = 0, subCollectionCount = 0
04-19 21:42:54.059  2748  5513 D CAE     : showListenerList(ContextAwareService.java:325) - ===== Context Aware Service List =====
04-19 21:42:54.059  2748  5513 I CAE     : showListenerList(ContextAwareService.java:334) - Listener : com.samsung.android.contextaware.manager.ContextAwareService$Listener@9902768, Service : SLOCATION_RUNNER(1)
04-19 21:42:54.059  2748  5513 I CAE     : showListenerList(ContextAwareService.java:334) - Listener : com.samsung.android.contextaware.manager.ContextAwareService$Listener@9902768, Service : CH_LOC_TRIGGER(1)
04-19 21:42:54.060  2748  5513 I CAE     : showListenerList(ContextAwareService.java:334) - Listener : com.samsung.android.contextaware.manager.ContextAwareService$Listener@9902768, Service : FREE_FALL_DETECTION(1)
04-19 21:42:54.060  2748  5513 I CAE     : showListenerList(ContextAwareService.java:334) - Listener : com.samsung.android.contextaware.manager.ContextAwareService$Listener@9902768, Service : SENSOR_STATUS_CHECK_RUNNER(1)
04-19 21:42:54.060  2748  5513 I CAE     : showListenerList(ContextAwareService.java:334) - Listener : com.samsung.android.contextaware.manager.ContextAwareService$Listener@9902768, Service : PEDOMETER_CURRENT_INFO(1)
04-19 21:42:54.060  2748  5513 I CAE     : showListenerList(ContextAwareService.java:334) - Listener : com.samsung.android.contextaware.manager.ContextAwareService$Listener@9902768, Service : ACTIVITY_TRACKER(1)
04-19 21:42:54.060  2748  5513 I CAE     : showListenerList(ContextAwareService.java:334) - Listener : com.samsung.android.contextaware.manager.ContextAwareService$Listener@9902768, Service : ACTIVITY_TRACKER_CURRENT_INFO(1)
04-19 21:42:54.060  2748  5513 I CAE     : showListenerList(ContextAwareService.java:334) - Listener : com.samsung.android.contextaware.manager.ContextAwareService$Listener@9902768, Service : ACTIVITY_TRACKER_INTERRUPT(1)
04-19 21:42:54.060  2748  5513 I CAE     : showListenerList(ContextAwareService.java:334) - Listener : com.samsung.android.contextaware.manager.ContextAwareService$Listener@9902768, Service : ACTIVITY_TRACKER_BATCH(1)
04-19 21:42:54.060  2748  5513 I CAE     : showListenerList(ContextAwareService.java:334) - Listener : com.samsung.android.contextaware.manager.ContextAwareService$Listener@9902768, Service : PEDOMETER(1)
04-19 21:42:54.060  2748  5513 W CAE     : unregisterCallback(ContextAwareService.java:251) - [unregi 02] Mutex is unlocked for TEST_FLAT_MOTION
04-19 21:42:54.061  2748  5513 D SemContextService: 	.unregisterCallback : 11, client= com.sec.android.sdhms
04-19 21:42:54.061  2748  5513 D SemContextService: unlock : unregisterCallback
04-19 21:42:54.140  1623  3907 I sensors-hal: handle_sns_client_event:190, auto_rotation_debug_2 mode,255, type,1,0 acc,4.790,4.877,-4.288, ar,0, ver,14, pedo,1,e,1,i,3
04-19 21:42:54.152 29940 29978 I [CE]_PrimaryLocationManager: loadGeofences - Prev geofences: 99
04-19 21:42:54.155 29940 29978 I [CE]_PrimaryLocationManager: loadPartialState - 1776644558000 / 1776644558000 / 1776644108000 / 29 / -1 / 0
04-19 21:42:54.156 29940 29978 I [CE]_IndoorLocationManager: onNewGeoFenceDefinition - Update: 99 / {0=0, 1=98, 2=57, 3=21, 4=94, 5=22, 6=20, 7=75, 8=6, 9=42, 10=36, 11=72, 12=96, 13=54, 14=95, 15=67, 16=97, 17=7, 18=32, 19=8, 20=27, 21=45, 22=46, 23=60, 24=33, 25=93, 26=28, 27=5, 28=88, 29=1, 30=83, 31=84, 32=86, 33=87, 34=25, 35=92, 36=29, 37=91, 38=90, 39=53, 40=43, 41=74, 42=68, 43=89, 44=44, 45=65, 46=85, 47=71, 48=9, 49=13, 50=35, 51=82, 52=80, 53=62, 54=81, 55=79, 56=77, 57=78, 58=76, 59=31, 60=70, 61=61, 62=73, 63=56, 64=14, 65=34, 66=16, 67=69, 68=55, 69=12, 70=3, 71=38, 72=2, 73=4, 74=66, 75=10, 76=64, 77=47, 78=63, 79=39, 80=37, 81=41, 82=59, 83=18, 84=58, 85=24, 86=51, 87=52, 88=50, 89=48, 90=49, 91=19, 92=40, 93=30, 94=26, 95=15, 96=23, 97=17, 98=11}
04-19 21:42:54.168 29940 29978 I [CE]_PrimaryAreaManager: loadGeofences - GID / IDX: 0 / 0
04-19 21:42:54.168 29940 29978 I [CE]_PrimaryAreaManager: loadGeofences - GID / IDX: 1 / 1
04-19 21:42:54.169 29940 29978 I [CE]_PrimaryAreaManager: loadGeofences - GID / IDX: 32 / 2
04-19 21:42:54.169 29940 29978 I [CE]_PrimaryAreaManager: loadGeofences - GID / IDX: 35 / 3
04-19 21:42:54.169 29940 29978 I [CE]_PrimaryAreaManager: loadGeofences - GID / IDX: 46 / 4
04-19 21:42:54.169 29940 29978 I [CE]_PrimaryAreaManager: loadGeofences - GID / IDX: 52 / 5
04-19 21:42:54.169 29940 29978 I [CE]_PrimaryAreaManager: loadGeofences - GID / IDX: 56 / 6
04-19 21:42:54.169 29940 29978 I [CE]_PrimaryAreaManager: loadGeofences - GID / IDX: 68 / 7
04-19 21:42:54.169 29940 29978 I [CE]_PrimaryAreaManager: loadGeofences - GID / IDX: 72 / 8
04-19 21:42:54.169 29940 29978 I [CE]_PrimaryAreaManager: loadGeofences - GID / IDX: 74 / 9
04-19 21:42:54.169 29940 29978 I [CE]_PrimaryAreaManager: loadGeofences - GID / IDX: 75 / 10
04-19 21:42:54.169 29940 29978 I [CE]_PrimaryAreaManager: loadGeofences - GID / IDX: 76 / 11
04-19 21:42:54.169 29940 29978 I [CE]_PrimaryAreaManager: loadGeofences - GID / IDX: 93 / 12
04-19 21:42:54.170 29940 29978 I [CE]_PrimaryAreaManager: loadGeofences - GID / IDX: 31 / 13
04-19 21:42:54.170 29940 29978 I [CE]_PrimaryAreaManager: loadGeofences - GID / IDX: 92 / 14
04-19 21:42:54.170 29940 29978 I [CE]_PrimaryAreaManager: loadGeofences - GID / IDX: 89 / 15
04-19 21:42:54.170 29940 29978 I [CE]_PrimaryAreaManager: loadGeofences - GID / IDX: 11 / 16
04-19 21:42:54.170 29940 29978 I [CE]_PrimaryAreaManager: loadGeofences - GID / IDX: 12 / 17
04-19 21:42:54.170 29940 29978 I [CE]_PrimaryAreaManager: loadGeofences - GID / IDX: 23 / 18
04-19 21:42:54.170 29940 29978 I [CE]_PrimaryAreaManager: loadGeofences - GID / IDX: 42 / 19
04-19 21:42:54.170 29940 29978 I [CE]_PrimaryAreaManager: loadGeofences - GID / IDX: 73 / 20
04-19 21:42:54.170 29940 29978 I [CE]_PrimaryAreaManager: loadGeofences - GID / IDX: 80 / 21
04-19 21:42:54.170 29940 29978 I [CE]_PrimaryAreaManager: loadGeofences - GID / IDX: 13 / 22
04-19 21:42:54.170 29940 29978 I [CE]_PrimaryAreaManager: loadGeofences - GID / IDX: 24 / 23
04-19 21:42:54.171 29940 29978 I [CE]_PrimaryAreaManager: loadGeofences - GID / IDX: 29 / 24
04-19 21:42:54.171 29940 29978 I [CE]_PrimaryAreaManager: loadGeofences - GID / IDX: 55 / 25
04-19 21:42:54.171 29940 29978 I [CE]_PrimaryAreaManager: loadGeofences - GID / IDX: 66 / 26
04-19 21:42:54.171 29940 29978 I [CE]_PrimaryAreaManager: loadGeofences - GID / IDX: 67 / 27
04-19 21:42:54.171 29940 29978 I [CE]_PrimaryAreaManager: loadGeofences - GID / IDX: 71 / 28
04-19 21:42:54.171 29940 29978 I [CE]_PrimaryAreaManager: loadGeofences - GID / IDX: 81 / 29
04-19 21:42:54.171 29940 29978 I [CE]_PrimaryAreaManager: loadGeofences - GID / IDX: 63 / 30
04-19 21:42:54.172 29940 29978 I [CE]_PrimaryAreaManager: loadGeofences - GID / IDX: 64 / 31
04-19 21:42:54.172 29940 29978 I [CE]_PrimaryAreaManager: loadGeofences - GID / IDX: 9 / 32
04-19 21:42:54.172 29940 29978 I [CE]_PrimaryAreaManager: loadGeofences - GID / IDX: 83 / 33
04-19 21:42:54.172 29940 29978 I [CE]_PrimaryAreaManager: loadGeofences - GID / IDX: 39 / 34
04-19 21:42:54.172 29940 29978 I [CE]_PrimaryAreaManager: loadGeofences - GID / IDX: 91 / 35
04-19 21:42:54.172 29940 29978 I [CE]_PrimaryAreaManager: loadGeofences - GID / IDX: 90 / 36
04-19 21:42:54.172 29940 29978 I [CE]_PrimaryAreaManager: loadGeofences - GID / IDX: 6 / 37
04-19 21:42:54.172 29940 29978 I [CE]_PrimaryAreaManager: loadGeofences - GID / IDX: 21 / 38
04-19 21:42:54.172 29940 29978 I [CE]_PrimaryAreaManager: loadGeofences - GID / IDX: 28 / 39
04-19 21:42:54.172 29940 29978 I [CE]_PrimaryAreaManager: loadGeofences - GID / IDX: 17 / 40
04-19 21:42:54.172 29940 29978 I [CE]_PrimaryAreaManager: loadGeofences - GID / IDX: 62 / 41
04-19 21:42:54.173 29940 29978 I [CE]_PrimaryAreaManager: loadGeofences - GID / IDX: 86 / 42
04-19 21:42:54.173 29940 29978 I [CE]_PrimaryAreaManager: loadGeofences - GID / IDX: 50 / 43
04-19 21:42:54.173 29940 29978 I [CE]_PrimaryAreaManager: loadGeofences - GID / IDX: 25 / 44
04-19 21:42:54.173 29940 29978 I [CE]_PrimaryAreaManager: loadGeofences - GID / IDX: 26 / 45
04-19 21:42:54.173 29940 29978 I [CE]_PrimaryAreaManager: loadGeofences - GID / IDX: 87 / 46
04-19 21:42:54.173 29940 29978 I [CE]_PrimaryAreaManager: loadGeofences - GID / IDX: 88 / 47
04-19 21:42:54.173 29940 29978 I [CE]_PrimaryAreaManager: loadGeofences - GID / IDX: 84 / 48
04-19 21:42:54.173 29940 29978 I [CE]_PrimaryAreaManager: loadGeofences - GID / IDX: 85 / 49
04-19 21:42:54.173 29940 29978 I [CE]_PrimaryAreaManager: loadGeofences - GID / IDX: 61 / 50
04-19 21:42:54.173 29940 29978 I [CE]_PrimaryAreaManager: loadGeofences - GID / IDX: 7 / 51
04-19 21:42:54.174 29940 29978 I [CE]_PrimaryAreaManager: loadGeofences - GID / IDX: 78 / 52
04-19 21:42:54.174 29940 29978 I [CE]_PrimaryAreaManager: loadGeofences - GID / IDX: 82 / 53
04-19 21:42:54.174 29940 29978 I [CE]_PrimaryAreaManager: loadGeofences - GID / IDX: 8 / 54
04-19 21:42:54.174 29940 29978 I [CE]_PrimaryAreaManager: loadGeofences - GID / IDX: 16 / 55
04-19 21:42:54.174 29940 29978 I [CE]_PrimaryAreaManager: loadGeofences - GID / IDX: 59 / 56
04-19 21:42:54.174 29940 29978 I [CE]_PrimaryAreaManager: loadGeofences - GID / IDX: 79 / 57
04-19 21:42:54.174 29940 29978 I [CE]_PrimaryAreaManager: loadGeofences - GID / IDX: 20 / 58
04-19 21:42:54.174 29940 29978 I [CE]_PrimaryAreaManager: loadGeofences - GID / IDX: 51 / 59
04-19 21:42:54.174 29940 29978 I [CE]_PrimaryAreaManager: loadGeofences - GID / IDX: 77 / 60
04-19 21:42:54.174 29940 29978 I [CE]_PrimaryAreaManager: loadGeofences - GID / IDX: 15 / 61
04-19 21:42:54.175 29940 29978 I [CE]_PrimaryAreaManager: loadGeofences - GID / IDX: 18 / 62
04-19 21:42:54.175 29940 29978 I [CE]_PrimaryAreaManager: loadGeofences - GID / IDX: 47 / 63
04-19 21:42:54.175 29940 29978 I [CE]_PrimaryAreaManager: loadGeofences - GID / IDX: 48 / 64
04-19 21:42:54.175 29940 29978 I [CE]_PrimaryAreaManager: loadGeofences - GID / IDX: 69 / 65
04-19 21:42:54.175 29940 29978 I [CE]_PrimaryAreaManager: loadGeofences - GID / IDX: 19 / 66
04-19 21:42:54.175 29940 29978 I [CE]_PrimaryAreaManager: loadGeofences - GID / IDX: 70 / 67
04-19 21:42:54.175 29940 29978 I [CE]_PrimaryAreaManager: loadGeofences - GID / IDX: 54 / 68
04-19 21:42:54.175 29940 29978 I [CE]_PrimaryAreaManager: loadGeofences - GID / IDX: 14 / 69
04-19 21:42:54.175 29940 29978 I [CE]_PrimaryAreaManager: loadGeofences - GID / IDX: 49 / 70
04-19 21:42:54.176 29940 29978 I [CE]_PrimaryAreaManager: loadGeofences - GID / IDX: 4 / 71
04-19 21:42:54.176 29940 29978 I [CE]_PrimaryAreaManager: loadGeofences - GID / IDX: 65 / 72
04-19 21:42:54.176 29940 29978 I [CE]_PrimaryAreaManager: loadGeofences - GID / IDX: 60 / 73
04-19 21:42:54.176 29940 29978 I [CE]_PrimaryAreaManager: loadGeofences - GID / IDX: 58 / 74
04-19 21:42:54.176 29940 29978 I [CE]_PrimaryAreaManager: loadGeofences - GID / IDX: 41 / 75
04-19 21:42:54.176 29940 29978 I [CE]_PrimaryAreaManager: loadGeofences - GID / IDX: 57 / 76
04-19 21:42:54.176 29940 29978 I [CE]_PrimaryAreaManager: loadGeofences - GID / IDX: 36 / 77
04-19 21:42:54.176 29940 29978 I [CE]_PrimaryAreaManager: loadGeofences - GID / IDX: 34 / 78
04-19 21:42:54.177 29940 29978 I [CE]_PrimaryAreaManager: loadGeofences - GID / IDX: 38 / 79
04-19 21:42:54.177 29940 29978 I [CE]_PrimaryAreaManager: loadGeofences - GID / IDX: 53 / 80
04-19 21:42:54.177 29940 29978 I [CE]_PrimaryAreaManager: loadGeofences - GID / IDX: 33 / 81
04-19 21:42:54.177 29940 29978 I [CE]_PrimaryAreaManager: loadGeofences - GID / IDX: 37 / 82
04-19 21:42:54.177 29940 29978 I [CE]_PrimaryAreaManager: loadGeofences - GID / IDX: 45 / 83
04-19 21:42:54.177 29940 29978 I [CE]_PrimaryAreaManager: loadGeofences - GID / IDX: 44 / 84
04-19 21:42:54.177 29940 29978 I [CE]_PrimaryAreaManager: loadGeofences - GID / IDX: 43 / 85
04-19 21:42:54.177 29940 29978 I [CE]_PrimaryAreaManager: loadGeofences - GID / IDX: 40 / 86
04-19 21:42:54.177 29940 29978 I [CE]_PrimaryAreaManager: loadGeofences - GID / IDX: 30 / 87
04-19 21:42:54.177 29940 29978 I [CE]_PrimaryAreaManager: loadGeofences - GID / IDX: 27 / 88
04-19 21:42:54.177 29940 29978 I [CE]_PrimaryAreaManager: loadGeofences - GID / IDX: 22 / 89
04-19 21:42:54.177 29940 29978 I [CE]_PrimaryAreaManager: loadGeofences - GID / IDX: 10 / 90
04-19 21:42:54.178 29940 29978 I [CE]_PrimaryAreaManager: loadGeofences - GID / IDX: 5 / 91
04-19 21:42:54.178 29940 29978 I [CE]_PrimaryAreaManager: loadGeofences - GID / IDX: 2 / 92
04-19 21:42:54.178 29940 29978 I [CE]_PrimaryAreaManager: loadGeofences - GID / IDX: 3 / 93
04-19 21:42:54.178 29940 29978 I [CE]_PrimaryAreaManager: loadGeofences - Prev geofences: 94
04-19 21:42:54.180 29940 29978 I [CE]_PrimaryAreaManager: loadPartialState - 1776643471000 / 1776645634000 / 0 / -1 / -1 / 0
04-19 21:42:54.181 29940 29978 I [CE]_ActivityDataManagerImpl: getMoveState - Use last saved state in DB
04-19 21:42:54.183 29940 29978 I [CE]_ActivityDataManagerImpl: getLastMoveStateDB - Type: 1
04-19 21:42:54.183 29940 29978 I [CE]_ActivityDataManagerImpl: getMoveState - Current Move State: 1
04-19 21:42:54.183 29940 29978 I [CE]_IndoorLocationManager: onNewMotionState - State update: 0
04-19 21:42:54.183 29940 29978 I [CE]_DataAcquisitionManager: initiateWifiScanAcquisition - listener registered
04-19 21:42:54.189 29940 29978 I [CE]_DataAcquisitionManager: registerScanTimer - Scan timer registered: 1800000
04-19 21:42:54.191 29940 29978 I [CE]_SpatialContextManager: start - Restored latest Refined Location = 0
04-19 21:42:54.197 29940 29978 I [CE]_SpatialInference: startSpatialInferenceAlarm - alarm registered
04-19 21:42:54.199  2748  5513 D SLocation: SLocation - flushBatchedLocations
04-19 21:42:54.200  2748  5513 D SLocation: CommonUtil - check android.permission.ACCESS_FINE_LOCATION Permission pid=29940, uid=10093, hasPermission=true
04-19 21:42:54.205  2748  5513 D SLocation: SLocation - flushBatchedLocations end
04-19 21:42:54.205  2748  4072 D SLocation: BatchCoreManager - send flush request to core
04-19 21:42:54.205  2748  4072 D SLocation: SLocationCoreSem - send to coreSem, packet length : 11 / [48, 0, 0, 1, 44, 0, 0, 0, 200, 0, 20]
04-19 21:42:54.205  2748  4072 D SemContextLocationCoreAttribute: setAttribute() mode : 0 action : 23
04-19 21:42:54.205  2748  4072 D SemContextService: lock : changeParameters
04-19 21:42:54.206  2748  4072 D SemContext.CaeProvider.LocationCoreImpl: setAttribute() mode : 0 action : 23
04-19 21:42:54.206  2748  4072 W CAE     : setCAProperty(ContextAwareService.java:509) - [setProperty 01] Mutex is locked for SLOCATION_RUNNER
04-19 21:42:54.206  2748  4072 I CAE     : setPropertyValue(SLocationRunner.java:116) - SLocationRunner setProperty header : 48, len : 11
04-19 21:42:54.206  2748  3660 D SensorService: setSContextDataLocked ints length 5 , byte length 14
04-19 21:42:54.206  2748  3660 D SensorService: setSContextDataLocked 303717c1
04-19 21:42:54.207  1623  1623 I sensors-hal: inject_sensor_data:407, handle 1502 send inject
04-19 21:42:54.207  1623  1623 I sensors-hal: sendContextData:290, sensor hal 14, (0xc1, 0x17, 0x37, 0x30)
04-19 21:42:54.207  1623  1623 E sensors-hal: sendContextData:133, slocationcore h 193 m 23 s 55
04-19 21:42:54.207  1623  1623 I sensors-hal: sendUserData:119, slocationcore sendUserData
04-19 21:42:54.207  1623  1623 E sensors-hal: create_send_context_data:64, slocationcore create_send_context_data
04-19 21:42:54.207  1623  1623 I sensors-hal: send_context_data:694, slocationcore, 4986366670857974562, 1320970896291267344, msgid:700
04-19 21:42:54.207  2748  4072 W CAE     : setCAProperty(ContextAwareService.java:515) - [setProperty 02] Mutex is unlocked for SLOCATION_RUNNER
04-19 21:42:54.207  2748  4072 D SemContextService: unlock : changeParameters
04-19 21:42:54.207  2748  4072 D SemContextManager:   .changeParameters : listener = Z.i@97afad1, service=SLocation Core
04-19 21:42:54.208  2748  4072 D SLocation: SLocationCoreSem - send to coreSem, packet length : 2 / [51, 1]
04-19 21:42:54.208  1623  3658 I sensors-hal: qsh_conn_resp_cb:930, resp_value = 0 for slocationcore 
04-19 21:42:54.208  2748  4072 D SemContextLocationCoreAttribute: setAttribute() mode : 0 action : 23
04-19 21:42:54.208  2748  4072 D SemContextService: lock : changeParameters
04-19 21:42:54.208  2748  4072 D SemContext.CaeProvider.LocationCoreImpl: setAttribute() mode : 0 action : 23
04-19 21:42:54.208  1623  3658 I sensors-hal: qsh_conn_event_cb:890, event[0] sensor:slocationcore  Wakeup, msg_id=1025, ts=2692380574906
04-19 21:42:54.208  1623  3658 E sensors-hal: handle_sns_client_event:78, slocationcore_event: msgid:1025
04-19 21:42:54.208  2748  4072 W CAE     : setCAProperty(ContextAwareService.java:509) - [setProperty 01] Mutex is locked for SLOCATION_RUNNER
04-19 21:42:54.208  2748  4072 I CAE     : setPropertyValue(SLocationRunner.java:116) - SLocationRunner setProperty header : 51, len : 2
04-19 21:42:54.208  2748  3660 D SensorService: setSContextDataLocked ints length 3 , byte length 5
04-19 21:42:54.208  2748  3660 D SensorService: setSContextDataLocked 333717c1
04-19 21:42:54.209  1623  1623 I sensors-hal: inject_sensor_data:407, handle 1502 send inject
04-19 21:42:54.209  1623  1623 I sensors-hal: sendContextData:290, sensor hal 5, (0xc1, 0x17, 0x37, 0x33)
04-19 21:42:54.209  1623  1623 E sensors-hal: sendContextData:133, slocationcore h 193 m 23 s 55
04-19 21:42:54.209  1623  1623 I sensors-hal: sendUserData:119, slocationcore sendUserData
04-19 21:42:54.209  1623  1623 E sensors-hal: create_send_context_data:64, slocationcore create_send_context_data
04-19 21:42:54.209  1623  1623 I sensors-hal: send_context_data:694, slocationcore, 4986366670857974562, 1320970896291267344, msgid:700
04-19 21:42:54.210  2748  4072 W CAE     : setCAProperty(ContextAwareService.java:515) - [setProperty 02] Mutex is unlocked for SLOCATION_RUNNER
04-19 21:42:54.210  2748  4072 D SemContextService: unlock : changeParameters
04-19 21:42:54.210  2748  4072 D SemContextManager:   .changeParameters : listener = Z.i@97afad1, service=SLocation Core
04-19 21:42:54.210  2748  4072 D SLocation: SLocationCoreSem - send to coreSem, packet length : 1 / [50]
04-19 21:42:54.210  2748  4072 D SemContextLocationCoreAttribute: setAttribute() mode : 0 action : 23
04-19 21:42:54.210  2748  4072 D SemContextService: lock : changeParameters
04-19 21:42:54.210  2748  4072 D SemContext.CaeProvider.LocationCoreImpl: setAttribute() mode : 0 action : 23
04-19 21:42:54.210  2748  4072 W CAE     : setCAProperty(ContextAwareService.java:509) - [setProperty 01] Mutex is locked for SLOCATION_RUNNER
04-19 21:42:54.210  1623  3658 I sensors-hal: qsh_conn_resp_cb:930, resp_value = 0 for slocationcore 
04-19 21:42:54.210  2748  4072 I CAE     : setPropertyValue(SLocationRunner.java:116) - SLocationRunner setProperty header : 50, len : 1
04-19 21:42:54.210  1623  3658 I sensors-hal: qsh_conn_event_cb:890, event[0] sensor:slocationcore  Wakeup, msg_id=1025, ts=2692380618298
04-19 21:42:54.210  1623  3658 E sensors-hal: handle_sns_client_event:78, slocationcore_event: msgid:1025
04-19 21:42:54.211  2748  3660 D SensorService: setSContextDataLocked ints length 2 , byte length 4
04-19 21:42:54.211  2748  3660 D SensorService: setSContextDataLocked 323717c1
04-19 21:42:54.211  1623  1623 I sensors-hal: inject_sensor_data:407, handle 1502 send inject
04-19 21:42:54.211  1623  1623 I sensors-hal: sendContextData:290, sensor hal 4, (0xc1, 0x17, 0x37, 0x32)
04-19 21:42:54.211  1623  1623 E sensors-hal: sendContextData:133, slocationcore h 193 m 23 s 55
04-19 21:42:54.211  1623  1623 I sensors-hal: sendUserData:119, slocationcore sendUserData
04-19 21:42:54.211  1623  1623 E sensors-hal: create_send_context_data:64, slocationcore create_send_context_data
04-19 21:42:54.211  1623  1623 I sensors-hal: send_context_data:694, slocationcore, 4986366670857974562, 1320970896291267344, msgid:700
04-19 21:42:54.211  2748  3656 D CAE     : onGetSensorHubData(SensorHubParserProvider.java:92) - onGetSensorHubData Event [event buffer len :10], AP_WAKEUP
04-19 21:42:54.211  2748  3656 I CAE     : parse(SensorHubParserProvider.java:188) - buffer size = 10
04-19 21:42:54.211  2748  3656 I CAE     : parse(SensorHubParserProvider.java:199) - 1, 1, 55, 0, 5, 2, 48, 0, 0, 0,
04-19 21:42:54.211  2748  3656 I CAE     : parse(SLocationRunner.java:88) - SLocationRunner parse start : 3
04-19 21:42:54.211  2748  3656 D CAE     : display(ContextProvider.java:375) - ================= SLOCATION_RUNNER =================
04-19 21:42:54.212  2748  4072 W CAE     : setCAProperty(ContextAwareService.java:515) - [setProperty 02] Mutex is unlocked for SLOCATION_RUNNER
04-19 21:42:54.212  2748  4072 D SemContextService: unlock : changeParameters
04-19 21:42:54.212  7340 27568 I [MCFDs]_ClientProvider: call - METHOD_GET_THIS_DEVICE_ID: *.m*fd*, null
04-19 21:42:54.212  2748  4072 D SemContextManager:   .changeParameters : listener = Z.i@97afad1, service=SLocation Core
04-19 21:42:54.212  2748  3656 I CAE     : display(ContextProvider.java:391) - ExtraDataArray=[1, 1, 55, 0, 5, 2, 48, 0, 0, 0]
04-19 21:42:54.212  1623  3658 I sensors-hal: qsh_conn_resp_cb:930, resp_value = 0 for slocationcore 
04-19 21:42:54.212  1623  3658 I sensors-hal: qsh_conn_event_cb:890, event[0] sensor:slocationcore  Wakeup, msg_id=1025, ts=2692380659404
04-19 21:42:54.212  1623  3658 E sensors-hal: handle_sns_client_event:78, slocationcore_event: msgid:1025
04-19 21:42:54.212  2748  3656 I CAE     : parse(SLocationRunner.java:96) - SLocationRunner parse end:10
04-19 21:42:54.212  2748  3656 D CAE     : onGetSensorHubData(SensorHubParserProvider.java:92) - onGetSensorHubData Event [event buffer len :10], AP_WAKEUP
04-19 21:42:54.213  2748  3656 I CAE     : parse(SensorHubParserProvider.java:188) - buffer size = 10
04-19 21:42:54.213  2748  3653 D SemContextService: Service.updateContext() : service = SLocation Core
04-19 21:42:54.213  2748  3656 I CAE     : parse(SensorHubParserProvider.java:199) - 1, 1, 55, 0, 5, 2, 51, 0, 0, 0,
04-19 21:42:54.213  2748  3656 I CAE     : parse(SLocationRunner.java:88) - SLocationRunner parse start : 3
04-19 21:42:54.213  2748  3656 D CAE     : display(ContextProvider.java:375) - ================= SLOCATION_RUNNER =================
04-19 21:42:54.213  1623  3658 I sensors-hal: qsh_conn_event_cb:890, event[0] sensor:slocationcore  Wakeup, msg_id=1025, ts=2692380659719
04-19 21:42:54.213  1623  3658 E sensors-hal: handle_sns_client_event:78, slocationcore_event: msgid:1025
04-19 21:42:54.213  2748  3656 I CAE     : display(ContextProvider.java:391) - ExtraDataArray=[1, 1, 55, 0, 5, 2, 51, 0, 0, 0]
04-19 21:42:54.213  2748  2748 D SemContextManager: onSemContextChanged() : event = SLocation Core
04-19 21:42:54.213  2748  2748 D SLocation: SensorHubWrapper - SemContextChanged type = 47, packet received
04-19 21:42:54.213  2748  3656 I CAE     : parse(SLocationRunner.java:96) - SLocationRunner parse end:10
04-19 21:42:54.214  2748  3653 D SemContextService: Service.updateContext() : service = SLocation Core
04-19 21:42:54.214  2748  2748 D SemContextManager: onSemContextChanged() : event = SLocation Core
04-19 21:42:54.214  2748  2748 D SLocation: SensorHubWrapper - SemContextChanged type = 47, packet received
04-19 21:42:54.214  2748  4072 D SLocation: GeofenceCoreManager - received Extra Data from core, len : 5
04-19 21:42:54.214  2748  4072 D SLocation: GeofenceCoreManager - handleCommandCallback - UNKNOWN_CALLBACK 48 SUCCESS
04-19 21:42:54.214  2748  4072 D SLocation: CommonCoreManager - received Extra Data from core, len : 5
04-19 21:42:54.214  2748  4072 D SLocation: GeofenceCoreManager - received Extra Data from core, len : 5
04-19 21:42:54.214  2748  4072 D SLocation: GeofenceCoreManager - handleCommandCallback - UNKNOWN_CALLBACK 51 SUCCESS
04-19 21:42:54.214  2748  4072 D SLocation: CommonCoreManager - received Extra Data from core, len : 5
04-19 21:42:54.214  2748  3656 D CAE     : onGetSensorHubData(SensorHubParserProvider.java:92) - onGetSensorHubData Event [event buffer len :6], AP_WAKEUP
04-19 21:42:54.215  2748  3656 I CAE     : parse(SensorHubParserProvider.java:188) - buffer size = 6
04-19 21:42:54.215  2748  3656 I CAE     : parse(SensorHubParserProvider.java:199) - 1, 1, 55, 0, 1, 49,
04-19 21:42:54.215  2748  3656 I CAE     : parse(SLocationRunner.java:88) - SLocationRunner parse start : 3
04-19 21:42:54.215  2748  3656 D CAE     : display(ContextProvider.java:375) - ================= SLOCATION_RUNNER =================
04-19 21:42:54.215  2748  3656 I CAE     : display(ContextProvider.java:391) - ExtraDataArray=[1, 1, 55, 0, 1, 49]
04-19 21:42:54.215  2748  3656 I CAE     : parse(SLocationRunner.java:96) - SLocationRunner parse end:6
04-19 21:42:54.215  2748  3656 D CAE     : onGetSensorHubData(SensorHubParserProvider.java:92) - onGetSensorHubData Event [event buffer len :10], AP_WAKEUP
04-19 21:42:54.215  2748  3656 I CAE     : parse(SensorHubParserProvider.java:188) - buffer size = 10
04-19 21:42:54.215  2748  3653 D SemContextService: Service.updateContext() : service = SLocation Core
04-19 21:42:54.216  2748  3656 I CAE     : parse(SensorHubParserProvider.java:199) - 1, 1, 55, 0, 5, 2, 50, 0, 0, 0,
04-19 21:42:54.216  2748  3656 I CAE     : parse(SLocationRunner.java:88) - SLocationRunner parse start : 3
04-19 21:42:54.216  2748  2748 D SemContextManager: onSemContextChanged() : event = SLocation Core
04-19 21:42:54.216  2748  2748 D SLocation: SensorHubWrapper - SemContextChanged type = 47, packet received
04-19 21:42:54.216  2748  3656 D CAE     : display(ContextProvider.java:375) - ================= SLOCATION_RUNNER =================
04-19 21:42:54.216  2748  3656 I CAE     : display(ContextProvider.java:391) - ExtraDataArray=[1, 1, 55, 0, 5, 2, 50, 0, 0, 0]
04-19 21:42:54.216  2748  4072 D SLocation: GeofenceCoreManager - received Extra Data from core, len : 1
04-19 21:42:54.216  2748  4072 D SLocation: BatchCoreManager - onFlushFinished called
04-19 21:42:54.216  2748  3656 I CAE     : parse(SLocationRunner.java:96) - SLocationRunner parse end:10
04-19 21:42:54.216  2748  4072 D SLocation: CommonCoreManager - received Extra Data from core, len : 1
04-19 21:42:54.216  2748  3653 D SemContextService: Service.updateContext() : service = SLocation Core
04-19 21:42:54.217  2748  2748 D SemContextManager: onSemContextChanged() : event = SLocation Core
04-19 21:42:54.217  2748  2748 D SLocation: SensorHubWrapper - SemContextChanged type = 47, packet received
04-19 21:42:54.217  2748  4072 D SLocation: GeofenceCoreManager - received Extra Data from core, len : 5
04-19 21:42:54.217  2748  4072 D SLocation: GeofenceCoreManager - handleCommandCallback - UNKNOWN_CALLBACK 50 SUCCESS
04-19 21:42:54.217  2748  4072 D SLocation: CommonCoreManager - received Extra Data from core, len : 5
04-19 21:42:54.224  7340 27568 I [MCFDs]_ClientProvider: call - METHOD_GET_THIS_DEVICE_ID: *.m*fd*, null
04-19 21:42:54.225 29940 29978 I [CE]_LivingTogetherManager: start - mIsStarted = false
04-19 21:42:54.225 29940 29978 I [CE]_IntentHandler: registerChangedIntent - changedEvent: 0, callingPackageName: com.samsung.android.mcfds
04-19 21:42:54.242  4730  4730 D BoundBrokerSvc: onRebind: Intent { act=com.google.android.gms.libs.gmscorelogger.service.START dat=chimera-action:/... xflg=0x4 cmp=com.google.android.gms/.chimera.PersistentDirectBootAwareApiService }
04-19 21:42:54.248 29940 29978 I [CE]_GeofenceChangeObserver: registerHomeGeofenceChangedObserver - Start registering Home Geofence by Inference Manager
04-19 21:42:54.250  2748  5513 D SLocation: SLocation - addGeofences com.samsung.android.mcfds
04-19 21:42:54.251  2748  5513 D SLocation: CommonUtil - check android.permission.ACCESS_FINE_LOCATION Permission pid=29940, uid=10093, hasPermission=true
04-19 21:42:54.251  2748  5513 D SLocation: CommonUtil - check android.permission.ACCESS_BACKGROUND_LOCATION Permission pid=29940, uid=10093, hasPermission=true
04-19 21:42:54.251  2748  5513 D SLocation: ClientDataManager - com.samsung.android.mcfds max count is 20
04-19 21:42:54.251  2748  5513 E SLocation: GeofenceManager - com.samsung.android.mcfds can not add geofence because of number limitation
04-19 21:42:54.251  2748  5513 D SLocation: SLocation - addGeofences end com.samsung.android.mcfds -6
04-19 21:42:54.252  2748  5513 D SLocation: SLocation - removeGeofences com.samsung.android.mcfds
04-19 21:42:54.252  2748  5513 D SLocation: GeofenceManager - removeGeofence by ceHome, com.samsung.android.mcfds
04-19 21:42:54.254  2748  5513 D SLocation: SLocation - removeGeofences end com.samsung.android.mcfds 0
04-19 21:42:54.254 29940 29978 I [CE]_SLocationManager: addGeofence - Removed & add again: geofenceId = ceHome
04-19 21:42:54.255  2748  4072 D SLocation: LocationProviderStatus - try to update provider status (GPS/NLP)
04-19 21:42:54.255  2748  5513 D SLocation: SLocation - addGeofences com.samsung.android.mcfds
04-19 21:42:54.255  2748  4072 D SLocation: LocationProviderStatus - set isGpsOn : true, isNlpOn : true
04-19 21:42:54.255  2748  4072 D SLocation: LocationProviderStatus - gps & nlp status not changed
04-19 21:42:54.255  2748  4072 D SLocation: LocationProviderStatus - try to update provider status (GPS/NLP)
04-19 21:42:54.255  2748  4072 D SLocation: LocationProviderStatus - set isGpsOn : true, isNlpOn : true
04-19 21:42:54.255  2748  4072 D SLocation: LocationProviderStatus - gps & nlp status not changed
04-19 21:42:54.255  2748  5513 D SLocation: CommonUtil - check android.permission.ACCESS_FINE_LOCATION Permission pid=29940, uid=10093, hasPermission=true
04-19 21:42:54.255  2748  5513 D SLocation: CommonUtil - check android.permission.ACCESS_BACKGROUND_LOCATION Permission pid=29940, uid=10093, hasPermission=true
04-19 21:42:54.255  2748  5513 D SLocation: ClientDataManager - com.samsung.android.mcfds max count is 20
04-19 21:42:54.255  2748  4072 D SLocation: GeofenceCoreManager - geofence core command pending size : 4
04-19 21:42:54.255  2748  4072 D SLocation: GeofenceCoreRecovery - removeGeofenceInfo id = 15000
04-19 21:42:54.255  2748  4072 D SLocation: SLocationCoreSem - send to coreSem, packet length : 3 / [17, 58, 152]
04-19 21:42:54.255  2748  4072 D SemContextLocationCoreAttribute: setAttribute() mode : 0 action : 23
04-19 21:42:54.255  2748  4072 D SemContextService: lock : changeParameters
04-19 21:42:54.255  2748  4072 D SemContext.CaeProvider.LocationCoreImpl: setAttribute() mode : 0 action : 23
04-19 21:42:54.256  2748  4072 W CAE     : setCAProperty(ContextAwareService.java:509) - [setProperty 01] Mutex is locked for SLOCATION_RUNNER
04-19 21:42:54.256  2748  4072 I CAE     : setPropertyValue(SLocationRunner.java:116) - SLocationRunner setProperty header : 17, len : 3
04-19 21:42:54.256  2748  3660 D SensorService: setSContextDataLocked ints length 3 , byte length 6
04-19 21:42:54.256  2748  3660 D SensorService: setSContextDataLocked 113717c1
04-19 21:42:54.256  2748  5513 D SLocation: GeopointGeofenceParam - add geopoint geofence with no bssids
04-19 21:42:54.256  1623  1623 I sensors-hal: inject_sensor_data:407, handle 1502 send inject
04-19 21:42:54.256  2748  5513 D SLocation: GeopointGeofenceManger - startGeoPointGeofence ID = 443, isPaused=false
04-19 21:42:54.256  1623  1623 I sensors-hal: sendContextData:290, sensor hal 6, (0xc1, 0x17, 0x37, 0x11)
04-19 21:42:54.256  2748  5513 D SLocation: GeopointLastLocation - last location time exceed threshold 289091 / 30000
04-19 21:42:54.256  1623  1623 E sensors-hal: sendContextData:133, slocationcore h 193 m 23 s 55
04-19 21:42:54.256  1623  1623 I sensors-hal: sendUserData:119, slocationcore sendUserData
04-19 21:42:54.256  1623  1623 E sensors-hal: create_send_context_data:64, slocationcore create_send_context_data
04-19 21:42:54.256  2748  5513 D SLocation: SLocation - addGeofences end com.samsung.android.mcfds 0
04-19 21:42:54.256  1623  1623 I sensors-hal: send_context_data:694, slocationcore, 4986366670857974562, 1320970896291267344, msgid:700
04-19 21:42:54.257 29940 29978 I [CE]_SLocationManager: addGeofence - ceHome, 0
04-19 21:42:54.257  1623  3658 I sensors-hal: qsh_conn_resp_cb:930, resp_value = 0 for slocationcore 
04-19 21:42:54.257  1623  3658 I sensors-hal: qsh_conn_event_cb:890, event[0] sensor:slocationcore  Wakeup, msg_id=1025, ts=2692381528179
04-19 21:42:54.257  1623  3658 E sensors-hal: handle_sns_client_event:78, slocationcore_event: msgid:1025
04-19 21:42:54.258  2748  5513 D SLocation: SLocation - addGeofences com.samsung.android.mcfds
04-19 21:42:54.258  2748  5513 D SLocation: CommonUtil - check android.permission.ACCESS_FINE_LOCATION Permission pid=29940, uid=10093, hasPermission=true
04-19 21:42:54.258  2748  5513 D SLocation: CommonUtil - check android.permission.ACCESS_BACKGROUND_LOCATION Permission pid=29940, uid=10093, hasPermission=true
