04-19 21:26:41.591  5487  5487 D LoadedApk: mApplicationInfo overrideDisplayId:null
04-19 21:26:41.606  5487  5487 D nativeloader: Configuring clns-4 for other apk /data/app/~~HLPvpy3uuNneesZqv3QBrg==/com.facebook.system-olVdD3Nf6zcJ87TaaOiAlA==/base.apk. target_sdk_version=36, uses_libraries=, library_path=/data/app/~~HLPvpy3uuNneesZqv3QBrg==/com.facebook.system-olVdD3Nf6zcJ87TaaOiAlA==/lib/arm64, permitted_path=/data:/mnt/expand:/data/user/0/com.facebook.system
04-19 21:26:41.622  5487  5487 D nativeloader: Load libframework-connectivity-jni.so using APEX ns com_android_tethering for caller /apex/com.android.tethering/javalib/framework-connectivity.jar: ok
04-19 21:26:41.631  5487  5487 V GraphicsEnvironment: ANGLE Developer option for 'com.facebook.system' set to: 'default'
04-19 21:26:41.632  5487  5487 V GraphicsEnvironment: ANGLE GameManagerService for com.facebook.system: false
04-19 21:26:41.635  5487  5487 D NetworkSecurityConfig: Using Network Security Config from resource fb_network_security_config debugBuild: false
04-19 21:26:41.637  5487  5487 D NetworkSecurityConfig: Using Network Security Config from resource fb_network_security_config debugBuild: false
04-19 21:26:41.654  5487  5487 D OplusActivityManager: get AMS extension: android.os.BinderProxy@91becb
04-19 21:26:41.664  2206  2233 W PackageManager: package unknown uid 10172 pid 5377 call SetEnabledSetting(com.facebook.appmanager component = com.facebook.oxygen.appmanager.nekodirect.NekoDirectProvider, 2, 0)
04-19 21:26:41.666  5377  5481 E ActivityThread: Failed to find provider info for com.facebook.appmanager.nekodirect
04-19 21:26:41.667  2206  2233 W PackageManager: package unknown uid 10172 pid 5377 call SetEnabledSetting(com.facebook.appmanager component = com.facebook.oxygen.appmanager.installapi.OxInstallApiProvider, 1, 0)
04-19 21:26:41.671  2206  2233 W PackageManager: package unknown uid 10172 pid 5377 call SetEnabledSetting(com.facebook.appmanager component = com.facebook.oxygen.appmanager.experimentation.AppManagerExperimentProvider, 1, 0)
04-19 21:26:41.864  3744  3795 D NetworkEvent: OplusNetworkEventCbProxy invoke.....onDnsEvent argslen:8
04-19 21:26:41.919  2206  3578 I OplusHansManager : uid=10370, pkg=com.google.android.apps.magazines can transition from M to F
04-19 21:26:41.919  2206  3578 I OplusHansManager : uid=10370, pkg=com.google.android.apps.magazines F enter(), M stay=10
04-19 21:26:41.924  2206  3578 I OplusHansManager : freeze uid: 10370 com.google.android.apps.magazines pids: [31159] scene: LcdOff
04-19 21:26:41.926  5629 30566 D IHansComunication: HansComunication::addUid-- 10370, persistent--0
04-19 21:26:41.926  5629 30566 D IHansComunication: HANS sendMessageToKernel: threadId = 528677321904, netLinkSetup = 1, type = PKG, targetUid = 10370, pkgCmd = ADD_ONE_UID
04-19 21:26:41.931  2206  3578 I OplusHansManager : uid=10405, pkg=com.experian.android can transition from M to F
04-19 21:26:41.931  2206  3578 I OplusHansManager : uid=10405, pkg=com.experian.android F enter(), M stay=10
04-19 21:26:41.936  2206  3578 I OplusHansManager : freeze uid: 10405 com.experian.android pids: [31302, 31131] scene: LcdOff
04-19 21:26:41.937  5629 30566 D IHansComunication: HansComunication::addUid-- 10405, persistent--0
04-19 21:26:41.937  5629 30566 D IHansComunication: HANS sendMessageToKernel: threadId = 528677321904, netLinkSetup = 1, type = PKG, targetUid = 10405, pkgCmd = ADD_ONE_UID
04-19 21:26:42.106  3687  4258 I Athena  : CommonAction: 0,2662,128,4035,5631,29,327,360,2074,2747,805,1664
04-19 21:26:42.128  1217  1217 D vendor.oplus.hardware.charger@1.0-service: getPsyUsbType type: USB, ret_value = 3
04-19 21:26:42.128  1217  1217 D vendor.oplus.hardware.charger@1.0-service: getPsyUsbType type: USB is usb charging.
04-19 21:26:42.138  6676  8668 E Battery : ChargeProtectionUtils: mCanlendarTmp.isEmpty()!
04-19 21:26:42.139  6528  6528 E VendorNfcService: changeNfcStateByWirelessCharge: feature WIRELESS_CHARGING = true; mIsWirelessCharging: false; mIsReverseChargingSwitchOpen: false; mNfcWorkMode: 0; isOverSeaRegion() = true
04-19 21:26:42.142  2206  2287 I OplusHansManager : unfreeze uid: 10370 com.google.android.apps.magazines pids: [31159] reason: Broadcast scene: LcdOff
04-19 21:26:42.142  2206  3578 I OplusHansManager : uid=10370, pkg=com.google.android.apps.magazines, transition from F to Middle, reason=Broadcast
04-19 21:26:42.142  2206  3578 I OplusHansManager : uid=10370, pkg=com.google.android.apps.magazines F exit(), F stay=0, reason=Broadcast
04-19 21:26:42.145  2206  2287 I OplusHansManager : unfreeze uid: 10405 com.experian.android pids: [31302, 31131] reason: Broadcast scene: LcdOff
04-19 21:26:42.146  2206  3578 I OplusHansManager : uid=10405, pkg=com.experian.android, transition from F to Middle, reason=Broadcast
04-19 21:26:42.146  2206  3578 I OplusHansManager : uid=10405, pkg=com.experian.android F exit(), F stay=0, reason=Broadcast
04-19 21:26:42.286  2206  3578 I OplusHansManager : uid=10052, pkg=cloud.vitalpbx.connect can transition from M to F
04-19 21:26:42.286  2206  3578 I OplusHansManager : uid=10052, pkg=cloud.vitalpbx.connect F enter(), M stay=1
04-19 21:26:42.296  2206  3578 I OplusHansManager : freeze uid: 10052 cloud.vitalpbx.connect pids: [5807, 7123] IsolatedUid: [99033] scene: LcdOff
04-19 21:26:42.297  5629 30566 D IHansComunication: HansComunication::addUid-- 10052, persistent--0
04-19 21:26:42.297  5629 30566 D IHansComunication: HANS sendMessageToKernel: threadId = 528677321904, netLinkSetup = 1, type = PKG, targetUid = 10052, pkgCmd = ADD_ONE_UID
04-19 21:26:42.299  2206  2395 I AppsFilter: interaction: PackageSetting{ed86c92 com.android.providers.partnerbookmarks/10181} -> PackageSetting{f336d50 com.facebook.appmanager/10172} BLOCKED
04-19 21:26:42.311  2206  2277 D RegisteredServicesCacheExtImpl: Skip 10172 in AccountAuthenticatorCache
04-19 21:26:42.324  6862  6862 D Popcorn_PackageManagerReceiver: onReceive:android.intent.action.PACKAGE_CHANGEDmyuid = 0
04-19 21:26:42.324  6862  6862 D Popcorn_Util: isEmulator() : false
04-19 21:26:42.329  3212  3212 D StatusBar:  action=android.intent.action.PACKAGE_CHANGED
04-19 21:26:42.330  7410  7410 D AppPlatFormReceiver: onReceive mHasRegister: true intent = action = android.*****.action.PACKAGE_CHANGED, pkg = null, flags = 1157627920
04-19 21:26:42.333 27681 27681 I MainLooperBlockDetector: com.oplus.assistantscreen.card.step.StepPermissionManager$PackageReceiver.onReceive
04-19 21:26:42.333 27681 27681 I MainLooperBlockDetector: checkMainLooperBlocked: detector not initialized
04-19 21:26:42.336 27758 27758 I MainLooperBlockDetector: com.oplus.ums.card.common.observer.PackageChangeObserver$PackageReceiver.onReceive
04-19 21:26:42.336 27758 27758 I MainLooperBlockDetector: checkMainLooperBlocked: detector not initialized
04-19 21:26:42.337 27758 27758 I CardConfig.PackageObserver: onReceive: action = android.intent.action.PACKAGE_CHANGED, name = appmanager, isUpdated = false [base|com.coloros.assistantscreen:umsPlugin|2.0.42-6d1531a]
04-19 21:26:42.337 27758 27758 I CardConfig.CachedPackageManagerProxy: onPackageChanged: appmanager
04-19 21:26:42.340  2206  2266 D SensorService: onUidStateChanged uid = 10154, state = UID_STATE_ACTIVE
04-19 21:26:42.343 21712 21712 I Notification4Water_AM: NotificationPackageReceiver.onReceive-action: android.intent.action.PACKAGE_CHANGED, userId: 0, packageName: com.facebook.appmanager
04-19 21:26:42.345 21712 21712 W Notification4Water_AM: NotificationPackageReceiver.onReceive-ACTION_PACKAGE_CHANGED / [com.facebook.appmanager|0|E:true]
04-19 21:26:42.346 21712 21712 D EventBus: No subscribers registered for event class com.samsung.android.companionservice.notifications.define.data.Package$MobilePackageUpdated
04-19 21:26:42.346 21712 21712 D EventBus: No subscribers registered for event class org.greenrobot.eventbus.i
04-19 21:26:42.347  6528  6528 W RegisteredComponentCache: Unable to load component info ResolveInfo{e7cc512 com.mxtech.videoplayer.ad/in.juspay.hypernfc.NfcActivity m=0x108000}
04-19 21:26:42.347  6528  6528 W RegisteredComponentCache: org.xmlpull.v1.XmlPullParserException: No android.nfc.action.TECH_DISCOVERED meta-data
04-19 21:26:42.347  6528  6528 W RegisteredComponentCache: 	at com.android.nfc.RegisteredComponentCache.parseComponentInfo(RegisteredComponentCache.java:166)
04-19 21:26:42.347  6528  6528 W RegisteredComponentCache: 	at com.android.nfc.RegisteredComponentCache.generateComponentsList(RegisteredComponentCache.java:141)
04-19 21:26:42.347  6528  6528 W RegisteredComponentCache: 	at com.android.nfc.RegisteredComponentCache$1.onReceive(RegisteredComponentCache.java:68)
04-19 21:26:42.347  6528  6528 W RegisteredComponentCache: 	at android.app.LoadedApk$ReceiverDispatcher$Args.lambda$getRunnable$0$android-app-LoadedApk$ReceiverDispatcher$Args(LoadedApk.java:1902)
04-19 21:26:42.347  6528  6528 W RegisteredComponentCache: 	at android.app.LoadedApk$ReceiverDispatcher$Args$$ExternalSyntheticLambda0.run(Unknown Source:2)
04-19 21:26:42.347  6528  6528 W RegisteredComponentCache: 	at android.os.Handler.handleCallback(Handler.java:942)
04-19 21:26:42.347  6528  6528 W RegisteredComponentCache: 	at android.os.Handler.dispatchMessage(Handler.java:99)
04-19 21:26:42.347  6528  6528 W RegisteredComponentCache: 	at android.os.Looper.loopOnce(Looper.java:240)
04-19 21:26:42.347  6528  6528 W RegisteredComponentCache: 	at android.os.Looper.loop(Looper.java:351)
04-19 21:26:42.347  6528  6528 W RegisteredComponentCache: 	at android.app.ActivityThread.main(ActivityThread.java:8412)
04-19 21:26:42.347  6528  6528 W RegisteredComponentCache: 	at java.lang.reflect.Method.invoke(Native Method)
04-19 21:26:42.347  6528  6528 W RegisteredComponentCache: 	at com.android.internal.os.RuntimeInit$MethodAndArgsCaller.run(RuntimeInit.java:584)
04-19 21:26:42.347  6528  6528 W RegisteredComponentCache: 	at com.android.internal.os.ZygoteInit.main(ZygoteInit.java:1013)
04-19 21:26:42.352  6713  5523 I yAF.TPLog.FrameworkUpdateListener: The current enabled state for com.facebook.appmanager : 0
04-19 21:26:42.352  6713  5523 W AF.SDK.k: no need to get internal config in third app
04-19 21:26:42.354  2206  2897 I InputReader: Reconfiguring input devices, changes=KEYBOARD_LAYOUTS | 
04-19 21:26:42.354  6713  5523 E AF.SDK.XmlReader: No meta data found with key: AccessoryServicesLocation in com.facebook.appmanager
04-19 21:26:42.354  6713  5523 E AF.SDK.k: No meta data found with key:AccessoryServicesLocation
04-19 21:26:42.354  6713  5523 W AF.SDK.k: configFileLocationGroup is empty,config error with com.facebook.appmanager
04-19 21:26:42.356 27758 27926 I CardConfig.SeedingCardProviderProxy: subscribePackageChangeObservable do nothing
04-19 21:26:42.362 26667 26685 I PermissionControllerServiceImpl: Updating user sensitive for uid 10172
04-19 21:26:42.363  3682  3682 D CarrierSvcBindHelper: onPackageModified: com.facebook.appmanager
04-19 21:26:42.363  3682  3682 D CarrierSvcBindHelper: No carrier app for: 0
04-19 21:26:42.366 25341 25359 I [0]DCS-StrategyManager: isNeedUpload: cache, type: 2006, appID: 118102, logTag: event_tag, eventID: 1111028
04-19 21:26:42.367  3682  3682 D ImsResolver: maybeAddedImsService, packageName: com.facebook.appmanager
04-19 21:26:42.369  5629  5630 E IHansComunication: HANS printMessageBody: RCV message: type = 0,port = 86870,caller_pid = 1663,caller_uid = 1047,target_pid = 5807,target_uid = 10052,pkg_cmd = -1,rpc = android.hardware.ICameraServiceListener/5
04-19 21:26:42.373  2206  3581 I OplusHansManager : unfreeze uid: 10052 cloud.vitalpbx.connect pids: [5807, 7123] reason: AsyncBinder scene: LcdOff
04-19 21:26:42.373  2206  3578 I OplusHansManager : uid=10052, pkg=cloud.vitalpbx.connect, transition from F to Middle, reason=AsyncBinder
04-19 21:26:42.373  2206  3578 I OplusHansManager : uid=10052, pkg=cloud.vitalpbx.connect F exit(), F stay=0, reason=AsyncBinder
04-19 21:26:42.383  6528  6528 I oplus_nfc: [INFO] SecureElement::getEseHandleFromGenericId: enter; ESE-ID = 0x02
04-19 21:26:42.383  6528  6528 E oplus_nfc: [ERROR]  getUiccRouteLocId route 2
04-19 21:26:42.383  6528  6528 I oplus_nfc: [INFO] SecureElement::getEseHandleFromGenericId: enter; ESE-Handle = 0x480
04-19 21:26:42.383  6528  6528 I oplus_nfc: [INFO] SecureElement::getEeInfo: enter; mbNewEE=0, mActualNumEe=1
04-19 21:26:42.383  6528  6528 E oplus_nfc: [ERROR] SecureElement::getEeInfo: num EEs discovered: 1
04-19 21:26:42.383  6528  6528 I oplus_nfc: [INFO] SecureElement::getEeInfo: exit; mActualNumEe=1, mNumEePresent=1
04-19 21:26:42.383  6528  6528 I oplus_nfc: [INFO] SecureElement::getEseHandleFromGenericId: enter; ESE-ID = 0x00
04-19 21:26:42.383  6528  6528 I oplus_nfc: [INFO] SecureElement::getEseHandleFromGenericId: enter; ESE-Handle = 0x400
04-19 21:26:42.383  6528  6528 I oplus_nfc: [INFO] SecureElement::getEseHandleFromGenericId: enter; ESE-ID = 0x02
04-19 21:26:42.383  6528  6528 E oplus_nfc: [ERROR]  getUiccRouteLocId route 2
04-19 21:26:42.383  6528  6528 I oplus_nfc: [INFO] SecureElement::getEseHandleFromGenericId: enter; ESE-Handle = 0x480
04-19 21:26:42.383  6528  6528 I oplus_nfc: [INFO] SecureElement::getEeInfo: enter; mbNewEE=0, mActualNumEe=1
04-19 21:26:42.383  6528  6528 E oplus_nfc: [ERROR] SecureElement::getEeInfo: num EEs discovered: 1
04-19 21:26:42.383  6528  6528 I oplus_nfc: [INFO] SecureElement::getEeInfo: exit; mActualNumEe=1, mNumEePresent=1
04-19 21:26:42.383  6528  6528 I oplus_nfc: [INFO] SecureElement::getEseHandleFromGenericId: enter; ESE-ID = 0x00
04-19 21:26:42.383  6528  6528 I oplus_nfc: [INFO] SecureElement::getEseHandleFromGenericId: enter; ESE-Handle = 0x400
04-19 21:26:42.383  6528  6528 D VendorNfcService: GetDefaultRouteLoc  :0
04-19 21:26:42.383  6528  6528 I NfcService: Add T4T Nfcee AID
04-19 21:26:42.385  6528  6528 D RegisteredNfcFServicesCache: Service unchanged, not updating
04-19 21:26:42.385  6528  6528 I oplus_nfc: [INFO] nfcManager_isFwSupportNonStdT4TAid Enter isFwSupport = 1
04-19 21:26:42.385  6528  9317 E oplus_nfc: [ERROR] nfa_ee_api_remove_aid The AID entry is not in the database
04-19 21:26:42.385  6528  6528 I oplus_nfc: [INFO] SecureElement::getEseHandleFromGenericId: enter; ESE-ID = 0x7F
04-19 21:26:42.385  6528  6528 I oplus_nfc: [INFO] SecureElement::getEseHandleFromGenericId: enter; ESE-Handle = 0x410
04-19 21:26:42.385  6528  6528 E oplus_nfc: [ERROR] Bad ee_handle or AID (len=7)
04-19 21:26:42.385  6528  6528 E oplus_nfc: [ERROR] RoutingManager::addAidRouting: failed to route AID
04-19 21:26:42.386  3647  3675 D SecureElementService: getReaders() for com.android.nfc
04-19 21:26:42.386  6528  6528 W NfcService: no SE reader: SIM1 skip
04-19 21:26:42.388  3647  3675 D SecureElement-OplusTerminal: Deny access when no ARA rules available NfcEventAllowed.
04-19 21:26:42.388  3647  3675 D SecureElement-OplusAccessControlEnforcer: getAccessRule packageName = com.android.shell
04-19 21:26:42.443  3760  3898 D UxIconPackageManagerExt: UxIcon checkChooseIconsRootPath false
04-19 21:26:42.547  2206  2277 W Searchables: No web search activity found
04-19 21:26:42.547  2206  2277 W LoadedApk: System took : 234ms in onReceive of class com.android.server.search.SearchManagerService$MyPackageMonitor for action : android.intent.action.PACKAGE_CHANGED
04-19 21:26:42.548  2206  2277 V AutofillManagerService: onPackageModified(): com.facebook.appmanager
04-19 21:26:42.550  2206  2277 D RegisteredServicesCacheExtImpl: Skip 10172 in SyncAdaptersCache
04-19 21:26:42.926  5629 30566 D IHansComunication: HANS sendMessageToKernel: threadId = 528677321904, netLinkSetup = 1, type = FROZEN_TRANS, targetUid = 10370, pkgCmd = PKG_CMD_MAX
04-19 21:26:42.938  5629 30566 D IHansComunication: HANS sendMessageToKernel: threadId = 528677321904, netLinkSetup = 1, type = FROZEN_TRANS, targetUid = 10405, pkgCmd = PKG_CMD_MAX
04-19 21:26:43.298  5629 30566 D IHansComunication: HANS sendMessageToKernel: threadId = 528677321904, netLinkSetup = 1, type = FROZEN_TRANS, targetUid = 10052, pkgCmd = PKG_CMD_MAX
04-19 21:26:43.353  1028  5640 E TetherController: property_get sys.radio.data.modem_share_flag return 0, 1!
04-19 21:26:43.884  2206  3578 I OplusHansManager : uid=10052, pkg=cloud.vitalpbx.connect can transition from M to F
04-19 21:26:43.884  2206  3578 I OplusHansManager : uid=10052, pkg=cloud.vitalpbx.connect F enter(), M stay=1
04-19 21:26:43.891  2206  3578 I OplusHansManager : freeze uid: 10052 cloud.vitalpbx.connect pids: [5807, 7123] IsolatedUid: [99033] scene: LcdOff
04-19 21:26:43.893  5629 30566 D IHansComunication: HansComunication::addUid-- 10052, persistent--0
04-19 21:26:43.893  5629 30566 D IHansComunication: HANS sendMessageToKernel: threadId = 528677321904, netLinkSetup = 1, type = PKG, targetUid = 10052, pkgCmd = ADD_ONE_UID
04-19 21:26:44.633  2206  7958 W ActivityManager: Unable to start service Intent { cmp=com.nearme.statistics.rom/.service.ReceiverService (has extras) } U=0: not found
04-19 21:26:44.894  5629 30566 D IHansComunication: HANS sendMessageToKernel: threadId = 528677321904, netLinkSetup = 1, type = FROZEN_TRANS, targetUid = 10052, pkgCmd = PKG_CMD_MAX
04-19 21:26:45.590 23014 23014 D BoundBrokerSvc: onUnbind: Intent { act=com.google.android.gms.common.telemetry.service.START dat=chimera-action:/... cmp=com.google.android.gms/.chimera.PersistentApiService }
04-19 21:26:45.829 23014  5230 I FusedLocation: (REDACTED) getLastLocation() noteOp denied for %s
04-19 21:26:45.845  3682 18688 D PhoneInterfaceManager: [PhoneIntfMgr] QueryTelephonyChecker-getNetworkTypeForSubscriber: packageName = devian.tubemate.v3, isGrant = true
04-19 21:26:45.855  1028  5640 E netd    : dispachCmd:oplusGetRtt
04-19 21:26:45.856  1028  5640 E netd    : handleGetRttCmd: netId = 102, uid = 10551
04-19 21:26:45.857  1028  5640 E netd    : dispachCmd cmd:oplusGetRtt  result:0
04-19 21:26:46.374  5377  5532 D ProfileInstaller: Installing profile for com.facebook.appmanager
04-19 21:26:47.220 31131  4857 E FA      : Name must consist of letters, digits or _ (underscores). Type, name: event, Error Occurred
04-19 21:26:47.220 31131  4857 E FA      : Invalid public event name. Event will not be logged (FE): Error Occurred
04-19 21:26:47.291 23114 28907 W OplusExSystemServiceHelper: checkOplusExSystemService intent getComponent is null
04-19 21:26:47.293 23114 23114 D BoundBrokerSvc: onBind: Intent { act=com.google.android.gms.measurement.START pkg=com.google.android.gms }
04-19 21:26:47.293 23114 23114 D BoundBrokerSvc: Loading bound service for intent: Intent { act=com.google.android.gms.measurement.START pkg=com.google.android.gms }
04-19 21:26:47.340 31131 31454 W GoogleTagManager: Event does not have parameter "screen_name" and no default value was defined. Returning "undefined".
04-19 21:26:47.343 31131 31454 W GoogleTagManager: UniversalAnalyticsTag has been decommissioned.
04-19 21:26:47.354 23114  5535 D AdvertisingIdClient: AdvertisingIdClient already created.
04-19 21:26:47.354 23114  5535 D AdvertisingIdClient: AdvertisingIdClient is not bounded. Starting to bind it...
04-19 21:26:47.360 23114  5535 D AdvertisingIdClient: AdvertisingIdClient is bounded
04-19 21:26:47.367 23114  5535 I AdvertisingIdClient: shouldSendLog 70949835
04-19 21:26:47.368 23114  5535 I AdvertisingIdClient: GetInfoInternal elapse 14ms
04-19 21:26:48.013  1217  1217 D vendor.oplus.hardware.charger@1.0-service: getPsyUsbType type: USB, ret_value = 3
04-19 21:26:48.013  1217  1217 D vendor.oplus.hardware.charger@1.0-service: getPsyUsbType type: USB is usb charging.
04-19 21:26:48.022  6528  6528 E VendorNfcService: changeNfcStateByWirelessCharge: feature WIRELESS_CHARGING = true; mIsWirelessCharging: false; mIsReverseChargingSwitchOpen: false; mNfcWorkMode: 0; isOverSeaRegion() = true
04-19 21:26:48.022  6676  8668 E Battery : ChargeProtectionUtils: mCanlendarTmp.isEmpty()!
04-19 21:26:48.373  1028  5640 E TetherController: property_get sys.radio.data.modem_share_flag return 0, 1!
04-19 21:26:49.404  5629  5630 E IHansComunication: HANS printMessageBody: RCV message: type = 0,port = 86870,caller_pid = 1663,caller_uid = 1047,target_pid = 5807,target_uid = 10052,pkg_cmd = -1,rpc = android.hardware.ICameraServiceListener/5
04-19 21:26:49.409  2206  3581 I OplusHansManager : unfreeze uid: 10052 cloud.vitalpbx.connect pids: [5807, 7123] reason: AsyncBinder scene: LcdOff
04-19 21:26:49.410  2206  3578 I OplusHansManager : uid=10052, pkg=cloud.vitalpbx.connect, transition from F to Middle, reason=AsyncBinder
04-19 21:26:49.410  2206  3578 I OplusHansManager : uid=10052, pkg=cloud.vitalpbx.connect F exit(), F stay=5, reason=AsyncBinder
04-19 21:26:49.770 23014 23014 D BoundBrokerSvc: onRebind: Intent { act=com.google.android.gms.libs.gmscorelogger.service.START dat=chimera-action:/... cmp=com.google.android.gms/.chimera.PersistentDirectBootAwareApiService }
04-19 21:26:50.527  2206  4879 W ActivityManager: Unable to start service Intent { cmp=com.nearme.statistics.rom/.service.ReceiverService (has extras) } U=0: not found
04-19 21:26:50.640  2206  2897 I InputReader: theia saupwkProcessKey
04-19 21:26:50.640  2206  2897 I InputReader: theia start saupwkProcessKey
04-19 21:26:50.640  2206  2897 E system_server: [theia_saupwk] start saupwkProcessKey
04-19 21:26:50.640  2206  2897 E system_server: [theia_saupwk] prepare send key event by hidl
04-19 21:26:50.641  2206  2897 E system_server: [theia_saupwk] send info to THEIA_NODE_ID_POWERKEY_REPORT
04-19 21:26:50.642  1259  1259 D vendor.oplus.hardware.stability.oplus_project-V1-service: write 30 bytes
04-19 21:26:50.642  1259  1259 D vendor.oplus.hardware.stability.oplus_project-V1-service: write_theia_proc path:/proc/theiaPwkReport ,theia_date:POWERKEY_InputReaderProcessKey
04-19 21:26:50.643  2206  2897 D PhoneWindowManagerExtImpl: interceptKeyBeforeQueueing:KeyEvent { action=ACTION_DOWN, keyCode=KEYCODE_POWER, scanCode=116, metaState=0, flags=0x8, repeatCount=0, eventTime=61270644772000, downTime=61270644772000, deviceId=3, source=0x101, displayId=-1 },  keyguardOn = true,  screenOn = false,  policyFlags = 33554432,  SosPowerKeyEnabled = true,  WalletSwitchState = 2,  IsQuickLaunchSupport = false,  canceled = false
04-19 21:26:50.643  1259  1259 D vendor.oplus.hardware.stability.oplus_project-V1-service: write 35 bytes
04-19 21:26:50.643  1259  1259 D vendor.oplus.hardware.stability.oplus_project-V1-service: write_theia_proc path:/proc/theiaPwkReport ,theia_date:POWERKEY_interceptKeyBeforeQueueing
04-19 21:26:50.644  2206  2897 I IColorScreenOffTorchHelper: blank IOplusScreenOffTorchHelper
04-19 21:26:50.644  2206  2897 I OplusJoystickManager: read game pad state for game manager -> false
04-19 21:26:50.644  2206  2897 W OplusJoystickManager: mInterceptGamepadKey is false
04-19 21:26:50.644  2206  2897 D OplusCustomizeRestrictionManagerService: isLongPressVolumeUpDisabled start
04-19 21:26:50.644  2206  2897 I StrategyDisableBottomKey: onBeforeQueueing : mIsUpGestureMode=false,mDisableBottomKeyMode0
04-19 21:26:50.644  2206  2897 D StrategyBlackscreenshot: notifyKeyBeforeQueueing, event=KeyEvent { action=ACTION_DOWN, keyCode=KEYCODE_POWER, scanCode=116, metaState=0, flags=0x8, repeatCount=0, eventTime=61270644772000, downTime=61270644772000, deviceId=3, source=0x101, displayId=-1 }, interactive=false
04-19 21:26:50.644  2206  2897 D WindowManager: interceptKeyTq keycode=26 interactive=false keyguardActive=true policyFlags=2000000
04-19 21:26:50.644  2206  2897 D KeyCombinationManager: down true keyCode 26 count 0 interactive false eventTime 61270644 mDownTimes: {}
04-19 21:26:50.648  1259  1259 D vendor.oplus.hardware.stability.oplus_project-V1-service: write 27 bytes
04-19 21:26:50.648  1259  1259 D vendor.oplus.hardware.stability.oplus_project-V1-service: write_theia_proc path:/proc/theiaPwkReport ,theia_date:POWERKEY_wakeUpFromPowerKey
04-19 21:26:50.648  2206  2897 E Orms_ManagerInner: cannot connect to orms core service!
04-19 21:26:50.648  2206  2897 D Orms_Manager: orms service is not available now, need check again! ScreenOnCpuBoostHelper
04-19 21:26:50.649  2206  2266 D CompatibilityChangeReporter: Compat change id reported: 173031413; UID 1000; state: ENABLED
04-19 21:26:50.650  2206  2266 D CompatibilityChangeReporter: Compat change id reported: 173031413; UID 1000; state: DISABLED
04-19 21:26:50.652  2206  2897 D OplusPowerManagerHelper: [isFaceAutoUnlockEnabled]
04-19 21:26:50.654  2206  2897 W System.err: java.lang.NullPointerException: null receiver
04-19 21:26:50.655  2206  2897 W System.err: 	at java.lang.reflect.Method.invoke(Native Method)
04-19 21:26:50.655  2206  2897 W System.err: 	at com.android.server.power.OplusPowerManagerHelper.isFaceAutoUnlockEnabled(OplusPowerManagerHelper.java:1420)
04-19 21:26:50.655  2206  2897 W System.err: 	at com.android.server.power.OplusPowerManagerHelper.interceptWakeUpMeantimeLocked(OplusPowerManagerHelper.java:436)
04-19 21:26:50.655  2206  2897 W System.err: 	at com.android.server.power.OplusPowerManagerServiceFeature.wakeUpNoUpdateLocked(OplusPowerManagerServiceFeature.java:328)
04-19 21:26:50.655  2206  2897 W System.err: 	at com.android.server.power.PowerManagerServiceExtImpl.interceptWakeDisplayGroupNoUpdateLocked(PowerManagerServiceExtImpl.java:606)
04-19 21:26:50.655  2206  2897 W System.err: 	at com.android.server.power.PowerManagerService.wakePowerGroupLocked(PowerManagerService.java:2298)
04-19 21:26:50.655  2206  2897 W System.err: 	at com.android.server.power.PowerManagerService.-$$Nest$mwakePowerGroupLocked(Unknown Source:0)
04-19 21:26:50.655  2206  2897 W System.err: 	at com.android.server.power.PowerManagerService$BinderService.wakeUp(PowerManagerService.java:6332)
04-19 21:26:50.655  2206  2897 W System.err: 	at android.os.PowerManager.wakeUp(PowerManager.java:1667)
04-19 21:26:50.655  2206  2897 W System.err: 	at com.android.server.policy.PhoneWindowManager.wakeUp(PhoneWindowManager.java:5036)
04-19 21:26:50.655  2206  2897 W System.err: 	at com.android.server.policy.PhoneWindowManager.wakeUpFromPowerKey(PhoneWindowManager.java:4991)
04-19 21:26:50.655  2206  2897 W System.err: 	at com.android.server.policy.PhoneWindowManager.interceptPowerKeyDown(PhoneWindowManager.java:1009)
04-19 21:26:50.655  2206  2897 W System.err: 	at com.android.server.policy.PhoneWindowManager.interceptKeyBeforeQueueing(PhoneWindowManager.java:4272)
04-19 21:26:50.655  2206  2897 W System.err: 	at com.android.server.policy.SubPhoneWindowManager.superInterceptKeyBeforeQueueing(SubPhoneWindowManager.java:48)
04-19 21:26:50.655  2206  2897 W System.err: 	at com.android.server.policy.PhoneWindowManagerExtImpl.overrideInterceptKeyBeforeQueueing(PhoneWindowManagerExtImpl.java:746)
04-19 21:26:50.655  2206  2897 W System.err: 	at com.android.server.policy.SubPhoneWindowManager.interceptKeyBeforeQueueing(SubPhoneWindowManager.java:44)
04-19 21:26:50.655  2206  2897 W System.err: 	at com.android.server.wm.InputManagerCallback.interceptKeyBeforeQueueing(InputManagerCallback.java:146)
04-19 21:26:50.655  2206  2897 W System.err: 	at com.android.server.input.InputManagerService.interceptKeyBeforeQueueing(InputManagerService.java:3105)
04-19 21:26:50.655  2206  2897 E OplusPowerManagerHelper: [isFaceAutoUnlockEnabled] return false
04-19 21:26:50.655  2206  2897 E DpcExtImpl[0]: execute mBlockReasonList.clear
04-19 21:26:50.656  2206  2897 I DisplayManagerService: unblockScreenOnByBiometrics displayId = 0
04-19 21:26:50.656  2206  2897 D OplusFeatureAOD: notifySfUnBlockScreenOn
04-19 21:26:50.656  2206  2897 D OplusPowerManagerHelper: scheduleNotifyStopDream
04-19 21:26:50.656  2206  2897 D OplusPowerManagerHelper: [onWakeUp]
04-19 21:26:50.656  2206  2897 D OplusPowerManagerHelper: [requestKeyguard]
04-19 21:26:50.656  1397  1544 I DispPerfService: NOTIFY_UNBLOCKSCREEN
04-19 21:26:50.656  2206  2897 I PowerGroup: Waking up power group from Dozing (groupId=0, uid=1000, reason=WAKE_REASON_POWER_BUTTON, details=android.policy:POWER)...
04-19 21:26:50.656  2206  2897 D PowerManagerService: userActivityNoUpdateLocked: groupId=0, eventTime=61270644, event=0, flags=0x0, uid=1000
04-19 21:26:50.656  2206  2379 D OplusPowerManagerHelper: handleMessage:102
04-19 21:26:50.656  2206  2379 D OplusPowerManagerHelper: MSG_STOP_DEAM
04-19 21:26:50.656  2206  2897 I PowerManagerService: Waking up from Dozing (uid=1000, reason=WAKE_REASON_POWER_BUTTON, details=android.policy:POWER)...
04-19 21:26:50.656  3212 10552 D KeyguardService: requestKeyguard
04-19 21:26:50.657  3212  3774 D KeyguardService: requestKeyguard_android.policy:POWER
04-19 21:26:50.657  2206  2379 I DreamManagerService: Leaving dreamland.
04-19 21:26:50.659  2206  2380 E ActivityManager: Cancel pending or running compactions as system is awake
04-19 21:26:50.661  2206  2897 D OplusVFXScreenEffectFeature: notifySFUpdateVFXEffectState state VFX_SCREEN_POWER_ON NeedNotify true
04-19 21:26:50.661  1397  1544 D BrightUpController: pickEffect:  state 1
04-19 21:26:50.661  1397  1544 D BrightUpController: pickEffect::HuvEffect
04-19 21:26:50.661  1397  1544 D BrightUpBaseImpl: prepareVFXScreenEffect::eVFX_SCREEN_POWER_ON -- aDegree 0,  mBrightnessChanged 0, period 0
04-19 21:26:50.662  1259  1259 D vendor.oplus.hardware.stability.oplus_project-V1-service: write 20 bytes
04-19 21:26:50.662  1259  1259 D vendor.oplus.hardware.stability.oplus_project-V1-service: write_theia_proc path:/proc/theiaPwkReport ,theia_date:POWER_wakeUpInternal
04-19 21:26:50.662  2206  2897 D DisplayManagerServiceExtImpl: request size(1,1),dpc=com.android.server.display.DisplayPowerController@c056048 size(0,1),flags=0X200F,id(0,0,local:4630946950956839809), phase=1, enable=true, ready=false,prox=false policy=BRIGHT,dozeState=UNKNOWN,screenBrightnessOverride=-1.000000,useAuto=false,lowPower=false,lowPowerFactor=0.500000
04-19 21:26:50.662  3212  3737 D LockPatternUtils: isBiometricAllowedForUser allowed:true isStrongBiometric:true userId:0
04-19 21:26:50.663  2206  2381 I OplusSmartBrightnessController: handleMessage MSG_UPDATE_BRIGHTNESS_NO_ANIMATION changed:true
04-19 21:26:50.663  3212  3737 D LockPatternUtils: isBiometricAllowedForUser allowed:true isStrongBiometric:true userId:0
04-19 21:26:50.663  3212  3737 D OpFacelockController: tryToStartFaceLockAfterScreenOn
04-19 21:26:50.664  3212  3737 D KeyguardUpdateMonitor: faceRunningState: 1
04-19 21:26:50.664  3212  3737 V SystemSensorManagerExtImpl: unRegisterListener by com.oplusos.systemui.keyguard.face.filllight.KeyguardFaceUnlockFillLightCtrl$1@7e061b4
04-19 21:26:50.664  3212  3737 V SystemSensorManagerExtImpl: RegisterListener OPLUS Fusion Light Sensor type:5 delay:200000us by com.oplusos.systemui.keyguard.face.filllight.KeyguardFaceUnlockFillLightCtrl$1@7e061b4 from com.android.systemui
04-19 21:26:50.664  2206  2233 D SensorService: createSensorEventConnection, mCurrentOperatingMode = 0, requestedMode = 0
04-19 21:26:50.664  2206  2233 W SensorService: SensorEventConnection sensor handle=1001, package = com.oplusos.systemui.keyguard.face.filllight.KeyguardFaceUnlockFillLightCtrl enable
04-19 21:26:50.664  2206  2233 E SensorService: Required app com.oplusos.systemui.keyguard.face.filllight.KeyguardFaceUnlockFillLightCtrl, uid 10206, pid 3212
04-19 21:26:50.664  2206  2233 D SensorServiceUtils: adjustOplusFusionLightArgs opPackageName = com.android.systemui, samplingPeriodNs = 200000000 ns, type = 5.
04-19 21:26:50.664  2206  2233 D SensorServiceUtils: adjustOplusFusionLightArgs normal period here.
04-19 21:26:50.664  2206  2233 D SensorServiceExtImpl: SensorServiceExtImpl oplusGeminiProximitySensor = 0
04-19 21:26:50.664  2206  2233 D SensorServiceUtils: setSamplingPeriodNs sensorType = 5, samplingPeriodNs = 200000000
04-19 21:26:50.664  2206  2233 D SensorServiceExtImpl: setSamplingPeriodNs SamplingPeriodNs =200000000
04-19 21:26:50.664  2206  2233 D SensorServiceExtImpl: SensorServiceExtImpl oplusGeminiProximitySensor = 0
04-19 21:26:50.664  2206  2233 D FusionLightExtImpl: setDelay ns = 200000000
04-19 21:26:50.665  2206  2233 D SensorFusionExtImpl: isOplusSensorNeedBatch
04-19 21:26:50.665  2206  2233 D SensorServiceUtils: isOplusSensorNeedBatch batch Fusion Light.
04-19 21:26:50.665  2206  2233 D SensorService: SensorDevice::batch: ident=0xb400007cd4232880, handle=0x000007ef, flags=0, period_ns=200000000 timeout=0
04-19 21:26:50.665  2206  2233 D SensorService: 	>>> curr_period=9223372036854775807 min_period=200000000 curr_timeout=0 min_timeout=0
04-19 21:26:50.665  2206  2233 D SensorService: 	>>> actuating h/w BATCH 0x000007ef 200000000 0
04-19 21:26:50.665  1185  1185 I sensors-hal: batch:254, qti.sensor.wise_light/2031, period=200000000, max_latency=0
04-19 21:26:50.665  1185  1185 I sensors-hal: batch:276, qti.sensor.wise_light/2031, period=200000000, max_latency=0 request completed
04-19 21:26:50.665  2206  2379 D OplusFeatureAOD: clearDozeStateMap
04-19 21:26:50.666  2206  2380 D OplusUIFirst_FB: com.android.systemui moveToTop:[]
04-19 21:26:50.666  2206  2380 D OplusUIFirst_FB: List of ThreadOp: size=0 []
04-19 21:26:50.666  2206  2380 D OplusUIFirst_FB: com.android.systemui boost hint: 3212
04-19 21:26:50.666  2206  2380 D OplusUIFirst_FB: handleParaSwitch com.android.systemui null null 0
04-19 21:26:50.666  2206  2265 I DreamManagerService: Performing gentle wake from dream.
04-19 21:26:50.666  2206  2265 I DreamController: Stopping dream: name=ComponentInfo{com.android.systemui/com.android.systemui.doze.DozeService}, isPreviewMode=false, canDoze=true, userId=0, reason='requested stopDream'
04-19 21:26:50.666  2206  2380 D OplusUIFirst: set slide boost in system ui
04-19 21:26:50.666  2206  2380 D OplusUIFirst_FB: com.android.systemui toForeOps: []
04-19 21:26:50.666  2206  2380 D OplusUIFirst_FB: List of ThreadOp: size=0 []
04-19 21:26:50.666  1397  1397 D BrightUpController: setCurrentVsyncPeriod 11111111
04-19 21:26:50.667  2206  2379 D OplusSmartBrightnessController: onScreenEvent, isScreenOn displayId[0]=true
04-19 21:26:50.667  1259  1259 D vendor.oplus.hardware.stability.oplus_project-V1-service: write 25 bytes
04-19 21:26:50.667  1259  1259 D vendor.oplus.hardware.stability.oplus_project-V1-service: write_theia_proc path:/proc/theiaPwkReport ,theia_date:LIGHT_setScreenState_2_ON
04-19 21:26:50.667  2206  2385 D VRR [OPlusRefreshRateService]: handleScreenStateChange state: 2
04-19 21:26:50.668  2206  2233 D SensorService: Calling batch handle==1001 flags=0rate=200000000 timeout== 0
04-19 21:26:50.668  2206  2233 D FusionLightExtImpl: recordConnection mConnectionCount = 1, isEnable = true, mIsRecordingConnection = false
04-19 21:26:50.668  2206  2233 D FusionLightExtImpl: recordConnection start recordConnection
04-19 21:26:50.668  2206  2379 D DisplayPowerState[0]: setScreenState: state=2
04-19 21:26:50.668  2206  2379 D BackLightStat: setScreenState: state changed:OFF->ON
04-19 21:26:50.668  2206  2379 I DisplayPowerController[0]: Blocking screen on until initial contents have been drawn.
04-19 21:26:50.668  2206  2380 W ContextImpl: Calling a method in the system process without a qualified user: android.app.ContextImpl.sendBroadcast:1196 com.android.server.am.OplusAppStartupConfig.handleCountRestrictedList:1316 com.android.server.am.OplusAppStartupManager.updateScreenStatus:5288 com.android.server.OplusSysStateManager$LocalService.onWakefulnessChanged:416 com.android.server.power.NotifierExtImpl.onWakefulnessChanged:130 
04-19 21:26:50.669  2206  2379 D OSG_Policy: deal Screen off Gesture. nGesture = 10000, Callbacksize = 0
04-19 21:26:50.669  3212  9625 D KeyguardService: onScreenTurningOn
04-19 21:26:50.669  2206  2233 D FusionLightArgs: initArgs already load args from xml, do not operate xml too much.
04-19 21:26:50.670  2206  2379 D DisplayPowerController[0]: screen on blocked blocker=com.android.server.display.DisplayPowerController$ScreenOnUnblocker@fc49354
04-19 21:26:50.670  2206  2379 D DpcExtImpl[0]: original brightness:5337 final brightness:5337.0 scale:1.0 reason:1 darkLevel:0
04-19 21:26:50.670  2206  2379 I OplusSmartBrightnessController: setPowerOnRealTimeBrightness 5337.0
04-19 21:26:50.670  2206  2379 D OplusFeatureHDREnhanceBrightness: setAnimating : displayId[0]=false
04-19 21:26:50.670  2206  2379 D OplusFeatureReduceBrightness: setAnimating : animating = false
04-19 21:26:50.670  2206  2379 D DpcExtImpl[0]: Animating brightness: target=16->5337,rate=6400->6400,type=manual,byUse=false local:4630946950956839809
04-19 21:26:50.670  2206  2379 D DisplayPowerController[0]: Brightness [5337.0] reason changing to: 'manual', previous reason: 'screen_off'. id=local:4630946950956839809
04-19 21:26:50.670  2206  2379 I DisplayPowerController[0]: BrightnessEvent: disp=0, brt=5337.0, rcmdBrt=NaN, preBrt=NaN, lux=0.0, preLux=0.0, hbmMax=1.0, hbmMode=off, thrmMax=1.0, flags=, reason=manual
04-19 21:26:50.671  2206  2379 D DisplayPowerState[0]: updateRunnable run fadeLevle=0.0 state=ON brightness changed:5337.0->-1.0
04-19 21:26:50.671  2206  2379 D DisplayPowerController[0]: screen on blocked blocker=com.android.server.display.DisplayPowerController$ScreenOnUnblocker@fc49354
04-19 21:26:50.671  2206  2379 D DpcExtImpl[0]: original brightness:5337 final brightness:5337.0 scale:1.0 reason:1 darkLevel:0
04-19 21:26:50.671  2206  3128 D DisplayPowerState[0]: Updating screen state: id=0, state=ON, backlight=-1.0, sdrBacklight=-1.0
04-19 21:26:50.671  2206  3128 D OplusSmartBrightnessController: requestDisplayState isFirstDisplay=true state=2 globalDisplayState=0x2
04-19 21:26:50.671  2206  3128 D LocalDisplayAdapter: setDisplayState(id=4630946950956839809 isFirstDisplay=true state changed:OFF->ON) t-Name=PhotonicModulator
04-19 21:26:50.671  1184  1184 I QTI PowerHAL: Power setMode: 7 to: 1
04-19 21:26:50.672  2206  5538 W ContextImpl: Calling a method in the system process without a qualified user: android.app.ContextImpl.sendBroadcast:1211 com.android.server.policy.PhoneWindowManagerExtImpl$4.run:1312 java.lang.Thread.run:1564 <bottom of call stack> <bottom of call stack> 
04-19 21:26:50.673  2206  3843 I OplusHansManager : SrcOn
04-19 21:26:50.674  2206  3843 I OplusHansManager : notify state machine event=LCD_ON to uids=[10012, 10013, 10052, 10060, 10102, 10370, 10405, 10214]
04-19 21:26:50.678  2206  2268 I DisplayDeviceRepository: Display device changed state: "Built-in Screen", ON
04-19 21:26:50.678  2206  3115 I Osense-DecisionMaker: notifySceneToAthenaPolicy: SCENE_SCREEN_STATUS, bundle: Bundle[{state=true}]
04-19 21:26:50.679  2206  2813 W Athena  : ScreenOffClearAction: no support to handle old screen off clear process
04-19 21:26:50.681  2206  2233 D AidlSensorFeature: Failed to get ISensorFeature Service.
04-19 21:26:50.681  1397  1397 D SurfaceFlinger: Setting power mode 2 on display 4630946950956839809
04-19 21:26:50.681  2206  2268 D DisplayManagerServiceExtImpl: scheduleTraversalLocked intraversal=false
04-19 21:26:50.681  2206  2268 I DisplayManagerServiceExtImpl: handle logical display changed logicalDisplay=id=0,phase=1,stack=0,content=true,displayInfo{stack=0,type=1,id=0,uId=local:4630946950956839809,state=ON,pkg=null}
04-19 21:26:50.681  2206  2380 D NotifierExtImpl: notifyScreenOnOff: on = true
04-19 21:26:50.681  2206  2380 D OplusPowerManagerServiceEnhance: notifyScreenOnOff on=true
04-19 21:26:50.681  2206  2380 D OplusPowerNotifierContext: notifyScreenOn
04-19 21:26:50.681  2206  2380 D OplusPowerNotifierContext: 7410@com.coloros.smartsidebar:edgepanel : notifyScreenOn
04-19 21:26:50.681  1184  1184 E QTI PowerHAL: Failed to acquire lock for hint_id: 1041.
04-19 21:26:50.681  2206  2268 I InputManager-JNI: Viewport [0] to add: local:4630946950956839809, isActive: true
04-19 21:26:50.681  1184  1184 I QTI PowerHAL: Got set_interactive hint
04-19 21:26:50.681  2206  2380 D OplusPowerNotifierContext: 6676@com.oplus.battery : notifyScreenOn
04-19 21:26:50.681  2206  2268 D DisplayManagerService: Delivering display event: displayId=0, event=2
04-19 21:26:50.682  2206  4879 D ConnectivityService: Returning UNBLOCKED NetworkInfo to uid=10121
04-19 21:26:50.683  2206  2897 I InputReader: Reconfiguring input devices, changes=DISPLAY_INFO | 
04-19 21:26:50.683  2206  2897 I InputReader: Device reconfigured: id=2, name='touchpanel', size 1080x2400, orientation 0, mode 1, display id 0
04-19 21:26:50.684  3359  3359 D LiveWallpaper.GLEngine: onDisplayChanged# visible: false interactive: true keyguardLocked: true userManager: true
04-19 21:26:50.684  3359  3359 D LiveWallpaper.GLEngine: visibilityAndDisplayChanged# animation state 0 false
04-19 21:26:50.685  3359  3359 D LiveWallpaper.GLEngine: visibilityAndDisplayChanged# not AOD unlock, device locked
04-19 21:26:50.685  1735  1735 I hw-BpHwBinder: onLastStrongRef automatically unlinking death recipients
04-19 21:26:50.686  6095  6095 D OMG_Observer: mScreenWidthDisplay = 1080, mScreenHeightDisplay = 2400, mRotation = 0, mOrient = 1 , mMiniSizeLimit = 660, mNormalSizeLimit =1800
04-19 21:26:50.686  3359  3359 D LiveWallpaper.GLEngine: visibilityAndDisplayChanged# quick on off
04-19 21:26:50.686  3359  3359 D LiveWallpaper.GLRenderer: triggerLockAnimation#
04-19 21:26:50.686  3359  3359 D GLEngine.Animation: setToState# from: 0 to: 0
04-19 21:26:50.686  3359  3359 D LiveWallpaper.GLEngine: GLSurface.onResume#
04-19 21:26:50.686  2206  2726 D OplusDisplayStateMonitor: screenState: STATE_ON  last screenState: STATE_OFF
04-19 21:26:50.686  3359  3359 D LiveWallpaper.GLEngine: visibilityAndDisplayChanged# END animation state 0
04-19 21:26:50.686  3541  3626 I QmiHwInterface/SendRequestCallback: <- RCV:OnResponseEvent{status=3, error message = messageId not supported}
04-19 21:26:50.686  3541  3619 I DynamicDDSService: sendRequest has failure response. errorMsg = messageId not supported
04-19 21:26:50.686  3212  9625 D KeyguardService: onDreamingStopped
04-19 21:26:50.687  3212 10552 D KeyguardService: onStartedWakingUp
04-19 21:26:50.687  3212  4342 D ScreenDecorations: updateOrientation mRotation:0 newRotation:0 mRtl:false newRtl:false newLayoutDirection:0 mLayoutDirection0 newMod:{id=2, width=1080, height=2400, fps=90.0, alternativeRefreshRates=[60.000004]} mDisplayMode:{id=2, width=1080, height=2400, fps=90.0, alternativeRefreshRates=[60.000004]} mPendingConfigChange:false
04-19 21:26:50.687  1397  1397 D SurfaceFlinger: setSchedFifo : enable = 1
04-19 21:26:50.687  1217  1217 E vendor.oplus.hardware.charger@1.0-service: notifyScreenStatus: 1
04-19 21:26:50.687  1193  1193 I SDM     : DisplayBase::SetDisplayState: Set state = 1, display 29-0, teardown = 0
04-19 21:26:50.687  1217  1217 D vendor.oplus.hardware.charger@1.0-service: thread stop!
04-19 21:26:50.688  1254  1254 D SnsFeature: getSensorCalibrationData getSensorCalibrationData sensor_type=33171103
04-19 21:26:50.688  6676  8737 W Battery : ThermalControllHandler: MSG_THERMAL_CONTROL_STATUS_CHANGED,msg:4
04-19 21:26:50.688  1254  1254 D SnsFeature: getScreenLightSensorCaliData oosStrogeC is 4; oosStrogeR is 2; oosStrogeG is 2; 
04-19 21:26:50.688  1254  1254 D SnsFeature: getScreenLightSensorCaliData oosStrogeB is 1; oosStrogeW is 2
04-19 21:26:50.688  1254  1254 D SnsFeature: soc model obtained:SM8250
04-19 21:26:50.688  1254  1254 D SnsFeature: getScreenLightSensorCaliData gIsOosStorageMode is 1
04-19 21:26:50.688  1254  1254 D SnsFeature: sensorCaliParseNode try to open /mnt/vendor/persist/sensors/registry/registry/devinfo.als
04-19 21:26:50.688  3212 10552 D KeyguardViewMediator: onStartedWakingUp, seq = 50
04-19 21:26:50.688  3212 10552 D KeyguardViewMediator: notifyStartedWakingUp
04-19 21:26:50.688  2206  2206 I WallpaperManagerServiceExt: removeDisplayData. displayId = 0
04-19 21:26:50.689  3682  3682 W Settings: Setting airplane_mode_on has moved from android.provider.Settings.System to android.provider.Settings.Global, returning read-only value.
04-19 21:26:50.689  1397  5541 W OplusSurfaceFlinger: Couldn't set SCHED_FIFO on threadSensorChanged
04-19 21:26:50.689  2206  5466 D SensorService: SensorService sensorServiceCommonInterface = getSensorStatus
04-19 21:26:50.689  2206  5466 D SensorServiceExtImpl: sensorServiceCommonInterface funcName = getSensorStatus, flag = 0, status = 0
04-19 21:26:50.689  2206  5466 D SensorServiceExtImpl: sensorServiceCommonInterface retStatus = 1
04-19 21:26:50.689  1397  5541 D OplusSurfaceFlinger: SensorService sensorStatus=1
04-19 21:26:50.689  1397  5541 D OplusSurfaceFlinger: SensorService notifyScreenChanged mode = 2, DefineDisplayId=0
04-19 21:26:50.689  2206  5466 D SensorService: SensorService sensorServiceCommonInterface = onScreenChanged
04-19 21:26:50.690  1254  1254 D SnsFeature: sensorCaliParseNode return {
04-19 21:26:50.690  1254  1254 D SnsFeature:    "cal_path" : {
04-19 21:26:50.690  1254  1254 D SnsFeature:       "data" : "alsps_platform.als.fac_cal",
04-19 21:26:50.690  1254  1254 D SnsFeature:       "type" : "str",
04-19 21:26:50.690  1254  1254 D SnsFeature:       "ver" : "0"
04-19 21:26:50.690  1254  1254 D SnsFeature:    },
04-19 21:26:50.690  1254  1254 D SnsFeature:    "owner" : "oplus"
04-19 21:26:50.690  1254  1254 D SnsFeature: }
04-19 21:26:50.690  1254  1254 D SnsFeature: 
04-19 21:26:50.690  1254  1254 D SnsFeature: sensorCaliParseNode try to open /mnt/vendor/persist/sensors/registry/registry/alsps_platform.als.fac_cal
04-19 21:26:50.691  1254  1254 D SnsFeature: sensorCaliParseNode return {
04-19 21:26:50.691  1254  1254 D SnsFeature:    "bias" : {
04-19 21:26:50.691  1254  1254 D SnsFeature:       "data" : "5000.000000",
04-19 21:26:50.691  1254  1254 D SnsFeature:       "type" : "flt",
04-19 21:26:50.691  1254  1254 D SnsFeature:       "ver" : "0"
04-19 21:26:50.691  1254  1254 D SnsFeature:    },
04-19 21:26:50.691  1254  1254 D SnsFeature:    "owner" : "sns_alsps",
04-19 21:26:50.691  1254  1254 D SnsFeature:    "scale" : {
04-19 21:26:50.691  1254  1254 D SnsFeature:       "data" : "1000.000000",
04-19 21:26:50.691  1254  1254 D SnsFeature:       "type" : "flt",
04-19 21:26:50.691  1254  1254 D SnsFeature:       "ver" : "0"
04-19 21:26:50.691  1254  1254 D SnsFeature:    }
04-19 21:26:50.691  1254  1254 D SnsFeature: }
04-19 21:26:50.691  1254  1254 D SnsFeature: 
04-19 21:26:50.691  1254  1254 E SnsFeature: xbx /mnt/vendor/persist/engineermode/red_max_lux
04-19 21:26:50.691  1254  1254 D SnsFeature: sensorCaliParseNode try to open /mnt/vendor/persist/sensors/registry/registry/oplus_devinfo.als
04-19 21:26:50.691  1254  1254 E SnsFeature: sensorCaliParseNode try to open /mnt/vendor/persist/sensors/registry/registry/oplus_devinfo.als
04-19 21:26:50.691  1254  1254 D SnsFeature: getSensorSeeCaliDataFileName Invalid configuration format -- oplus_devinfo.als 
04-19 21:26:50.691  1254  1254 D SnsFeature: getSensorSeeCaliData invalid caliDataFileName
04-19 21:26:50.691  1254  1254 D SnsFeature: getScreenLightSensorCaliData sensorCaliData is not object
04-19 21:26:50.691  1254  1254 D SnsFeature: getScreenLightSensorCaliData R_MAX is 56
04-19 21:26:50.691  1254  1254 D SnsFeature: getScreenLightSensorCaliData G_MAX is 23
04-19 21:26:50.691  1254  1254 D SnsFeature: getScreenLightSensorCaliData B_MAX is 8
04-19 21:26:50.691  1254  1254 D SnsFeature: getScreenLightSensorCaliData W_MAX is 91
04-19 21:26:50.692  2206  2268 D DisplayManagerService: MSG_REQUEST_TRAVERSAL pendingCompleted=false
04-19 21:26:50.696  6676  7378 W Battery : ControllerCenter: status change to ACTIVE
04-19 21:26:50.697 21712 21712 I CAMERA_CONTROLLER: [2]a.o():2 - display changed
04-19 21:26:50.697 21712 21712 I CAMERA_CONTROLLER: [2]a.o():2
04-19 21:26:50.697 21712 21712 I CAMERA_CONTROLLER: [2]ProviderServiceImpl.checkDisplayModePortrait():39 - presentationDisplaynull
04-19 21:26:50.697 21712 21712 W CAMERA_CONTROLLER: [2]a.z():2 - presentationDisplay is null, return
04-19 21:26:50.697 21712 21712 W CAMERA_CONTROLLER: [2]ProviderServiceImpl$registerDisplayListener$displayListener$1.onDisplayChanged():17 - display is not portrait mode 
04-19 21:26:50.698  1254  1254 D SnsFeature: open /mnt/vendor/persist/engineermode/row_coe failed! err:No such file or directory
04-19 21:26:50.698  2206  2233 D FusionLightArgs: setArgs setArgs
04-19 21:26:50.698  2206  2233 D SensorService: Calling activate on 1001
04-19 21:26:50.698  2206  2233 D FusionLightExtImpl: activate activeClients size = 1, ident = 0xb400007cd4232880
04-19 21:26:50.698  2206  2233 D FusionLightExtImpl: FusionLight, mUseMedianFilterQueue =0
04-19 21:26:50.698  2206  2233 D SensorService: SensorFusion::activate(mode=6, ident=0xb400007cd4232880, enabled=1)
04-19 21:26:50.698  2206  2233 D SensorFusionExtImpl: isOplusSensorNeedActivate
04-19 21:26:50.698  2206  2233 D SensorServiceUtils: isOplusSensorNeedActivate activate FusionLight enable = 1
04-19 21:26:50.698  2206  2233 D SensorService: SensorDevice::activate: ident=0xb400007cd4232880, handle=0x000007ef, enabled=1, count=1
04-19 21:26:50.698  2206  2233 D SensorService: enable index=0
04-19 21:26:50.698  2206  2233 D SensorService: info.numActiveClients() = 1, info.isActive = 0
04-19 21:26:50.698  2206  2233 D SensorService: activateHardware = 1
04-19 21:26:50.698  2206  2233 D SensorService: 	>>> actuating h/w activate handle=2031 enabled=1
04-19 21:26:50.698  7662  7662 D ScreenStatusProducer: Display change, stackTrace = [dalvik.system.VMStack.getThreadStackTrace(Native Method), java.lang.Thread.getStackTrace(Thread.java:2843), com.oplus.dataprovider.producer.ScreenStatusProducer$2.onDisplayChanged(Unknown Source:8), android.hardware.display.DisplayManagerGlobal$DisplayListenerDelegate.handleMessage(DisplayManagerGlobal.java:1055), android.os.Handler.dispatchMessage(Handler.java:106), android.os.Looper.loopOnce(Looper.java:240), android.os.Looper.loop(Looper.java:351), android.app.ActivityThread.main(ActivityThread.java:8412), java.lang.reflect.Method.invoke(Native Method), com.android.internal.os.RuntimeInit$MethodAndArgsCaller.run(RuntimeInit.java:584), com.android.internal.os.ZygoteInit.main(ZygoteInit.java:1013)], times in 5 seconds = 0
