04-19 21:23:48.328  1704  1748 D HeatmapThread: !@ Heatmap prevv_dsoh_update_time: 29610626
04-19 21:23:48.328  1704  1748 E HeatmapThread: !@ CAM New BSOH: 99
04-19 21:23:48.465  1147  1147 D io_stats: !@   8,0 r 32971926 615978888 w 5475360 89783688 d 665891 70844096 f 375457 509051 iot 5893856 0 th 0 0 0 pt 0 inp 0 0 110743.270
04-19 21:23:48.878  1623 13851 I sensors-hal: handle_sns_client_event:375, [0][2879676] accel_sample [-0.048, -0.057,  9.712] 139077551077757
04-19 21:23:49.001  4730 31631 I NearbyMediums: No BLE Fast/GATT advertisements found in the latest cycle.
04-19 21:23:49.001  4730 31631 I NearbyMediums: Current Tracked Scanning Clients are : {NearbyConnections.EnvironmentMonitor, NearbyConnections.TxAdvertisement}
04-19 21:23:49.325  1704  1748 E HeatmapThread: ECT Thread time in milliseconds: 1776648229
04-19 21:23:49.328  1704  1748 D HeatmapThread: !@ batteryplugType : 2
04-19 21:23:49.329  1704  1748 D HeatmapThread: !@ batteryLevel : 68  batteryTemperature : 316 
04-19 21:23:49.329  1704  1748 D HeatmapThread: !@ Heatmap currtime: 29610803
04-19 21:23:49.329  1704  1748 D HeatmapThread: !@ Heatmap prevtime: 29610778
04-19 21:23:49.329  1704  1748 D HeatmapThread: !@ Heatmap plugstarttime: 29610797
04-19 21:23:49.330  1704  1748 D HeatmapThread: !@ Heatmap prevv_dsoh_update_time: 29610626
04-19 21:23:49.330  1704  1748 E HeatmapThread: !@ CAM New BSOH: 99
04-19 21:23:49.533  2748  5333 I NSLocationMonitor: getGPSUsingApps() called
04-19 21:23:49.535  5352  5395 I NSLocationManager_FLP: getGPSUsingApps, No change
04-19 21:23:49.546  2748  5333 D FreecessHandler: freeze com.whatsapp(10406) result : 12
04-19 21:23:49.647  1609  5265 I vendor.qti.bluetooth@1.1-ibs_handler: ProcessIbsCmd: Received IBS_WAKE_IND: 0xFD
04-19 21:23:49.647  1609  5265 D vendor.qti.bluetooth@1.1-ibs_handler: SerialClockVote: vote for UART CLK ON
04-19 21:23:49.647  1609  5265 D vendor.qti.bluetooth@1.1-wake_lock: Acquire wakelock is acquired 
04-19 21:23:49.647  1609  5265 I vendor.qti.bluetooth@1.1-ibs_handler: ProcessIbsCmd: Writing IBS_WAKE_ACK
04-19 21:23:49.659  4249  5273 I ScanController: onScanResult to scannerId: 12- eventType=0x1a, addressType=1, address=XX:XX:XX:XX:71:20, primaryPhy=1, secondaryPhy=0, advertisingSid=0xff, txPower=127, rssi=-60, periodicAdvInt=0x0
04-19 21:23:49.698  1609  5265 I vendor.qti.bluetooth@1.1-ibs_handler: ProcessIbsCmd: Received IBS_SLEEP_IND: 0xFE
04-19 21:23:49.698  1609  5265 D vendor.qti.bluetooth@1.1-ibs_handler: SerialClockVote: vote for UART CLK OFF
04-19 21:23:49.849  1609  4662 D vendor.qti.bluetooth@1.1-wake_lock: Release wakelock is released 
04-19 21:23:50.166  2748  3586 D ActivityManager: Received BROADCAST intent 0xaedadd8 Key{broadcastIntent pkg=devian.tubemate.v3 intent=act=com.opensignal.sdk.data.receiver.ALARM_PIPELINE xflg=0x4 pkg=devian.tubemate.v3 flags=0x4000000 u=0} requestCode=-65826662 sent=0 from uid 1000
04-19 21:23:50.172 29226 29498 W JobInfo : Job 'devian.tubemate.v3/com.opensignal.sdk.data.task.ExecutingJobService#44884494' has a deadline with no functional constraints. The deadline won't improve job execution latency. Consider removing the deadline.
04-19 21:23:50.173  2748  3047 I ActivityManager: Changes in 10325 19 to 11, 0 to 128
04-19 21:23:50.173  2748  8225 W JobInfo : Job 'devian.tubemate.v3/com.opensignal.sdk.data.task.ExecutingJobService#44884494' has a deadline with no functional constraints. The deadline won't improve job execution latency. Consider removing the deadline.
04-19 21:23:50.182 29226 29267 W JobInfo : Job 'devian.tubemate.v3/com.opensignal.sdk.data.task.ExecutingJobService#44884494' has a deadline with no functional constraints. The deadline won't improve job execution latency. Consider removing the deadline.
04-19 21:23:50.183  2748  5513 W JobInfo : Job 'devian.tubemate.v3/com.opensignal.sdk.data.task.ExecutingJobService#44884494' has a deadline with no functional constraints. The deadline won't improve job execution latency. Consider removing the deadline.
04-19 21:23:50.192  2748  3762 D BackgroundInstallControlService: Package event received: 0
04-19 21:23:50.198  2748  2748 W JobScheduler: Job didn't exist in JobStore: 3b52213 #u0a325/44884494 devian.tubemate.v3/com.opensignal.sdk.data.task.ExecutingJobService
04-19 21:23:50.200 20848 20848 I GH.SharedService: Shared Service destroyed
04-19 21:23:50.318  2748  5513 I ActivityManager: Changes in 10325 8 to 10, 128 to 0
04-19 21:23:50.325  1704  1748 E HeatmapThread: ECT Thread time in milliseconds: 1776648230
04-19 21:23:50.328  1704  1748 D HeatmapThread: !@ batteryplugType : 2
04-19 21:23:50.329  1704  1748 D HeatmapThread: !@ batteryLevel : 68  batteryTemperature : 316 
04-19 21:23:50.329  1704  1748 D HeatmapThread: !@ Heatmap currtime: 29610803
04-19 21:23:50.329  1704  1748 D HeatmapThread: !@ Heatmap prevtime: 29610778
04-19 21:23:50.329  1704  1748 D HeatmapThread: !@ Heatmap plugstarttime: 29610797
04-19 21:23:50.329  1704  1748 D HeatmapThread: !@ Heatmap prevv_dsoh_update_time: 29610626
04-19 21:23:50.329  1704  1748 E HeatmapThread: !@ CAM New BSOH: 99
04-19 21:23:50.466  1147  1147 D io_stats: !@   8,0 r 32971951 615979864 w 5475464 89784004 d 665891 70844096 f 375500 509076 iot 5893936 0 th 0 0 0 pt 0 inp 0 0 110745.271
04-19 21:23:50.467  1147  1147 D io_stats: !@ Read_top(KB): gearhead:shared(20848) 976 kworker/u16:4(27025) 4
04-19 21:23:50.467  1147  1147 D io_stats: !@ Write_top(KB): kworker/u16:4(27025) 2012 ian.tubemate.v3(29226) 216
04-19 21:23:50.563  2748  3770 D SemWifiTrafficPoller: getSoftApTotalTrafficInBytes:22610821
04-19 21:23:50.669  7327  7994 I SDHMS:x : SIOP:: AP:342 BAT:316 USB:295 CHG:339 PA:347 WIFI:354 CF:343 BLK:0 SUBBAT:0 LRPTHM:340 SKIN:332 SKINF:332 SKINB:329 LRP2:332 LRF2:332 LRB2:329 AP2:332 CHG2:329 WIFI2:330 RCV2:329 SPK2:303 FCAM:295 UPSPK:347 DNSPK:296 VAP02:345 VWIFI:362 AMB2:246 AVGCUR:232 AVGSYS:0 POWER:926
04-19 21:23:50.860  1741  3592 I VSyncReactor: Current= 60, Period= 60, Distance= 0
04-19 21:23:50.877  1741  3592 I VSyncReactor: Current= 60, Period= 60, Distance= 60
04-19 21:23:50.881  1623 13851 I sensors-hal: handle_sns_client_event:375, [0][2879710] accel_sample [-0.044, -0.056,  9.714] 139079553847965
04-19 21:23:50.938  2748  3704 W DeviceStorageMonitorService: updateBroadcasts(/data) oldLevel:0, newLevel:0, seq:1
04-19 21:23:50.940  2748  3704 D DeviceStorageMonitorService: Available File Node Number is [13133053]
04-19 21:23:50.940  2748  3704 W DeviceStorageMonitorService: updateBroadcasts_filenode(/data) fn_oldLevel:0, fn_newLevel:0, seq:1
04-19 21:23:51.323  4212  4212 I EPDG -- SIM1 [SMARTWIFI]: isProfiling, hash=9131731, started=true
04-19 21:23:51.324  4212  4212 I EPDG -- SIM1 [SMARTWIFI]: isProfiling, hash=9131731, started=true
04-19 21:23:51.325  1704  1748 E HeatmapThread: ECT Thread time in milliseconds: 1776648231
04-19 21:23:51.325  2748  6359 D SemWifiUsabilityStatsMonitor: onWifiUsabilityStats - seqNum 1880, isSameBssidAndFreq true
04-19 21:23:51.326  2748  3785 E SemWifiLinkQualityMonitor: Too old or invalid TMI: currentTime=1776648231326 lastDateWindow=1776608552000
04-19 21:23:51.327  4212  4212 I EPDG -- SIM1 [SMARTWIFI]: Rssi : -23 highrange : -71 lowrange : -80 mIsRssiInHystersis : false
04-19 21:23:51.327  4212  4212 I EPDG -- SIM1 [SMARTWIFI]: Rssi : -23 highrange : -71 lowrange : -80 mIsRssiInHystersis : false
04-19 21:23:51.327  4212  4212 I EPDG -- SIM1 [SMARTWIFI]: getHandoverThresholdMet: value is: false
04-19 21:23:51.327  2748  3785 I SemWifiLinkQualityMonitor: Link stat: 557 / 10 / 1.00 (26) / 433 / -23.0 || 100.0 : 433.00 / 0.5 : 1.00 / 0.55 : 0.02 / G (G) || 2dda0c6f5805: 0.092 / 87.154 / N || N N / 0 0 / N 103.0 / N X 0 / 110746129 0 || 2026-04-19 10:22:32  / 0: 0 0 0 0 0 0 / 0: 0 0 0 0 0 0 / 0: 0 0 0 0 0 0
04-19 21:23:51.328  2748  3786 D InsDataManager: onOutageCountUpdate() - Outage Data: 0, LQ : N. Outage Triggered: false
04-19 21:23:51.329  2748  3786 D SemInsManager: {"bssid": "2dda0c6f5805","rssi": -23.0,"latency": 0.09179202114409481,"outage_count": 0,"lq_callback_triggered": false,"outage_log": "Link stat: 557 / 10 / 1.00 (26) / 433 / -23.0 || 100.0 : 433.00 / 0.5 : 1.00 / 0.55 : 0.02 / G (G) || 2dda0c6f5805: 0.092 / 87.154 / N || N N / 0 0 / N 103.0 / N X 0 / 110746129 0 || 2026-04-19 10:22:32  / 0: 0 0 0 0 0 0 / 0: 0 0 0 0 0 0 / 0: 0 0 0 0 0 0""Magnetic Sensor Events size": "0""Pressure Sensor Events size": "0"}
04-19 21:23:51.330  1704  1748 D HeatmapThread: !@ batteryplugType : 2
04-19 21:23:51.332  1704  1748 D HeatmapThread: !@ batteryLevel : 68  batteryTemperature : 316 
04-19 21:23:51.332  1704  1748 D HeatmapThread: !@ Heatmap currtime: 29610803
04-19 21:23:51.332  1704  1748 D HeatmapThread: !@ Heatmap prevtime: 29610778
04-19 21:23:51.332  1704  1748 D HeatmapThread: !@ Heatmap plugstarttime: 29610797
04-19 21:23:51.332  1704  1748 D HeatmapThread: !@ Heatmap prevv_dsoh_update_time: 29610626
04-19 21:23:51.332  1704  1748 E HeatmapThread: !@ CAM New BSOH: 99
04-19 21:23:51.336  1623 11186 I sensors-hal: handle_sns_std_sensor_event:409, [SSC_LIGHT] P: 0(0),c:7,b:1275,m:13,cl:21,l:0,s:0,l0:864,l1:0,s0:0,s1:0,acl:1,opr:0.13,f(r):98,u(bl):100,if:0,wi:1,si:0,po:127(N:0)
04-19 21:23:51.336  1623  3907 I sensors-hal: handle_sns_std_sensor_event:131, [SSC_LIGHT] A: 0(0),c:7,b:1275,m:13,cl:21,l:0,s:0,l0:864,l1:0,s0:0,s1:0,acl:1,opr:0.13,f(r):98,u(bl):100,if:0,wi:1,si:0,po:127(N:0)
04-19 21:23:51.528  1609  5265 I vendor.qti.bluetooth@1.1-ibs_handler: ProcessIbsCmd: Received IBS_WAKE_IND: 0xFD
04-19 21:23:51.529  1609  5265 D vendor.qti.bluetooth@1.1-ibs_handler: SerialClockVote: vote for UART CLK ON
04-19 21:23:51.529  1609  5265 D vendor.qti.bluetooth@1.1-wake_lock: Acquire wakelock is acquired 
04-19 21:23:51.529  1609  5265 I vendor.qti.bluetooth@1.1-ibs_handler: ProcessIbsCmd: Writing IBS_WAKE_ACK
04-19 21:23:51.540  4249  5273 I ScanController: onScanResult to scannerId: 3- eventType=0x1a, addressType=1, address=XX:XX:XX:XX:64:48, primaryPhy=1, secondaryPhy=0, advertisingSid=0xff, txPower=127, rssi=-92, periodicAdvInt=0x0
04-19 21:23:51.583  1609  5265 I vendor.qti.bluetooth@1.1-ibs_handler: ProcessIbsCmd: Received IBS_SLEEP_IND: 0xFE
04-19 21:23:51.583  1609  5265 D vendor.qti.bluetooth@1.1-ibs_handler: SerialClockVote: vote for UART CLK OFF
04-19 21:23:51.713  2748  5333 I NSLocationMonitor: getGPSUsingApps() called
04-19 21:23:51.714  5352  5395 I NSLocationManager_FLP: getGPSUsingApps, No change
04-19 21:23:51.732  2748  5333 D FreecessHandler: freeze com.openai.chatgpt(10379) result : 2
04-19 21:23:51.734  1609  4662 D vendor.qti.bluetooth@1.1-wake_lock: Release wakelock is released 
04-19 21:23:51.856  1658  1658 I seh_thermal_service: getTemperaturesWithType SehTemperatureType: 3
04-19 21:23:51.856  1650  1650 I sehhealth-service: updateLrpSysfs: write: 332
04-19 21:23:51.858  1650  1728 E BatteryDump: !@new_battery_dump : 4001,281,475,550,68,316,295,339,316,0,332,339,0,Charging,NO_CHARGING,Normal,Good,USB,1,Normal,0,0,9300,0x0,0x10000,0x0,0,0,0000,0000,00000000,0,0,0,0,562,3987,6774,990,0,
04-19 21:23:51.897 29905 29905 I wpa_supplicant: Heartbeat 485
04-19 21:23:52.045  4730  4730 D BoundBrokerSvc: onUnbind: Intent { act=com.google.android.gms.libs.gmscorelogger.service.START dat=chimera-action:/... xflg=0x4 cmp=com.google.android.gms/.chimera.PersistentDirectBootAwareApiService }
04-19 21:23:52.219 29905 29905 I wpa_supplicant: nl80211: Vendor event: wiphy=0 vendor_id=0x1374 subcmd=182
04-19 21:23:52.220  1625  3894 I WifiHAL : event received NL80211_CMD_VENDOR, vendor_id = 0x1374, subcmd = 0xb6
04-19 21:23:52.221  2242  3896 D LOWI-9.0.1.74: [LOWI-Scan] wait_event:Wait done with Cmd 103
04-19 21:23:52.221  2242  3896 D LOWI-9.0.1.74: [LOWI-Scan] do_listen_events: Rcvd valid Netlink Cmd 0 Err 0
04-19 21:23:52.221  2212  2212 I cnss-daemon: nl80211 response handler invoked
04-19 21:23:52.221  2212  2212 I cnss-daemon: nl80211_response_handler: cmd 103, vendorID 4980, subcmd 182  received
04-19 21:23:52.326  1704  1748 E HeatmapThread: ECT Thread time in milliseconds: 1776648232
04-19 21:23:52.329  1704  1748 D HeatmapThread: !@ batteryplugType : 2
04-19 21:23:52.330  1704  1748 D HeatmapThread: !@ batteryLevel : 68  batteryTemperature : 316 
04-19 21:23:52.330  1704  1748 D HeatmapThread: !@ Heatmap currtime: 29610803
04-19 21:23:52.330  1704  1748 D HeatmapThread: !@ Heatmap prevtime: 29610778
04-19 21:23:52.330  1704  1748 D HeatmapThread: !@ Heatmap plugstarttime: 29610797
04-19 21:23:52.330  1704  1748 D HeatmapThread: !@ Heatmap prevv_dsoh_update_time: 29610626
04-19 21:23:52.330  1704  1748 E HeatmapThread: !@ CAM New BSOH: 99
04-19 21:23:52.468  1147  1147 D io_stats: !@   8,0 r 32971951 615979864 w 5475466 89784012 d 665891 70844096 f 375500 509076 iot 5893940 0 th 0 0 0 pt 0 inp 0 0 110747.273
04-19 21:23:52.546  1623  1623 I sensors-hal: set_config:60, sample_period_ns is adjusted to 200000000 based on min/max delay_ns
04-19 21:23:52.547  1623  1623 I sensors-hal: batch:363, com.samsung.sensor.light_cct/1511, period=200000000, max_latency=0 request completed
04-19 21:23:52.547  1623  1623 I sensors-hal: activate:300, com.samsung.sensor.light_cct/1511 en=1
04-19 21:23:52.547  1623  1623 I sensors-hal: acquire_qsh_interface:139, acquire_qsh_interface with sensor_id 12 , conn_type 3 
04-19 21:23:52.548  1623  1623 I sensors-hal: worker:51, worker(0xb400007122ad6a30) is created with tid= 476
04-19 21:23:52.550  1589  1720 I minksocket: MinkIPC MESSAGE: ( 1589:1720 ) MinkIPC_QRTR_Service:351 minkipc = 0xb400007850842db0 sock = 19, client with node 1 port 70a4 went down
04-19 21:23:52.550  1589  1726 I minksocket: MinkIPC MESSAGE: ( 1589:1726 ) MinkIPC_QRTR_Service:351 minkipc = 0xb4000078508405d0 sock = 26, client with node 1 port 70a4 went down
04-19 21:23:52.552  1589  1726 I minksocket: MinkIPC MESSAGE: ( 1589:1726 ) MinkIPC_QRTR_Service:351 minkipc = 0xb4000078508405d0 sock = 26, client with node 1 port 70a5 went down
04-19 21:23:52.552  1589  1720 I minksocket: MinkIPC MESSAGE: ( 1589:1720 ) MinkIPC_QRTR_Service:351 minkipc = 0xb400007850842db0 sock = 19, client with node 1 port 70a5 went down
04-19 21:23:52.554  1589  1726 I minksocket: MinkIPC MESSAGE: ( 1589:1726 ) MinkIPC_QRTR_Service:351 minkipc = 0xb4000078508405d0 sock = 26, client with node 1 port 70a6 went down
04-19 21:23:52.555  1589  1720 I minksocket: MinkIPC MESSAGE: ( 1589:1720 ) MinkIPC_QRTR_Service:351 minkipc = 0xb400007850842db0 sock = 19, client with node 1 port 70a6 went down
04-19 21:23:52.555  1623  1623 I sensors-hal: qsh_qmi:31, qsh_qmi
04-19 21:23:52.555  1623  1623 I sensors-hal: register_cb:304, suid(low=3046173514946711665,high=5084824469409589910) is new. register callbacks
04-19 21:23:52.555  1623  1623 I sensors-hal: send_sync_sensor_request:508, send sync request
04-19 21:23:52.555  1623  1623 I sensors-hal: send_sync_sensor_request:518, send_sync_sensor_request before send_request for light_cct with SUID low=3046173514946711665 high=5084824469409589910
04-19 21:23:52.555  1623  1623 I sensors-hal: send_sync_sensor_request:537, wait for notification of response
04-19 21:23:52.556  1589  1720 I minksocket: MinkIPC MESSAGE: ( 1589:1720 ) MinkIPC_QRTR_Service:351 minkipc = 0xb400007850842db0 sock = 19, client with node 1 port 70a7 went down
04-19 21:23:52.557  1589  1726 I minksocket: MinkIPC MESSAGE: ( 1589:1726 ) MinkIPC_QRTR_Service:351 minkipc = 0xb4000078508405d0 sock = 26, client with node 1 port 70a7 went down
04-19 21:23:52.557  1623   477 I sensors-hal: qsh_conn_resp_cb:930, resp_value = 0 for light_cct 
04-19 21:23:52.557  1623  1623 I sensors-hal: send_sync_sensor_request:543, takes 1 ms to receive the response with 0
04-19 21:23:52.557  1623  1623 I sensors-hal: activate:330, com.samsung.sensor.light_cct/1511 en=1 completed
04-19 21:23:52.558  2748  3709 D SensorManager: registerListener :: 1511, STK33F11 Light Strm  Non-wakeup, 200000, 0, com.samsung.android.displaysolution.EyeComfortSolutionService$1@cae7b68
04-19 21:23:52.616  1623   477 I sensors-hal: qsh_conn_event_cb:857, SCHED_FIFO(10) for qmi_cbk
04-19 21:23:52.617  1623   477 I sensors-hal: handle_sns_std_sensor_event:90, light_cct: ts = 139081316199840 ns; value = [0, 0, 30, 33, 0, 1275, 21, 0, 864, 0]
04-19 21:23:52.617  2748  3709 V EyeComfortSolutionService: count : 2508 , bopr_value : 30.0, platform_value : 149.0 , app_weighting : 1.0 , cal_value : 1.3326775 , sum_value : 12609.386 , BOPR_MAX_VALUE : 21000
04-19 21:23:52.618  1623  1623 I sensors-hal: activate:300, com.samsung.sensor.light_cct/1511 en=0
04-19 21:23:52.618  1623  1623 I sensors-hal: send_sync_sensor_request:508, send sync request
04-19 21:23:52.618  1623  1623 I sensors-hal: send_sync_sensor_request:518, send_sync_sensor_request before send_request for light_cct with SUID low=3046173514946711665 high=5084824469409589910
04-19 21:23:52.619  1623  1623 I sensors-hal: send_sync_sensor_request:537, wait for notification of response
04-19 21:23:52.620  1623   477 I sensors-hal: qsh_conn_resp_cb:930, resp_value = 0 for light_cct 
04-19 21:23:52.620  1623  1623 I sensors-hal: send_sync_sensor_request:543, takes 1 ms to receive the response with 0
04-19 21:23:52.621  1623  1623 I sensors-hal: ~worker:65, worker(0xb400007122ad6a30) send sig to tid= 476
04-19 21:23:52.621  1589  1726 I minksocket: MinkIPC MESSAGE: ( 1589:1726 ) MinkIPC_QRTR_Service:351 minkipc = 0xb4000078508405d0 sock = 26, client with node 1 port 70a8 went down
04-19 21:23:52.621  1589  1720 I minksocket: MinkIPC MESSAGE: ( 1589:1720 ) MinkIPC_QRTR_Service:351 minkipc = 0xb400007850842db0 sock = 19, client with node 1 port 70a8 went down
04-19 21:23:52.622  1623  1623 I sensors-hal: ~worker:74, worker(0xb400007122ad6a30) is destroyed, remaining task = 0, tid= 476
04-19 21:23:52.622  1623  1623 I sensors-hal: ~qsh_qmi:58, ~qsh_qmi
04-19 21:23:52.622  1623  1623 I sensors-hal: activate:330, com.samsung.sensor.light_cct/1511 en=0 completed
04-19 21:23:52.623  2748  3709 D SensorManager: unregisterListener :: com.samsung.android.displaysolution.EyeComfortSolutionService$1@cae7b68
04-19 21:23:52.824  4076 29942 D IpClient/wlan0: interfaceLinkStateChanged: ifindex 45 up
04-19 21:23:52.883  1623 13851 I sensors-hal: handle_sns_client_event:375, [0][2879744] accel_sample [-0.048, -0.055,  9.715] 139081556617809
04-19 21:23:52.915  2748  5311 I SemWifiApDataUsage: handleMessage: 14
04-19 21:23:52.915  2748  5311 I SemWifiApEbpf: DATA_USAGE_STATS_START_POLL,mhs= true,upstream= 1,client size 1
04-19 21:23:52.916  2748  5311 D SemWifiApEbpf: getWifiApDataUsageForOverAllMhs():  overall data is22610821
04-19 21:23:52.917  2748  5311 I SemWifiApEbpf: updating the overall dataUsage , overall =22610821 , global = {mTotalDataBytes=22610545,mTotalDataIngressBytes=0,mTotalDataEgressBytes=0,mCellularBytes=992485,mCurrentDayAndSimCellularBytes=992485}
04-19 21:23:52.918  2748  5311 I SemWifiApTrafficPriority: handleDataUsageStats : 02:cb:75:b5:5e:b0 : alive=true,mBitratePerSecond=440 bps,mBitrateIngressPerSecond=440 bps,mBitrateEgressPerSecond=0 bps,mCellularBytes=992485,mWifiDataBytes=7217776,mTotalDataBytes=8210261,mTotalDataIngressBytes=5028811,mTotalDataEgressBytes=3181450,mRtBytes=0,mnRtBytes=8210261,ip=Not available.,mRtBitratePerSecond=0 bps,mNrtBitrateperSecond=440 bps,
04-19 21:23:52.919  2748  5311 D SemWifiApTrafficPriority: activeNetworkSpeed: 40 MbpswifiInfoSpeed: 433 Mbps
04-19 21:23:52.920  2748  5311 D SemWifiApTrafficPriority: Log----> Interface Name: wlan0 totalStatsRxMegaBitRate: 0.0104096,ebpfDatarate: 0.0 ,mCurrSpeedEstimation: 40 mGapiValue: 40.035 mEnablePriorityeBpfAPICalled false
04-19 21:23:52.920  2748  5311 D SemWifiApTrafficPriority: mCurrentNonGBRAllocated:0
04-19 21:23:52.920  2748  5311 I SemWifiApTrafficPriority: calculateRecalRestrictTimer,ebpfrate:0,currentNonGBRAllocated:0
04-19 21:23:53.294  1609  5265 I vendor.qti.bluetooth@1.1-ibs_handler: ProcessIbsCmd: Received IBS_WAKE_IND: 0xFD
04-19 21:23:53.295  1609  5265 D vendor.qti.bluetooth@1.1-ibs_handler: SerialClockVote: vote for UART CLK ON
04-19 21:23:53.295  1609  5265 D vendor.qti.bluetooth@1.1-wake_lock: Acquire wakelock is acquired 
04-19 21:23:53.296  1609  5265 I vendor.qti.bluetooth@1.1-ibs_handler: ProcessIbsCmd: Writing IBS_WAKE_ACK
04-19 21:23:53.325  1704  1748 E HeatmapThread: ECT Thread time in milliseconds: 1776648233
04-19 21:23:53.330  1704  1748 D HeatmapThread: !@ batteryplugType : 2
04-19 21:23:53.330  1704  1748 D HeatmapThread: !@ batteryLevel : 68  batteryTemperature : 316 
04-19 21:23:53.331  1704  1748 D HeatmapThread: !@ Heatmap currtime: 29610803
04-19 21:23:53.331  1704  1748 D HeatmapThread: !@ Heatmap prevtime: 29610778
04-19 21:23:53.331  1704  1748 D HeatmapThread: !@ Heatmap plugstarttime: 29610797
04-19 21:23:53.332  1704  1748 D HeatmapThread: !@ Heatmap prevv_dsoh_update_time: 29610626
04-19 21:23:53.332  1704  1748 E HeatmapThread: !@ CAM New BSOH: 99
04-19 21:23:53.344  1609  5265 I vendor.qti.bluetooth@1.1-ibs_handler: ProcessIbsCmd: Received IBS_SLEEP_IND: 0xFE
04-19 21:23:53.344  1609  5265 D vendor.qti.bluetooth@1.1-ibs_handler: SerialClockVote: vote for UART CLK OFF
04-19 21:23:53.356  1609  5265 I vendor.qti.bluetooth@1.1-ibs_handler: ProcessIbsCmd: Received IBS_WAKE_IND: 0xFD
04-19 21:23:53.356  1609  5265 D vendor.qti.bluetooth@1.1-ibs_handler: SerialClockVote: vote for UART CLK ON
04-19 21:23:53.356  1609  5265 I vendor.qti.bluetooth@1.1-ibs_handler: ProcessIbsCmd: Writing IBS_WAKE_ACK
04-19 21:23:53.365  4249  5273 I ScanController: onScanResult to scannerId: 12- eventType=0x1a, addressType=1, address=XX:XX:XX:XX:71:20, primaryPhy=1, secondaryPhy=0, advertisingSid=0xff, txPower=127, rssi=-57, periodicAdvInt=0x0
04-19 21:23:53.373  4249  5273 I ScanController: onScanResult to scannerId: 3- eventType=0x1a, addressType=1, address=XX:XX:XX:XX:64:48, primaryPhy=1, secondaryPhy=0, advertisingSid=0xff, txPower=127, rssi=-93, periodicAdvInt=0x0
04-19 21:23:53.412  1609  5265 I vendor.qti.bluetooth@1.1-ibs_handler: ProcessIbsCmd: Received IBS_SLEEP_IND: 0xFE
04-19 21:23:53.413  1609  5265 D vendor.qti.bluetooth@1.1-ibs_handler: SerialClockVote: vote for UART CLK OFF
04-19 21:23:53.564  1609  4662 D vendor.qti.bluetooth@1.1-wake_lock: Release wakelock is released 
04-19 21:23:53.568  2748  3770 D SemWifiTrafficPoller: getSoftApTotalTrafficInBytes:22610821
04-19 21:23:54.325  1704  1748 E HeatmapThread: ECT Thread time in milliseconds: 1776648234
04-19 21:23:54.328  1704  1748 D HeatmapThread: !@ batteryplugType : 2
04-19 21:23:54.328  1704  1748 D HeatmapThread: !@ batteryLevel : 68  batteryTemperature : 316 
04-19 21:23:54.328  1704  1748 D HeatmapThread: !@ Heatmap currtime: 29610803
04-19 21:23:54.328  1704  1748 D HeatmapThread: !@ Heatmap prevtime: 29610778
04-19 21:23:54.329  1704  1748 D HeatmapThread: !@ Heatmap plugstarttime: 29610797
04-19 21:23:54.329  1704  1748 D HeatmapThread: !@ Heatmap prevv_dsoh_update_time: 29610626
04-19 21:23:54.329  1704  1748 E HeatmapThread: !@ CAM New BSOH: 99
04-19 21:23:54.346  2748  6359 D SemWifiUsabilityStatsMonitor: onWifiUsabilityStats - seqNum 1881, isSameBssidAndFreq true
04-19 21:23:54.350  2748  3785 E SemWifiLinkQualityMonitor: Too old or invalid TMI: currentTime=1776648234350 lastDateWindow=1776608552000
04-19 21:23:54.351  4212  4212 I EPDG -- SIM1 [SMARTWIFI]: isProfiling, hash=9131731, started=true
04-19 21:23:54.351  2748  3785 I SemWifiLinkQualityMonitor: Link stat: 514 / 13 / 1.00 (20) / 433 / -24.0 || 100.0 : 433.00 / 0.5 : 1.00 / 0.55 : 0.03 / G (G) || 2dda0c6f5805: 0.092 / 86.633 / N || N N / 0 0 / N 103.0 / N X 0 / 110749154 0 || 2026-04-19 10:22:32  / 0: 0 0 0 0 0 0 / 0: 0 0 0 0 0 0 / 0: 0 0 0 0 0 0
04-19 21:23:54.351  4212  4212 I EPDG -- SIM1 [SMARTWIFI]: isProfiling, hash=9131731, started=true
04-19 21:23:54.353  2748  3786 D InsDataManager: onOutageCountUpdate() - Outage Data: 0, LQ : N. Outage Triggered: false
04-19 21:23:54.353  4212  4212 I EPDG -- SIM1 [SMARTWIFI]: Rssi : -24 highrange : -71 lowrange : -80 mIsRssiInHystersis : false
04-19 21:23:54.353  4212  4212 I EPDG -- SIM1 [SMARTWIFI]: Rssi : -24 highrange : -71 lowrange : -80 mIsRssiInHystersis : false
04-19 21:23:54.353  4212  4212 I EPDG -- SIM1 [SMARTWIFI]: getHandoverThresholdMet: value is: false
04-19 21:23:54.354  2748  3786 D SemInsManager: {"bssid": "2dda0c6f5805","rssi": -24.0,"latency": 0.09234401405042109,"outage_count": 0,"lq_callback_triggered": false,"outage_log": "Link stat: 514 / 13 / 1.00 (20) / 433 / -24.0 || 100.0 : 433.00 / 0.5 : 1.00 / 0.55 : 0.03 / G (G) || 2dda0c6f5805: 0.092 / 86.633 / N || N N / 0 0 / N 103.0 / N X 0 / 110749154 0 || 2026-04-19 10:22:32  / 0: 0 0 0 0 0 0 / 0: 0 0 0 0 0 0 / 0: 0 0 0 0 0 0""Magnetic Sensor Events size": "0""Pressure Sensor Events size": "0"}
04-19 21:23:54.470  2748  3771 D SemHostapdHalAidlImpl: ISehHostapd command: GET_STATION_INFO_SWLAN0 ALL
04-19 21:23:54.470  1147  1147 D io_stats: !@   8,0 r 32971952 615979868 w 5475483 89786232 d 665891 70844096 f 375500 509076 iot 5893956 0 th 0 0 0 pt 0 inp 0 0 110749.275
04-19 21:23:54.470  1147  1147 D io_stats: !@ Read_top(KB): kworker/u16:2(22060) 4
04-19 21:23:54.470  1147  1147 D io_stats: !@ Write_top(KB): kworker/u16:2(22060) 2220 vendor.samsung.(1650) 8
04-19 21:23:54.470 29094 29094 I hostapd : sehSendCommand 
04-19 21:23:54.471 29094 29094 I hostapd : doDriverCommand 
04-19 21:23:54.471 29094 29094 I hostapd : IHostapd iface swlan0
04-19 21:23:54.476 29094 29094 I wpa_sslib: Recv STA info 02:cb:75:b5:5e:b0
04-19 21:23:54.476 29094 29094 I wpa_sslib: rx_retry_pkts 2056
04-19 21:23:54.476 29094 29094 I wpa_sslib: rx_bcmc_pkts 173308
04-19 21:23:54.476 29094 29094 I wpa_sslib: tx_pkts_retried 0
04-19 21:23:54.476 29094 29094 I wpa_sslib: tx_pkts_retry_exhausted 0
04-19 21:23:54.476 29094 29094 I wpa_sslib: tx_pkts_fw_total 10417
04-19 21:23:54.476 29094 29094 I wpa_sslib: tx_pkts_fw_retries 1817
04-19 21:23:54.476 29094 29094 I wpa_sslib: tx_pkts_fw_retry_exhausted 10
04-19 21:23:54.476 29094 29094 I wpa_sslib: mcs_tx_pkts[0] 10
04-19 21:23:54.476 29094 29094 I wpa_sslib: mcs_tx_pkts[1] 34
04-19 21:23:54.476 29094 29094 I wpa_sslib: mcs_tx_pkts[2] 0
04-19 21:23:54.476 29094 29094 I wpa_sslib: mcs_tx_pkts[3] 0
04-19 21:23:54.476 29094 29094 I wpa_sslib: mcs_tx_pkts[4] 1
04-19 21:23:54.476 29094 29094 I wpa_sslib: mcs_tx_pkts[5] 105
04-19 21:23:54.476 29094 29094 I wpa_sslib: mcs_tx_pkts[6] 627
04-19 21:23:54.476 29094 29094 I wpa_sslib: mcs_tx_pkts[7] 749
04-19 21:23:54.477 29094 29094 I wpa_sslib: mcs_tx_pkts[8] 2089
04-19 21:23:54.477 29094 29094 I wpa_sslib: mcs_tx_pkts[9] 2349
04-19 21:23:54.477 29094 29094 I wpa_sslib: mcs_tx_pkts[10] 1592
04-19 21:23:54.477 29094 29094 I wpa_sslib: mcs_tx_pkts[11] 1054
04-19 21:23:54.477 29094 29094 I wpa_sslib: mcs_tx_pkts[12] 0
04-19 21:23:54.477 29094 29094 I wpa_sslib: mcs_tx_pkts[13] 0
04-19 21:23:54.477 29094 29094 I wpa_sslib: mcs_tx_pkts[14] 0
04-19 21:23:54.477 29094 29094 I wpa_sslib: mcs_tx_pkts[15] 0
04-19 21:23:54.477 29094 29094 I wpa_sslib: mcs_rx_pkts[0] 2
04-19 21:23:54.477 29094 29094 I wpa_sslib: mcs_rx_pkts[1] 0
04-19 21:23:54.477 29094 29094 I wpa_sslib: mcs_rx_pkts[2] 0
04-19 21:23:54.477 29094 29094 I wpa_sslib: mcs_rx_pkts[3] 1
04-19 21:23:54.477 29094 29094 I wpa_sslib: mcs_rx_pkts[4] 155
04-19 21:23:54.477 29094 29094 I wpa_sslib: mcs_rx_pkts[5] 675
04-19 21:23:54.477 29094 29094 I wpa_sslib: mcs_rx_pkts[6] 1359
04-19 21:23:54.477 29094 29094 I wpa_sslib: mcs_rx_pkts[7] 1779
04-19 21:23:54.477 29094 29094 I wpa_sslib: mcs_rx_pkts[8] 3689
04-19 21:23:54.477 29094 29094 I wpa_sslib: mcs_rx_pkts[9] 5013
04-19 21:23:54.477 29094 29094 I wpa_sslib: mcs_rx_pkts[10] 0
04-19 21:23:54.477 29094 29094 I wpa_sslib: mcs_rx_pkts[11] 0
04-19 21:23:54.477 29094 29094 I wpa_sslib: mcs_rx_pkts[12] 0
04-19 21:23:54.477 29094 29094 I wpa_sslib: mcs_rx_pkts[13] 0
04-19 21:23:54.477 29094 29094 I wpa_sslib: mcs_rx_pkts[14] 0
04-19 21:23:54.477 29094 29094 I wpa_sslib: mcs_rx_pkts[15] 0
04-19 21:23:54.477 29094 29094 I wpa_sslib: num_received_vendor_sta_info 1
04-19 21:23:54.477 29094 29094 I wpa_sslib: num_request_vendor_sta_info 1
04-19 21:23:54.480 29094 29094 I wpa_sslib: Recv STA info 02:cb:75:b5:5e:b0
04-19 21:23:54.480 29094 29094 I wpa_sslib: HT supported
04-19 21:23:54.481 29094 29094 I wpa_sslib: VHT supported
04-19 21:23:54.481 29094 29094 I wpa_sslib: tx_rate 289
04-19 21:23:54.481 29094 29094 I wpa_sslib: bandwidth 20
04-19 21:23:54.481 29094 29094 I wpa_sslib: NSS/antenna 1
04-19 21:23:54.481 29094 29094 I wpa_sslib: data_rate 289
04-19 21:23:54.481 29094 29094 I wpa_sslib: rssi -28 rx_lastpkt_rssi -28
04-19 21:23:54.481 29094 29094 I wpa_sslib: avg_rssi_per_chain[0] -29
04-19 21:23:54.481 29094 29094 I wpa_sslib: avg_rssi_per_chain[1] -33
04-19 21:23:54.481 29094 29094 E wpa_sslib: WMI_MAX_CHAINS reached
04-19 21:23:54.481 29094 29094 I wpa_sslib: avg_rssi -31
04-19 21:23:54.481 29094 29094 I wpa_sslib: tx_pkts_total 10417
04-19 21:23:54.482 29094 29094 I wpa_sslib: tx_pckts 10417
04-19 21:23:54.482 29094 29094 I wpa_sslib: tx_failures 10
04-19 21:23:54.482 29094 29094 I wpa_sslib: rx_pkts 13689
04-19 21:23:54.482 29094 29094 I wpa_sslib: num_received_nl80211_sta_info 1
04-19 21:23:54.482 29094 29094 I wpa_sslib: num_request_nl80211_sta_info 1
04-19 21:23:54.482 29094 29094 I wpa_sslib: cap 0000
04-19 21:23:54.482 29094 29094 I wpa_sslib: freq 2437
04-19 21:23:54.482 29094 29094 I wpa_sslib: dot11_mode 4
04-19 21:23:54.482 29094 29094 I wpa_sslib: supported_mode 3
04-19 21:23:54.482 29094 29094 I wpa_sslib: STA information completed
04-19 21:23:54.482 29094 29094 I wpa_sslib: All STAs information completed
04-19 21:23:54.482 29094 29094 I wpa_sslib: GETSTAINFO 02:cb:75:b5:5e:b0 Rx_Retry_Pkts=2056 Rx_BcMc_Pkts=173308 CAP=0000 02:cb:75 2437 20 -28 289 3 1 0 0 3 -31 15=0,14=0,13=0,12=0,11=1054,10=1592,9=2349,8=2089,7=749,6=627,5=105,4=1,3=0,2=0,1=34,0=10 10417 10 0 15=0,14=0,13=0,12=0,11=0,10=0,9=5013,8=3689,7=1779,6=1359,5=675,4=155,3=1,2=0,1=0,0=2 13689 -1 2056
04-19 21:23:54.482 29094 29094 I hostapd : command is GET_STATION_INFO_SWLAN0 ALL,return value is =317
04-19 21:23:54.484  2748  5374 D SemWifiApTrafficPoller: received START_TPUT_LOG
04-19 21:23:54.886  1623 13851 I sensors-hal: handle_sns_client_event:375, [0][2879778] accel_sample [-0.047, -0.055,  9.717] 139083559387601
04-19 21:23:55.078  1609  5265 I vendor.qti.bluetooth@1.1-ibs_handler: ProcessIbsCmd: Received IBS_WAKE_IND: 0xFD
04-19 21:23:55.079  1609  5265 D vendor.qti.bluetooth@1.1-ibs_handler: SerialClockVote: vote for UART CLK ON
04-19 21:23:55.079  1609  5265 D vendor.qti.bluetooth@1.1-wake_lock: Acquire wakelock is acquired 
04-19 21:23:55.079  1609  5265 I vendor.qti.bluetooth@1.1-ibs_handler: ProcessIbsCmd: Writing IBS_WAKE_ACK
04-19 21:23:55.090  4249  5273 I ScanController: onScanResult to scannerId: 12- eventType=0x1a, addressType=1, address=XX:XX:XX:XX:71:20, primaryPhy=1, secondaryPhy=0, advertisingSid=0xff, txPower=127, rssi=-59, periodicAdvInt=0x0
04-19 21:23:55.115  2748  3784 I BatteryService_BatteryPropertiesRegistrar: [getProperty]id:6
04-19 21:23:55.115  2748  3784 I BatteryService_BatteryPropertiesRegistrar: [getProperty]prop.long:-9223372036854775808 ,prop.string:null
04-19 21:23:55.117  2748  3784 I BatteryService_BatteryPropertiesRegistrar: [getProperty]id:4
04-19 21:23:55.117  2748  3784 I BatteryService_BatteryPropertiesRegistrar: [getProperty]prop.long:-9223372036854775808 ,prop.string:null
04-19 21:23:55.119  2748  3784 I SemWifiIntelligentTrainingManager: Tr. cond. check: true / 1 (2) / true / 0 (1)
04-19 21:23:55.119  2748  3784 I BatteryService_BatteryPropertiesRegistrar: [getProperty]id:6
04-19 21:23:55.119  2748  3784 I BatteryService_BatteryPropertiesRegistrar: [getProperty]prop.long:-9223372036854775808 ,prop.string:null
04-19 21:23:55.120  2748  3784 I BatteryService_BatteryPropertiesRegistrar: [getProperty]id:4
04-19 21:23:55.120  2748  3784 I BatteryService_BatteryPropertiesRegistrar: [getProperty]prop.long:-9223372036854775808 ,prop.string:null
04-19 21:23:55.130  1609  5265 I vendor.qti.bluetooth@1.1-ibs_handler: ProcessIbsCmd: Received IBS_SLEEP_IND: 0xFE
04-19 21:23:55.130  1609  5265 D vendor.qti.bluetooth@1.1-ibs_handler: SerialClockVote: vote for UART CLK OFF
04-19 21:23:55.177  1625  3894 E WifiHAL : nl80211: Peer not found in the pairing list
04-19 21:23:55.210  2748  3693 D InetDiagMessage: Destroyed 0 sockets, proto=IPPROTO_TCP, family=AF_INET, states=14
04-19 21:23:55.212  2748  3693 D InetDiagMessage: Destroyed 0 sockets, proto=IPPROTO_TCP, family=AF_INET6, states=14
04-19 21:23:55.212  2748  3693 D InetDiagMessage: Destroyed live tcp sockets for uids={10245} in 4ms
04-19 21:23:55.214  2748  3693 D InetDiagMessage: Destroyed 0 sockets, proto=IPPROTO_TCP, family=AF_INET, states=14
04-19 21:23:55.216  2748  3693 D InetDiagMessage: Destroyed 0 sockets, proto=IPPROTO_TCP, family=AF_INET6, states=14
04-19 21:23:55.216  2748  3693 D InetDiagMessage: Destroyed live tcp sockets for uids={20245} in 4ms
04-19 21:23:55.282  1609  4662 D vendor.qti.bluetooth@1.1-wake_lock: Release wakelock is released 
04-19 21:23:55.325  1704  1748 E HeatmapThread: ECT Thread time in milliseconds: 1776648235
04-19 21:23:55.327  1704  1748 D HeatmapThread: !@ batteryplugType : 2
04-19 21:23:55.328  1704  1748 D HeatmapThread: !@ batteryLevel : 68  batteryTemperature : 316 
04-19 21:23:55.328  1704  1748 D HeatmapThread: !@ Heatmap currtime: 29610803
04-19 21:23:55.328  1704  1748 D HeatmapThread: !@ Heatmap prevtime: 29610778
04-19 21:23:55.328  1704  1748 D HeatmapThread: !@ Heatmap plugstarttime: 29610797
04-19 21:23:55.328  1704  1748 D HeatmapThread: !@ Heatmap prevv_dsoh_update_time: 29610626
04-19 21:23:55.328  1704  1748 E HeatmapThread: !@ CAM New BSOH: 99
04-19 21:23:55.395  7327  7327 I SDHMS:LOAD: type: LoadsFreqs, value: 1:0:0:672000:672000:672000:614400:960000:499200:231:231:231
04-19 21:23:55.548  2748  5333 I NSLocationMonitor: getGPSUsingApps() called
04-19 21:23:55.549  5352  5395 I NSLocationManager_FLP: getGPSUsingApps, No change
04-19 21:23:55.562  2748  5333 D FreecessHandler: freeze com.whatsapp(10406) result : 12
04-19 21:23:56.326  1704  1748 E HeatmapThread: ECT Thread time in milliseconds: 1776648236
04-19 21:23:56.330  1704  1748 D HeatmapThread: !@ batteryplugType : 2
04-19 21:23:56.330  1704  1748 D HeatmapThread: !@ batteryLevel : 68  batteryTemperature : 316 
04-19 21:23:56.330  1704  1748 D HeatmapThread: !@ Heatmap currtime: 29610803
04-19 21:23:56.331  1704  1748 D HeatmapThread: !@ Heatmap prevtime: 29610778
04-19 21:23:56.331  1704  1748 D HeatmapThread: !@ Heatmap plugstarttime: 29610797
04-19 21:23:56.331  1704  1748 D HeatmapThread: !@ Heatmap prevv_dsoh_update_time: 29610626
04-19 21:23:56.331  1704  1748 E HeatmapThread: !@ CAM New BSOH: 99
04-19 21:23:56.471  1147  1147 D io_stats: !@   8,0 r 32971959 615980024 w 5475487 89786256 d 665891 70844096 f 375500 509076 iot 5893976 0 th 0 0 0 pt 0 inp 0 0 110751.276
04-19 21:23:56.576  2748  3770 D SemWifiTrafficPoller: getSoftApTotalTrafficInBytes:22610821
04-19 21:23:56.726  3918  4525 D SatelliteController: isInCarrierRoamingNbIotNtn: satellite is disabled
04-19 21:23:56.728  3918  4525 V SatelliteController: getWwanIsInService: return true
04-19 21:23:56.732  4212  4212 I EPDG -- SIM1 [SMARTCELLULAR]: onSignalStrengthsChanged: SignalStrength:{mCdma=Invalid,mGsm=Invalid,mWcdma=Invalid,mTdscdma=Invalid,mLte=Invalid,mNr=CellSignalStrengthNr:{ csiRsrp = 2147483647 csiRsrq = 2147483647 csiCqiTableIndex = 2147483647 csiCqiReport = [] ssRsrp = -111 ssRsrq = -12 ssSinr = 1 level = 0 parametersUseForLevel = 0 timingAdvance = 2147483647 },SignalBarInfo{ nrLevel=3 },rat=20,primary=CellSignalStrengthNr}
04-19 21:23:56.733  4212  5903 I EPDG -- SIM1 [SMARTCELLULAR]: lastNrRSRP is -111 currentNrRSRP is -111 lastNrRSRQ is -13 currentNrRSRQ is -12
04-19 21:23:56.889  1623 13851 I sensors-hal: handle_sns_client_event:375, [0][2879812] accel_sample [-0.049, -0.059,  9.717] 139085562156767
04-19 21:23:57.010  2748  3762 D BackgroundInstallControlService: Package event received: 0
04-19 21:23:57.010  2748  3762 D BackgroundInstallControlService: Package event received: 0
04-19 21:23:57.011  2748  3762 D BackgroundInstallControlService: Package event received: 0
04-19 21:23:57.013  2134  2134 I CNSS    : /sys/wifi/max_chipset_log_size doesn't exist
04-19 21:23:57.096  1623  3907 I sensors-hal: handle_sns_std_sensor_event:131, [SSC_LIGHT] A: 0(0),c:7,b:1275,m:13,cl:21,l:0,s:0,l0:896,l1:0,s0:0,s1:0,acl:1,opr:0.13,f(r):98,u(bl):100,if:0,wi:1,si:0,po:127(N:0)
04-19 21:23:57.096  1623 11186 I sensors-hal: handle_sns_std_sensor_event:409, [SSC_LIGHT] P: 0(0),c:7,b:1275,m:13,cl:21,l:0,s:0,l0:896,l1:0,s0:0,s1:0,acl:1,opr:0.13,f(r):98,u(bl):100,if:0,wi:1,si:0,po:127(N:0)
04-19 21:23:57.169  1609  5265 I vendor.qti.bluetooth@1.1-ibs_handler: ProcessIbsCmd: Received IBS_WAKE_IND: 0xFD
04-19 21:23:57.170  1609  5265 D vendor.qti.bluetooth@1.1-ibs_handler: SerialClockVote: vote for UART CLK ON
04-19 21:23:57.170  1609  5265 D vendor.qti.bluetooth@1.1-wake_lock: Acquire wakelock is acquired 
04-19 21:23:57.170  1609  5265 I vendor.qti.bluetooth@1.1-ibs_handler: ProcessIbsCmd: Writing IBS_WAKE_ACK
04-19 21:23:57.219 29905 29905 I wpa_supplicant: nl80211: Vendor event: wiphy=0 vendor_id=0x1374 subcmd=182
04-19 21:23:57.219  2242  3896 D LOWI-9.0.1.74: [LOWI-Scan] wait_event:Wait done with Cmd 103
04-19 21:23:57.220  2242  3896 D LOWI-9.0.1.74: [LOWI-Scan] do_listen_events: Rcvd valid Netlink Cmd 0 Err 0
04-19 21:23:57.220  1625  3894 I WifiHAL : event received NL80211_CMD_VENDOR, vendor_id = 0x1374, subcmd = 0xb6
04-19 21:23:57.221  2212  2212 I cnss-daemon: nl80211 response handler invoked
04-19 21:23:57.221  2212  2212 I cnss-daemon: nl80211_response_handler: cmd 103, vendorID 4980, subcmd 182  received
04-19 21:23:57.221  1609  5265 I vendor.qti.bluetooth@1.1-ibs_handler: ProcessIbsCmd: Received IBS_SLEEP_IND: 0xFE
04-19 21:23:57.222  1609  5265 D vendor.qti.bluetooth@1.1-ibs_handler: SerialClockVote: vote for UART CLK OFF
04-19 21:23:57.326  1704  1748 E HeatmapThread: ECT Thread time in milliseconds: 1776648237
04-19 21:23:57.329  1704  1748 D HeatmapThread: !@ batteryplugType : 2
04-19 21:23:57.329  1704  1748 D HeatmapThread: !@ batteryLevel : 68  batteryTemperature : 316 
04-19 21:23:57.329  1704  1748 D HeatmapThread: !@ Heatmap currtime: 29610803
04-19 21:23:57.330  1704  1748 D HeatmapThread: !@ Heatmap prevtime: 29610778
04-19 21:23:57.330  1704  1748 D HeatmapThread: !@ Heatmap plugstarttime: 29610797
04-19 21:23:57.330  1704  1748 D HeatmapThread: !@ Heatmap prevv_dsoh_update_time: 29610626
04-19 21:23:57.331  1704  1748 E HeatmapThread: !@ CAM New BSOH: 99
04-19 21:23:57.365  4212  4212 I EPDG -- SIM1 [SMARTWIFI]: isProfiling, hash=9131731, started=true
04-19 21:23:57.366  4212  4212 I EPDG -- SIM1 [SMARTWIFI]: isProfiling, hash=9131731, started=true
04-19 21:23:57.368  2748  6359 D SemWifiUsabilityStatsMonitor: onWifiUsabilityStats - seqNum 1882, isSameBssidAndFreq true
04-19 21:23:57.369  4212  4212 I EPDG -- SIM1 [SMARTWIFI]: Rssi : -25 highrange : -71 lowrange : -80 mIsRssiInHystersis : false
04-19 21:23:57.369  4212  4212 I EPDG -- SIM1 [SMARTWIFI]: Rssi : -25 highrange : -71 lowrange : -80 mIsRssiInHystersis : false
04-19 21:23:57.369  4212  4212 I EPDG -- SIM1 [SMARTWIFI]: getHandoverThresholdMet: value is: false
04-19 21:23:57.369  2748  3785 E SemWifiLinkQualityMonitor: Too old or invalid TMI: currentTime=1776648237369 lastDateWindow=1776608552000
04-19 21:23:57.371  2748  3785 I SemWifiLinkQualityMonitor: Link stat: 786 / 33 / 1.00 (19) / 433 / -25.0 || 100.0 : 433.00 / 0.5 : 1.00 / 0.55 : 0.04 / G (G) || 2dda0c6f5805: 0.094 / 85.442 / N || N N / 0 0 / N 103.0 / N X 0 / 110752174 0 || 2026-04-19 10:22:32  / 0: 0 0 0 0 0 0 / 0: 0 0 0 0 0 0 / 0: 0 0 0 0 0 0
04-19 21:23:57.372  2748  3786 D InsDataManager: onOutageCountUpdate() - Outage Data: 0, LQ : N. Outage Triggered: false
04-19 21:23:57.373  2748  3786 D SemInsManager: {"bssid": "2dda0c6f5805","rssi": -25.0,"latency": 0.09363112906342297,"outage_count": 0,"lq_callback_triggered": false,"outage_log": "Link stat: 786 / 33 / 1.00 (19) / 433 / -25.0 || 100.0 : 433.00 / 0.5 : 1.00 / 0.55 : 0.04 / G (G) || 2dda0c6f5805: 0.094 / 85.442 / N || N N / 0 0 / N 103.0 / N X 0 / 110752174 0 || 2026-04-19 10:22:32  / 0: 0 0 0 0 0 0 / 0: 0 0 0 0 0 0 / 0: 0 0 0 0 0 0""Magnetic Sensor Events size": "0""Pressure Sensor Events size": "0"}
04-19 21:23:57.373  1609  4662 D vendor.qti.bluetooth@1.1-wake_lock: Release wakelock is released 
04-19 21:23:57.678  2748  3031 E Watchdog: !@Sync: 3690 heap(MB): 185 / 204 FD: 1397 [2026-04-19 21:23:57.678]
04-19 21:23:57.735  2748  5333 I NSLocationMonitor: getGPSUsingApps() called
04-19 21:23:57.736  5352  5395 I NSLocationManager_FLP: getGPSUsingApps, No change
04-19 21:23:57.750  2748  5333 D FreecessHandler: freeze com.openai.chatgpt(10379) result : 2
04-19 21:23:57.922  2748  5311 I SemWifiApDataUsage: handleMessage: 14
04-19 21:23:57.923  2748  5311 I SemWifiApEbpf: DATA_USAGE_STATS_START_POLL,mhs= true,upstream= 1,client size 1
04-19 21:23:57.924  2748  5311 D SemWifiApEbpf: getWifiApDataUsageForOverAllMhs():  overall data is22610821
04-19 21:23:57.924  2748  5311 I SemWifiApEbpf: updating the overall dataUsage , overall =22610821 , global = {mTotalDataBytes=22610821,mTotalDataIngressBytes=0,mTotalDataEgressBytes=0,mCellularBytes=992485,mCurrentDayAndSimCellularBytes=992485}
04-19 21:23:57.924  2748  5311 I SemWifiApTrafficPriority: handleDataUsageStats : 02:cb:75:b5:5e:b0 : alive=true,mBitratePerSecond=0 bps,mBitrateIngressPerSecond=0 bps,mBitrateEgressPerSecond=0 bps,mCellularBytes=992485,mWifiDataBytes=7217776,mTotalDataBytes=8210261,mTotalDataIngressBytes=5028811,mTotalDataEgressBytes=3181450,mRtBytes=0,mnRtBytes=8210261,ip=Not available.,mRtBitratePerSecond=0 bps,mNrtBitrateperSecond=0 bps,
04-19 21:23:57.925  2748  5311 D SemWifiApTrafficPriority: activeNetworkSpeed: 40 MbpswifiInfoSpeed: 433 Mbps
04-19 21:23:57.926  2748  5311 D SemWifiApTrafficPriority: Log----> Interface Name: wlan0 totalStatsRxMegaBitRate: 0.0062608,ebpfDatarate: 0.0 ,mCurrSpeedEstimation: 40 mGapiValue: 40.035 mEnablePriorityeBpfAPICalled false
04-19 21:23:57.926  2748  5311 D SemWifiApTrafficPriority: mCurrentNonGBRAllocated:0
04-19 21:23:57.926  2748  5311 I SemWifiApTrafficPriority: calculateRecalRestrictTimer,ebpfrate:0,currentNonGBRAllocated:0
04-19 21:23:57.991  1623  3907 I sensors-hal: handle_sns_client_event:190, auto_rotation_debug_2 mode,255, type,1,0 acc,-0.062,-0.053,9.720, ar,0, ver,14, pedo,1,e,1,i,3
04-19 21:23:58.004  3918  4525 D SatelliteController: isInCarrierRoamingNbIotNtn: satellite is disabled
04-19 21:23:58.006  3918  4525 V SatelliteController: getWwanIsInService: return true
04-19 21:23:58.007  2748  3770 D SemCellularStateManager: onSignalStrengthsChanged: mCellularSignalLevel=1
04-19 21:23:58.007  4212  4212 I EPDG -- SIM1 [SMARTCELLULAR]: onSignalStrengthsChanged: SignalStrength:{mCdma=Invalid,mGsm=Invalid,mWcdma=Invalid,mTdscdma=Invalid,mLte=Invalid,mNr=CellSignalStrengthNr:{ csiRsrp = 2147483647 csiRsrq = 2147483647 csiCqiTableIndex = 2147483647 csiCqiReport = [] ssRsrp = -110 ssRsrq = -12 ssSinr = 2 level = 1 parametersUseForLevel = 0 timingAdvance = 2147483647 },SignalBarInfo{ nrLevel=4 },rat=20,primary=CellSignalStrengthNr}
04-19 21:23:58.007  4212  5903 I EPDG -- SIM1 [SMARTCELLULAR]: lastNrRSRP is -111 currentNrRSRP is -110 lastNrRSRQ is -12 currentNrRSRQ is -12
04-19 21:23:58.013  3944  4311 D MobileSignalTransitionManager: updateSignalTransition
04-19 21:23:58.016  4661  4866 I HoneySpace.StatusIconTracker: invokeEvent() called with: event = Mobile(bundle=Bundle[mParcelledData.dataSize=256])
04-19 21:23:58.326  1704  1748 E HeatmapThread: ECT Thread time in milliseconds: 1776648238
04-19 21:23:58.330  1704  1748 D HeatmapThread: !@ batteryplugType : 2
04-19 21:23:58.331  1704  1748 D HeatmapThread: !@ batteryLevel : 68  batteryTemperature : 316 
04-19 21:23:58.331  1704  1748 D HeatmapThread: !@ Heatmap currtime: 29610803
04-19 21:23:58.332  1704  1748 D HeatmapThread: !@ Heatmap prevtime: 29610778
04-19 21:23:58.332  1704  1748 D HeatmapThread: !@ Heatmap plugstarttime: 29610797
04-19 21:23:58.332  1704  1748 D HeatmapThread: !@ Heatmap prevv_dsoh_update_time: 29610626
04-19 21:23:58.332  1704  1748 E HeatmapThread: !@ CAM New BSOH: 99
04-19 21:23:58.472  1147  1147 D io_stats: !@   8,0 r 32972123 615982332 w 5475498 89788660 d 665891 70844096 f 375500 509076 iot 5894012 0 th 0 0 0 pt 0 inp 0 0 110753.277
04-19 21:23:58.473  1147  1147 D io_stats: !@ Read_top(KB): .openai.chatgpt(11978) 2304 hostapd(29094) 112 binder:1625_2(1625) 44
04-19 21:23:58.473  1147  1147 D io_stats: !@ Write_top(KB): kworker/u16:1(2763) 2404 sait.sohservice(18700) 24
04-19 21:23:58.891  1623 13851 I sensors-hal: handle_sns_client_event:375, [0][2879846] accel_sample [-0.048, -0.055,  9.716] 139087564925413
04-19 21:23:58.940  1609  5265 I vendor.qti.bluetooth@1.1-ibs_handler: ProcessIbsCmd: Received IBS_WAKE_IND: 0xFD
04-19 21:23:58.940  1609  5265 D vendor.qti.bluetooth@1.1-ibs_handler: SerialClockVote: vote for UART CLK ON
04-19 21:23:58.940  1609  5265 D vendor.qti.bluetooth@1.1-wake_lock: Acquire wakelock is acquired 
04-19 21:23:58.941  1609  5265 I vendor.qti.bluetooth@1.1-ibs_handler: ProcessIbsCmd: Writing IBS_WAKE_ACK
04-19 21:23:58.950  4249  5273 I ScanController: onScanResult to scannerId: 3- eventType=0x1a, addressType=1, address=XX:XX:XX:XX:64:48, primaryPhy=1, secondaryPhy=0, advertisingSid=0xff, txPower=127, rssi=-81, periodicAdvInt=0x0
04-19 21:23:58.992  1609  5265 I vendor.qti.bluetooth@1.1-ibs_handler: ProcessIbsCmd: Received IBS_SLEEP_IND: 0xFE
04-19 21:23:58.992  1609  5265 D vendor.qti.bluetooth@1.1-ibs_handler: SerialClockVote: vote for UART CLK OFF
04-19 21:23:59.144  1609  4662 D vendor.qti.bluetooth@1.1-wake_lock: Release wakelock is released 
04-19 21:23:59.327  1704  1748 E HeatmapThread: ECT Thread time in milliseconds: 1776648239
04-19 21:23:59.329  1704  1748 D HeatmapThread: !@ batteryplugType : 2
04-19 21:23:59.330  1704  1748 D HeatmapThread: !@ batteryLevel : 68  batteryTemperature : 316 
04-19 21:23:59.330  1704  1748 D HeatmapThread: !@ Heatmap currtime: 29610803
04-19 21:23:59.330  1704  1748 D HeatmapThread: !@ Heatmap prevtime: 29610778
04-19 21:23:59.330  1704  1748 D HeatmapThread: !@ Heatmap plugstarttime: 29610797
04-19 21:23:59.330  1704  1748 D HeatmapThread: !@ Heatmap prevv_dsoh_update_time: 29610626
04-19 21:23:59.330  1704  1748 E HeatmapThread: !@ CAM New BSOH: 99
04-19 21:23:59.581  2748  3770 D SemWifiTrafficPoller: getSoftApTotalTrafficInBytes:22610821
04-19 21:24:00.005  3944  4724 I DateTimeView: updateAll - getTimeFormat
04-19 21:24:00.007  3944  3944 D ClockFaceEvents: onTimeTick. callers : com.android.keyguard.ClockEventController$keyguardUpdateMonitorCallback$1.refreshTime:19
04-19 21:24:00.007  3944  3944 D ClockFaceEvents: com.android.keyguard.ClockEventController$keyguardUpdateMonitorCallback$1.onTimeChanged:1
04-19 21:24:00.007  3944  3944 D ClockFaceEvents: com.android.keyguard.KeyguardUpdateMonitor$16.handleMessage:732
04-19 21:24:00.007  3944  3944 D ClockFaceEvents: onTimeTick. callers : com.android.keyguard.ClockEventController$keyguardUpdateMonitorCallback$1.refreshTime:38
04-19 21:24:00.007  3944  3944 D ClockFaceEvents: com.android.keyguard.ClockEventController$keyguardUpdateMonitorCallback$1.onTimeChanged:1
04-19 21:24:00.007  3944  3944 D ClockFaceEvents: com.android.keyguard.KeyguardUpdateMonitor$16.handleMessage:732
04-19 21:24:00.007  3944  3944 D FaceWidgetPagesController: onTimeChanged()
04-19 21:24:00.008  3944  4724 D QSClockBellTower: onReceive(android.intent.action.TIME_TICK) mTimeZoneString:America/New_York
04-19 21:24:00.009  3944  3944 D QSClockBellTower: He is ready to ring the bell. (((QSClockBellSound - TimeText:9:24, TimeContentDescription:9:24 PM, DateText:Sun, April 19, ShortDateText:Sun, Apr 19, Demo:false)))
04-19 21:24:00.010  3944  3944 D QSClock : StatusBar clock=9:24 notifyTimeChanged(QSClockBellSound - TimeText:9:24, TimeContentDescription:9:24 PM, DateText:Sun, April 19, ShortDateText:Sun, Apr 19, Demo:false) clockVisibleByPolicy=true, clockVisibleByUser=true, visible=true, parent=android.widget.LinearLayout{1a9a173 V.E...... ......ID 0,0-83,72 #7f0a069b app:id/left_clock_container} caller=com.android.systemui.statusbar.phone.fragment.CollapsedStatusBarFragment.animateShow:52 com.android.systemui.statusbar.phone.fragment.CollapsedStatusBarFragment.updateStatusBarVisibilitiesInner:230 com.android.systemui.statusbar.phone.fragment.CollapsedStatusBarFragment.updateStatusBarVisibilities:65 com.android.systemui.statusbar.phone.fragment.CollapsedStatusBarFragment.disable:71 com.android.systemui.statusbar.CommandQueue$H.handleMessage:2997  
04-19 21:24:00.011  3944  3944 D QSClockBellTower: Everyone heard the bell. run(currentTime:1776648240008, getTime():Sun Apr 19 21:24:00 EDT 2026, getTimeZone():libcore.util.ZoneInfo[mDstSavings=3600000,mUseDst=true,mDelegate=[id="America/New_York",mRawOffset=-18000000,mEarliestRawOffset=-17762000,transitions=360]])
04-19 21:24:00.011  2748  2748 I EyeComfortSolutionService: action  :  android.intent.action.TIME_TICK
04-19 21:24:00.012  2748  3709 I EyeComfortSolutionService: Week : Sun , Hour : 21 , Minute : 24 , TimeValue : 1284 , wakeup state, defaultBedTime : 0 , start sleep : -360
04-19 21:24:00.012  2748  3709 I EyeComfortSolutionService: currentWakeupStep : 21
04-19 21:24:00.027  3944  3944 D {OngoingChipAdapter}: updateEnableMaxWidth : 334 -:> 335
04-19 21:24:00.032  3944  3944 W RefactorFlag: New code path expects SceneContainerFlag to be enabled.
04-19 21:24:00.326  1704  1748 E HeatmapThread: ECT Thread time in milliseconds: 1776648240
04-19 21:24:00.329  1704  1748 D HeatmapThread: !@ batteryplugType : 2
04-19 21:24:00.329  1704  1748 D HeatmapThread: !@ batteryLevel : 68  batteryTemperature : 316 
