04-19 21:23:10.562  7327  7994 I SDHMS:x : SIOP:: AP:345 BAT:318 USB:295 CHG:343 PA:351 WIFI:358 CF:346 BLK:0 SUBBAT:0 LRPTHM:343 SKIN:334 SKINF:334 SKINB:331 LRP2:334 LRF2:334 LRB2:331 AP2:334 CHG2:331 WIFI2:332 RCV2:331 SPK2:303 FCAM:296 UPSPK:350 DNSPK:296 VAP02:348 VWIFI:366 AMB2:245 AVGCUR:200 AVGSYS:0 POWER:798
04-19 21:23:10.610  1609  5265 I vendor.qti.bluetooth@1.1-ibs_handler: ProcessIbsCmd: Received IBS_WAKE_IND: 0xFD
04-19 21:23:10.610  1609  5265 D vendor.qti.bluetooth@1.1-ibs_handler: SerialClockVote: vote for UART CLK ON
04-19 21:23:10.610  1609  5265 I vendor.qti.bluetooth@1.1-ibs_handler: ProcessIbsCmd: Writing IBS_WAKE_ACK
04-19 21:23:10.615  4249  5273 I ScanController: onScanResult to scannerId: 12- eventType=0x1a, addressType=1, address=XX:XX:XX:XX:71:20, primaryPhy=1, secondaryPhy=0, advertisingSid=0xff, txPower=127, rssi=-57, periodicAdvInt=0x0
04-19 21:23:10.647  3918  4525 D SatelliteController: isInCarrierRoamingNbIotNtn: satellite is disabled
04-19 21:23:10.647  2748 11768 I AfterimageCompensationService: AfcThread mLuminance : 217 , AfpcPeriodCount : 2369 , rotation : 0 , AOD : false
04-19 21:23:10.649  3918  4525 V SatelliteController: getWwanIsInService: return true
04-19 21:23:10.650  2748 11768 I SurfaceComposerClient: captureDisplay:Display-4630946970390616451
04-19 21:23:10.653  4212  4212 I EPDG -- SIM1 [SMARTCELLULAR]: onSignalStrengthsChanged: SignalStrength:{mCdma=Invalid,mGsm=Invalid,mWcdma=Invalid,mTdscdma=Invalid,mLte=Invalid,mNr=CellSignalStrengthNr:{ csiRsrp = 2147483647 csiRsrq = 2147483647 csiCqiTableIndex = 2147483647 csiCqiReport = [] ssRsrp = -111 ssRsrq = -14 ssSinr = -5 level = 0 parametersUseForLevel = 0 timingAdvance = 2147483647 },SignalBarInfo{ nrLevel=3 },rat=20,primary=CellSignalStrengthNr}
04-19 21:23:10.654  4212  5903 I EPDG -- SIM1 [SMARTCELLULAR]: lastNrRSRP is -114 currentNrRSRP is -111 lastNrRSRQ is -15 currentNrRSRQ is -14
04-19 21:23:10.656  1609  5265 I vendor.qti.bluetooth@1.1-ibs_handler: ProcessIbsCmd: Received IBS_SLEEP_IND: 0xFE
04-19 21:23:10.656  1741  3592 I SurfaceFlinger: Capture layer list: 	 com.whatsapp/com.whatsapp.Conversation$_14435#39109(seamlessTransition:0)
04-19 21:23:10.656  1609  5265 D vendor.qti.bluetooth@1.1-ibs_handler: SerialClockVote: vote for UART CLK OFF
04-19 21:23:10.656  1741  3592 I SurfaceFlinger: Capture layer list: 	 InputMethod$_10702#39115(seamlessTransition:0)
04-19 21:23:10.656  1741  3592 I SurfaceFlinger: Capture layer list: 	 StatusBar$_3944#108(seamlessTransition:0)
04-19 21:23:10.656  1741  3592 I SurfaceFlinger: Capture layer list: 	 com.sec.android.app.launcher/com.samsung.app.honeyspace.edge.edgepanel.app.CocktailBarService$_4661#39091(seamlessTransition:0)
04-19 21:23:10.656  1741  3592 I SurfaceFlinger: Capture layer list: 	 NavigationBar0$_3944#104(seamlessTransition:0)
04-19 21:23:10.657  1741  3592 E HwcComposer: getLuts failed Status(-129, EX_TRANSACTION_FAILED): 'UNKNOWN_TRANSACTION: '
04-19 21:23:10.657  1741  2013 D RenderEngine: [SEC_SF_EFFECTS] drawLayersInternal,1483, Rendering layer ScreenCaptureFillLayer at index 0
04-19 21:23:10.658  1741  2013 D RenderEngine: [SEC_SF_EFFECTS] drawLayersInternal,1483, Rendering layer com.whatsapp/com.whatsapp.Conversation$_14435#39109 at index 1
04-19 21:23:10.658  1741  2013 D RenderEngine: [SEC_SF_EFFECTS] drawLayersInternal,1483, Rendering layer InputMethod$_10702#39115 at index 2
04-19 21:23:10.658  1741  2013 D RenderEngine: [SEC_SF_EFFECTS] drawLayersInternal,1483, Rendering layer StatusBar$_3944#108 at index 3
04-19 21:23:10.659  1741  2013 D RenderEngine: [SEC_SF_EFFECTS] drawLayersInternal,1483, Rendering layer com.sec.android.app.launcher/com.samsung.app.honeyspace.edge.edgepanel.app.CocktailBarService$_4661#39091 at index 4
04-19 21:23:10.659  1741  2013 D RenderEngine: [SEC_SF_EFFECTS] drawLayersInternal,1483, Rendering layer NavigationBar0$_3944#104 at index 5
04-19 21:23:10.672  2748 11768 D system_server: mAFPC_Read - w = 1080, h = 2340, s = 8, f = 4, s_size = 10183680, luminance = 217, count = 2369, captureOrientation = 0
04-19 21:23:10.806  1609  4662 D vendor.qti.bluetooth@1.1-wake_lock: Release wakelock is released 
04-19 21:23:10.825  1623 13851 I sensors-hal: handle_sns_client_event:375, [0][2879030] accel_sample [-0.044, -0.053,  9.719] 139039498250621
04-19 21:23:11.016  1623 11186 I sensors-hal: handle_sns_std_sensor_event:409, [SSC_LIGHT] P: 0(0),c:7,b:1275,m:13,cl:21,l:0,s:0,l0:864,l1:0,s0:0,s1:0,acl:1,opr:0.13,f(r):98,u(bl):100,if:0,wi:1,si:0,po:127(N:0)
04-19 21:23:11.143  2748  3571 D ActivityManager: freezing 32485 com.samsung.android.dqagent
04-19 21:23:11.149  2748  3571 D ActivityManager: FCA:FCA recordedFileRss = 50724, and changeinRss = 1088
04-19 21:23:11.150  2748  3571 D ActivityManager: freezing 32286 com.skms.android.agent:remote
04-19 21:23:11.153  2748  3571 D ActivityManager: freezing 24733 com.android.settings
04-19 21:23:11.156  2748  3571 D ActivityManager: freezing 31646 com.samsung.android.provider.filterprovider
04-19 21:23:11.158  2748  3571 D ActivityManager: freezing 31611 com.android.keychain
04-19 21:23:11.160  2748  3571 D ActivityManager: freezing 31189 com.samsung.android.biometrics.app.setting
04-19 21:23:11.162  2748  3571 D ActivityManager: freezing 22305 com.sec.android.Cdfs
04-19 21:23:11.201  1658  1658 I seh_thermal_service: getTemperaturesWithType SehTemperatureType: 3
04-19 21:23:11.201  1650  1650 I sehhealth-service: updateLrpSysfs: write: 334
04-19 21:23:11.202  1650  1728 E BatteryDump: !@new_battery_dump : 4000,281,475,550,68,317,295,343,317,0,334,343,0,Charging,NO_CHARGING,Normal,Good,USB,1,Normal,0,0,9300,0x0,0x10000,0x0,0,0,0000,0000,00000000,0,0,0,0,562,3986,6767,990,0,
04-19 21:23:11.325  1704  1748 E HeatmapThread: ECT Thread time in milliseconds: 1776648191
04-19 21:23:11.328  1704  1748 D HeatmapThread: !@ batteryplugType : 2
04-19 21:23:11.328  1704  1748 D HeatmapThread: !@ batteryLevel : 68  batteryTemperature : 317 
04-19 21:23:11.329  1704  1748 D HeatmapThread: !@ Heatmap currtime: 29610803
04-19 21:23:11.329  1704  1748 D HeatmapThread: !@ Heatmap prevtime: 29610778
04-19 21:23:11.329  1704  1748 D HeatmapThread: !@ Heatmap plugstarttime: 29610797
04-19 21:23:11.329  1704  1748 D HeatmapThread: !@ Heatmap prevv_dsoh_update_time: 29610626
04-19 21:23:11.329  1704  1748 E HeatmapThread: !@ CAM New BSOH: 99
04-19 21:23:11.497  2748  3770 D SemWifiTrafficPoller: getSoftApTotalTrafficInBytes:22601291
04-19 21:23:11.893 29905 29905 I wpa_supplicant: Heartbeat 481
04-19 21:23:11.924  3918  4525 D SatelliteController: isInCarrierRoamingNbIotNtn: satellite is disabled
04-19 21:23:11.926  2748  3770 D SemCellularStateManager: onSignalStrengthsChanged: mCellularSignalLevel=1
04-19 21:23:11.932  3944  4313 D MobileSignalTransitionManager: updateSignalTransition
04-19 21:23:11.931  4212  4212 I EPDG -- SIM1 [SMARTCELLULAR]: onSignalStrengthsChanged: SignalStrength:{mCdma=Invalid,mGsm=Invalid,mWcdma=Invalid,mTdscdma=Invalid,mLte=Invalid,mNr=CellSignalStrengthNr:{ csiRsrp = 2147483647 csiRsrq = 2147483647 csiCqiTableIndex = 2147483647 csiCqiReport = [] ssRsrp = -110 ssRsrq = -14 ssSinr = -4 level = 1 parametersUseForLevel = 0 timingAdvance = 2147483647 },SignalBarInfo{ nrLevel=4 },rat=20,primary=CellSignalStrengthNr}
04-19 21:23:11.935  4212  5903 I EPDG -- SIM1 [SMARTCELLULAR]: lastNrRSRP is -111 currentNrRSRP is -110 lastNrRSRQ is -14 currentNrRSRQ is -14
04-19 21:23:11.938  4661  4866 I HoneySpace.StatusIconTracker: invokeEvent() called with: event = Mobile(bundle=Bundle[mParcelledData.dataSize=256])
04-19 21:23:11.938  3918  4525 V SatelliteController: getWwanIsInService: return true
04-19 21:23:11.997  3944  3944 D AiAgentEffect: onPrivacyItemsChanged privacyItems.size = 0
04-19 21:23:11.997  3944  3944 D AiAgentEffect: onPrivacyItemsChanged privacyItems isEmpty or found item is null
04-19 21:23:12.002  3944  3944 D AiAgentEffect: onPrivacyItemsChanged privacyItems.size = 0
04-19 21:23:12.002  4661  4866 I HoneySpace.StatusIconTracker: invokeEvent() called with: event = PrivacyInfo(visible=false)
04-19 21:23:12.002  3944  3944 D AiAgentEffect: onPrivacyItemsChanged privacyItems isEmpty or found item is null
04-19 21:23:12.007  3944  3944 D AiAgentEffect: onPrivacyItemsChanged privacyItems.size = 0
04-19 21:23:12.008  4661  4866 I HoneySpace.StatusIconTracker: invokeEvent() called with: event = PrivacyInfo(visible=false)
04-19 21:23:12.008  3944  3944 D AiAgentEffect: onPrivacyItemsChanged privacyItems isEmpty or found item is null
04-19 21:23:12.012  4661  4866 I HoneySpace.StatusIconTracker: invokeEvent() called with: event = PrivacyInfo(visible=false)
04-19 21:23:12.014  3944  3944 W View    : requestLayout() improperly called by com.android.systemui.qs.SecQSGradationDrawableView{ac0ea0d V.E...... ......ID 0,0-1080,354 #7f0a0a16 app:id/qs_gradation_view} during layout: running second layout pass
04-19 21:23:12.015  3944  3944 W View    : requestLayout() improperly called by android.widget.FrameLayout{e81cdc2 V.E...... ......I. 0,0-1080,2340 #2} during layout: running second layout pass
04-19 21:23:12.015  3944  3944 W View    : requestLayout() improperly called by android.widget.FrameLayout{1e7d3 V.E...... ......ID 0,163-1080,2295 #7f0a0a14 app:id/qs_frame} during layout: running second layout pass
04-19 21:23:12.016  3944  3944 W RefactorFlag: New code path expects SceneContainerFlag to be enabled.
04-19 21:23:12.040  3918  3923 I m.android.phone: Background young concurrent mark compact GC freed 34MB AllocSpace bytes, 22(1008KB) LOS objects, 66% free, 17MB/53MB, paused 477us,8.731ms total 116.480ms
04-19 21:23:12.112  2748  6359 D SemWifiUsabilityStatsMonitor: onWifiUsabilityStats - seqNum 1867, isSameBssidAndFreq true
04-19 21:23:12.112  4212  4212 I EPDG -- SIM1 [SMARTWIFI]: isProfiling, hash=9131731, started=true
04-19 21:23:12.113  4212  4212 I EPDG -- SIM1 [SMARTWIFI]: isProfiling, hash=9131731, started=true
04-19 21:23:12.113  2748  3785 E SemWifiLinkQualityMonitor: Too old or invalid TMI: currentTime=1776648192113 lastDateWindow=1776608552000
04-19 21:23:12.115  2748  3785 I SemWifiLinkQualityMonitor: Link stat: 772 / 12 / 1.00 (22) / 433 / -24.0 || 100.0 : 433.00 / 0.5 : 1.00 / 0.55 : 0.02 / G (G) || 2dda0c6f5805: 0.092 / 87.324 / N || N N / 0 0 / N 103.0 / N X 0 / 110706917 0 || 2026-04-19 10:22:32  / 0: 0 0 0 0 0 0 / 0: 0 0 0 0 0 0 / 0: 0 0 0 0 0 0
04-19 21:23:12.117  4212  4212 I EPDG -- SIM1 [SMARTWIFI]: Rssi : -24 highrange : -71 lowrange : -80 mIsRssiInHystersis : false
04-19 21:23:12.117  4212  4212 I EPDG -- SIM1 [SMARTWIFI]: Rssi : -24 highrange : -71 lowrange : -80 mIsRssiInHystersis : false
04-19 21:23:12.117  4212  4212 I EPDG -- SIM1 [SMARTWIFI]: getHandoverThresholdMet: value is: false
04-19 21:23:12.119  2748  3786 D InsDataManager: onOutageCountUpdate() - Outage Data: 0, LQ : N. Outage Triggered: false
04-19 21:23:12.119  2748  3786 D SemInsManager: {"bssid": "2dda0c6f5805","rssi": -24.0,"latency": 0.09161259268263036,"outage_count": 0,"lq_callback_triggered": false,"outage_log": "Link stat: 772 / 12 / 1.00 (22) / 433 / -24.0 || 100.0 : 433.00 / 0.5 : 1.00 / 0.55 : 0.02 / G (G) || 2dda0c6f5805: 0.092 / 87.324 / N || N N / 0 0 / N 103.0 / N X 0 / 110706917 0 || 2026-04-19 10:22:32  / 0: 0 0 0 0 0 0 / 0: 0 0 0 0 0 0 / 0: 0 0 0 0 0 0""Magnetic Sensor Events size": "0""Pressure Sensor Events size": "0"}
04-19 21:23:12.121  4076 29942 D IpClient/wlan0: interfaceLinkStateChanged: ifindex 45 up
04-19 21:23:12.216 29905 29905 I wpa_supplicant: nl80211: Vendor event: wiphy=0 vendor_id=0x1374 subcmd=182
04-19 21:23:12.216  2242  3896 D LOWI-9.0.1.74: [LOWI-Scan] wait_event:Wait done with Cmd 103
04-19 21:23:12.217  1625  3894 I WifiHAL : event received NL80211_CMD_VENDOR, vendor_id = 0x1374, subcmd = 0xb6
04-19 21:23:12.217  2242  3896 D LOWI-9.0.1.74: [LOWI-Scan] do_listen_events: Rcvd valid Netlink Cmd 0 Err 0
04-19 21:23:12.217  2212  2212 I cnss-daemon: nl80211 response handler invoked
04-19 21:23:12.218  2212  2212 I cnss-daemon: nl80211_response_handler: cmd 103, vendorID 4980, subcmd 182  received
04-19 21:23:12.227  1623  1623 I sensors-hal: set_config:60, sample_period_ns is adjusted to 200000000 based on min/max delay_ns
04-19 21:23:12.227  1623  1623 I sensors-hal: batch:363, com.samsung.sensor.light_cct/1511, period=200000000, max_latency=0 request completed
04-19 21:23:12.228  1623  1623 I sensors-hal: activate:300, com.samsung.sensor.light_cct/1511 en=1
04-19 21:23:12.228  1623  1623 I sensors-hal: acquire_qsh_interface:139, acquire_qsh_interface with sensor_id 12 , conn_type 3 
04-19 21:23:12.228  1623  1623 I sensors-hal: worker:51, worker(0xb400007122ad6a30) is created with tid= 343
04-19 21:23:12.230  1589  1720 I minksocket: MinkIPC MESSAGE: ( 1589:1720 ) MinkIPC_QRTR_Service:351 minkipc = 0xb400007850842db0 sock = 19, client with node 1 port 7090 went down
04-19 21:23:12.230  1589  1726 I minksocket: MinkIPC MESSAGE: ( 1589:1726 ) MinkIPC_QRTR_Service:351 minkipc = 0xb4000078508405d0 sock = 26, client with node 1 port 7090 went down
04-19 21:23:12.232  1589  1726 I minksocket: MinkIPC MESSAGE: ( 1589:1726 ) MinkIPC_QRTR_Service:351 minkipc = 0xb4000078508405d0 sock = 26, client with node 1 port 7091 went down
04-19 21:23:12.233  1589  1720 I minksocket: MinkIPC MESSAGE: ( 1589:1720 ) MinkIPC_QRTR_Service:351 minkipc = 0xb400007850842db0 sock = 19, client with node 1 port 7091 went down
04-19 21:23:12.235  1589  1720 I minksocket: MinkIPC MESSAGE: ( 1589:1720 ) MinkIPC_QRTR_Service:351 minkipc = 0xb400007850842db0 sock = 19, client with node 1 port 7092 went down
04-19 21:23:12.235  1589  1726 I minksocket: MinkIPC MESSAGE: ( 1589:1726 ) MinkIPC_QRTR_Service:351 minkipc = 0xb4000078508405d0 sock = 26, client with node 1 port 7092 went down
04-19 21:23:12.236  1623  1623 I sensors-hal: qsh_qmi:31, qsh_qmi
04-19 21:23:12.236  1623  1623 I sensors-hal: register_cb:304, suid(low=3046173514946711665,high=5084824469409589910) is new. register callbacks
04-19 21:23:12.236  1623  1623 I sensors-hal: send_sync_sensor_request:508, send sync request
04-19 21:23:12.236  1623  1623 I sensors-hal: send_sync_sensor_request:518, send_sync_sensor_request before send_request for light_cct with SUID low=3046173514946711665 high=5084824469409589910
04-19 21:23:12.236  1623  1623 I sensors-hal: send_sync_sensor_request:537, wait for notification of response
04-19 21:23:12.240  1589  1720 I minksocket: MinkIPC MESSAGE: ( 1589:1720 ) MinkIPC_QRTR_Service:351 minkipc = 0xb400007850842db0 sock = 19, client with node 1 port 7093 went down
04-19 21:23:12.240  1589  1726 I minksocket: MinkIPC MESSAGE: ( 1589:1726 ) MinkIPC_QRTR_Service:351 minkipc = 0xb4000078508405d0 sock = 26, client with node 1 port 7093 went down
04-19 21:23:12.240  1623   344 I sensors-hal: qsh_conn_resp_cb:930, resp_value = 0 for light_cct 
04-19 21:23:12.241  1623  1623 I sensors-hal: send_sync_sensor_request:543, takes 4 ms to receive the response with 0
04-19 21:23:12.241  1623  1623 I sensors-hal: activate:330, com.samsung.sensor.light_cct/1511 en=1 completed
04-19 21:23:12.241  2748  3709 D SensorManager: registerListener :: 1511, STK33F11 Light Strm  Non-wakeup, 200000, 0, com.samsung.android.displaysolution.EyeComfortSolutionService$1@cae7b68
04-19 21:23:12.296  1623  3907 I sensors-hal: handle_sns_std_sensor_event:131, [SSC_LIGHT] A: 0(0),c:7,b:1275,m:13,cl:21,l:0,s:0,l0:896,l1:0,s0:0,s1:0,acl:1,opr:0.13,f(r):98,u(bl):100,if:0,wi:1,si:0,po:127(N:0)
04-19 21:23:12.296  1623   344 I sensors-hal: qsh_conn_event_cb:857, SCHED_FIFO(10) for qmi_cbk
04-19 21:23:12.297  1623   344 I sensors-hal: handle_sns_std_sensor_event:90, light_cct: ts = 139040996194632 ns; value = [0, 0, 30, 33, 0, 1275, 21, 0, 896, 0]
04-19 21:23:12.298  2748  3709 V EyeComfortSolutionService: count : 2504 , bopr_value : 30.0, platform_value : 149.0 , app_weighting : 1.0 , cal_value : 1.3326775 , sum_value : 12604.054 , BOPR_MAX_VALUE : 21000
04-19 21:23:12.299  1623  1623 I sensors-hal: activate:300, com.samsung.sensor.light_cct/1511 en=0
04-19 21:23:12.299  1623  1623 I sensors-hal: send_sync_sensor_request:508, send sync request
04-19 21:23:12.300  1623  1623 I sensors-hal: send_sync_sensor_request:518, send_sync_sensor_request before send_request for light_cct with SUID low=3046173514946711665 high=5084824469409589910
04-19 21:23:12.300  1623  1623 I sensors-hal: send_sync_sensor_request:537, wait for notification of response
04-19 21:23:12.301  1623   344 I sensors-hal: qsh_conn_resp_cb:930, resp_value = 0 for light_cct 
04-19 21:23:12.301  1623  1623 I sensors-hal: send_sync_sensor_request:543, takes 1 ms to receive the response with 0
04-19 21:23:12.301  1623  1623 I sensors-hal: ~worker:65, worker(0xb400007122ad6a30) send sig to tid= 343
04-19 21:23:12.302  1623  1623 I sensors-hal: ~worker:74, worker(0xb400007122ad6a30) is destroyed, remaining task = 0, tid= 343
04-19 21:23:12.302  1623  1623 I sensors-hal: ~qsh_qmi:58, ~qsh_qmi
04-19 21:23:12.302  1623  1623 I sensors-hal: activate:330, com.samsung.sensor.light_cct/1511 en=0 completed
04-19 21:23:12.303  1589  1720 I minksocket: MinkIPC MESSAGE: ( 1589:1720 ) MinkIPC_QRTR_Service:351 minkipc = 0xb400007850842db0 sock = 19, client with node 1 port 7094 went down
04-19 21:23:12.303  2748  3709 D SensorManager: unregisterListener :: com.samsung.android.displaysolution.EyeComfortSolutionService$1@cae7b68
04-19 21:23:12.303  1589  1726 I minksocket: MinkIPC MESSAGE: ( 1589:1726 ) MinkIPC_QRTR_Service:351 minkipc = 0xb4000078508405d0 sock = 26, client with node 1 port 7094 went down
04-19 21:23:12.325  1704  1748 E HeatmapThread: ECT Thread time in milliseconds: 1776648192
04-19 21:23:12.328  1704  1748 D HeatmapThread: !@ batteryplugType : 2
04-19 21:23:12.328  1704  1748 D HeatmapThread: !@ batteryLevel : 68  batteryTemperature : 317 
04-19 21:23:12.329  1704  1748 D HeatmapThread: !@ Heatmap currtime: 29610803
04-19 21:23:12.329  1704  1748 D HeatmapThread: !@ Heatmap prevtime: 29610778
04-19 21:23:12.329  1704  1748 D HeatmapThread: !@ Heatmap plugstarttime: 29610797
04-19 21:23:12.329  1704  1748 D HeatmapThread: !@ Heatmap prevv_dsoh_update_time: 29610626
04-19 21:23:12.329  1704  1748 E HeatmapThread: !@ CAM New BSOH: 99
04-19 21:23:12.439  1147  1147 D io_stats: !@   8,0 r 32971825 615977580 w 5475180 89765904 d 665891 70844096 f 375446 509045 iot 5893564 0 th 0 0 0 pt 0 inp 0 0 110707.244
04-19 21:23:12.513  1609  5265 I vendor.qti.bluetooth@1.1-ibs_handler: ProcessIbsCmd: Received IBS_WAKE_IND: 0xFD
04-19 21:23:12.513  1609  5265 D vendor.qti.bluetooth@1.1-ibs_handler: SerialClockVote: vote for UART CLK ON
04-19 21:23:12.514  1609  5265 D vendor.qti.bluetooth@1.1-wake_lock: Acquire wakelock is acquired 
04-19 21:23:12.514  1609  5265 I vendor.qti.bluetooth@1.1-ibs_handler: ProcessIbsCmd: Writing IBS_WAKE_ACK
04-19 21:23:12.525  4249  5273 I ScanController: onScanResult to scannerId: 3- eventType=0x1a, addressType=1, address=XX:XX:XX:XX:64:48, primaryPhy=1, secondaryPhy=0, advertisingSid=0xff, txPower=127, rssi=-86, periodicAdvInt=0x0
04-19 21:23:12.565  1609  5265 I vendor.qti.bluetooth@1.1-ibs_handler: ProcessIbsCmd: Received IBS_SLEEP_IND: 0xFE
04-19 21:23:12.565  1609  5265 D vendor.qti.bluetooth@1.1-ibs_handler: SerialClockVote: vote for UART CLK OFF
04-19 21:23:12.619  1609  5265 I vendor.qti.bluetooth@1.1-ibs_handler: ProcessIbsCmd: Received IBS_WAKE_IND: 0xFD
04-19 21:23:12.619  1609  5265 D vendor.qti.bluetooth@1.1-ibs_handler: SerialClockVote: vote for UART CLK ON
04-19 21:23:12.619  1609  5265 I vendor.qti.bluetooth@1.1-ibs_handler: ProcessIbsCmd: Writing IBS_WAKE_ACK
04-19 21:23:12.627  4249  5273 I ScanController: onScanResult to scannerId: 12- eventType=0x1a, addressType=1, address=XX:XX:XX:XX:71:20, primaryPhy=1, secondaryPhy=0, advertisingSid=0xff, txPower=127, rssi=-67, periodicAdvInt=0x0
04-19 21:23:12.664  1609  5265 I vendor.qti.bluetooth@1.1-ibs_handler: ProcessIbsCmd: Received IBS_SLEEP_IND: 0xFE
04-19 21:23:12.664  1609  5265 D vendor.qti.bluetooth@1.1-ibs_handler: SerialClockVote: vote for UART CLK OFF
04-19 21:23:12.696  1609  5265 I vendor.qti.bluetooth@1.1-ibs_handler: ProcessIbsCmd: Received IBS_WAKE_IND: 0xFD
04-19 21:23:12.696  1609  5265 D vendor.qti.bluetooth@1.1-ibs_handler: SerialClockVote: vote for UART CLK ON
04-19 21:23:12.696  1609  5265 I vendor.qti.bluetooth@1.1-ibs_handler: ProcessIbsCmd: Writing IBS_WAKE_ACK
04-19 21:23:12.703  4249  5273 I ScanController: onScanResult to scannerId: 3- eventType=0x1a, addressType=1, address=XX:XX:XX:XX:64:48, primaryPhy=1, secondaryPhy=0, advertisingSid=0xff, txPower=127, rssi=-89, periodicAdvInt=0x0
04-19 21:23:12.741  1609  5265 I vendor.qti.bluetooth@1.1-ibs_handler: ProcessIbsCmd: Received IBS_SLEEP_IND: 0xFE
04-19 21:23:12.741  1609  5265 D vendor.qti.bluetooth@1.1-ibs_handler: SerialClockVote: vote for UART CLK OFF
04-19 21:23:12.828  1623 13851 I sensors-hal: handle_sns_client_event:375, [0][2879064] accel_sample [-0.042, -0.059,  9.711] 139041501040726
04-19 21:23:12.832  2748  5311 I SemWifiApDataUsage: handleMessage: 14
04-19 21:23:12.838  2748  5311 I SemWifiApEbpf: DATA_USAGE_STATS_START_POLL,mhs= true,upstream= 1,client size 1
04-19 21:23:12.840  2748  5311 D SemWifiApEbpf: getWifiApDataUsageForOverAllMhs():  overall data is22601291
04-19 21:23:12.840  2748  5311 I SemWifiApEbpf: updating the overall dataUsage , overall =22601291 , global = {mTotalDataBytes=22601291,mTotalDataIngressBytes=0,mTotalDataEgressBytes=0,mCellularBytes=992485,mCurrentDayAndSimCellularBytes=992485}
04-19 21:23:12.840  2748  5311 I SemWifiApTrafficPriority: handleDataUsageStats : 02:cb:75:b5:5e:b0 : alive=true,mBitratePerSecond=0 bps,mBitrateIngressPerSecond=0 bps,mBitrateEgressPerSecond=0 bps,mCellularBytes=992485,mWifiDataBytes=7208246,mTotalDataBytes=8200731,mTotalDataIngressBytes=5026069,mTotalDataEgressBytes=3174662,mRtBytes=0,mnRtBytes=8200731,ip=Not available.,mRtBitratePerSecond=0 bps,mNrtBitrateperSecond=0 bps,
04-19 21:23:12.841  2748  5311 D SemWifiApTrafficPriority: activeNetworkSpeed: 40 MbpswifiInfoSpeed: 433 Mbps
04-19 21:23:12.842  2748  5311 D SemWifiApTrafficPriority: Log----> Interface Name: wlan0 totalStatsRxMegaBitRate: 0.007528,ebpfDatarate: 0.0 ,mCurrSpeedEstimation: 40 mGapiValue: 40.035 mEnablePriorityeBpfAPICalled false
04-19 21:23:12.842  2748  5311 D SemWifiApTrafficPriority: mCurrentNonGBRAllocated:0
04-19 21:23:12.842  2748  5311 I SemWifiApTrafficPriority: calculateRecalRestrictTimer,ebpfrate:0,currentNonGBRAllocated:0
04-19 21:23:12.892  1609  4662 D vendor.qti.bluetooth@1.1-wake_lock: Release wakelock is released 
04-19 21:23:13.155  2748  3571 D ActivityManager: FCA:Reclamation for pid: 32485
04-19 21:23:13.325  1704  1748 E HeatmapThread: ECT Thread time in milliseconds: 1776648193
04-19 21:23:13.327  1704  1748 D HeatmapThread: !@ batteryplugType : 2
04-19 21:23:13.328  1704  1748 D HeatmapThread: !@ batteryLevel : 68  batteryTemperature : 317 
04-19 21:23:13.328  1704  1748 D HeatmapThread: !@ Heatmap currtime: 29610803
04-19 21:23:13.328  1704  1748 D HeatmapThread: !@ Heatmap prevtime: 29610778
04-19 21:23:13.328  1704  1748 D HeatmapThread: !@ Heatmap plugstarttime: 29610797
04-19 21:23:13.328  1704  1748 D HeatmapThread: !@ Heatmap prevv_dsoh_update_time: 29610626
04-19 21:23:13.328  1704  1748 E HeatmapThread: !@ CAM New BSOH: 99
04-19 21:23:13.439  2748  5333 I NSLocationMonitor: getGPSUsingApps() called
04-19 21:23:13.440  5352  5395 I NSLocationManager_FLP: getGPSUsingApps, No change
04-19 21:23:13.452  2748  5333 D FreecessHandler: freeze com.whatsapp(10406) result : 12
04-19 21:23:13.891  2748  8227 D NetdEventListenerService: CSC Feature value: true
04-19 21:23:13.891  2748  8227 D NetdEventListenerService: CSC Feature value: true
04-19 21:23:14.176  1609  5265 I vendor.qti.bluetooth@1.1-ibs_handler: ProcessIbsCmd: Received IBS_WAKE_IND: 0xFD
04-19 21:23:14.176  1609  5265 D vendor.qti.bluetooth@1.1-ibs_handler: SerialClockVote: vote for UART CLK ON
04-19 21:23:14.177  1609  5265 D vendor.qti.bluetooth@1.1-wake_lock: Acquire wakelock is acquired 
04-19 21:23:14.177  1609  5265 I vendor.qti.bluetooth@1.1-ibs_handler: ProcessIbsCmd: Writing IBS_WAKE_ACK
04-19 21:23:14.187  4249  5273 I ScanController: onScanResult to scannerId: 3- eventType=0x1a, addressType=1, address=XX:XX:XX:XX:64:48, primaryPhy=1, secondaryPhy=0, advertisingSid=0xff, txPower=127, rssi=-88, periodicAdvInt=0x0
04-19 21:23:14.228  1609  5265 I vendor.qti.bluetooth@1.1-ibs_handler: ProcessIbsCmd: Received IBS_SLEEP_IND: 0xFE
04-19 21:23:14.228  1609  5265 D vendor.qti.bluetooth@1.1-ibs_handler: SerialClockVote: vote for UART CLK OFF
04-19 21:23:14.257  2282  2420 I Finsky  : [191] AIM: AppInfoManager-Perf > Destroying AppInfoManager ...
04-19 21:23:14.325  1704  1748 E HeatmapThread: ECT Thread time in milliseconds: 1776648194
04-19 21:23:14.328  1704  1748 D HeatmapThread: !@ batteryplugType : 2
04-19 21:23:14.328  1704  1748 D HeatmapThread: !@ batteryLevel : 68  batteryTemperature : 317 
04-19 21:23:14.328  1704  1748 D HeatmapThread: !@ Heatmap currtime: 29610803
04-19 21:23:14.328  1704  1748 D HeatmapThread: !@ Heatmap prevtime: 29610778
04-19 21:23:14.328  1704  1748 D HeatmapThread: !@ Heatmap plugstarttime: 29610797
04-19 21:23:14.328  1704  1748 D HeatmapThread: !@ Heatmap prevv_dsoh_update_time: 29610626
04-19 21:23:14.329  1704  1748 E HeatmapThread: !@ CAM New BSOH: 99
04-19 21:23:14.351  1609  5265 I vendor.qti.bluetooth@1.1-ibs_handler: ProcessIbsCmd: Received IBS_WAKE_IND: 0xFD
04-19 21:23:14.352  1609  5265 D vendor.qti.bluetooth@1.1-ibs_handler: SerialClockVote: vote for UART CLK ON
04-19 21:23:14.352  1609  5265 I vendor.qti.bluetooth@1.1-ibs_handler: ProcessIbsCmd: Writing IBS_WAKE_ACK
04-19 21:23:14.359  4249  5273 I ScanController: onScanResult to scannerId: 3- eventType=0x1a, addressType=1, address=XX:XX:XX:XX:64:48, primaryPhy=1, secondaryPhy=0, advertisingSid=0xff, txPower=127, rssi=-88, periodicAdvInt=0x0
04-19 21:23:14.361 16038 16133 I BCMGR[11.2.04.4]: BeaconMainController] onReceive - [1 : bad rssi][2 : bad rssi][3 : ES packet!][4 : bad rssi][5 : bad rssi][6 : ES packet!][7 : bad rssi][8 : bad rssi][9 : bad rssi][10 : bad rssi]
04-19 21:23:14.398  1609  5265 I vendor.qti.bluetooth@1.1-ibs_handler: ProcessIbsCmd: Received IBS_SLEEP_IND: 0xFE
04-19 21:23:14.398  1609  5265 D vendor.qti.bluetooth@1.1-ibs_handler: SerialClockVote: vote for UART CLK OFF
04-19 21:23:14.398  2748  3771 D SemHostapdHalAidlImpl: ISehHostapd command: GET_STATION_INFO_SWLAN0 ALL
04-19 21:23:14.399 29094 29094 I hostapd : sehSendCommand 
04-19 21:23:14.399 29094 29094 I hostapd : doDriverCommand 
04-19 21:23:14.399 29094 29094 I hostapd : IHostapd iface swlan0
04-19 21:23:14.404 29094 29094 I wpa_sslib: Recv STA info 02:cb:75:b5:5e:b0
04-19 21:23:14.404 29094 29094 I wpa_sslib: rx_retry_pkts 2051
04-19 21:23:14.404 29094 29094 I wpa_sslib: rx_bcmc_pkts 166988
04-19 21:23:14.404 29094 29094 I wpa_sslib: tx_pkts_retried 0
04-19 21:23:14.404 29094 29094 I wpa_sslib: tx_pkts_retry_exhausted 0
04-19 21:23:14.404 29094 29094 I wpa_sslib: tx_pkts_fw_total 10379
04-19 21:23:14.404 29094 29094 I wpa_sslib: tx_pkts_fw_retries 1803
04-19 21:23:14.404 29094 29094 I wpa_sslib: tx_pkts_fw_retry_exhausted 10
04-19 21:23:14.404 29094 29094 I wpa_sslib: mcs_tx_pkts[0] 10
04-19 21:23:14.404 29094 29094 I wpa_sslib: mcs_tx_pkts[1] 34
04-19 21:23:14.404 29094 29094 I wpa_sslib: mcs_tx_pkts[2] 0
04-19 21:23:14.405 29094 29094 I wpa_sslib: mcs_tx_pkts[3] 0
04-19 21:23:14.405 29094 29094 I wpa_sslib: mcs_tx_pkts[4] 1
04-19 21:23:14.405 29094 29094 I wpa_sslib: mcs_tx_pkts[5] 105
04-19 21:23:14.405 29094 29094 I wpa_sslib: mcs_tx_pkts[6] 627
04-19 21:23:14.405 29094 29094 I wpa_sslib: mcs_tx_pkts[7] 749
04-19 21:23:14.405 29094 29094 I wpa_sslib: mcs_tx_pkts[8] 2089
04-19 21:23:14.405 29094 29094 I wpa_sslib: mcs_tx_pkts[9] 2342
04-19 21:23:14.405 29094 29094 I wpa_sslib: mcs_tx_pkts[10] 1575
04-19 21:23:14.405 29094 29094 I wpa_sslib: mcs_tx_pkts[11] 1054
04-19 21:23:14.405 29094 29094 I wpa_sslib: mcs_tx_pkts[12] 0
04-19 21:23:14.405 29094 29094 I wpa_sslib: mcs_tx_pkts[13] 0
04-19 21:23:14.405 29094 29094 I wpa_sslib: mcs_tx_pkts[14] 0
04-19 21:23:14.405 29094 29094 I wpa_sslib: mcs_tx_pkts[15] 0
04-19 21:23:14.405 29094 29094 I wpa_sslib: mcs_rx_pkts[0] 2
04-19 21:23:14.405 29094 29094 I wpa_sslib: mcs_rx_pkts[1] 0
04-19 21:23:14.405 29094 29094 I wpa_sslib: mcs_rx_pkts[2] 0
04-19 21:23:14.405 29094 29094 I wpa_sslib: mcs_rx_pkts[3] 1
04-19 21:23:14.405 29094 29094 I wpa_sslib: mcs_rx_pkts[4] 155
04-19 21:23:14.405 29094 29094 I wpa_sslib: mcs_rx_pkts[5] 675
04-19 21:23:14.405 29094 29094 I wpa_sslib: mcs_rx_pkts[6] 1359
04-19 21:23:14.406 29094 29094 I wpa_sslib: mcs_rx_pkts[7] 1779
04-19 21:23:14.406 29094 29094 I wpa_sslib: mcs_rx_pkts[8] 3681
04-19 21:23:14.406 29094 29094 I wpa_sslib: mcs_rx_pkts[9] 4979
04-19 21:23:14.406 29094 29094 I wpa_sslib: mcs_rx_pkts[10] 0
04-19 21:23:14.406 29094 29094 I wpa_sslib: mcs_rx_pkts[11] 0
04-19 21:23:14.406 29094 29094 I wpa_sslib: mcs_rx_pkts[12] 0
04-19 21:23:14.406 29094 29094 I wpa_sslib: mcs_rx_pkts[13] 0
04-19 21:23:14.406 29094 29094 I wpa_sslib: mcs_rx_pkts[14] 0
04-19 21:23:14.406 29094 29094 I wpa_sslib: mcs_rx_pkts[15] 0
04-19 21:23:14.406 29094 29094 I wpa_sslib: num_received_vendor_sta_info 1
04-19 21:23:14.406 29094 29094 I wpa_sslib: num_request_vendor_sta_info 1
04-19 21:23:14.410 29094 29094 I wpa_sslib: Recv STA info 02:cb:75:b5:5e:b0
04-19 21:23:14.411 29094 29094 I wpa_sslib: HT supported
04-19 21:23:14.411 29094 29094 I wpa_sslib: VHT supported
04-19 21:23:14.411 29094 29094 I wpa_sslib: tx_rate 289
04-19 21:23:14.411 29094 29094 I wpa_sslib: bandwidth 20
04-19 21:23:14.411 29094 29094 I wpa_sslib: NSS/antenna 1
04-19 21:23:14.411 29094 29094 I wpa_sslib: data_rate 289
04-19 21:23:14.412 29094 29094 I wpa_sslib: rssi -28 rx_lastpkt_rssi -28
04-19 21:23:14.412 29094 29094 I wpa_sslib: avg_rssi_per_chain[0] -29
04-19 21:23:14.412 29094 29094 I wpa_sslib: avg_rssi_per_chain[1] -32
04-19 21:23:14.412 29094 29094 E wpa_sslib: WMI_MAX_CHAINS reached
04-19 21:23:14.412 29094 29094 I wpa_sslib: avg_rssi -30
04-19 21:23:14.412 29094 29094 I wpa_sslib: tx_pkts_total 10379
04-19 21:23:14.412 29094 29094 I wpa_sslib: tx_pckts 10379
04-19 21:23:14.412 29094 29094 I wpa_sslib: tx_failures 10
04-19 21:23:14.412 29094 29094 I wpa_sslib: rx_pkts 13645
04-19 21:23:14.412 29094 29094 I wpa_sslib: num_received_nl80211_sta_info 1
04-19 21:23:14.412 29094 29094 I wpa_sslib: num_request_nl80211_sta_info 1
04-19 21:23:14.412 29094 29094 I wpa_sslib: cap 0000
04-19 21:23:14.412 29094 29094 I wpa_sslib: freq 2437
04-19 21:23:14.412 29094 29094 I wpa_sslib: dot11_mode 4
04-19 21:23:14.412 29094 29094 I wpa_sslib: supported_mode 3
04-19 21:23:14.412 29094 29094 I wpa_sslib: STA information completed
04-19 21:23:14.412 29094 29094 I wpa_sslib: All STAs information completed
04-19 21:23:14.412 29094 29094 I wpa_sslib: GETSTAINFO 02:cb:75:b5:5e:b0 Rx_Retry_Pkts=2051 Rx_BcMc_Pkts=166988 CAP=0000 02:cb:75 2437 20 -28 289 3 1 0 0 3 -30 15=0,14=0,13=0,12=0,11=1054,10=1575,9=2342,8=2089,7=749,6=627,5=105,4=1,3=0,2=0,1=34,0=10 10379 10 0 15=0,14=0,13=0,12=0,11=0,10=0,9=4979,8=3681,7=1779,6=1359,5=675,4=155,3=1,2=0,1=0,0=2 13645 -1 2051
04-19 21:23:14.412 29094 29094 I hostapd : command is GET_STATION_INFO_SWLAN0 ALL,return value is =317
04-19 21:23:14.414  2748  5374 D SemWifiApTrafficPoller: received START_TPUT_LOG
04-19 21:23:14.440  1147  1147 D io_stats: !@   8,0 r 32971840 615977756 w 5475181 89765908 d 665891 70844096 f 375446 509045 iot 5893584 0 th 0 0 0 pt 0 inp 0 0 110709.245
04-19 21:23:14.441  1147  1147 D io_stats: !@ Read_top(KB): m.android.phone(3918) 296 chbox:googleapp(29548) 96 android.vending(2282) 64
04-19 21:23:14.441  1147  1147 D io_stats: !@ Write_top(KB): kworker/u16:5(27329) 2592 vendor.samsung.(1650) 8 android.vending(2282) 4
04-19 21:23:14.501  2748  3770 D SemWifiTrafficPoller: getSoftApTotalTrafficInBytes:22601291
04-19 21:23:14.548  1609  4662 D vendor.qti.bluetooth@1.1-wake_lock: Release wakelock is released 
04-19 21:23:14.831  1623 13851 I sensors-hal: handle_sns_client_event:375, [0][2879098] accel_sample [-0.047, -0.054,  9.711] 139043503829840
04-19 21:23:14.843  2748  5311 I SemWifiApDataUsage: handleMessage: 15
04-19 21:23:14.863  2748  5311 D SemWifiApDbHistoryTableHelper: insertOrUpdateOnGivenDate() : data has been updated or inserted for date=2026-04-19
04-19 21:23:14.867  2748  5311 I SemWifiApDbSimTableHelper: updated for SIM : 890126051*********
04-19 21:23:14.955  7327  7327 I SDHMS:LOAD: type: LoadsFreqs, value: 1:0:0:672000:672000:672000:634367:1612800:499200:231:231:231
04-19 21:23:15.123  2748  6359 D SemWifiUsabilityStatsMonitor: onWifiUsabilityStats - seqNum 1868, isSameBssidAndFreq true
04-19 21:23:15.125  2748  3785 E SemWifiLinkQualityMonitor: Too old or invalid TMI: currentTime=1776648195125 lastDateWindow=1776608552000
04-19 21:23:15.128  2748  3785 I SemWifiLinkQualityMonitor: Link stat: 858 / 15 / 1.00 (28) / 433 / -24.0 || 100.0 : 433.00 / 0.5 : 1.00 / 0.55 : 0.02 / G (G) || 2dda0c6f5805: 0.092 / 87.187 / N || N N / 0 0 / N 103.0 / N X 0 / 110709928 0 || 2026-04-19 10:22:32  / 0: 0 0 0 0 0 0 / 0: 0 0 0 0 0 0 / 0: 0 0 0 0 0 0
04-19 21:23:15.130  2748  3786 D InsDataManager: onOutageCountUpdate() - Outage Data: 0, LQ : N. Outage Triggered: false
04-19 21:23:15.131  2748  3786 D SemInsManager: {"bssid": "2dda0c6f5805","rssi": -24.0,"latency": 0.09175688936740278,"outage_count": 0,"lq_callback_triggered": false,"outage_log": "Link stat: 858 / 15 / 1.00 (28) / 433 / -24.0 || 100.0 : 433.00 / 0.5 : 1.00 / 0.55 : 0.02 / G (G) || 2dda0c6f5805: 0.092 / 87.187 / N || N N / 0 0 / N 103.0 / N X 0 / 110709928 0 || 2026-04-19 10:22:32  / 0: 0 0 0 0 0 0 / 0: 0 0 0 0 0 0 / 0: 0 0 0 0 0 0""Magnetic Sensor Events size": "0""Pressure Sensor Events size": "0"}
04-19 21:23:15.325  1704  1748 E HeatmapThread: ECT Thread time in milliseconds: 1776648195
04-19 21:23:15.327  1704  1748 D HeatmapThread: !@ batteryplugType : 2
04-19 21:23:15.328  1704  1748 D HeatmapThread: !@ batteryLevel : 68  batteryTemperature : 317 
04-19 21:23:15.328  1704  1748 D HeatmapThread: !@ Heatmap currtime: 29610803
04-19 21:23:15.328  1704  1748 D HeatmapThread: !@ Heatmap prevtime: 29610778
04-19 21:23:15.328  1704  1748 D HeatmapThread: !@ Heatmap plugstarttime: 29610797
04-19 21:23:15.328  1704  1748 D HeatmapThread: !@ Heatmap prevv_dsoh_update_time: 29610626
04-19 21:23:15.328  1704  1748 E HeatmapThread: !@ CAM New BSOH: 99
04-19 21:23:15.619  2748  5333 I NSLocationMonitor: getGPSUsingApps() called
04-19 21:23:15.620  5352  5395 I NSLocationManager_FLP: getGPSUsingApps, No change
04-19 21:23:15.634  2748  5333 D FreecessHandler: freeze com.openai.chatgpt(10379) result : 2
04-19 21:23:15.753  2748   359 D WifiConnectivityMonitor.DnsThread:  [|208]
04-19 21:23:15.755  2748  3820 D WifiConnectivityMonitor.NetworkStatsAnalyzer: DNS resultType : 0, responseTime : 208
04-19 21:23:15.758  2748  3816 D OpenNetworkQos[4.00]: updateBssidLatestDnsResultType - result: 0
04-19 21:23:15.758  2748  3816 D OpenNetworkQos[4.00]: updateBssidNoInternet: mBssidNoInternet = false
04-19 21:23:15.758  2748  3816 D OpenNetworkQos[4.00]: getOpenNetworkQosNoInternetStatus: false
04-19 21:23:15.758  2748  3816 D OpenNetworkQos[4.00]: getOpenNetworkQosScores: 30 30 0 
04-19 21:23:15.758  2748  3816 D KNOX_MDM_SettingsProvider: isChangeAllowed() : name = wifi_wcm_qos_sharing_score_summary
04-19 21:23:15.759  2748  3816 I WifiProfileShare: network QoS data was changed (internet), updateQoSData networkType: true, qosData: false
04-19 21:23:15.759  2748  5386 V WifiProfileShare.Caster: update wips network, size: 0
04-19 21:23:15.760  2748  5386 D WifiProfileShare: nearby scanning settings run
04-19 21:23:15.760  2748  5386 D WifiProfileShare: network score provider settings enabled
04-19 21:23:15.760  2748  5386 D OpenNetworkQos[4.00]: getOpenNetworkQosScores: 30 30 0 
04-19 21:23:15.760  2748  5386 D OpenNetworkQos[4.00]: getOpenNetworkQosNoInternetStatus: false
04-19 21:23:15.760  2748  5386 I WifiProfileShare.Caster: current network type: 0, score: [30, 30, 0]
04-19 21:23:15.760  2748  5386 V WifiProfileShare.Caster: captive portal configuration was set
04-19 21:23:15.761  2748  5386 V WifiProfileShare.Cache: update network score 8c:90:2d:**:**:6f
04-19 21:23:15.761  2748  5386 D WifiProfileShare.ScanMatcher: getMcfDataList size:1
04-19 21:23:15.763  2748  5386 E SemWifiApConfigStore: getWifiApConfiguration ssid
04-19 21:23:15.764  2748  5386 D SemSoftApConfiguration: isWifiApEnabledWithDualBand API:false
04-19 21:23:15.766  2748  5386 E SemWifiApConfigStore: getWifiApConfiguration ssid
04-19 21:23:15.766  2748  5386 I WifiProfileShare.Caster: qos data was updated , before:type:QOS, pBssid:4a:21:e3, qosData:f5 after:type:QOS, pBssid:4a:21:e3, qosData:f5
04-19 21:23:15.767  2748  5386 I [MCFSDK_android_1.3.7026]_4_McfCasterImpl: isNetworkEnabled - type : 1 ret : true
04-19 21:23:15.767  2748  5386 D WifiProfileShare.McfCast: -ME--- mIsNetworkEnabled :true
04-19 21:23:15.767  2748  5386 D WifiProfileShare.McfCast: updateQoSData ignored, same contents
04-19 21:23:15.767  2748  5386 D WifiProfileShare.MCF: success update QosData !
04-19 21:23:15.768  2748  5386 I [MCFSDK_android_1.3.7026]_4_McfCasterImpl: isNetworkEnabled - type : 1 ret : true
04-19 21:23:15.768  2748  5386 D WifiProfileShare.McfCast: -ME--- mIsNetworkEnabled :true
04-19 21:23:15.768  2748  5386 D WifiProfileShare.McfCast: -ME--- updatePasswordDate pwdData size:2
04-19 21:23:15.916  1623  3907 I sensors-hal: handle_sns_client_event:190, auto_rotation_debug_2 mode,255, type,1,0 acc,-0.019,-0.067,9.753, ar,0, ver,14, pedo,1,e,1,i,3
04-19 21:23:16.043  1609  5265 I vendor.qti.bluetooth@1.1-ibs_handler: ProcessIbsCmd: Received IBS_WAKE_IND: 0xFD
04-19 21:23:16.043  1609  5265 D vendor.qti.bluetooth@1.1-ibs_handler: SerialClockVote: vote for UART CLK ON
04-19 21:23:16.044  1609  5265 D vendor.qti.bluetooth@1.1-wake_lock: Acquire wakelock is acquired 
04-19 21:23:16.044  1609  5265 I vendor.qti.bluetooth@1.1-ibs_handler: ProcessIbsCmd: Writing IBS_WAKE_ACK
04-19 21:23:16.056  4249  5273 I ScanController: onScanResult to scannerId: 12- eventType=0x1a, addressType=1, address=XX:XX:XX:XX:71:20, primaryPhy=1, secondaryPhy=0, advertisingSid=0xff, txPower=127, rssi=-66, periodicAdvInt=0x0
04-19 21:23:16.093  1609  5265 I vendor.qti.bluetooth@1.1-ibs_handler: ProcessIbsCmd: Received IBS_SLEEP_IND: 0xFE
04-19 21:23:16.093  1609  5265 D vendor.qti.bluetooth@1.1-ibs_handler: SerialClockVote: vote for UART CLK OFF
04-19 21:23:16.225  1609  5265 I vendor.qti.bluetooth@1.1-ibs_handler: ProcessIbsCmd: Received IBS_WAKE_IND: 0xFD
04-19 21:23:16.225  1609  5265 D vendor.qti.bluetooth@1.1-ibs_handler: SerialClockVote: vote for UART CLK ON
04-19 21:23:16.225  1609  5265 I vendor.qti.bluetooth@1.1-ibs_handler: ProcessIbsCmd: Writing IBS_WAKE_ACK
04-19 21:23:16.269  1609  5265 I vendor.qti.bluetooth@1.1-ibs_handler: ProcessIbsCmd: Received IBS_SLEEP_IND: 0xFE
04-19 21:23:16.269  1609  5265 D vendor.qti.bluetooth@1.1-ibs_handler: SerialClockVote: vote for UART CLK OFF
04-19 21:23:16.325  1704  1748 E HeatmapThread: ECT Thread time in milliseconds: 1776648196
04-19 21:23:16.329  1704  1748 D HeatmapThread: !@ batteryplugType : 2
04-19 21:23:16.330  1704  1748 D HeatmapThread: !@ batteryLevel : 68  batteryTemperature : 317 
04-19 21:23:16.330  1704  1748 D HeatmapThread: !@ Heatmap currtime: 29610803
04-19 21:23:16.330  1704  1748 D HeatmapThread: !@ Heatmap prevtime: 29610778
04-19 21:23:16.330  1704  1748 D HeatmapThread: !@ Heatmap plugstarttime: 29610797
04-19 21:23:16.330  1704  1748 D HeatmapThread: !@ Heatmap prevv_dsoh_update_time: 29610626
04-19 21:23:16.331  1704  1748 E HeatmapThread: !@ CAM New BSOH: 99
04-19 21:23:16.421  1609  4662 D vendor.qti.bluetooth@1.1-wake_lock: Release wakelock is released 
04-19 21:23:16.441  1147  1147 D io_stats: !@   8,0 r 32971842 615977796 w 5475195 89765972 d 665891 70844096 f 375450 509047 iot 5893604 0 th 0 0 0 pt 0 inp 0 0 110711.246
04-19 21:23:16.776  1623 11186 I sensors-hal: handle_sns_std_sensor_event:409, [SSC_LIGHT] P: 0(0),c:7,b:1275,m:13,cl:21,l:0,s:0,l0:864,l1:0,s0:0,s1:0,acl:1,opr:0.13,f(r):98,u(bl):100,if:0,wi:1,si:0,po:127(N:0)
04-19 21:23:16.776  1623  3907 I sensors-hal: handle_sns_std_sensor_event:131, [SSC_LIGHT] A: 0(0),c:7,b:1275,m:13,cl:21,l:0,s:0,l0:864,l1:0,s0:0,s1:0,acl:1,opr:0.13,f(r):98,u(bl):100,if:0,wi:1,si:0,po:127(N:0)
04-19 21:23:16.833  1623 13851 I sensors-hal: handle_sns_client_event:375, [0][2879132] accel_sample [-0.051, -0.058,  9.712] 139045506618121
04-19 21:23:17.036  2134  2134 I CNSS    : /sys/wifi/max_chipset_log_size doesn't exist
04-19 21:23:17.045  3918  4525 D SatelliteController: isInCarrierRoamingNbIotNtn: satellite is disabled
04-19 21:23:17.047  3918  4525 V SatelliteController: getWwanIsInService: return true
04-19 21:23:17.053  4212  4212 I EPDG -- SIM1 [SMARTCELLULAR]: onSignalStrengthsChanged: SignalStrength:{mCdma=Invalid,mGsm=Invalid,mWcdma=Invalid,mTdscdma=Invalid,mLte=Invalid,mNr=CellSignalStrengthNr:{ csiRsrp = 2147483647 csiRsrq = 2147483647 csiCqiTableIndex = 2147483647 csiCqiReport = [] ssRsrp = -109 ssRsrq = -12 ssSinr = 0 level = 1 parametersUseForLevel = 0 timingAdvance = 2147483647 },SignalBarInfo{ nrLevel=4 },rat=20,primary=CellSignalStrengthNr}
04-19 21:23:17.054  4212  5903 I EPDG -- SIM1 [SMARTCELLULAR]: lastNrRSRP is -110 currentNrRSRP is -109 lastNrRSRQ is -14 currentNrRSRQ is -12
04-19 21:23:17.217 29905 29905 I wpa_supplicant: nl80211: Vendor event: wiphy=0 vendor_id=0x1374 subcmd=182
04-19 21:23:17.217  1625  3894 I WifiHAL : event received NL80211_CMD_VENDOR, vendor_id = 0x1374, subcmd = 0xb6
04-19 21:23:17.218  2242  3896 D LOWI-9.0.1.74: [LOWI-Scan] wait_event:Wait done with Cmd 103
04-19 21:23:17.218  2212  2212 I cnss-daemon: nl80211 response handler invoked
04-19 21:23:17.218  2212  2212 I cnss-daemon: nl80211_response_handler: cmd 103, vendorID 4980, subcmd 182  received
04-19 21:23:17.218  2242  3896 D LOWI-9.0.1.74: [LOWI-Scan] do_listen_events: Rcvd valid Netlink Cmd 0 Err 0
04-19 21:23:17.325  1704  1748 E HeatmapThread: ECT Thread time in milliseconds: 1776648197
04-19 21:23:17.328  1704  1748 D HeatmapThread: !@ batteryplugType : 2
04-19 21:23:17.328  1704  1748 D HeatmapThread: !@ batteryLevel : 68  batteryTemperature : 317 
04-19 21:23:17.328  1704  1748 D HeatmapThread: !@ Heatmap currtime: 29610803
04-19 21:23:17.328  1704  1748 D HeatmapThread: !@ Heatmap prevtime: 29610778
04-19 21:23:17.329  1704  1748 D HeatmapThread: !@ Heatmap plugstarttime: 29610797
04-19 21:23:17.329  1704  1748 D HeatmapThread: !@ Heatmap prevv_dsoh_update_time: 29610626
04-19 21:23:17.329  1704  1748 E HeatmapThread: !@ CAM New BSOH: 99
04-19 21:23:17.508  2748  3770 D SemWifiTrafficPoller: getSoftApTotalTrafficInBytes:22601732
04-19 21:23:17.846  2748  5311 I SemWifiApDataUsage: handleMessage: 14
04-19 21:23:17.847  2748  5311 I SemWifiApEbpf: DATA_USAGE_STATS_START_POLL,mhs= true,upstream= 1,client size 1
04-19 21:23:17.848  2748  5311 D SemWifiApEbpf: getWifiApDataUsageForOverAllMhs():  overall data is22601937
04-19 21:23:17.848  2748  5311 I SemWifiApEbpf: updating the overall dataUsage , overall =22601937 , global = {mTotalDataBytes=22601291,mTotalDataIngressBytes=0,mTotalDataEgressBytes=0,mCellularBytes=992485,mCurrentDayAndSimCellularBytes=992485}
04-19 21:23:17.849  2748  5311 I SemWifiApTrafficPriority: handleDataUsageStats : 02:cb:75:b5:5e:b0 : alive=true,mBitratePerSecond=1.031 kbps,mBitrateIngressPerSecond=587 bps,mBitrateEgressPerSecond=444 bps,mCellularBytes=992485,mWifiDataBytes=7208892,mTotalDataBytes=8201377,mTotalDataIngressBytes=5026437,mTotalDataEgressBytes=3174940,mRtBytes=0,mnRtBytes=8201377,ip=Not available.,mRtBitratePerSecond=0 bps,mNrtBitrateperSecond=1.031 kbps,
04-19 21:23:17.850  2748  5311 D SemWifiApTrafficPriority: activeNetworkSpeed: 40 MbpswifiInfoSpeed: 433 Mbps
04-19 21:23:17.850  2748  5311 D SemWifiApTrafficPriority: Log----> Interface Name: wlan0 totalStatsRxMegaBitRate: 0.0086816,ebpfDatarate: 4.44E-4 ,mCurrSpeedEstimation: 40 mGapiValue: 40.035 mEnablePriorityeBpfAPICalled false
04-19 21:23:17.850  2748  5311 D SemWifiApTrafficPriority: mCurrentNonGBRAllocated:0
04-19 21:23:17.851  2748  5311 I SemWifiApTrafficPriority: calculateRecalRestrictTimer,ebpfrate:0,currentNonGBRAllocated:0
04-19 21:23:18.008  2748  8227 D TrafficStateDatabaseController: onDnsEvent():  objTrafficStats.size= 86, mInsertList= true
04-19 21:23:18.019  2748  3855 D NetdEventListenerService: DNS Requested by 129, 10379(com.openai.chatgpt), 4(FAIL), isBlocked=true, 0ms
04-19 21:23:18.050  1609  5265 I vendor.qti.bluetooth@1.1-ibs_handler: ProcessIbsCmd: Received IBS_WAKE_IND: 0xFD
04-19 21:23:18.050  1609  5265 D vendor.qti.bluetooth@1.1-ibs_handler: SerialClockVote: vote for UART CLK ON
04-19 21:23:18.050  1609  5265 D vendor.qti.bluetooth@1.1-wake_lock: Acquire wakelock is acquired 
04-19 21:23:18.051  1609  5265 I vendor.qti.bluetooth@1.1-ibs_handler: ProcessIbsCmd: Writing IBS_WAKE_ACK
04-19 21:23:18.062  4249  5273 I ScanController: onScanResult to scannerId: 12- eventType=0x1a, addressType=1, address=XX:XX:XX:XX:71:20, primaryPhy=1, secondaryPhy=0, advertisingSid=0xff, txPower=127, rssi=-67, periodicAdvInt=0x0
04-19 21:23:18.103  1609  5265 I vendor.qti.bluetooth@1.1-ibs_handler: ProcessIbsCmd: Received IBS_SLEEP_IND: 0xFE
04-19 21:23:18.103  1609  5265 D vendor.qti.bluetooth@1.1-ibs_handler: SerialClockVote: vote for UART CLK OFF
04-19 21:23:18.138  2748  6359 D SemWifiUsabilityStatsMonitor: onWifiUsabilityStats - seqNum 1869, isSameBssidAndFreq true
04-19 21:23:18.140  2748  3785 E SemWifiLinkQualityMonitor: Too old or invalid TMI: currentTime=1776648198140 lastDateWindow=1776608552000
04-19 21:23:18.142  2748  3785 I SemWifiLinkQualityMonitor: Link stat: 978 / 22 / 1.00 (30) / 433 / -24.0 || 100.0 : 433.00 / 0.5 : 1.00 / 0.55 : 0.02 / G (G) || 2dda0c6f5805: 0.092 / 86.831 / N || N N / 0 0 / N 103.0 / N X 0 / 110712943 0 || 2026-04-19 10:22:32  / 0: 0 0 0 0 0 0 / 0: 0 0 0 0 0 0 / 0: 0 0 0 0 0 0
04-19 21:23:18.144  2748  3786 D InsDataManager: onOutageCountUpdate() - Outage Data: 0, LQ : N. Outage Triggered: false
04-19 21:23:18.144  2748  3786 D SemInsManager: {"bssid": "2dda0c6f5805","rssi": -24.0,"latency": 0.09213265434305758,"outage_count": 0,"lq_callback_triggered": false,"outage_log": "Link stat: 978 / 22 / 1.00 (30) / 433 / -24.0 || 100.0 : 433.00 / 0.5 : 1.00 / 0.55 : 0.02 / G (G) || 2dda0c6f5805: 0.092 / 86.831 / N || N N / 0 0 / N 103.0 / N X 0 / 110712943 0 || 2026-04-19 10:22:32  / 0: 0 0 0 0 0 0 / 0: 0 0 0 0 0 0 / 0: 0 0 0 0 0 0""Magnetic Sensor Events size": "0""Pressure Sensor Events size": "0"}
04-19 21:23:18.254  1609  5265 I vendor.qti.bluetooth@1.1-ibs_handler: ProcessIbsCmd: Received IBS_WAKE_IND: 0xFD
04-19 21:23:18.254  1609  4662 D vendor.qti.bluetooth@1.1-wake_lock: Release wakelock is released 
04-19 21:23:18.255  1609  5265 D vendor.qti.bluetooth@1.1-ibs_handler: SerialClockVote: vote for UART CLK ON
04-19 21:23:18.255  1609  5265 D vendor.qti.bluetooth@1.1-wake_lock: Acquire wakelock is acquired 
04-19 21:23:18.255  1609  5265 I vendor.qti.bluetooth@1.1-ibs_handler: ProcessIbsCmd: Writing IBS_WAKE_ACK
04-19 21:23:18.261  4249  5273 I ScanController: onScanResult to scannerId: 3- eventType=0x1a, addressType=1, address=XX:XX:XX:XX:64:48, primaryPhy=1, secondaryPhy=0, advertisingSid=0xff, txPower=127, rssi=-89, periodicAdvInt=0x0
04-19 21:23:18.300  1609  5265 I vendor.qti.bluetooth@1.1-ibs_handler: ProcessIbsCmd: Received IBS_SLEEP_IND: 0xFE
04-19 21:23:18.300  1609  5265 D vendor.qti.bluetooth@1.1-ibs_handler: SerialClockVote: vote for UART CLK OFF
04-19 21:23:18.325  1704  1748 E HeatmapThread: ECT Thread time in milliseconds: 1776648198
04-19 21:23:18.329  1704  1748 D HeatmapThread: !@ batteryplugType : 2
04-19 21:23:18.329  1704  1748 D HeatmapThread: !@ batteryLevel : 68  batteryTemperature : 317 
04-19 21:23:18.329  1704  1748 D HeatmapThread: !@ Heatmap currtime: 29610803
04-19 21:23:18.329  1704  1748 D HeatmapThread: !@ Heatmap prevtime: 29610778
04-19 21:23:18.329  1704  1748 D HeatmapThread: !@ Heatmap plugstarttime: 29610797
04-19 21:23:18.330  1704  1748 D HeatmapThread: !@ Heatmap prevv_dsoh_update_time: 29610626
04-19 21:23:18.330  1704  1748 E HeatmapThread: !@ CAM New BSOH: 99
04-19 21:23:18.443  1147  1147 D io_stats: !@   8,0 r 32971844 615977804 w 5475208 89768864 d 665891 70844096 f 375450 509047 iot 5893620 0 th 0 0 0 pt 0 inp 0 0 110713.248
04-19 21:23:18.444  1147  1147 D io_stats: !@ Read_top(KB): system_server(2748) 40 kworker/u16:1(2763) 8
04-19 21:23:18.444  1147  1147 D io_stats: !@ Write_top(KB): kworker/u16:1(2763) 2892 sait.sohservice(18700) 32
04-19 21:23:18.451  1609  4662 D vendor.qti.bluetooth@1.1-wake_lock: Release wakelock is released 
04-19 21:23:18.836  1623 13851 I sensors-hal: handle_sns_client_event:375, [0][2879166] accel_sample [-0.049, -0.058,  9.716] 139047509405309
04-19 21:23:18.996  4730 31631 I NearbyMediums: No BLE Fast/GATT advertisements found in the latest cycle.
04-19 21:23:18.996  4730 31631 I NearbyMediums: Current Tracked Scanning Clients are : {NearbyConnections.EnvironmentMonitor, NearbyConnections.TxAdvertisement}
04-19 21:23:19.325  1704  1748 E HeatmapThread: ECT Thread time in milliseconds: 1776648199
04-19 21:23:19.328  1704  1748 D HeatmapThread: !@ batteryplugType : 2
04-19 21:23:19.328  1704  1748 D HeatmapThread: !@ batteryLevel : 68  batteryTemperature : 317 
04-19 21:23:19.328  1704  1748 D HeatmapThread: !@ Heatmap currtime: 29610803
04-19 21:23:19.329  1704  1748 D HeatmapThread: !@ Heatmap prevtime: 29610778
04-19 21:23:19.329  1704  1748 D HeatmapThread: !@ Heatmap plugstarttime: 29610797
04-19 21:23:19.329  1704  1748 D HeatmapThread: !@ Heatmap prevv_dsoh_update_time: 29610626
