04-19 21:26:40.456  2206  5466 D CompatibilityChangeReporter: Compat change id reported: 74210811; UID 10230; state: ENABLED
04-19 21:26:40.484 23114 23114 D BoundBrokerSvc: onBind: Intent { act=com.google.android.gms.mdisync.service.START dat=chimera-action:/... cmp=com.google.android.gms/.chimera.GmsApiService }
04-19 21:26:40.484 23114 23114 D BoundBrokerSvc: Loading bound service for intent: Intent { act=com.google.android.gms.mdisync.service.START dat=chimera-action:/... cmp=com.google.android.gms/.chimera.GmsApiService }
04-19 21:26:40.503 23114 28691 W OplusExSystemServiceHelper: checkOplusExSystemService intent getComponent is null
04-19 21:26:40.505 23114 23114 D BoundBrokerSvc: onBind: Intent { act=com.google.android.gms.auth.service.START pkg=com.google.android.gms }
04-19 21:26:40.505 23114 23114 D BoundBrokerSvc: Loading bound service for intent: Intent { act=com.google.android.gms.auth.service.START pkg=com.google.android.gms }
04-19 21:26:40.589  5263  5333 D CompatibilityChangeReporter: Compat change id reported: 194532703; UID 10230; state: ENABLED
04-19 21:26:40.590  2206  7958 D CompatibilityChangeReporter: Compat change id reported: 194532703; UID 10230; state: ENABLED
04-19 21:26:40.592 23114 14717 I MdiSyncModule: (REDACTED) Receiving API connection from package '%s'...
04-19 21:26:40.603 23114 14717 I MdiSyncModule: API connection successful!
04-19 21:26:40.605 23114 28907 I MdiSyncModule: (REDACTED) Receiving API connection from package '%s'...
04-19 21:26:40.612 23114 28907 I MdiSyncModule: API connection successful!
04-19 21:26:40.614 23114 14717 I MdiSyncModule: (REDACTED) Receiving API connection from package '%s'...
04-19 21:26:40.614 23114 14717 I MdiSyncModule: API connection successful!
04-19 21:26:40.622 23014 23014 D BoundBrokerSvc: onRebind: Intent { act=com.google.android.gms.auth.aang.events.services.START dat=chimera-action:/... cmp=com.google.android.gms/.chimera.PersistentApiService }
04-19 21:26:40.653 23114 14717 I MdiSyncModule: (REDACTED) Receiving API connection from package '%s'...
04-19 21:26:40.655 23114 14717 I MdiSyncModule: API connection successful!
04-19 21:26:40.673 23114 28907 I MdiSyncModule: (REDACTED) Receiving API connection from package '%s'...
04-19 21:26:40.674 23114 28907 I MdiSyncModule: API connection successful!
04-19 21:26:40.684 23114 14717 I MdiSyncModule: (REDACTED) Receiving API connection from package '%s'...
04-19 21:26:40.686 23114 14717 I MdiSyncModule: API connection successful!
04-19 21:26:40.694 23114 28907 I MdiSyncModule: (REDACTED) Receiving API connection from package '%s'...
04-19 21:26:40.694 23114 28907 I MdiSyncModule: API connection successful!
04-19 21:26:40.695 23114 14717 I MdiSyncModule: (REDACTED) Receiving API connection from package '%s'...
04-19 21:26:40.696 23114 14717 I MdiSyncModule: API connection successful!
04-19 21:26:40.698 23114 14717 I MdiSyncModule: (REDACTED) Receiving API connection from package '%s'...
04-19 21:26:40.699 23114 14717 I MdiSyncModule: API connection successful!
04-19 21:26:40.699 23114 28907 I MdiSyncModule: (REDACTED) Receiving API connection from package '%s'...
04-19 21:26:40.700 23114 28907 I MdiSyncModule: API connection successful!
04-19 21:26:40.701 23114 28906 I MdiSyncModule: (REDACTED) Receiving API connection from package '%s'...
04-19 21:26:40.701 23114 28906 I MdiSyncModule: API connection successful!
04-19 21:26:40.702 23114 28907 I MdiSyncModule: (REDACTED) Receiving API connection from package '%s'...
04-19 21:26:40.702 23114 28907 I MdiSyncModule: API connection successful!
04-19 21:26:40.705 23114 14717 I MdiSyncModule: (REDACTED) Receiving API connection from package '%s'...
04-19 21:26:40.706 23114 14717 I MdiSyncModule: API connection successful!
04-19 21:26:40.706 23114 28906 I MdiSyncModule: (REDACTED) Receiving API connection from package '%s'...
04-19 21:26:40.707 23114 28906 I MdiSyncModule: API connection successful!
04-19 21:26:40.708  2206  3716 D CompatibilityChangeReporter: Compat change id reported: 201794303; UID 10230; state: ENABLED
04-19 21:26:40.732 23014 23014 D BoundBrokerSvc: onUnbind: Intent { act=com.google.android.gms.libs.gmscorelogger.service.START dat=chimera-action:/... cmp=com.google.android.gms/.chimera.PersistentDirectBootAwareApiService }
04-19 21:26:40.744  2206  2206 I OplusHansManager : unfreeze uid: 10012 devian.tubemate.v3 pids: [24902, 5142, 12632] reason: Job scene: LcdOff
04-19 21:26:40.745  2206  3578 I OplusHansManager : uid=10012, pkg=devian.tubemate.v3, transition from F to Middle, reason=Job
04-19 21:26:40.745  2206  3578 I OplusHansManager : uid=10012, pkg=devian.tubemate.v3 F exit(), F stay=61, reason=Job
04-19 21:26:40.746  2206  3843 D OplusProxyWakeLock: restore uid :10012 wakelock: lock:172395042 PARTIAL_WAKE_LOCK              '*job*' (uid=1000 pid=2206 ws=WorkSource{10012 devian.tubemate.v3})
04-19 21:26:40.746  2206  2283 I ActivityManager: Process PhantomProcessRecord {e73fb41 5142:24902:ping6/u0a12} died
04-19 21:26:40.748  2206  2206 D CompatibilityChangeReporter: Compat change id reported: 135634846; UID 10172; state: DISABLED
04-19 21:26:40.748  2206  2206 D CompatibilityChangeReporter: Compat change id reported: 177438394; UID 10172; state: DISABLED
04-19 21:26:40.748  2206  2206 D CompatibilityChangeReporter: Compat change id reported: 135772972; UID 10172; state: DISABLED
04-19 21:26:40.748  2206  2206 D CompatibilityChangeReporter: Compat change id reported: 135754954; UID 10172; state: ENABLED
04-19 21:26:40.749  2206  2282 D CompatibilityChangeReporter: Compat change id reported: 143937733; UID 10172; state: ENABLED
04-19 21:26:40.750 23014  5230 I FusedLocation: (REDACTED) getLastLocation() noteOp denied for %s
04-19 21:26:40.752 23014 23248 W OplusExSystemServiceHelper: checkOplusExSystemService intent getComponent is null
04-19 21:26:40.773  5629  5630 E IHansComunication: HANS printMessageBody: RCV message: type = 0,port = 86870,caller_pid = 1663,caller_uid = 1047,target_pid = 5807,target_uid = 10052,pkg_cmd = -1,rpc = android.hardware.ICameraServiceListener/5
04-19 21:26:40.775  2206  3581 I OplusHansManager : unfreeze uid: 10052 cloud.vitalpbx.connect pids: [5807, 7123] reason: AsyncBinder scene: LcdOff
04-19 21:26:40.776  1029  1029 D Zygote  : Forked child process 5377
04-19 21:26:40.776  2206  3578 I OplusHansManager : uid=10052, pkg=cloud.vitalpbx.connect, transition from F to Middle, reason=AsyncBinder
04-19 21:26:40.776  2206  3578 I OplusHansManager : uid=10052, pkg=cloud.vitalpbx.connect F exit(), F stay=42, reason=AsyncBinder
04-19 21:26:40.777  2206  2282 I ActivityManager: Start proc 5377:com.facebook.appmanager/u0a172 for service {com.facebook.appmanager/com.facebook.analytics2.logger.legacy.uploader.LollipopUploadService}
04-19 21:26:40.777  2206  2282 D OplusUIFirst_FB: com.facebook.appmanager proc start: 10172 5377 false com.facebook.appmanager
04-19 21:26:40.777  2206  2282 D OplusUIFirst_FB: com.facebook.appmanager start process: []
04-19 21:26:40.777  2206  2282 D OplusUIFirst_FB: List of ThreadOp: size=0 []
04-19 21:26:40.779  3682  4419 D PhoneInterfaceManager: [PhoneIntfMgr] QueryTelephonyChecker-getNetworkTypeForSubscriber: packageName = devian.tubemate.v3, isGrant = true
04-19 21:26:40.792   721   721 I hwservicemanager: getTransport: Cannot find entry vendor.qti.hardware.iop@2.0::IIop/default in either framework or device VINTF manifest.
04-19 21:26:40.792   719   719 E ANDR-IOP: IIop:: Iop HAL Service is not available.
04-19 21:26:40.792  5377  5377 E book.appmanager: Unknown bits set in runtime_flags: 0x40000000
04-19 21:26:40.792  5377  5377 I book.appmanager: Using CollectorTypeCC GC.
04-19 21:26:40.797  5377  5377 D nativeloader: Load libframework-connectivity-tiramisu-jni.so using APEX ns com_android_tethering for caller /apex/com.android.tethering/javalib/framework-connectivity-t.jar: ok
04-19 21:26:40.801  5377  5377 W libc    : Access denied finding property "persist.vendor.sys.activitylog"
04-19 21:26:40.801  5377  5377 I OneTrace: Mark active for pid=5377? true
04-19 21:26:40.801  5377  5377 D cutils-dev: otrace_set_tracing_enabled? true
04-19 21:26:40.802  5377  5393 D cutils-dev: properties changed in otrace_seq_number_changed!
04-19 21:26:40.825  5377  5377 D CompatibilityChangeReporter: Compat change id reported: 171979766; UID 10172; state: ENABLED
04-19 21:26:40.826  5377  5377 I oplus.android.OplusFrameworkFactoryImpl: get feature:IOplusAutoResolutionFeature
04-19 21:26:40.826  5377  5377 I oplus.android.OplusFrameworkFactoryImpl: getOplusAutoResolutionFeature
04-19 21:26:40.830  5377  5377 I OplusFeatureCache: Milliseconds spent on init(): 4
04-19 21:26:40.831  5377  5377 D CompactWindowAppManager: initCompactApplicationInfo CompactMode: , NormalMode: 
04-19 21:26:40.833  5377  5377 D OplusViewDebugManager: for com.facebook.appmanager, enable view debug
04-19 21:26:40.836  5377  5377 W libc    : Access denied finding property "ro.odm.prev.product.name"
04-19 21:26:40.837  5377  5377 D LoadedApk: mApplicationInfo overrideDisplayId:null
04-19 21:26:40.863  5377  5377 D nativeloader: Configuring clns-4 for other apk /data/app/~~8oMz0mfktzmaBaUC3Wns_Q==/com.facebook.appmanager-Cv2sb1YDMBirQG88OTFXeg==/base.apk. target_sdk_version=36, uses_libraries=, library_path=/data/app/~~8oMz0mfktzmaBaUC3Wns_Q==/com.facebook.appmanager-Cv2sb1YDMBirQG88OTFXeg==/lib/arm64:/data/app/~~8oMz0mfktzmaBaUC3Wns_Q==/com.facebook.appmanager-Cv2sb1YDMBirQG88OTFXeg==/base.apk!/lib/arm64-v8a, permitted_path=/data:/mnt/expand:/data/user/0/com.facebook.appmanager
04-19 21:26:40.863  2206  4373 W PackageManager: package unknown uid 10230 pid 5263 call SetEnabledSetting(com.google.android.gm component = com.google.android.apps.dynamite.features.hub.navigation.PeopleActivity, 1, 0)
04-19 21:26:40.864  2206  2975 W PackageManager: package unknown uid 10230 pid 5263 call SetEnabledSetting(com.google.android.gm component = com.google.android.apps.dynamite.features.hub.navigation.RoomsActivity, 1, 0)
04-19 21:26:40.864  2206  4373 W PackageManager: package unknown uid 10230 pid 5263 call SetEnabledSetting(com.google.android.gm component = com.google.android.apps.dynamite.services.notification.NotificationService, 1, 0)
04-19 21:26:40.865  2206  7958 W PackageManager: package unknown uid 10230 pid 5263 call SetEnabledSetting(com.google.android.gm component = com.google.android.apps.dynamite.DynamiteDeepLinkMultiple, 1, 0)
04-19 21:26:40.865  2206  7958 W PackageManager: package unknown uid 10230 pid 5263 call SetEnabledSetting(com.google.android.gm component = com.google.android.libraries.communications.conference.ui.callui.SingleCallActivity, 1, 0)
04-19 21:26:40.866  2206  7958 W PackageManager: package unknown uid 10230 pid 5263 call SetEnabledSetting(com.google.android.gm component = com.google.android.libraries.communications.conference.ui.callui.chat.ChatActivity, 1, 0)
04-19 21:26:40.866  2206  2975 W PackageManager: package unknown uid 10230 pid 5263 call SetEnabledSetting(com.google.android.gm component = com.google.android.libraries.communications.conference.ui.intents.ChitChatGatewayActivity, 1, 0)
04-19 21:26:40.867  2206  4373 W PackageManager: package unknown uid 10230 pid 5263 call SetEnabledSetting(com.google.android.gm component = com.google.android.libraries.communications.conference.ui.greenroom.GreenroomActivity, 1, 0)
04-19 21:26:40.867  2206  7958 W PackageManager: package unknown uid 10230 pid 5263 call SetEnabledSetting(com.google.android.gm component = com.google.android.libraries.communications.conference.ui.largescreen.HomeActivity, 1, 0)
04-19 21:26:40.867  2206  7958 W PackageManager: package unknown uid 10230 pid 5263 call SetEnabledSetting(com.google.android.gm component = com.google.android.libraries.communications.conference.ui.intents.LivestreamHandlerActivity, 1, 0)
04-19 21:26:40.868  2206  4373 W PackageManager: package unknown uid 10230 pid 5263 call SetEnabledSetting(com.google.android.gm component = com.google.android.libraries.communications.conference.ui.intents.ConferenceUrlHandlerActivity, 1, 0)
04-19 21:26:40.868  2206  2233 W PackageManager: package unknown uid 10230 pid 5263 call SetEnabledSetting(com.google.android.gm component = com.google.android.libraries.communications.conference.ui.intents.TransferCallHandlerActivity, 1, 0)
04-19 21:26:40.868  2206  2975 W PackageManager: package unknown uid 10230 pid 5263 call SetEnabledSetting(com.google.android.gm component = com.google.android.libraries.communications.conference.ui.intents.ConferenceGatewayActivity, 1, 0)
04-19 21:26:40.868  2206  4373 W PackageManager: package unknown uid 10230 pid 5263 call SetEnabledSetting(com.google.android.gm component = com.google.android.libraries.communications.conference.ui.intents.AssistantNewUrlHandlerActivity, 1, 0)
04-19 21:26:40.868  2206  7958 W PackageManager: package unknown uid 10230 pid 5263 call SetEnabledSetting(com.google.android.gm component = com.google.android.libraries.communications.conference.ui.settings.SettingsActivity, 1, 0)
04-19 21:26:40.881  5377  5377 D nativeloader: Load libframework-connectivity-jni.so using APEX ns com_android_tethering for caller /apex/com.android.tethering/javalib/framework-connectivity.jar: ok
04-19 21:26:40.884  5377  5377 V GraphicsEnvironment: ANGLE Developer option for 'com.facebook.appmanager' set to: 'default'
04-19 21:26:40.884  5377  5377 V GraphicsEnvironment: ANGLE GameManagerService for com.facebook.appmanager: false
04-19 21:26:40.885  5377  5377 V GraphicsEnvironment: App is not on the allowlist for updatable production driver.
04-19 21:26:40.887  5377  5377 D NetworkSecurityConfig: Using Network Security Config from resource fb_network_security_config debugBuild: false
04-19 21:26:40.889  5377  5377 D NetworkSecurityConfig: Using Network Security Config from resource fb_network_security_config debugBuild: false
04-19 21:26:40.910  5377  5377 D d       : ExceptionHandlerManager not explicitly initialized, using default mode
04-19 21:26:40.910  5377  5377 D d       : initializing exception handler manager, prioritized=true
04-19 21:26:40.912  5263  5418 W DynamiteModule: Local module descriptor class for com.google.android.gms.providerinstaller.dynamite not found.
04-19 21:26:40.913  5377  5377 W SoLoader: Initializing SoLoader: 0
04-19 21:26:40.913  5377  5377 W SoLoader: context.getApplicationContext returned null, holding reference to original context.ApplicationSoSource fallbacks to: /data/app/~~8oMz0mfktzmaBaUC3Wns_Q==/com.facebook.appmanager-Cv2sb1YDMBirQG88OTFXeg==/lib/arm64
04-19 21:26:40.913  5377  5377 I SoLoader: Recording new base apk path: /data/app/~~8oMz0mfktzmaBaUC3Wns_Q==/com.facebook.appmanager-Cv2sb1YDMBirQG88OTFXeg==/base.apk
04-19 21:26:40.913  5377  5377 I SoLoader: Previously recorded 0 base apk paths.
04-19 21:26:40.914  5377  5377 I SoLoader: Preparing SO source: DirectorySoSource[root = /vendor/lib64 flags = 2]
04-19 21:26:40.914  5377  5377 I SoLoader: Preparing SO source: DirectorySoSource[root = /system/lib64 flags = 2]
04-19 21:26:40.914  5377  5377 I SoLoader: Preparing SO source: DirectApkSoSource[root = [/data/app/~~8oMz0mfktzmaBaUC3Wns_Q==/com.facebook.appmanager-Cv2sb1YDMBirQG88OTFXeg==/base.apk!/lib/arm64-v8a]]
04-19 21:26:40.914 23014 30606 W ProviderHelper: Unknown dynamite feature providerinstaller.dynamite
04-19 21:26:40.915  5263  5418 W ProviderInstaller: Failed to load providerinstaller module: No acceptable module com.google.android.gms.providerinstaller.dynamite found. Local version is 0 and remote version is 0.
04-19 21:26:40.916  5377  5377 I SoLoader: Preparing SO source: ApplicationSoSource[DirectorySoSource[root = /data/app/~~8oMz0mfktzmaBaUC3Wns_Q==/com.facebook.appmanager-Cv2sb1YDMBirQG88OTFXeg==/lib/arm64 flags = 1]]
04-19 21:26:40.916  5377  5377 W SoLoader: SoLoader initialized: 8
04-19 21:26:40.919  5377  5377 D nativeloader: Load libSchedAssistJni.so using system ns (caller=/system/framework/oplus-framework.jar): ok
04-19 21:26:40.919  5377  5377 D ExtensionsLoader: createInstance(64bit) : createExtendedFactory
04-19 21:26:40.919  5377  5377 D ExtensionsLoader: Opened libSchedAssistExtImpl.so
04-19 21:26:40.919  5377  5377 E SchedAssist: ofbOpen failed with error=No such file or directory
04-19 21:26:40.919  5377  5377 E SchedAssist: sysOpen failed with error=No such file or directory
04-19 21:26:40.919  5377  5377 E SchedAssist: sharedImFd failed with error=Permission denied
04-19 21:26:40.920  5263  5418 D nativeloader: Configuring clns-8 for other apk /system/framework/com.android.location.provider.jar. target_sdk_version=37, uses_libraries=ALL, library_path=/data/app/~~_YeRJZDM0k80UyuYF2XGtQ==/com.google.android.gms-VEpSHc0QZ_J0VNrbcj33Aw==/lib/arm64:/data/app/~~_YeRJZDM0k80UyuYF2XGtQ==/com.google.android.gms-VEpSHc0QZ_J0VNrbcj33Aw==/base.apk!/lib/arm64-v8a, permitted_path=/data:/mnt/expand:/data/user/0/com.google.android.gms
04-19 21:26:40.920  5263  5418 D nativeloader: Extending system_exposed_libraries: libbinauralrenderer_wrapper.qti.so:libhoaeffects.qti.so:libSloganJni.oplus.so:libsuperNight.oplus.so:libupdateprof.qti.so:libQOC.qti.so:libthermalclient.qti.so:libdiag_system.qti.so:libqape.qti.so:liblistenjni.qti.so
04-19 21:26:40.922  5377  5377 D OplusGraphicsEvent: OplusGraphicsEventListener create now!
04-19 21:26:40.922  5377  5377 D OplusGraphicsEvent: addEventListener success!
04-19 21:26:40.927  5263  5418 D nativeloader: Configuring clns-9 for other apk /system/framework/com.android.media.remotedisplay.jar. target_sdk_version=37, uses_libraries=ALL, library_path=/data/app/~~_YeRJZDM0k80UyuYF2XGtQ==/com.google.android.gms-VEpSHc0QZ_J0VNrbcj33Aw==/lib/arm64:/data/app/~~_YeRJZDM0k80UyuYF2XGtQ==/com.google.android.gms-VEpSHc0QZ_J0VNrbcj33Aw==/base.apk!/lib/arm64-v8a, permitted_path=/data:/mnt/expand:/data/user/0/com.google.android.gms
04-19 21:26:40.927  5263  5418 D nativeloader: Extending system_exposed_libraries: libbinauralrenderer_wrapper.qti.so:libhoaeffects.qti.so:libSloganJni.oplus.so:libsuperNight.oplus.so:libupdateprof.qti.so:libQOC.qti.so:libthermalclient.qti.so:libdiag_system.qti.so:libqape.qti.so:liblistenjni.qti.so
04-19 21:26:40.936  2206  2233 D CompatibilityChangeReporter: Compat change id reported: 161145287; UID 10172; state: DISABLED
04-19 21:26:40.937  5263  5418 D nativeloader: Configuring clns-10 for other apk /data/app/~~_YeRJZDM0k80UyuYF2XGtQ==/com.google.android.gms-VEpSHc0QZ_J0VNrbcj33Aw==/base.apk. target_sdk_version=37, uses_libraries=, library_path=/data/app/~~_YeRJZDM0k80UyuYF2XGtQ==/com.google.android.gms-VEpSHc0QZ_J0VNrbcj33Aw==/lib/arm64:/data/app/~~_YeRJZDM0k80UyuYF2XGtQ==/com.google.android.gms-VEpSHc0QZ_J0VNrbcj33Aw==/base.apk!/lib/arm64-v8a, permitted_path=/data:/mnt/expand:/data/user/0/com.google.android.gms
04-19 21:26:40.937  5377  5377 D OplusActivityManager: get AMS extension: android.os.BinderProxy@d79ddb4
04-19 21:26:40.944  2206  7958 D VRR [OPlusExternalRefreshRateManager]: isPkgTfcEnable: pkgName = com.facebook.appmanager, enable = false
04-19 21:26:40.944  2206  7958 D VRR [OPlusExternalRefreshRateManager]: getTfcMinFramerate: pkgName = com.facebook.appmanager, min framerate = 0
04-19 21:26:40.945  5377  5377 I DynamicFramerate [FRTCConfigManager]: initFrameRateConfig: 
04-19 21:26:40.945  5377  5377 I DynamicFramerate [FRTCConfigManager]: 	levels: [120, 60, 40, 30]
04-19 21:26:40.945  5377  5377 I DynamicFramerate [FRTCConfigManager]: 	thresholds: [400, 80, 30]
04-19 21:26:40.945  5377  5377 I DynamicFramerate [FRTCConfigManager]: 	scrollbar fade frame rate: 0
04-19 21:26:40.945  5377  5377 I DynamicFramerate [FRTCConfigManager]: FRTCConfigManager: FRTC_CAPABILITY = 120, package name = com.facebook.appmanager, PACKAGE_ENABLE = false
04-19 21:26:40.945  5377  5377 I DynamicFramerate [DynamicFrameRateController]: init info: mPackageName = com.facebook.appmanager, mIsEnabled = false
04-19 21:26:40.955  5377  5422 D CompatibilityChangeReporter: Compat change id reported: 194532703; UID 10172; state: ENABLED
04-19 21:26:40.957  2206  4373 D CompatibilityChangeReporter: Compat change id reported: 194532703; UID 10172; state: ENABLED
04-19 21:26:40.988  5263  5418 D nativeloader: Load /data/app/~~_YeRJZDM0k80UyuYF2XGtQ==/com.google.android.gms-VEpSHc0QZ_J0VNrbcj33Aw==/base.apk!/lib/arm64-v8a/libconscrypt_gmscore_jni.so using class loader ns clns-10 (caller=/data/app/~~_YeRJZDM0k80UyuYF2XGtQ==/com.google.android.gms-VEpSHc0QZ_J0VNrbcj33Aw==/base.apk): ok
04-19 21:26:40.993  5263  5418 V NativeCrypto: Registering com/google/android/gms/org/conscrypt/NativeCrypto's 336 native methods...
04-19 21:26:41.002  3687  4258 I Athena  : CommonAction: 21,2691,119,4040,5631,29,327,360,2050,2785,824,1683
04-19 21:26:41.006  5263  5360 E beum    : Sync subscriptions not available
04-19 21:26:41.058  2206  4420 E AppOps  : Bad call made by uid 10217. Package "com.google.android.gms" does not belong to uid 10230.
04-19 21:26:41.060  5263  5431 E GoogleApiManager: Failed to get service from broker. 
04-19 21:26:41.060  5263  5431 E GoogleApiManager: java.lang.SecurityException: Unknown calling package name 'com.google.android.gms'.
04-19 21:26:41.060  5263  5431 E GoogleApiManager: 	at android.os.Parcel.createExceptionOrNull(Parcel.java:3040)
04-19 21:26:41.060  5263  5431 E GoogleApiManager: 	at android.os.Parcel.createException(Parcel.java:3024)
04-19 21:26:41.060  5263  5431 E GoogleApiManager: 	at android.os.Parcel.readException(Parcel.java:3007)
04-19 21:26:41.060  5263  5431 E GoogleApiManager: 	at android.os.Parcel.readException(Parcel.java:2949)
04-19 21:26:41.060  5263  5431 E GoogleApiManager: 	at bhwi.a(:com.google.android.gms@261332029@26.13.32 (190400-895912391):36)
04-19 21:26:41.060  5263  5431 E GoogleApiManager: 	at bhuj.z(:com.google.android.gms@261332029@26.13.32 (190400-895912391):143)
04-19 21:26:41.060  5263  5431 E GoogleApiManager: 	at bhai.run(:com.google.android.gms@261332029@26.13.32 (190400-895912391):42)
04-19 21:26:41.060  5263  5431 E GoogleApiManager: 	at android.os.Handler.handleCallback(Handler.java:942)
04-19 21:26:41.060  5263  5431 E GoogleApiManager: 	at android.os.Handler.dispatchMessage(Handler.java:99)
04-19 21:26:41.060  5263  5431 E GoogleApiManager: 	at cwhy.mD(:com.google.android.gms@261332029@26.13.32 (190400-895912391):1)
04-19 21:26:41.060  5263  5431 E GoogleApiManager: 	at cwhy.dispatchMessage(:com.google.android.gms@261332029@26.13.32 (190400-895912391):5)
04-19 21:26:41.060  5263  5431 E GoogleApiManager: 	at android.os.Looper.loopOnce(Looper.java:240)
04-19 21:26:41.060  5263  5431 E GoogleApiManager: 	at android.os.Looper.loop(Looper.java:351)
04-19 21:26:41.060  5263  5431 E GoogleApiManager: 	at android.os.HandlerThread.run(HandlerThread.java:67)
04-19 21:26:41.065  5263  5431 W GoogleApiManager: Not showing notification since connectionResult is not user-facing: ConnectionResult{statusCode=DEVELOPER_ERROR, resolution=null, message=null, clientMethodKey=null}
04-19 21:26:41.067  5263  5427 W FlagRegistrar: Failed to register com.google.android.gms.providerinstaller#com.google.android.gm
04-19 21:26:41.067  5263  5427 W FlagRegistrar: ggtk: 17: 17: API: Phenotype.API is not available on this device. Connection failed with: ConnectionResult{statusCode=DEVELOPER_ERROR, resolution=null, message=null, clientMethodKey=null}
04-19 21:26:41.067  5263  5427 W FlagRegistrar: 	at ggtm.a(:com.google.android.gms@261332029@26.13.32 (190400-895912391):13)
04-19 21:26:41.067  5263  5427 W FlagRegistrar: 	at hgjm.d(:com.google.android.gms@261332029@26.13.32 (190400-895912391):3)
04-19 21:26:41.067  5263  5427 W FlagRegistrar: 	at hgjo.run(:com.google.android.gms@261332029@26.13.32 (190400-895912391):130)
04-19 21:26:41.067  5263  5427 W FlagRegistrar: 	at hglx.execute(:com.google.android.gms@261332029@26.13.32 (190400-895912391):1)
04-19 21:26:41.067  5263  5427 W FlagRegistrar: 	at hgjw.f(:com.google.android.gms@261332029@26.13.32 (190400-895912391):1)
04-19 21:26:41.067  5263  5427 W FlagRegistrar: 	at hgjw.m(:com.google.android.gms@261332029@26.13.32 (190400-895912391):99)
04-19 21:26:41.067  5263  5427 W FlagRegistrar: 	at hgjw.r(:com.google.android.gms@261332029@26.13.32 (190400-895912391):17)
04-19 21:26:41.067  5263  5427 W FlagRegistrar: 	at fylt.hG(:com.google.android.gms@261332029@26.13.32 (190400-895912391):35)
04-19 21:26:41.067  5263  5427 W FlagRegistrar: 	at fkyr.run(:com.google.android.gms@261332029@26.13.32 (190400-895912391):12)
04-19 21:26:41.067  5263  5427 W FlagRegistrar: 	at hglx.execute(:com.google.android.gms@261332029@26.13.32 (190400-895912391):1)
04-19 21:26:41.067  5263  5427 W FlagRegistrar: 	at fkys.b(:com.google.android.gms@261332029@26.13.32 (190400-895912391):18)
04-19 21:26:41.067  5263  5427 W FlagRegistrar: 	at fkzh.b(:com.google.android.gms@261332029@26.13.32 (190400-895912391):34)
04-19 21:26:41.067  5263  5427 W FlagRegistrar: 	at fkzj.d(:com.google.android.gms@261332029@26.13.32 (190400-895912391):25)
04-19 21:26:41.067  5263  5427 W FlagRegistrar: 	at bgxr.c(:com.google.android.gms@261332029@26.13.32 (190400-895912391):9)
04-19 21:26:41.067  5263  5427 W FlagRegistrar: 	at bhag.q(:com.google.android.gms@261332029@26.13.32 (190400-895912391):48)
04-19 21:26:41.067  5263  5427 W FlagRegistrar: 	at bhag.d(:com.google.android.gms@261332029@26.13.32 (190400-895912391):10)
04-19 21:26:41.067  5263  5427 W FlagRegistrar: 	at bhag.g(:com.google.android.gms@261332029@26.13.32 (190400-895912391):191)
04-19 21:26:41.067  5263  5427 W FlagRegistrar: 	at bhag.onConnectionFailed(:com.google.android.gms@261332029@26.13.32 (190400-895912391):2)
04-19 21:26:41.067  5263  5427 W FlagRegistrar: 	at bhai.run(:com.google.android.gms@261332029@26.13.32 (190400-895912391):70)
04-19 21:26:41.067  5263  5427 W FlagRegistrar: 	at android.os.Handler.handleCallback(Handler.java:942)
04-19 21:26:41.067  5263  5427 W FlagRegistrar: 	at android.os.Handler.dispatchMessage(Handler.java:99)
04-19 21:26:41.067  5263  5427 W FlagRegistrar: 	at cwhy.mD(:com.google.android.gms@261332029@26.13.32 (190400-895912391):1)
04-19 21:26:41.067  5263  5427 W FlagRegistrar: 	at cwhy.dispatchMessage(:com.google.android.gms@261332029@26.13.32 (190400-895912391):5)
04-19 21:26:41.067  5263  5427 W FlagRegistrar: 	at android.os.Looper.loopOnce(Looper.java:240)
04-19 21:26:41.067  5263  5427 W FlagRegistrar: 	at android.os.Looper.loop(Looper.java:351)
04-19 21:26:41.067  5263  5427 W FlagRegistrar: 	at android.os.HandlerThread.run(HandlerThread.java:67)
04-19 21:26:41.067  5263  5427 W FlagRegistrar: Caused by: bgvy: 17: API: Phenotype.API is not available on this device. Connection failed with: ConnectionResult{statusCode=DEVELOPER_ERROR, resolution=null, message=null, clientMethodKey=null}
04-19 21:26:41.067  5263  5427 W FlagRegistrar: 	at bhtv.a(:com.google.android.gms@261332029@26.13.32 (190400-895912391):15)
04-19 21:26:41.067  5263  5427 W FlagRegistrar: 	at bgxu.a(:com.google.android.gms@261332029@26.13.32 (190400-895912391):1)
04-19 21:26:41.067  5263  5427 W FlagRegistrar: 	at bgxr.c(:com.google.android.gms@261332029@26.13.32 (190400-895912391):5)
04-19 21:26:41.067  5263  5427 W FlagRegistrar: 	... 12 more
04-19 21:26:41.072  5263  5418 I ProviderInstaller: Installed default security provider GmsCore_OpenSSL
04-19 21:26:41.073  5377  5422 D CompatibilityChangeReporter: Compat change id reported: 160794467; UID 10172; state: ENABLED
04-19 21:26:41.086  5263  5438 D HttpFlagsLoader: Found application exporting HTTP flags: com.google.android.gms
04-19 21:26:41.086  5263  5438 D HttpFlagsLoader: HTTP flags file path: /data/user_de/0/com.google.android.gms/app_httpflags/flags.binarypb
04-19 21:26:41.092  5263  5438 I HttpFlagsLoader: HTTP flags log line (Impl): Using live production flag values from Google
04-19 21:26:41.094  5263  5418 I cn_CronetLibraryLoader: Cronet version: 144.0.7500.8, arch: aarch64
04-19 21:26:41.101  2206  3948 D ConnectivityService: requestNetwork for uid/pid:10230/5263 activeRequest: null callbackRequest: 2037 [NetworkRequest [ REQUEST id=2038, [ Capabilities: INTERNET&NOT_RESTRICTED&TRUSTED&NOT_VCN_MANAGED Uid: 10230 RequestorUid: 10230 RequestorPkg: com.google.android.gm UnderlyingNetworks: Null] ]] callback flags: 0 order: 2147483647 isUidTracked: false declaredMethods: AVAIL|LOST|NC|LP
04-19 21:26:41.104  3687  4258 I Athena  : CommonAction: 22,2685,113,4040,5631,29,327,360,2056,2785,824,1684,9.226129,22
04-19 21:26:41.109  2206  2965 D WifiNetworkFactory: got request NetworkRequest [ REQUEST id=2038, [ Capabilities: INTERNET&NOT_RESTRICTED&TRUSTED&NOT_VCN_MANAGED Uid: 10230 RequestorUid: 10230 RequestorPkg: com.google.android.gm UnderlyingNetworks: Null] ]
04-19 21:26:41.109  2206  2965 D UntrustedWifiNetworkFactory: got request NetworkRequest [ REQUEST id=2038, [ Capabilities: INTERNET&NOT_RESTRICTED&TRUSTED&NOT_VCN_MANAGED Uid: 10230 RequestorUid: 10230 RequestorPkg: com.google.android.gm UnderlyingNetworks: Null] ]
04-19 21:26:41.109  2206  2965 D OemPaidWifiNetworkFactory: got request NetworkRequest [ REQUEST id=2038, [ Capabilities: INTERNET&NOT_RESTRICTED&TRUSTED&NOT_VCN_MANAGED Uid: 10230 RequestorUid: 10230 RequestorPkg: com.google.android.gm UnderlyingNetworks: Null] ]
04-19 21:26:41.110  2206  2965 D MultiInternetWifiNetworkFactory: got request NetworkRequest [ REQUEST id=2038, [ Capabilities: INTERNET&NOT_RESTRICTED&TRUSTED&NOT_VCN_MANAGED Uid: 10230 RequestorUid: 10230 RequestorPkg: com.google.android.gm UnderlyingNetworks: Null] ]
04-19 21:26:41.110  2206  3005 D ConnectivityService: NetReassign [2038 : null → 102] [c 1] [a 0] [i 3]
04-19 21:26:41.116  2206  4420 D CompatibilityChangeReporter: Compat change id reported: 319212206; UID 10230; state: ENABLED
04-19 21:26:41.120  2206  3005 D ConnectivityService: NetReassign [no changes] [c 1] [a 0] [i 3]
04-19 21:26:41.176  3744  3795 D NetworkEvent: OplusNetworkEventCbProxy invoke.....onDnsEvent argslen:8
04-19 21:26:41.179  3744  3795 D NetworkEvent: OplusNetworkEventCbProxy invoke.....onDnsEvent argslen:8
04-19 21:26:41.188  2206  3948 W PackageManager: package unknown uid 10172 pid 5377 call SetEnabledSetting(com.facebook.appmanager component = com.facebook.oxygen.appmanager.helium.trampoline.HeliumSandboxedService, 1, 0)
04-19 21:26:41.198  2206  3948 W PackageManager: package unknown uid 10172 pid 5377 call SetEnabledSetting(com.facebook.appmanager component = com.facebook.oxygen.appmanager.helium.trampoline.HeliumSandboxedService0, 1, 0)
04-19 21:26:41.205  2206  3948 W PackageManager: package unknown uid 10172 pid 5377 call SetEnabledSetting(com.facebook.appmanager component = com.facebook.oxygen.appmanager.helium.trampoline.HeliumSandboxedService1, 1, 0)
04-19 21:26:41.209  3744  3795 D NetworkEvent: OplusNetworkEventCbProxy invoke.....onDnsEvent argslen:8
04-19 21:26:41.262  5377  5424 D CompatibilityChangeReporter: Compat change id reported: 147600208; UID 10172; state: ENABLED
04-19 21:26:41.277  2206  7958 W PackageManager: package unknown uid 10172 pid 5377 call SetEnabledSetting(com.facebook.appmanager component = com.facebook.oxygen.appmanager.webinstall.WebInstallAppLinkActivityV2, 1, 0)
04-19 21:26:41.283  2206  2233 W PackageManager: package unknown uid 10172 pid 5377 call SetEnabledSetting(com.facebook.appmanager component = com.facebook.oxygen.appmanager.webinstall.WebInstallAppLinkActivityV2, 1, 0)
04-19 21:26:41.287  2206  2233 W PackageManager: package unknown uid 10172 pid 5377 call SetEnabledSetting(com.facebook.appmanager component = com.facebook.oxygen.appmanager.webinstall.WebInstallAppLinkIgliteActivity, 1, 0)
04-19 21:26:41.294  2206  4330 W PackageManager: package unknown uid 10172 pid 5377 call SetEnabledSetting(com.facebook.appmanager component = com.facebook.oxygen.appmanager.webinstall.WebInstallAppLinkWhatsAppActivity, 2, 0)
04-19 21:26:41.296  2206  2233 W PackageManager: package unknown uid 10172 pid 5377 call SetEnabledSetting(com.facebook.appmanager component = com.facebook.oxygen.appmanager.webinstall.WebInstallAppLinkVibesActivity, 1, 0)
04-19 21:26:41.317  2206  2233 W PackageManager: package unknown uid 10172 pid 5377 call SetEnabledSetting(com.facebook.appmanager component = com.facebook.oxygen.appmanager.webinstall.WebInstallAppLinkVibesActivity, 2, 0)
04-19 21:26:41.318  5263  5263 W ankr    : Canceled query for the previous account.
04-19 21:26:41.319  2206  7958 W PackageManager: package unknown uid 10230 pid 5263 call SetEnabledSetting(com.google.android.gm component = com.google.android.apps.dynamite.features.hub.navigation.PeopleActivity, 1, 0)
04-19 21:26:41.319  2206  2233 W PackageManager: package unknown uid 10230 pid 5263 call SetEnabledSetting(com.google.android.gm component = com.google.android.apps.dynamite.features.hub.navigation.PeopleActivity, 1, 0)
04-19 21:26:41.319  2206  4420 W PackageManager: package unknown uid 10230 pid 5263 call SetEnabledSetting(com.google.android.gm component = com.google.android.apps.dynamite.features.hub.navigation.RoomsActivity, 1, 0)
04-19 21:26:41.319  2206  7958 W PackageManager: package unknown uid 10230 pid 5263 call SetEnabledSetting(com.google.android.gm component = com.google.android.apps.dynamite.features.hub.navigation.RoomsActivity, 1, 0)
04-19 21:26:41.320  2206  4330 W PackageManager: package unknown uid 10230 pid 5263 call SetEnabledSetting(com.google.android.gm component = com.google.android.apps.dynamite.services.notification.NotificationService, 1, 0)
04-19 21:26:41.320  2206  5466 W PackageManager: package unknown uid 10230 pid 5263 call SetEnabledSetting(com.google.android.gm component = com.google.android.apps.dynamite.services.notification.NotificationService, 1, 0)
04-19 21:26:41.320  2206  7958 W PackageManager: package unknown uid 10230 pid 5263 call SetEnabledSetting(com.google.android.gm component = com.google.android.apps.dynamite.DynamiteDeepLinkMultiple, 1, 0)
04-19 21:26:41.320  2206  2233 W PackageManager: package unknown uid 10230 pid 5263 call SetEnabledSetting(com.google.android.gm component = com.google.android.apps.dynamite.DynamiteDeepLinkMultiple, 1, 0)
04-19 21:26:41.320  2206  5466 W PackageManager: package unknown uid 10230 pid 5263 call SetEnabledSetting(com.google.android.gm component = com.google.android.libraries.communications.conference.ui.callui.SingleCallActivity, 1, 0)
04-19 21:26:41.321  2206  4330 W PackageManager: package unknown uid 10230 pid 5263 call SetEnabledSetting(com.google.android.gm component = com.google.android.libraries.communications.conference.ui.callui.chat.ChatActivity, 1, 0)
04-19 21:26:41.321  2206  7958 W PackageManager: package unknown uid 10230 pid 5263 call SetEnabledSetting(com.google.android.gm component = com.google.android.libraries.communications.conference.ui.intents.ChitChatGatewayActivity, 1, 0)
04-19 21:26:41.321  2206  4420 W PackageManager: package unknown uid 10230 pid 5263 call SetEnabledSetting(com.google.android.gm component = com.google.android.libraries.communications.conference.ui.callui.SingleCallActivity, 1, 0)
04-19 21:26:41.321  2206  4330 W PackageManager: package unknown uid 10230 pid 5263 call SetEnabledSetting(com.google.android.gm component = com.google.android.libraries.communications.conference.ui.greenroom.GreenroomActivity, 1, 0)
04-19 21:26:41.321  2206  3948 W PackageManager: package unknown uid 10230 pid 5263 call SetEnabledSetting(com.google.android.gm component = com.google.android.libraries.communications.conference.ui.callui.chat.ChatActivity, 1, 0)
04-19 21:26:41.321  2206  5466 W PackageManager: package unknown uid 10230 pid 5263 call SetEnabledSetting(com.google.android.gm component = com.google.android.libraries.communications.conference.ui.largescreen.HomeActivity, 1, 0)
04-19 21:26:41.322  2206  7958 W PackageManager: package unknown uid 10230 pid 5263 call SetEnabledSetting(com.google.android.gm component = com.google.android.libraries.communications.conference.ui.intents.ChitChatGatewayActivity, 1, 0)
04-19 21:26:41.322  2206  5466 W PackageManager: package unknown uid 10230 pid 5263 call SetEnabledSetting(com.google.android.gm component = com.google.android.libraries.communications.conference.ui.intents.LivestreamHandlerActivity, 1, 0)
04-19 21:26:41.322  2206  3948 W PackageManager: package unknown uid 10172 pid 5377 call SetEnabledSetting(com.facebook.appmanager component = com.facebook.oxygen.appmanager.webinstall.WebInstallAppLinkFbliteActivity, 1, 0)
04-19 21:26:41.322  2206  2975 W PackageManager: package unknown uid 10230 pid 5263 call SetEnabledSetting(com.google.android.gm component = com.google.android.libraries.communications.conference.ui.greenroom.GreenroomActivity, 1, 0)
04-19 21:26:41.322  2206  3948 W PackageManager: package unknown uid 10230 pid 5263 call SetEnabledSetting(com.google.android.gm component = com.google.android.libraries.communications.conference.ui.intents.ConferenceUrlHandlerActivity, 1, 0)
04-19 21:26:41.322  2206  2975 W PackageManager: package unknown uid 10230 pid 5263 call SetEnabledSetting(com.google.android.gm component = com.google.android.libraries.communications.conference.ui.largescreen.HomeActivity, 1, 0)
04-19 21:26:41.322  2206  4330 W PackageManager: package unknown uid 10230 pid 5263 call SetEnabledSetting(com.google.android.gm component = com.google.android.libraries.communications.conference.ui.intents.TransferCallHandlerActivity, 1, 0)
04-19 21:26:41.323  2206  2975 W PackageManager: package unknown uid 10230 pid 5263 call SetEnabledSetting(com.google.android.gm component = com.google.android.libraries.communications.conference.ui.intents.LivestreamHandlerActivity, 1, 0)
04-19 21:26:41.323  2206  5466 W PackageManager: package unknown uid 10230 pid 5263 call SetEnabledSetting(com.google.android.gm component = com.google.android.libraries.communications.conference.ui.intents.ConferenceGatewayActivity, 1, 0)
04-19 21:26:41.323  2206  3948 W PackageManager: package unknown uid 10230 pid 5263 call SetEnabledSetting(com.google.android.gm component = com.google.android.libraries.communications.conference.ui.intents.ConferenceUrlHandlerActivity, 1, 0)
04-19 21:26:41.323  2206  4330 W PackageManager: package unknown uid 10230 pid 5263 call SetEnabledSetting(com.google.android.gm component = com.google.android.libraries.communications.conference.ui.intents.AssistantNewUrlHandlerActivity, 1, 0)
04-19 21:26:41.323  2206  2975 W PackageManager: package unknown uid 10230 pid 5263 call SetEnabledSetting(com.google.android.gm component = com.google.android.libraries.communications.conference.ui.intents.TransferCallHandlerActivity, 1, 0)
04-19 21:26:41.323  2206  3716 W PackageManager: package unknown uid 10230 pid 5263 call SetEnabledSetting(com.google.android.gm component = com.google.android.libraries.communications.conference.ui.settings.SettingsActivity, 1, 0)
04-19 21:26:41.323  2206  4879 W PackageManager: package unknown uid 10230 pid 5263 call SetEnabledSetting(com.google.android.gm component = com.google.android.libraries.communications.conference.ui.intents.ConferenceGatewayActivity, 1, 0)
04-19 21:26:41.324  2206  4879 W PackageManager: package unknown uid 10230 pid 5263 call SetEnabledSetting(com.google.android.gm component = com.google.android.libraries.communications.conference.ui.intents.AssistantNewUrlHandlerActivity, 1, 0)
04-19 21:26:41.324  2206  2975 W PackageManager: package unknown uid 10230 pid 5263 call SetEnabledSetting(com.google.android.gm component = com.google.android.libraries.communications.conference.ui.settings.SettingsActivity, 1, 0)
04-19 21:26:41.330  2206  4373 W PackageManager: package unknown uid 10172 pid 5377 call SetEnabledSetting(com.facebook.appmanager component = com.facebook.oxygen.appmanager.webinstall.WebInstallAppLinkFB4AActivity, 1, 0)
04-19 21:26:41.338  2206  4373 W PackageManager: package unknown uid 10172 pid 5377 call SetEnabledSetting(com.facebook.appmanager component = com.facebook.oxygen.appmanager.webinstall.WebInstallAppLinkMetaAIActivity, 1, 0)
04-19 21:26:41.354  2206  4373 W PackageManager: package unknown uid 10172 pid 5377 call SetEnabledSetting(com.facebook.appmanager component = com.facebook.oxygen.appmanager.webinstall.WebInstallAppLinkMetaAIActivity, 2, 0)
04-19 21:26:41.358  2206  4373 W PackageManager: package unknown uid 10172 pid 5377 call SetEnabledSetting(com.facebook.appmanager component = com.facebook.oxygen.appmanager.webinstall.WebInstallAppLinkInstagramActivity, 1, 0)
04-19 21:26:41.368  2206  3948 W PackageManager: package unknown uid 10172 pid 5377 call SetEnabledSetting(com.facebook.appmanager component = com.facebook.oxygen.appmanager.webinstall.WebInstallAppLinkThreadsActivity, 1, 0)
04-19 21:26:41.375  2206  3948 W PackageManager: package unknown uid 10172 pid 5377 call SetEnabledSetting(com.facebook.appmanager component = com.facebook.oxygen.appmanager.webinstall.WebInstallAppLinkManusActivity, 1, 0)
04-19 21:26:41.380  2206  3948 W PackageManager: package unknown uid 10172 pid 5377 call SetEnabledSetting(com.facebook.appmanager component = com.facebook.oxygen.appmanager.webinstall.WebInstallAppLinkMessengerActivity, 2, 0)
04-19 21:26:41.382  2206  3948 W PackageManager: package unknown uid 10172 pid 5377 call SetEnabledSetting(com.facebook.appmanager component = com.facebook.oxygen.appmanager.webinstall.WebInstallAppLinkIgliteLoggedOutActivity, 1, 0)
04-19 21:26:41.388  2206  3948 W PackageManager: package unknown uid 10172 pid 5377 call SetEnabledSetting(com.facebook.appmanager component = com.facebook.oxygen.appmanager.webinstall.WebInstallAppLinkWhatsAppLoggedOutActivity, 2, 0)
04-19 21:26:41.390  2206  3948 W PackageManager: package unknown uid 10172 pid 5377 call SetEnabledSetting(com.facebook.appmanager component = com.facebook.oxygen.appmanager.webinstall.WebInstallAppLinkVibesLoggedOutActivity, 1, 0)
04-19 21:26:41.402  2206  4420 W PackageManager: package unknown uid 10172 pid 5377 call SetEnabledSetting(com.facebook.appmanager component = com.facebook.oxygen.appmanager.webinstall.WebInstallAppLinkVibesLoggedOutActivity, 2, 0)
04-19 21:26:41.408  2206  4420 W PackageManager: package unknown uid 10172 pid 5377 call SetEnabledSetting(com.facebook.appmanager component = com.facebook.oxygen.appmanager.webinstall.WebInstallAppLinkFbliteLoggedOutActivity, 1, 0)
04-19 21:26:41.417  2206  3948 W PackageManager: package unknown uid 10172 pid 5377 call SetEnabledSetting(com.facebook.appmanager component = com.facebook.oxygen.appmanager.webinstall.WebInstallAppLinkFB4ALoggedOutActivity, 1, 0)
04-19 21:26:41.424  2206  3948 W PackageManager: package unknown uid 10172 pid 5377 call SetEnabledSetting(com.facebook.appmanager component = com.facebook.oxygen.appmanager.webinstall.WebInstallAppLinkMetaAILoggedOutActivity, 1, 0)
04-19 21:26:41.438  2206  2233 W PackageManager: package unknown uid 10172 pid 5377 call SetEnabledSetting(com.facebook.appmanager component = com.facebook.oxygen.appmanager.webinstall.WebInstallAppLinkMetaAILoggedOutActivity, 2, 0)
04-19 21:26:41.443  2206  3948 W PackageManager: package unknown uid 10172 pid 5377 call SetEnabledSetting(com.facebook.appmanager component = com.facebook.oxygen.appmanager.webinstall.WebInstallAppLinkInstagramLoggedOutActivity, 1, 0)
04-19 21:26:41.453  2206  3948 W PackageManager: package unknown uid 10172 pid 5377 call SetEnabledSetting(com.facebook.appmanager component = com.facebook.oxygen.appmanager.webinstall.WebInstallAppLinkThreadsLoggedOutActivity, 1, 0)
04-19 21:26:41.460  2206  3948 W PackageManager: package unknown uid 10172 pid 5377 call SetEnabledSetting(com.facebook.appmanager component = com.facebook.oxygen.appmanager.webinstall.WebInstallAppLinkManusLoggedOutActivity, 1, 0)
04-19 21:26:41.465  2206  3948 W PackageManager: package unknown uid 10172 pid 5377 call SetEnabledSetting(com.facebook.appmanager component = com.facebook.oxygen.appmanager.webinstall.WebInstallAppLinkMessengerLoggedOutActivity, 2, 0)
04-19 21:26:41.466  2206  3948 W PackageManager: package unknown uid 10172 pid 5377 call SetEnabledSetting(com.facebook.appmanager component = com.facebook.oxygen.appmanager.webinstall.WebInstallAppLinkIgliteRestrictedActivity, 2, 0)
04-19 21:26:41.467  2206  3948 W PackageManager: package unknown uid 10172 pid 5377 call SetEnabledSetting(com.facebook.appmanager component = com.facebook.oxygen.appmanager.webinstall.WebInstallAppLinkWhatsAppRestrictedActivity, 2, 0)
04-19 21:26:41.468  2206  3948 W PackageManager: package unknown uid 10172 pid 5377 call SetEnabledSetting(com.facebook.appmanager component = com.facebook.oxygen.appmanager.webinstall.WebInstallAppLinkVibesRestrictedActivity, 2, 0)
04-19 21:26:41.469  2206  3948 W PackageManager: package unknown uid 10172 pid 5377 call SetEnabledSetting(com.facebook.appmanager component = com.facebook.oxygen.appmanager.webinstall.WebInstallAppLinkFbliteRestrictedActivity, 2, 0)
04-19 21:26:41.470  2206  3948 W PackageManager: package unknown uid 10172 pid 5377 call SetEnabledSetting(com.facebook.appmanager component = com.facebook.oxygen.appmanager.webinstall.WebInstallAppLinkFB4ARestrictedActivity, 2, 0)
04-19 21:26:41.470  2206  3948 W PackageManager: package unknown uid 10172 pid 5377 call SetEnabledSetting(com.facebook.appmanager component = com.facebook.oxygen.appmanager.webinstall.WebInstallAppLinkMetaAIRestrictedActivity, 2, 0)
04-19 21:26:41.471  2206  3948 W PackageManager: package unknown uid 10172 pid 5377 call SetEnabledSetting(com.facebook.appmanager component = com.facebook.oxygen.appmanager.webinstall.WebInstallAppLinkInstagramRestrictedActivity, 2, 0)
04-19 21:26:41.472  2206  3948 W PackageManager: package unknown uid 10172 pid 5377 call SetEnabledSetting(com.facebook.appmanager component = com.facebook.oxygen.appmanager.webinstall.WebInstallAppLinkThreadsRestrictedActivity, 2, 0)
04-19 21:26:41.473  2206  3948 W PackageManager: package unknown uid 10172 pid 5377 call SetEnabledSetting(com.facebook.appmanager component = com.facebook.oxygen.appmanager.webinstall.WebInstallAppLinkManusRestrictedActivity, 2, 0)
04-19 21:26:41.474  2206  3948 W PackageManager: package unknown uid 10172 pid 5377 call SetEnabledSetting(com.facebook.appmanager component = com.facebook.oxygen.appmanager.webinstall.WebInstallAppLinkMessengerRestrictedActivity, 2, 0)
04-19 21:26:41.475  2206  3948 W PackageManager: package unknown uid 10172 pid 5377 call SetEnabledSetting(com.facebook.appmanager component = com.facebook.oxygen.appmanager.modules.api.ModulesApiProvider, 1, 0)
04-19 21:26:41.476  2206  3948 W PackageManager: package unknown uid 10172 pid 5377 call SetEnabledSetting(com.facebook.appmanager component = com.facebook.oxygen.appmanager.firstparty.tos.ShouldAcceptTos, 2, 0)
04-19 21:26:41.476  2206  3948 W PackageManager: package unknown uid 10172 pid 5377 call SetEnabledSetting(com.facebook.appmanager component = com.facebook.oxygen.appmanager.firstparty.tos.ShouldShowTos, 2, 0)
04-19 21:26:41.477  2206  3948 W PackageManager: package unknown uid 10172 pid 5377 call SetEnabledSetting(com.facebook.appmanager component = com.facebook.oxygen.appmanager.firstparty.tos.ShouldShowExplicitTos, 2, 0)
04-19 21:26:41.489  2206  2233 I ActivityManager: com.facebook.system is exempt from freezer
04-19 21:26:41.489  2206  2233 D CompatibilityChangeReporter: Compat change id reported: 135634846; UID 10153; state: DISABLED
04-19 21:26:41.490  2206  2233 D CompatibilityChangeReporter: Compat change id reported: 177438394; UID 10153; state: DISABLED
04-19 21:26:41.490  2206  2233 D CompatibilityChangeReporter: Compat change id reported: 135772972; UID 10153; state: DISABLED
04-19 21:26:41.490  2206  2233 D CompatibilityChangeReporter: Compat change id reported: 135754954; UID 10153; state: ENABLED
04-19 21:26:41.490  2206  2282 D CompatibilityChangeReporter: Compat change id reported: 143937733; UID 10153; state: ENABLED
04-19 21:26:41.510  1029  1029 D Zygote  : Forked child process 5487
04-19 21:26:41.513  2206  2282 I ActivityManager: Start proc 5487:com.facebook.system/u0a153 for content provider {com.facebook.system/com.facebook.oxygen.installer.api.AppManagerApiProvider}
04-19 21:26:41.513  2206  2282 D OplusUIFirst_FB: com.facebook.system proc start: 10153 5487 false com.facebook.system
04-19 21:26:41.513  2206  2282 D OplusUIFirst_FB: com.facebook.system start process: []
04-19 21:26:41.513  2206  2282 D OplusUIFirst_FB: List of ThreadOp: size=0 []
04-19 21:26:41.537  5487  5487 E facebook.system: Unknown bits set in runtime_flags: 0x40000000
04-19 21:26:41.538  5487  5487 I facebook.system: Using CollectorTypeCC GC.
04-19 21:26:41.544  5487  5487 D nativeloader: Load libframework-connectivity-tiramisu-jni.so using APEX ns com_android_tethering for caller /apex/com.android.tethering/javalib/framework-connectivity-t.jar: ok
04-19 21:26:41.546  5487  5487 W libc    : Access denied finding property "persist.vendor.sys.activitylog"
04-19 21:26:41.547  5487  5487 I OneTrace: Mark active for pid=5487? true
04-19 21:26:41.547  5487  5487 D cutils-dev: otrace_set_tracing_enabled? true
04-19 21:26:41.554  2206  4420 D CompatibilityChangeReporter: Compat change id reported: 168419799; UID 10153; state: DISABLED
04-19 21:26:41.555  5487  5504 D cutils-dev: properties changed in otrace_seq_number_changed!
04-19 21:26:41.562  5487  5487 D CompatibilityChangeReporter: Compat change id reported: 171979766; UID 10153; state: ENABLED
04-19 21:26:41.562  5487  5487 I oplus.android.OplusFrameworkFactoryImpl: get feature:IOplusAutoResolutionFeature
04-19 21:26:41.562  5487  5487 I oplus.android.OplusFrameworkFactoryImpl: getOplusAutoResolutionFeature
04-19 21:26:41.576  5487  5487 I OplusFeatureCache: Milliseconds spent on init(): 14
04-19 21:26:41.577  5487  5487 D CompactWindowAppManager: initCompactApplicationInfo CompactMode: , NormalMode: 
04-19 21:26:41.582  5487  5487 D OplusViewDebugManager: for com.facebook.system, enable view debug
04-19 21:26:41.589  5487  5487 W libc    : Access denied finding property "ro.odm.prev.product.name"
