04-19 21:24:29.166  4906  4944 I Finsky  : [4310] SysUA: Set SystemUpdateActivity enabled state to 1
04-19 21:24:29.183  4906  4927 I Finsky  : [4294] Finished reading experiment flags from file [8NwpAckB4zaWAGysaNp0tpGzxRLSN0VXnXwm_Z9eFn8] numFlags=2001.
04-19 21:24:29.191  4906  4927 I Finsky  : [4294] Finished reading experiment flags from file [2uGwj9eQQ_UNoDRK7ht9x5kwNtiVyaH9CzN8oWK6PBQ] numFlags=2001.
04-19 21:24:29.197  4906  4927 I Finsky  : [4294] Finished reading experiment flags from file [6WQKoZCfU0GVCKzmUpbMT6Dv2L-ZbCCpc37uDkeXk4c] numFlags=2001.
04-19 21:24:29.203  4906  4927 I Finsky  : [4294] Finished reading experiment flags from file [UiEAd4NS1wy8GQ-Xm2X9qX31iW2f2eybjXmfMVNYiUo] numFlags=1330.
04-19 21:24:29.208  4906  4927 I Finsky  : [4294] Finished reading experiment flags from file [Z9_dsHa-5vv_jugJswTfFJBJTmDBmxw58NxHOhV0Sh8] numFlags=1716.
04-19 21:24:29.215  4906  4927 I Finsky  : [4294] Finished reading experiment flags from file [LP7isMLossfob1hmJeV1DfnhNaFOFzAWxjFbL3O6s64] numFlags=2001.
04-19 21:24:29.222  4906  4927 I Finsky  : [4294] Finished reading experiment flags from file [60ouzEQ_p7TL70XLza34Txk9OHGS_4M4B29FjD6VQ7c] numFlags=2001.
04-19 21:24:29.228  4906  4927 I Finsky  : [4294] Finished reading experiment flags from file [wb-bAyVFE02x44pbqeImTNOKLRNgJVX6KLI3ZwiMPcM] numFlags=2001.
04-19 21:24:29.234  4906  4927 I Finsky  : [4294] Finished reading experiment flags from file [aYclmif3bgrFPmn0y9K5lg-VmSSzbbbRVcCMWvIFSlQ] numFlags=1716.
04-19 21:24:29.240  4906  4927 I Finsky  : [4294] Finished reading experiment flags from file [R10xCvzDJ8GLtjt0DjTalronKRTAAcf8A4EPLPUbe1M] numFlags=2001.
04-19 21:24:29.247  4906  4927 I Finsky  : [4294] Finished reading experiment flags from file [tnVfQP7C7X9z7Y0rgiNtz481K_HPdMTa8GckOgk2H08] numFlags=2001.
04-19 21:24:29.253  4906  4927 I Finsky  : [4294] Finished reading experiment flags from file [JRYqNf2jSLLpis8BQN2COtA2jsEaqcjDHihW9RdjL0Y] numFlags=2001.
04-19 21:24:29.254  2206  7958 W PackageManager: package unknown uid 10204 pid 4906 call SetEnabledSetting(com.android.vending component = com.google.android.finsky.activities.DebugActivity, 2, 0)
04-19 21:24:29.255  2206  4879 W PackageManager: package unknown uid 10204 pid 4906 call SetEnabledSetting(com.android.vending component = com.google.android.finsky.systemcomponentupdateui.common.SystemComponentUpdateActivity, 0, 0)
04-19 21:24:29.255  4906  4928 I Finsky  : [4295] VerifyApps: Setup app restrictions monitor
04-19 21:24:29.255  4906  4942 I Finsky  : [4308] SysCUA: Set {com.android.vending/com.google.android.finsky.systemcomponentupdateui.common.SystemComponentUpdateActivity} enabled state to 0
04-19 21:24:29.259  4906  4928 I Finsky  : [4295] VerifyApps: Device wide unknown source restriction updated
04-19 21:24:29.273  4906  4926 I Finsky  : [4293] RECEIVER_SINGLE_USER_SETTINGS#logWorkEndAndFinishGoAsync: SUCCESS
04-19 21:24:29.275  4906  4929 I Finsky  : [4296] Enqueuing libraries load for 2050620757
04-19 21:24:29.275  4906  4940 I Finsky  : [4306] Starting libraries load for 2050620757
04-19 21:24:29.379  4906  4940 I Finsky  : [4306] Loaded library for account: [Eo8BPOvbeOGZw8unnPrNOP8lRDaznDE9A8W3ZyiA0ko]
04-19 21:24:29.380  4906  4940 I Finsky  : [4306] Loaded library for account: [FUH0ZZ1V_6e5ffAjaacsQ1ruGqy93Q4Hlo1nAU3V0Gs]
04-19 21:24:29.380  4906  4940 I Finsky  : [4306] Loaded library for account: [vF8swTrtSl89mkoMsIQG0QK7gOSDrzhhS5OsPudYXFI]
04-19 21:24:29.380  4906  4940 I Finsky  : [4306] Loaded library for account: [3u-tvRCXgdjPq_KVVN6eKnQHYRkU80HU4jxhMzisVn8]
04-19 21:24:29.380  4906  4940 I Finsky  : [4306] Loaded library for account: [T28qQHiO-m_YsZqMT-pUuHIdRuCx7zgEkkprkSYgey4]
04-19 21:24:29.380  4906  4940 I Finsky  : [4306] Loaded library for account: [u6yQe0jnZl3YSMJoMhjLy-FWTtjALSRgGhoHyPcne0s]
04-19 21:24:29.380  4906  4940 I Finsky  : [4306] Loaded library for account: [grPCPcrgoDUiJUahKlkm2_NaQOUy0EYfUQSS0HDOfv4]
04-19 21:24:29.380  4906  4940 I Finsky  : [4306] Loaded library for account: [OJz4vCdJrJErCMyziOXf5KsBRVlHrWuPg3g7Ti_UQPU]
04-19 21:24:29.380  4906  4940 I Finsky  : [4306] Loaded library for account: [GUo3I1YzKLvRjp8SRSwkQ1DoVVL3u-VMChVIXFzIubQ]
04-19 21:24:29.380  4906  4940 I Finsky  : [4306] Loaded library for account: [0kF5A__CywX-oamXN17-cWrcNI-rvULOwfY4ah6OWFU]
04-19 21:24:29.380  4906  4940 I Finsky  : [4306] Loaded library for account: [n6Ol5T0g06WKuEKJuG_Dl87Ah3tQg2FosdyV_USSYKk]
04-19 21:24:29.380  4906  4940 I Finsky  : [4306] Loaded library for account: [Kxd6NdywnSyIpZ_4dwCPlV1_Fu4FI2Bl5TH_n7gNY8U]
04-19 21:24:29.381  4906  4940 I Finsky  : [4306] Loaded library for account: [iEdU3Nurj-pIurIBCDXrtCmDTaxOWOfcsJUsAeeQ3Hc]
04-19 21:24:29.381  4906  4940 I Finsky  : [4306] Loaded library for account: [MRK2LJulcYgP4Pd8TSelZ-fPncybbEKM8B1xen0Yq1s]
04-19 21:24:29.381  4906  4940 I Finsky  : [4306] Finished loading 14 libraries.
04-19 21:24:29.719  3744  3795 D NetworkEvent: OplusNetworkEventCbProxy invoke.....onDnsEvent argslen:8
04-19 21:24:29.814  5629 30566 D IHansComunication: HANS sendMessageToKernel: threadId = 528677321904, netLinkSetup = 1, type = FROZEN_TRANS, targetUid = 10214, pkgCmd = PKG_CMD_MAX
04-19 21:24:29.827  5629 30566 D IHansComunication: HANS sendMessageToKernel: threadId = 528677321904, netLinkSetup = 1, type = FROZEN_TRANS, targetUid = 10052, pkgCmd = PKG_CMD_MAX
04-19 21:24:30.437  2206  3578 I OplusHansManager : uid=10052, pkg=cloud.vitalpbx.connect can transition from M to F
04-19 21:24:30.437  2206  3578 I OplusHansManager : uid=10052, pkg=cloud.vitalpbx.connect F enter(), M stay=1
04-19 21:24:30.446  2206  3578 I OplusHansManager : freeze uid: 10052 cloud.vitalpbx.connect pids: [5807, 7123] IsolatedUid: [99033] scene: LcdOff
04-19 21:24:30.449  5629 30566 D IHansComunication: HansComunication::addUid-- 10052, persistent--0
04-19 21:24:30.449  5629 30566 D IHansComunication: HANS sendMessageToKernel: threadId = 528677321904, netLinkSetup = 1, type = PKG, targetUid = 10052, pkgCmd = ADD_ONE_UID
04-19 21:24:31.450  5629 30566 D IHansComunication: HANS sendMessageToKernel: threadId = 528677321904, netLinkSetup = 1, type = FROZEN_TRANS, targetUid = 10052, pkgCmd = PKG_CMD_MAX
04-19 21:24:31.955  8519  8519 D DataCollector_DeepThinkerRegisterRetryUtil: Retry to register deepthinker.
04-19 21:24:31.956  8519 11685 D DataCollector_JikeSubwayAwarenessAdapter: onRetryRegister
04-19 21:24:31.957  8519  4970 I DeepThinkerSDK: [APP] ClientConnection: getDeepThinkerBridge start
04-19 21:24:31.957  8519  4970 I DeepThinkerSDK: [APP] ClientConnection: getDeepThinkerBridge end
04-19 21:24:31.957  8519  4970 D DataCollector_DeepThinkerWrapper: getDeepThinkerBridge com.oplus.deepthinker.platform.server.IDeepThinkerBridge$Stub$Proxy@95529d4
04-19 21:24:31.966  8519  4970 I DeepThinkerSDK: [APP] ClientConnection: getDeepThinkerBridge start
04-19 21:24:31.966  8519  4970 I DeepThinkerSDK: [APP] ClientConnection: getDeepThinkerBridge end
04-19 21:24:31.966  8519  4970 D DataCollector_DeepThinkerWrapper: getDeepThinkerBridge com.oplus.deepthinker.platform.server.IDeepThinkerBridge$Stub$Proxy@95529d4
04-19 21:24:31.967  8519  4970 D DataCollector_JikeSubwayAwarenessAdapter: registerEnter:16 == registerExit16 ==registerCount:320
04-19 21:24:32.477  7662  8493 D ScreenStatusProducer: Current queue status: isIdle = true, isPolling = true
04-19 21:24:32.862  1028  5640 E TetherController: property_get sys.radio.data.modem_share_flag return 0, 1!
04-19 21:24:33.055  1028  5640 E netd    : dispachCmd:oplusGetRtt
04-19 21:24:33.055  1028  5640 E netd    : handleGetRttCmd: netId = 102, uid = 10551
04-19 21:24:33.057  1028  5640 E netd    : dispachCmd cmd:oplusGetRtt  result:0
04-19 21:24:33.169 23114 23114 D BoundBrokerSvc: onUnbind: Intent { act=com.google.android.gms.inappreach.service.START dat=chimera-action:/... cmp=com.google.android.gms/.chimera.GmsApiService }
04-19 21:24:33.188  5629  5630 E IHansComunication: HANS printMessageBody: RCV message: type = 0,port = 86870,caller_pid = 1663,caller_uid = 1047,target_pid = 5807,target_uid = 10052,pkg_cmd = -1,rpc = android.hardware.ICameraServiceListener/5
04-19 21:24:33.193  2206  3581 I OplusHansManager : unfreeze uid: 10052 cloud.vitalpbx.connect pids: [5807, 7123] reason: AsyncBinder scene: LcdOff
04-19 21:24:33.199  2206  3578 I OplusHansManager : uid=10405, pkg=com.experian.android can transition from M to F
04-19 21:24:33.199  2206  3578 I OplusHansManager : uid=10405, pkg=com.experian.android F enter(), M stay=10
04-19 21:24:33.203  2206  3578 I OplusHansManager : freeze uid: 10405 com.experian.android pids: [31302, 31131] scene: LcdOff
04-19 21:24:33.205  2206  3578 I OplusHansManager : uid=10052, pkg=cloud.vitalpbx.connect, transition from F to Middle, reason=AsyncBinder
04-19 21:24:33.205  2206  3578 I OplusHansManager : uid=10052, pkg=cloud.vitalpbx.connect F exit(), F stay=2, reason=AsyncBinder
04-19 21:24:33.205  5629 30566 D IHansComunication: HansComunication::addUid-- 10405, persistent--0
04-19 21:24:33.205  5629 30566 D IHansComunication: HANS sendMessageToKernel: threadId = 528677321904, netLinkSetup = 1, type = PKG, targetUid = 10405, pkgCmd = ADD_ONE_UID
04-19 21:24:33.902  2206  3578 I OplusHansManager : uid=10370, pkg=com.google.android.apps.magazines can transition from M to F
04-19 21:24:33.902  2206  3578 I OplusHansManager : uid=10370, pkg=com.google.android.apps.magazines F enter(), M stay=10
04-19 21:24:33.906  2206  3578 I OplusHansManager : freeze uid: 10370 com.google.android.apps.magazines pids: [31159] scene: LcdOff
04-19 21:24:33.907  5629 30566 D IHansComunication: HansComunication::addUid-- 10370, persistent--0
04-19 21:24:33.907  5629 30566 D IHansComunication: HANS sendMessageToKernel: threadId = 528677321904, netLinkSetup = 1, type = PKG, targetUid = 10370, pkgCmd = ADD_ONE_UID
04-19 21:24:33.992 23014 32390 I FusedLocation: (REDACTED) getLastLocation() noteOp denied for %s
04-19 21:24:34.011  3682  4269 D PhoneInterfaceManager: [PhoneIntfMgr] QueryTelephonyChecker-getNetworkTypeForSubscriber: packageName = devian.tubemate.v3, isGrant = true
04-19 21:24:34.136  1217  1217 D vendor.oplus.hardware.charger@1.0-service: getPsyUsbType type: USB, ret_value = 3
04-19 21:24:34.136  1217  1217 D vendor.oplus.hardware.charger@1.0-service: getPsyUsbType type: USB is usb charging.
04-19 21:24:34.148  6676  8668 E Battery : ChargeProtectionUtils: mCanlendarTmp.isEmpty()!
04-19 21:24:34.150  6528  6528 E VendorNfcService: changeNfcStateByWirelessCharge: feature WIRELESS_CHARGING = true; mIsWirelessCharging: false; mIsReverseChargingSwitchOpen: false; mNfcWorkMode: 0; isOverSeaRegion() = true
04-19 21:24:34.157  2206  2287 I OplusHansManager : unfreeze uid: 10370 com.google.android.apps.magazines pids: [31159] reason: Broadcast scene: LcdOff
04-19 21:24:34.158  2206  3578 I OplusHansManager : uid=10370, pkg=com.google.android.apps.magazines, transition from F to Middle, reason=Broadcast
04-19 21:24:34.158  2206  3578 I OplusHansManager : uid=10370, pkg=com.google.android.apps.magazines F exit(), F stay=0, reason=Broadcast
04-19 21:24:34.162  2206  2287 I OplusHansManager : unfreeze uid: 10405 com.experian.android pids: [31302, 31131] reason: Broadcast scene: LcdOff
04-19 21:24:34.162  2206  3578 I OplusHansManager : uid=10405, pkg=com.experian.android, transition from F to Middle, reason=Broadcast
04-19 21:24:34.162  2206  3578 I OplusHansManager : uid=10405, pkg=com.experian.android F exit(), F stay=0, reason=Broadcast
04-19 21:24:34.205  5629 30566 D IHansComunication: HANS sendMessageToKernel: threadId = 528677321904, netLinkSetup = 1, type = FROZEN_TRANS, targetUid = 10405, pkgCmd = PKG_CMD_MAX
04-19 21:24:34.701  2206  7958 W ActivityManager: Unable to start service Intent { cmp=com.nearme.statistics.rom/.service.ReceiverService (has extras) } U=0: not found
04-19 21:24:34.714  2206  3578 I OplusHansManager : uid=10052, pkg=cloud.vitalpbx.connect can transition from M to F
04-19 21:24:34.714  2206  3578 I OplusHansManager : uid=10052, pkg=cloud.vitalpbx.connect F enter(), M stay=1
04-19 21:24:34.722  2206  3578 I OplusHansManager : freeze uid: 10052 cloud.vitalpbx.connect pids: [5807, 7123] IsolatedUid: [99033] scene: LcdOff
04-19 21:24:34.724  5629 30566 D IHansComunication: HansComunication::addUid-- 10052, persistent--0
04-19 21:24:34.724  5629 30566 D IHansComunication: HANS sendMessageToKernel: threadId = 528677321904, netLinkSetup = 1, type = PKG, targetUid = 10052, pkgCmd = ADD_ONE_UID
04-19 21:24:34.908  5629 30566 D IHansComunication: HANS sendMessageToKernel: threadId = 528677321904, netLinkSetup = 1, type = FROZEN_TRANS, targetUid = 10370, pkgCmd = PKG_CMD_MAX
04-19 21:24:35.701  4906  4973 I Finsky  : [4320] Subscription detail: N/A
04-19 21:24:35.703  4906  4973 I Finsky  : [4320] playLoggingServerUrl: https://play.googleapis.com/play/log
04-19 21:24:35.703  4906  4973 I Finsky  : [4320] playLoggingServerTimestampUrl: https://play.googleapis.com/play/log/timestamp
04-19 21:24:35.704  4906  4906 I Finsky  : [2] onSubscriptionsChanged
04-19 21:24:35.724  5629 30566 D IHansComunication: HANS sendMessageToKernel: threadId = 528677321904, netLinkSetup = 1, type = FROZEN_TRANS, targetUid = 10052, pkgCmd = PKG_CMD_MAX
04-19 21:24:37.880  1028  5640 E TetherController: property_get sys.radio.data.modem_share_flag return 0, 1!
04-19 21:24:38.684  4906  4928 I Finsky  : [4295] Device is eligible for platform Cronet and will attempt to use it.
04-19 21:24:38.715  2206  3024 D CompatibilityChangeReporter: Compat change id reported: 135634846; UID 10217; state: DISABLED
04-19 21:24:38.715  2206  3024 D CompatibilityChangeReporter: Compat change id reported: 177438394; UID 10217; state: DISABLED
04-19 21:24:38.716  2206  3024 D CompatibilityChangeReporter: Compat change id reported: 135772972; UID 10217; state: DISABLED
04-19 21:24:38.716  2206  3024 D CompatibilityChangeReporter: Compat change id reported: 135754954; UID 10217; state: ENABLED
04-19 21:24:38.718  2206  2282 D CompatibilityChangeReporter: Compat change id reported: 143937733; UID 10217; state: ENABLED
04-19 21:24:38.732  4906  4926 W Settings: Setting download_manager_max_bytes_over_mobile has moved from android.provider.Settings.Secure to android.provider.Settings.Global.
04-19 21:24:38.732  2206  3024 W PackageManager: package unknown uid 10204 pid 4906 call SetEnabledSetting(com.android.vending component = com.android.vending.AssetBrowserActivity, 1, 0)
04-19 21:24:38.733  4906  4926 I Finsky  : [4293] SettingNotFoundException, fall through to G.downloadBytesOverMobileMaximum
04-19 21:24:38.733  4906  4926 W Settings: Setting download_manager_recommended_max_bytes_over_mobile has moved from android.provider.Settings.Secure to android.provider.Settings.Global.
04-19 21:24:38.734  4906  4926 I Finsky  : [4293] SettingNotFoundException, fall through to G.downloadBytesOverMobileRecommended
04-19 21:24:38.735  4906  4926 I Finsky  : [4293] registerListener
04-19 21:24:38.737  4906  4926 I Finsky  : [4293] DFS: Listener added for sdo@31e53e0
04-19 21:24:38.737  4906  4926 I Finsky  : [4293] registerListener
04-19 21:24:38.744  1029  1029 D Zygote  : Forked child process 4992
04-19 21:24:38.746  2206  2282 I ActivityManager: Start proc 4992:com.google.process.gapps/u0a217 for content provider {com.google.android.gsf/com.google.android.gsf.settings.GoogleSettingsProvider}
04-19 21:24:38.746  2206  2282 D OplusUIFirst_FB: com.google.android.gsf proc start: 10217 4992 false com.google.process.gapps
04-19 21:24:38.746  2206  2282 D OplusUIFirst_FB: com.google.android.gsf start process: []
04-19 21:24:38.746  2206  2282 D OplusUIFirst_FB: List of ThreadOp: size=0 []
04-19 21:24:38.749  4906  4990 D HttpFlagsLoader: Not loading HTTP flags because they are disabled in the manifest
04-19 21:24:38.755  4992  4992 E e.process.gapps: Unknown bits set in runtime_flags: 0x40000000
04-19 21:24:38.755  4992  4992 I e.process.gapps: Using CollectorTypeCC GC.
04-19 21:24:38.767  4992  4992 D nativeloader: Load libframework-connectivity-tiramisu-jni.so using APEX ns com_android_tethering for caller /apex/com.android.tethering/javalib/framework-connectivity-t.jar: ok
04-19 21:24:38.770  4992  4992 W libc    : Access denied finding property "persist.vendor.sys.activitylog"
04-19 21:24:38.771  4992  4992 I OneTrace: Mark active for pid=4992? true
04-19 21:24:38.771  4992  4992 D cutils-dev: otrace_set_tracing_enabled? true
04-19 21:24:38.771  4992  5005 D cutils-dev: properties changed in otrace_seq_number_changed!
04-19 21:24:38.773  2206  3024 D ConnectivityService: requestNetwork for uid/pid:10204/4906 activeRequest: null callbackRequest: 2034 [NetworkRequest [ REQUEST id=2035, [ Capabilities: INTERNET&NOT_RESTRICTED&TRUSTED&NOT_VCN_MANAGED Uid: 10204 RequestorUid: 10204 RequestorPkg: com.android.vending UnderlyingNetworks: Null] ]] callback flags: 0 order: 2147483647 isUidTracked: false declaredMethods: AVAIL|LOST|NC|LP
04-19 21:24:38.777  2206  2997 D CompatibilityChangeReporter: Compat change id reported: 319212206; UID 10204; state: ENABLED
04-19 21:24:38.778  2206  2965 D WifiNetworkFactory: got request NetworkRequest [ REQUEST id=2035, [ Capabilities: INTERNET&NOT_RESTRICTED&TRUSTED&NOT_VCN_MANAGED Uid: 10204 RequestorUid: 10204 RequestorPkg: com.android.vending UnderlyingNetworks: Null] ]
04-19 21:24:38.780  2206  2965 D UntrustedWifiNetworkFactory: got request NetworkRequest [ REQUEST id=2035, [ Capabilities: INTERNET&NOT_RESTRICTED&TRUSTED&NOT_VCN_MANAGED Uid: 10204 RequestorUid: 10204 RequestorPkg: com.android.vending UnderlyingNetworks: Null] ]
04-19 21:24:38.780  2206  2965 D OemPaidWifiNetworkFactory: got request NetworkRequest [ REQUEST id=2035, [ Capabilities: INTERNET&NOT_RESTRICTED&TRUSTED&NOT_VCN_MANAGED Uid: 10204 RequestorUid: 10204 RequestorPkg: com.android.vending UnderlyingNetworks: Null] ]
04-19 21:24:38.780  2206  3005 D ConnectivityService: NetReassign [2035 : null → 102] [c 1] [a 0] [i 2]
04-19 21:24:38.780  2206  2965 D MultiInternetWifiNetworkFactory: got request NetworkRequest [ REQUEST id=2035, [ Capabilities: INTERNET&NOT_RESTRICTED&TRUSTED&NOT_VCN_MANAGED Uid: 10204 RequestorUid: 10204 RequestorPkg: com.android.vending UnderlyingNetworks: Null] ]
04-19 21:24:38.783  2206  3005 D ConnectivityService: NetReassign [no changes] [c 0] [a 0] [i 3]
04-19 21:24:38.785  4992  4992 D CompatibilityChangeReporter: Compat change id reported: 171979766; UID 10217; state: ENABLED
04-19 21:24:38.785  4992  4992 I oplus.android.OplusFrameworkFactoryImpl: get feature:IOplusAutoResolutionFeature
04-19 21:24:38.785  4992  4992 I oplus.android.OplusFrameworkFactoryImpl: getOplusAutoResolutionFeature
04-19 21:24:38.790  3744  3795 D NetworkEvent: OplusNetworkEventCbProxy invoke.....onDnsEvent argslen:8
04-19 21:24:38.796  4906  4928 I cn_CronetLibraryLoader: Cronet version: 144.0.7500.8, arch: aarch64
04-19 21:24:38.804  4906  4940 I Finsky  : [4306] CronetEngine is present. Using Cronet for the networking stack.
04-19 21:24:38.806  4992  4992 I OplusFeatureCache: Milliseconds spent on init(): 21
04-19 21:24:38.807  4992  4992 D CompactWindowAppManager: initCompactApplicationInfo CompactMode: , NormalMode: 
04-19 21:24:38.811  4992  4992 D OplusViewDebugManager: for com.google.android.gsf, enable view debug
04-19 21:24:38.818  4992  4992 W libc    : Access denied finding property "ro.odm.prev.product.name"
04-19 21:24:38.820  4992  4992 D LoadedApk: mApplicationInfo overrideDisplayId:null
04-19 21:24:38.826  4992  4992 D nativeloader: Configuring clns-4 for other apk /system/framework/org.apache.http.legacy.jar. target_sdk_version=33, uses_libraries=ALL, library_path=/my_heytap/non_overlay/priv-app/GoogleServicesFramework/lib/arm64:/my_heytap/non_overlay/priv-app/GoogleServicesFramework/GoogleServicesFramework.apk!/lib/arm64-v8a, permitted_path=/data:/mnt/expand:/data/user/0/com.google.android.gsf
04-19 21:24:38.826  4992  4992 D nativeloader: Extending system_exposed_libraries: libbinauralrenderer_wrapper.qti.so:libhoaeffects.qti.so:libSloganJni.oplus.so:libsuperNight.oplus.so:libupdateprof.qti.so:libQOC.qti.so:libthermalclient.qti.so:libdiag_system.qti.so:libqape.qti.so:liblistenjni.qti.so
04-19 21:24:38.842  4906  4989 I Finsky  : [4328] Triggered update for experiment package com.google.android.finsky.stable.
04-19 21:24:38.849  4992  4992 D nativeloader: Configuring clns-5 for other apk /my_heytap/non_overlay/priv-app/GoogleServicesFramework/GoogleServicesFramework.apk. target_sdk_version=33, uses_libraries=, library_path=/my_heytap/non_overlay/priv-app/GoogleServicesFramework/lib/arm64:/my_heytap/non_overlay/priv-app/GoogleServicesFramework/GoogleServicesFramework.apk!/lib/arm64-v8a, permitted_path=/data:/mnt/expand:/data/user/0/com.google.android.gsf
04-19 21:24:38.873  3744  3795 D NetworkEvent: OplusNetworkEventCbProxy invoke.....onDnsEvent argslen:8
04-19 21:24:38.876  4906  4940 I Finsky  : [4306] Wear companion app detected on device: com.samsung.android.waterplugin
04-19 21:24:38.885  4992  4992 D nativeloader: Load libframework-connectivity-jni.so using APEX ns com_android_tethering for caller /apex/com.android.tethering/javalib/framework-connectivity.jar: ok
04-19 21:24:38.891  4992  4992 V GraphicsEnvironment: ANGLE Developer option for 'com.google.android.gsf' set to: 'default'
04-19 21:24:38.891  4992  4992 V GraphicsEnvironment: ANGLE GameManagerService for com.google.android.gsf: false
04-19 21:24:38.893  2206  7958 D CompatibilityChangeReporter: Compat change id reported: 161252188; UID 10217; state: DISABLED
04-19 21:24:38.900  5629  5630 E IHansComunication: HANS printMessageBody: RCV message: type = 0,port = 86870,caller_pid = 1663,caller_uid = 1047,target_pid = 5807,target_uid = 10052,pkg_cmd = -1,rpc = android.hardware.ICameraServiceListener/5
04-19 21:24:38.911  3744  3795 D NetworkEvent: OplusNetworkEventCbProxy invoke.....onDnsEvent argslen:8
04-19 21:24:38.911 23114 23114 D BoundBrokerSvc: onBind: Intent { act=com.google.android.gms.potokens.service.START dat=chimera-action:/... cmp=com.google.android.gms/.chimera.GmsApiService }
04-19 21:24:38.912 23114 23114 D BoundBrokerSvc: Loading bound service for intent: Intent { act=com.google.android.gms.potokens.service.START dat=chimera-action:/... cmp=com.google.android.gms/.chimera.GmsApiService }
04-19 21:24:38.914  4992  4992 D NetworkSecurityConfig: No Network Security Config specified, using platform default
04-19 21:24:38.915  4992  4992 D NetworkSecurityConfig: No Network Security Config specified, using platform default
04-19 21:24:38.916  2206  3581 I OplusHansManager : unfreeze uid: 10052 cloud.vitalpbx.connect pids: [5807, 7123] reason: AsyncBinder scene: LcdOff
04-19 21:24:38.916  2206  3578 I OplusHansManager : uid=10052, pkg=cloud.vitalpbx.connect, transition from F to Middle, reason=AsyncBinder
04-19 21:24:38.916  2206  3578 I OplusHansManager : uid=10052, pkg=cloud.vitalpbx.connect F exit(), F stay=4, reason=AsyncBinder
04-19 21:24:38.923 23014 32390 W PhBaseOp: Phenotype API error. Event: # iwzi@82339800, EventCode: COMMIT_CONFIG [CONTEXT service_id=51 ]
04-19 21:24:38.923 23014 32390 W PhBaseOp: ewur: 29542: Stale snapshot for com.google.android.gms.phenotype(new configuration available)
04-19 21:24:38.923 23014 32390 W PhBaseOp: 	at ewwp.d(:com.google.android.gms@261332029@26.13.32 (190400-895912391):325)
04-19 21:24:38.923 23014 32390 W PhBaseOp: 	at ewwp.b(:com.google.android.gms@261332029@26.13.32 (190400-895912391):44)
04-19 21:24:38.923 23014 32390 W PhBaseOp: 	at ewwo.i(:com.google.android.gms@261332029@26.13.32 (190400-895912391):3)
04-19 21:24:38.923 23014 32390 W PhBaseOp: 	at ewwk.h(:com.google.android.gms@261332029@26.13.32 (190400-895912391):31)
04-19 21:24:38.923 23014 32390 W PhBaseOp: 	at ewwk.f(:com.google.android.gms@261332029@26.13.32 (190400-895912391):13)
04-19 21:24:38.923 23014 32390 W PhBaseOp: 	at curv.fD(:com.google.android.gms@261332029@26.13.32 (190400-895912391):1)
04-19 21:24:38.923 23014 32390 W PhBaseOp: 	at cusg.run(:com.google.android.gms@261332029@26.13.32 (190400-895912391):118)
04-19 21:24:38.923 23014 32390 W PhBaseOp: 	at gxog.run(:com.google.android.gms@261332029@26.13.32 (190400-895912391):19)
04-19 21:24:38.923 23014 32390 W PhBaseOp: 	at bipz.c(:com.google.android.gms@261332029@26.13.32 (190400-895912391):50)
04-19 21:24:38.923 23014 32390 W PhBaseOp: 	at bipz.run(:com.google.android.gms@261332029@26.13.32 (190400-895912391):73)
04-19 21:24:38.923 23014 32390 W PhBaseOp: 	at java.util.concurrent.ThreadPoolExecutor.runWorker(ThreadPoolExecutor.java:1154)
04-19 21:24:38.923 23014 32390 W PhBaseOp: 	at java.util.concurrent.ThreadPoolExecutor$Worker.run(ThreadPoolExecutor.java:652)
04-19 21:24:38.923 23014 32390 W PhBaseOp: 	at bivq.run(:com.google.android.gms@261332029@26.13.32 (190400-895912391):8)
04-19 21:24:38.923 23014 32390 W PhBaseOp: 	at java.lang.Thread.run(Thread.java:1564)
04-19 21:24:38.924 23014 32390 W AsyncOperation: operation=CommitToConfigurationOperationCall, opStatusCode=29542 [CONTEXT service_id=51 ]
04-19 21:24:38.924 23014 32390 W AsyncOperation: OperationException[Status{statusCode=Stale snapshot for com.google.android.gms.phenotype(new configuration available), resolution=null}]
04-19 21:24:38.924 23014 32390 W AsyncOperation: 	at ewwk.h(:com.google.android.gms@261332029@26.13.32 (190400-895912391):61)
04-19 21:24:38.924 23014 32390 W AsyncOperation: 	at ewwk.f(:com.google.android.gms@261332029@26.13.32 (190400-895912391):13)
04-19 21:24:38.924 23014 32390 W AsyncOperation: 	at curv.fD(:com.google.android.gms@261332029@26.13.32 (190400-895912391):1)
04-19 21:24:38.924 23014 32390 W AsyncOperation: 	at cusg.run(:com.google.android.gms@261332029@26.13.32 (190400-895912391):118)
04-19 21:24:38.924 23014 32390 W AsyncOperation: 	at gxog.run(:com.google.android.gms@261332029@26.13.32 (190400-895912391):19)
04-19 21:24:38.924 23014 32390 W AsyncOperation: 	at bipz.c(:com.google.android.gms@261332029@26.13.32 (190400-895912391):50)
04-19 21:24:38.924 23014 32390 W AsyncOperation: 	at bipz.run(:com.google.android.gms@261332029@26.13.32 (190400-895912391):73)
04-19 21:24:38.924 23014 32390 W AsyncOperation: 	at java.util.concurrent.ThreadPoolExecutor.runWorker(ThreadPoolExecutor.java:1154)
04-19 21:24:38.924 23014 32390 W AsyncOperation: 	at java.util.concurrent.ThreadPoolExecutor$Worker.run(ThreadPoolExecutor.java:652)
04-19 21:24:38.924 23014 32390 W AsyncOperation: 	at bivq.run(:com.google.android.gms@261332029@26.13.32 (190400-895912391):8)
04-19 21:24:38.924 23014 32390 W AsyncOperation: 	at java.lang.Thread.run(Thread.java:1564)
04-19 21:24:38.928  2206  3578 I OplusHansManager : uid=10012, pkg=devian.tubemate.v3 can transition from M to F
04-19 21:24:38.928  2206  3578 I OplusHansManager : uid=10012, pkg=devian.tubemate.v3 F enter(), M stay=10
04-19 21:24:38.930  2206  3578 I OplusHansManager : freeze uid: 10012 devian.tubemate.v3 pids: [24902, 4971, 12632] scene: LcdOff
04-19 21:24:38.930  5629 30566 D IHansComunication: HansComunication::addUid-- 10012, persistent--0
04-19 21:24:38.930  5629 30566 D IHansComunication: HANS sendMessageToKernel: threadId = 528677321904, netLinkSetup = 1, type = PKG, targetUid = 10012, pkgCmd = ADD_ONE_UID
04-19 21:24:38.931  2206  3843 I OplusProxyWakeLock: add uid: 10012 wakelock: lock:172395042 PARTIAL_WAKE_LOCK              '*job*' (uid=1000 pid=2206 ws=WorkSource{10012 devian.tubemate.v3})  to FroceReleaseWakeLock list
04-19 21:24:38.931  2206  3843 D DisplayManagerServiceExtImpl: request size(1,1),dpc=com.android.server.display.DisplayPowerController@c056048 size(0,1),flags=0X200F,id(0,0,local:4630946950956839809), phase=1, enable=true, ready=false,prox=true policy=DOZE,dozeState=OFF,screenBrightnessOverride=-1.000000,useAuto=false,lowPower=false,lowPowerFactor=0.500000
04-19 21:24:38.935  2206  2379 D DisplayManagerServiceExtImpl: request size(1,1),dpc=com.android.server.display.DisplayPowerController@c056048 size(0,1),flags=0X200F,id(0,0,local:4630946950956839809), phase=1, enable=true, ready=true,prox=false policy=DOZE,dozeState=OFF,screenBrightnessOverride=-1.000000,useAuto=false,lowPower=false,lowPowerFactor=0.500000
04-19 21:24:38.935   799  3099 I android.system.suspend@1.0-service: mSuspendCounter=0 last release wakelock name=PowerManagerService.Display
04-19 21:24:38.935   799  3099 I android.system.suspend@1.0-service: mAutosuspendEnabled=1
04-19 21:24:38.950  3744  3795 D NetworkEvent: OplusNetworkEventCbProxy invoke.....onDnsEvent argslen:8
04-19 21:24:38.980  3744  3795 D NetworkEvent: OplusNetworkEventCbProxy invoke.....onDnsEvent argslen:8
04-19 21:24:38.981  4992  4992 I GoogleHttpClient: GMS http client unavailable, use old client
04-19 21:24:39.011  3744  3795 D NetworkEvent: OplusNetworkEventCbProxy invoke.....onDnsEvent argslen:8
04-19 21:24:39.049  3744  3795 D NetworkEvent: OplusNetworkEventCbProxy invoke.....onDnsEvent argslen:8
04-19 21:24:39.074  1028  5640 E netd    : dispachCmd:oplusGetRtt
04-19 21:24:39.074  1028  5640 E netd    : handleGetRttCmd: netId = 102, uid = 10551
04-19 21:24:39.075  1028  5640 E netd    : dispachCmd cmd:oplusGetRtt  result:0
04-19 21:24:39.089  4992  4992 D OplusActivityManager: get AMS extension: android.os.BinderProxy@376dbf0
04-19 21:24:39.096  4906  4957 I Finsky  : [4314] ApplicationRestrictions: {}
04-19 21:24:39.097  2206  4879 D CompatibilityChangeReporter: Compat change id reported: 201794303; UID 10217; state: ENABLED
04-19 21:24:39.101  4906  4940 I Finsky  : [4306] CronetEngine is present. Using Cronet for the networking stack.
04-19 21:24:39.254  4906  4983 E CursorWindow: Failed alloc newOffset: 1947528mAllocOffset: 1947248mSlotsOffset: 1947408: No such file or directory
04-19 21:24:39.254  4906  4983 E CursorWindow: Failed NO_MEMORY: No such file or directory
04-19 21:24:39.282  4906  4983 I Quality : SlowSQLite: /f5a1bbafca324e212efb8dd1bc0083e7/ cost= /581
04-19 21:24:39.441  4906  4987 I Finsky  : [4327] Sending Heterodyne sync request for package com.google.android.finsky.stable
04-19 21:24:39.442  4906  4957 I Finsky  : [4314] Initializing pausers from value store.
04-19 21:24:39.443  4906  4957 I Finsky  : [4314] IQ::HLD: Callers (Pausers) in PauseUpdatesCallersValueStore: []
04-19 21:24:39.462  4906  4987 I System.out: begin to call ****** send due to user permission
04-19 21:24:39.462  4906  4987 I System.out: [apache]:check permission begin!
04-19 21:24:39.462  4906  4987 I System.out: [apache]:not MMS!
04-19 21:24:39.462  4906  4987 W System  : ClassLoader referenced unknown path: system/framework/mediatek-cta.jar
04-19 21:24:39.463  4906  4987 I System.out: [apache] e:java.lang.ClassNotFoundException: com.mediatek.cta.CtaUtils
04-19 21:24:39.467  4906  4906 E Parcel  : Attempt to read from protected data in Parcel 0xb400007cff3b5000
04-19 21:24:39.467  4906  4906 E Parcel  : Attempt to read from protected data in Parcel 0xb400007cff3b5000
04-19 21:24:39.467  4906  4906 E Parcel  : Attempt to read from protected data in Parcel 0xb400007cff3b5000
04-19 21:24:39.467  4906  4906 E Parcel  : Attempt to read from protected data in Parcel 0xb400007cff3b5000
04-19 21:24:39.470  5563  9324 E Parcel  : Attempt to read from protected data in Parcel 0xb400007caea94700
04-19 21:24:39.470  5563  9324 E Parcel  : Attempt to read from protected data in Parcel 0xb400007caea94700
04-19 21:24:39.470  5563  9324 E Parcel  : Attempt to read from protected data in Parcel 0xb400007caea94700
04-19 21:24:39.470  5563  9324 E Parcel  : Attempt to read from protected data in Parcel 0xb400007caea94700
04-19 21:24:39.486  3744  3795 D NetworkEvent: OplusNetworkEventCbProxy invoke.....onDnsEvent argslen:8
04-19 21:24:39.528  4906  5066 I Finsky  : [4354] SM: There are no stale sessions to be pruned
04-19 21:24:39.533  4906  4906 I Finsky  : [2] Connecting InstallListener to SplitInstallService broadcaster...
04-19 21:24:39.622  4906  5017 I cn_CronetUrlRequestContext: destroyNativeStreamLocked android.net.http.internal.org.chromium.net.impl.CronetBidirectionalStream@a0303b2
04-19 21:24:39.625  3687  4258 I Athena  : CommonAction: 21,2734,123,4046,5631,29,326,366,2001,2828,861,1689
04-19 21:24:39.932  5629 30566 D IHansComunication: HANS sendMessageToKernel: threadId = 528677321904, netLinkSetup = 1, type = FROZEN_TRANS, targetUid = 10012, pkgCmd = PKG_CMD_MAX
04-19 21:24:39.985  1962  1962 E BSP_KEVENT_RECORD: oplus_kevent Receive message from kernel, event_type=1
04-19 21:24:39.986  1962  1962 E BSP_KEVENT_RECORD: OPLUS_KEVENT payload:charge_monitor$$track_ver@@3.4$$type_reason@@general_record$$flag_reason@@VbattDiffOverInfo$$time@@[2026-04-20 01:24:39]$$soc@@100$$s_soc@@100$$uisoc@@100$$vbatt_max@@4312$$vbatt_min@@4312$$vbatt_diff@@0$$charger_exist@@1$$vdiff_type@@full
04-19 21:24:39.986  1962  1962 I BSP_KEVENT_RECORD: Enter oplus_record_kevent_to_file loop, uid_num=0
04-19 21:24:40.010  1148  2296 I audio_hw::BatteryListener: healthInfo cb thread: cb CHARGING
04-19 21:24:40.010  1148  2296 I audio_hw_primary: adev_on_battery_status_changed: battery status changed to charging
04-19 21:24:40.010  1148  2296 D sound_trigger_hw: handle_battery_status_change: battery status changed to 1
04-19 21:24:40.020  1217  1217 D vendor.oplus.hardware.charger@1.0-service: getPsyUsbType type: USB, ret_value = 3
04-19 21:24:40.020  1217  1217 D vendor.oplus.hardware.charger@1.0-service: getPsyUsbType type: USB is usb charging.
04-19 21:24:40.028  2206  2206 I BackgroundDexOptService: schargeType is  0
04-19 21:24:40.036  6676  7378 E Battery : BatteryCardUtil: widgetCodes = null !
04-19 21:24:40.036  6676  8668 E Battery : ChargeProtectionUtils: mCanlendarTmp.isEmpty()!
04-19 21:24:40.041  6528  6528 E VendorNfcService: changeNfcStateByWirelessCharge: feature WIRELESS_CHARGING = true; mIsWirelessCharging: false; mIsReverseChargingSwitchOpen: false; mNfcWorkMode: 0; isOverSeaRegion() = true
04-19 21:24:40.087  2206  3716 W OplusNavigationBarUtil: color navigation bar util isn't init.
04-19 21:24:40.092  2206  3716 D NotificationService--NotificationRecord: isSupportRearLight , isRearLight = false mLedRM = false
04-19 21:24:40.097  3212  3212 D OplusManager: send on stamp success
04-19 21:24:40.100  2206  2266 D SensorService: onUidStateChanged uid = 10509, state = UID_STATE_ACTIVE
04-19 21:24:40.109  3177  3231 V StampEventRecorder: onStamp id : 030101
04-19 21:24:40.113 25341 25359 I [0]DCS-StrategyManager: isNeedUpload: cache, type: 2006, appID: 20082, logTag: 20082, eventID: normal_charge_full_state
04-19 21:24:40.113   799   806 I android.system.suspend@1.0-service: mSuspendCounter=1 first holding wakelock name=PowerManagerService.WakeLocks
04-19 21:24:40.116   799   806 I android.system.suspend@1.0-service: mSuspendCounter=0 last release wakelock name=PowerManagerService.WakeLocks
04-19 21:24:40.116   799   806 I android.system.suspend@1.0-service: mAutosuspendEnabled=1
04-19 21:24:40.297  2206  2206 I OplusStatusBarManagerServiceEnhance:  getTopIsFullscreen mTopIsFullscreen: false
04-19 21:24:40.309  2206  2206 W NotificationHistory: Attempted to add notif for locked/gone/disabled user 0
04-19 21:24:40.314  5629  5630 E IHansComunication: HANS printMessageBody: RCV message: type = 0,port = 86870,caller_pid = 2206,caller_uid = 1000,target_pid = 6926,target_uid = 10102,pkg_cmd = -1,rpc = android.service.notification.INotificationListener/2
04-19 21:24:40.316  2206  3581 I OplusHansManager : unfreeze uid: 10102 com.microsoft.appmanager pids: [6926] reason: AsyncBinder scene: LcdOff
04-19 21:24:40.317  2206  3578 I OplusHansManager : uid=10102, pkg=com.microsoft.appmanager, transition from F to Middle, reason=AsyncBinder
04-19 21:24:40.317  2206  3578 I OplusHansManager : uid=10102, pkg=com.microsoft.appmanager F exit(), F stay=301, reason=AsyncBinder
04-19 21:24:40.335  3212  3212 D InterruptionStateProvider: No heads up: unimportant notification: -1|com.android.systemui|10006|null|10206
04-19 21:24:40.336  3212  3704 D PeopleSpaceWidgetMgr: Sbn doesn't contain valid PeopleTileKey: null/-1/com.android.systemui
04-19 21:24:40.424  2206  3578 I OplusHansManager : uid=10052, pkg=cloud.vitalpbx.connect can transition from M to F
04-19 21:24:40.424  2206  3578 I OplusHansManager : uid=10052, pkg=cloud.vitalpbx.connect F enter(), M stay=1
04-19 21:24:40.430  2206  3578 I OplusHansManager : freeze uid: 10052 cloud.vitalpbx.connect pids: [5807, 7123] IsolatedUid: [99033] scene: LcdOff
04-19 21:24:40.430  3212  3212 D OPSystemUIWLBHelper: inside onNotificationAdded
04-19 21:24:40.432  5629 30566 D IHansComunication: HansComunication::addUid-- 10052, persistent--0
04-19 21:24:40.432  5629 30566 D IHansComunication: HANS sendMessageToKernel: threadId = 528677321904, netLinkSetup = 1, type = PKG, targetUid = 10052, pkgCmd = ADD_ONE_UID
04-19 21:24:40.433  3212  3212 D OPSystemUIWLBHelper: sendNotificationAddedBroadcast com.android.systemui
04-19 21:24:40.617  2206  2997 W ActivityManager: Unable to start service Intent { cmp=com.nearme.statistics.rom/.service.ReceiverService (has extras) } U=0: not found
04-19 21:24:40.626  3687  4258 I Athena  : CommonAction: 0,2730,119,4047,5631,29,327,367,2006,2828,861,1690
04-19 21:24:41.434  5629 30566 D IHansComunication: HANS sendMessageToKernel: threadId = 528677321904, netLinkSetup = 1, type = FROZEN_TRANS, targetUid = 10052, pkgCmd = PKG_CMD_MAX
04-19 21:24:41.824  2206  3578 I OplusHansManager : uid=10102, pkg=com.microsoft.appmanager can transition from M to F
04-19 21:24:41.824  2206  3578 I OplusHansManager : uid=10102, pkg=com.microsoft.appmanager F enter(), M stay=1
04-19 21:24:41.827  2206  3578 I OplusHansManager : freeze uid: 10102 com.microsoft.appmanager pids: [6926] scene: LcdOff
04-19 21:24:41.829  5629 30566 D IHansComunication: HansComunication::addUid-- 10102, persistent--0
04-19 21:24:41.829  5629 30566 D IHansComunication: HANS sendMessageToKernel: threadId = 528677321904, netLinkSetup = 1, type = PKG, targetUid = 10102, pkgCmd = ADD_ONE_UID
04-19 21:24:42.831  5629 30566 D IHansComunication: HANS sendMessageToKernel: threadId = 528677321904, netLinkSetup = 1, type = FROZEN_TRANS, targetUid = 10102, pkgCmd = PKG_CMD_MAX
04-19 21:24:42.901  1028  5640 E TetherController: property_get sys.radio.data.modem_share_flag return 0, 1!
04-19 21:24:44.168  2206  3578 I OplusHansManager : uid=10370, pkg=com.google.android.apps.magazines can transition from M to F
04-19 21:24:44.168  2206  3578 I OplusHansManager : uid=10370, pkg=com.google.android.apps.magazines F enter(), M stay=10
04-19 21:24:44.174  2206  3578 I OplusHansManager : freeze uid: 10370 com.google.android.apps.magazines pids: [31159] scene: LcdOff
04-19 21:24:44.180  2206  3578 I OplusHansManager : uid=10405, pkg=com.experian.android can transition from M to F
04-19 21:24:44.180  5629 30566 D IHansComunication: HansComunication::addUid-- 10370, persistent--0
04-19 21:24:44.180  5629 30566 D IHansComunication: HANS sendMessageToKernel: threadId = 528677321904, netLinkSetup = 1, type = PKG, targetUid = 10370, pkgCmd = ADD_ONE_UID
04-19 21:24:44.180  2206  3578 I OplusHansManager : uid=10405, pkg=com.experian.android F enter(), M stay=10
04-19 21:24:44.185  2206  3578 I OplusHansManager : freeze uid: 10405 com.experian.android pids: [31302, 31131] scene: LcdOff
04-19 21:24:44.186  5629 30566 D IHansComunication: HansComunication::addUid-- 10405, persistent--0
04-19 21:24:44.186  5629 30566 D IHansComunication: HANS sendMessageToKernel: threadId = 528677321904, netLinkSetup = 1, type = PKG, targetUid = 10405, pkgCmd = ADD_ONE_UID
04-19 21:24:44.465  2206  2266 D SensorService: onUidStateChanged uid = 10117, state = UID_STATE_IDLE
04-19 21:24:45.113  1028  5640 E netd    : dispachCmd:oplusGetRtt
04-19 21:24:45.114  1028  5640 E netd    : handleGetRttCmd: netId = 102, uid = 10551
04-19 21:24:45.115  1028  5640 E netd    : dispachCmd cmd:oplusGetRtt  result:0
04-19 21:24:45.168  1217  1217 D vendor.oplus.hardware.charger@1.0-service: getPsyUsbType type: USB, ret_value = 3
04-19 21:24:45.168  1217  1217 D vendor.oplus.hardware.charger@1.0-service: getPsyUsbType type: USB is usb charging.
04-19 21:24:45.176  5629 30566 D IHansComunication: HANS sendMessageToKernel: threadId = 528677321904, netLinkSetup = 1, type = FROZEN_TRANS, targetUid = 10370, pkgCmd = PKG_CMD_MAX
04-19 21:24:45.177  6528  6528 E VendorNfcService: changeNfcStateByWirelessCharge: feature WIRELESS_CHARGING = true; mIsWirelessCharging: false; mIsReverseChargingSwitchOpen: false; mNfcWorkMode: 0; isOverSeaRegion() = true
04-19 21:24:45.179  2206  2287 I OplusHansManager : unfreeze uid: 10370 com.google.android.apps.magazines pids: [31159] reason: Broadcast scene: LcdOff
04-19 21:24:45.179  2206  3578 I OplusHansManager : uid=10370, pkg=com.google.android.apps.magazines, transition from F to Middle, reason=Broadcast
04-19 21:24:45.179  2206  3578 I OplusHansManager : uid=10370, pkg=com.google.android.apps.magazines F exit(), F stay=1, reason=Broadcast
04-19 21:24:45.182  6676  8668 E Battery : ChargeProtectionUtils: mCanlendarTmp.isEmpty()!
04-19 21:24:45.183  2206  2287 I OplusHansManager : unfreeze uid: 10405 com.experian.android pids: [31302, 31131] reason: Broadcast scene: LcdOff
04-19 21:24:45.184  2206  3578 I OplusHansManager : uid=10405, pkg=com.experian.android, transition from F to Middle, reason=Broadcast
04-19 21:24:45.184  2206  3578 I OplusHansManager : uid=10405, pkg=com.experian.android F exit(), F stay=1, reason=Broadcast
04-19 21:24:45.186  5629 30566 D IHansComunication: HANS sendMessageToKernel: threadId = 528677321904, netLinkSetup = 1, type = FROZEN_TRANS, targetUid = 10405, pkgCmd = PKG_CMD_MAX
04-19 21:24:46.501  2206  2997 W ActivityManager: Unable to start service Intent { cmp=com.nearme.statistics.rom/.service.ReceiverService (has extras) } U=0: not found
04-19 21:24:47.105 31131  4857 E FA      : Name must consist of letters, digits or _ (underscores). Type, name: event, Error Occurred
04-19 21:24:47.106 31131  4857 E FA      : Invalid public event name. Event will not be logged (FE): Error Occurred
04-19 21:24:47.131  5629  5630 E IHansComunication: HANS printMessageBody: RCV message: type = 0,port = 86870,caller_pid = 1663,caller_uid = 1047,target_pid = 5807,target_uid = 10052,pkg_cmd = -1,rpc = android.hardware.ICameraServiceListener/5
04-19 21:24:47.134  2206  3581 I OplusHansManager : unfreeze uid: 10052 cloud.vitalpbx.connect pids: [5807, 7123] reason: AsyncBinder scene: LcdOff
04-19 21:24:47.134  2206  3578 I OplusHansManager : uid=10052, pkg=cloud.vitalpbx.connect, transition from F to Middle, reason=AsyncBinder
04-19 21:24:47.134  2206  3578 I OplusHansManager : uid=10052, pkg=cloud.vitalpbx.connect F exit(), F stay=6, reason=AsyncBinder
04-19 21:24:47.135 23114 23445 W OplusExSystemServiceHelper: checkOplusExSystemService intent getComponent is null
04-19 21:24:47.137 23114 23114 D BoundBrokerSvc: onBind: Intent { act=com.google.android.gms.measurement.START pkg=com.google.android.gms }
04-19 21:24:47.137 23114 23114 D BoundBrokerSvc: Loading bound service for intent: Intent { act=com.google.android.gms.measurement.START pkg=com.google.android.gms }
04-19 21:24:47.161 31131 31454 W GoogleTagManager: Event does not have parameter "screen_name" and no default value was defined. Returning "undefined".
04-19 21:24:47.163 31131 31454 W GoogleTagManager: UniversalAnalyticsTag has been decommissioned.
04-19 21:24:47.169 23114  5073 D AdvertisingIdClient: AdvertisingIdClient already created.
04-19 21:24:47.169 23114  5073 D AdvertisingIdClient: AdvertisingIdClient is not bounded. Starting to bind it...
04-19 21:24:47.180 23114 23445 W OplusExSystemServiceHelper: checkOplusExSystemService intent getComponent is null
04-19 21:24:47.186 23114  5073 D AdvertisingIdClient: AdvertisingIdClient is bounded
04-19 21:24:47.189 23114  5073 I AdvertisingIdClient: shouldSendLog 70949835
04-19 21:24:47.189 23114  5073 I AdvertisingIdClient: GetInfoInternal elapse 20ms
04-19 21:24:47.920  1028  5640 E TetherController: property_get sys.radio.data.modem_share_flag return 0, 1!
04-19 21:24:48.644  2206  3578 I OplusHansManager : uid=10052, pkg=cloud.vitalpbx.connect can transition from M to F
04-19 21:24:48.645  2206  3578 I OplusHansManager : uid=10052, pkg=cloud.vitalpbx.connect F enter(), M stay=1
04-19 21:24:48.654  2206  3578 I OplusHansManager : freeze uid: 10052 cloud.vitalpbx.connect pids: [5807, 7123] IsolatedUid: [99033] scene: LcdOff
04-19 21:24:48.655  5629 30566 D IHansComunication: HansComunication::addUid-- 10052, persistent--0
04-19 21:24:48.655  5629 30566 D IHansComunication: HANS sendMessageToKernel: threadId = 528677321904, netLinkSetup = 1, type = PKG, targetUid = 10052, pkgCmd = ADD_ONE_UID
04-19 21:24:48.735  4906  4942 I Finsky  : [4308] Initializing the instant apps module.
04-19 21:24:48.780  4906  4944 W Finsky  : [4310] PreloadClasses: Unable to load [kotlinx.coroutines.internal.ThreadContextKt$countAll$1, kotlinx.coroutines.internal.ThreadContextKt$findOne$1, kotlinx.coroutines.internal.ThreadContextKt$updateState$1, androidx.compose.runtime.snapshots.SnapshotKt$emptyLambda$1, androidx.compose.runtime.Recomposer$broadcastFrameClock$1, androidx.compose.runtime.Recomposer$recompositionRunner$2$unregisterApplyObserver$1, androidx.compose.ui.platform.AndroidComposeView$keyInputModifier$1, androidx.compose.runtime.SlotTable, androidx.compose.runtime.ComposerImpl, androidx.compose.runtime.SlotReader, androidx.compose.runtime.SlotWriter, androidx.compose.runtime.SlotTableKt, androidx.compose.runtime.ComposableSingletons$CompositionKt$lambda-1$1, androidx.compose.runtime.ComposableSingletons$CompositionKt$lambda-2$1, androidx.compose.ui.platform.ComposableSingletons$Wrapper_androidKt$lambda-1$1, androidx.compose.ui.platform.AndroidComposeView$ViewTreeOwners, androidx.compose.ui.platform.WrappedComposition$setContent$1$1, androidx.compose.runtime.Recomposer$readObserverOf$1, androidx.compose.runtime.Recomposer$writeObserverOf$1, androidx.compose.runtime.KeyInfo, androidx.compose.runtime.GroupInfo, androidx.compose.ui.platform.AndroidCompositionLocals_androidKt$LocalSavedStateRegistryOwner$1, androidx.compose.ui.platform.AndroidCompositionLocals_androidKt$ProvideAndroidCompositionLocals$1$1, androidx.compose.runtime.saveable.SaveableStateRegistryKt$LocalSaveableStateRegistry$1, androidx.compose.material3.TypographyKt$LocalTypography$1, androidx.compose.material.ColorsKt$LocalColors$1, androidx.compose.material.ShapesKt$LocalShapes$1, androidx.compose.material.ContentAlphaKt$LocalContentAlpha$1, androidx.compose.foundation.IndicationKt$LocalIndication$1, androidx.compose.material.ripple.RippleThemeKt$LocalRippleTheme$1, androidx.compose.foundation.text.selection.TextSelectionColorsKt$LocalTextSelectionColors$1, androidx.compose.material.MaterialThemeKt$MaterialTheme$1, androidx.compose.material.TextKt$LocalTextStyle$1, androidx.compose.animation.core.InfiniteTransition$run$2, androidx.compose.animation.core.VectorConvertersKt$FloatToVector$1, androidx.compose.animation.core.VectorConvertersKt$FloatToVector$2, androidx.compose.animation.core.VectorConvertersKt$IntToVector$2, androidx.compose.animation.core.VectorConvertersKt$DpToVector$1, androidx.compose.animation.core.VectorConvertersKt$DpToVector$2, androidx.compose.material.ProgressIndicatorKt$CircularProgressIndicator$endAngle$2, androidx.compose.material.ProgressIndicatorKt$CircularProgressIndicator$startAngle$2, androidx.compose.foundation.ProgressSemanticsKt$progressSemantics$2, androidx.compose.material.MaterialThemeKt$MaterialTheme$2, androidx.compose.ui.platform.AndroidCompositionLocals_androidKt$ProvideAndroidCompositionLocals$4, androidx.compose.runtime.RememberManager, androidx.compose.foundation.IndicationKt$indication$2, androidx.compose.foundation.text.selection.SelectionRegistrarKt$LocalSelectionRegistrar$1, androidx.compose.runtime.saveable.SaverKt$AutoSaver$1, androidx.compose.runtime.saveable.SaverKt$AutoSaver$2, androidx.compose.runtime.snapshots.SnapshotStateList$StateListStateRecord, androidx.compose.material.ButtonKt$Button$2, androidx.compose.material.ElevationOverlayKt$LocalElevationOverlay$1, androidx.compose.material.ElevationOverlayKt$LocalAbsoluteElevation$1, androidx.compose.material.SurfaceKt$Surface$1, androidx.compose.material.TextKt$Text$4, androidx.compose.material.TextKt$ProvideTextStyle$1, androidx.compose.material.SurfaceKt$Surface$2, androidx.compose.material.ButtonKt$Button$3, androidx.compose.foundation.gestures.ScrollableStateKt$rememberScrollableState$1$1, androidx.compose.material.TextKt$Text$3, androidx.compose.material3.TextKt$Text$3, androidx.compose.foundation.layout.BoxWithConstraintsKt$BoxWithConstraints$1$1, androidx.compose.runtime.ComposerImpl$CompositionContextHolder, androidx.compose.runtime.ComposerImpl$CompositionContextImpl, androidx.compose.runtime.Updater$init$1, androidx.compose.runtime.inter
04-19 21:24:49.503  4906  4906 I Finsky  : [2] setup::RES: shouldRecoverRestoredPackages: versionCodeSystem 83501510
04-19 21:24:49.511  4906  4906 I Finsky  : [2] Detected restoreservicev2://recovery not needed, will not run
04-19 21:24:49.536  4906  5078 I Finsky  : [4358] registerListener
04-19 21:24:49.538  4906  5078 I Finsky  : [4358] DSC: reviveDownloads()
04-19 21:24:49.541  4906  5078 I Finsky  : [4358] Initialized AssetModuleDownloader.
04-19 21:24:49.543  5563  5601 I Finsky:background: [3331] DS: reviveDownloads()
04-19 21:24:49.564  4906  5078 I Finsky  : [4358] Skipped download state update for download 53 on initialize. java.util.concurrent.ExecutionException: com.google.android.finsky.assetmoduleserviceutils.AssetModuleException: Session not found.
04-19 21:24:49.656  5629 30566 D IHansComunication: HANS sendMessageToKernel: threadId = 528677321904, netLinkSetup = 1, type = FROZEN_TRANS, targetUid = 10052, pkgCmd = PKG_CMD_MAX
04-19 21:24:51.019  1217  1217 D vendor.oplus.hardware.charger@1.0-service: getPsyUsbType type: USB, ret_value = 3
